09-03 17:13:52.151 3275-3667/com.sh1r0.caffe_android_demo D/mali_winsys: new_window_surface returns 0x3000,  [1440x2560]-format:1
09-03 17:13:52.171 3275-3275/com.sh1r0.caffe_android_demo W/ActivityThread: AppLock checkAppLockState isAppLocked = false pkgName = com.sh1r0.caffe_android_demo showWhenLocked = false
09-03 17:13:52.201 3275-3275/com.sh1r0.caffe_android_demo I/Timeline: Timeline: Activity_idle id: android.os.BinderProxy@e7e9e0b time:141623651
09-03 17:13:53.381 3275-3275/com.sh1r0.caffe_android_demo D/ViewRootImpl: ViewPostImeInputStage processPointer 0
09-03 17:13:53.461 3275-3275/com.sh1r0.caffe_android_demo D/ViewRootImpl: ViewPostImeInputStage processPointer 1
09-03 17:13:53.571 3275-3275/com.sh1r0.caffe_android_demo V/ActivityThread: updateVisibility : ActivityRecord{93368d5 token=android.os.BinderProxy@e7e9e0b {com.sh1r0.caffe_android_demo/com.sh1r0.caffe_android_demo.MainActivity}} show : false
09-03 17:14:12.681 3275-3275/com.sh1r0.caffe_android_demo D/MainActivity: /storage/emulated/0/DCIM/Camera/test/Horse/799.jpg
09-03 17:14:12.681 3275-3275/com.sh1r0.caffe_android_demo D/MainActivity: 256
09-03 17:14:12.681 3275-3275/com.sh1r0.caffe_android_demo D/MainActivity: 384
09-03 17:14:12.701 3275-3275/com.sh1r0.caffe_android_demo D/ViewRootImpl: #1 mView = com.android.internal.policy.PhoneWindow$DecorView{7c1c0f8 V.E...... R.....I. 0,0-0,0}
09-03 17:14:12.731 3275-3667/com.sh1r0.caffe_android_demo D/mali_winsys: new_window_surface returns 0x3000,  [1336x648]-format:1
09-03 17:14:12.731 3275-3667/com.sh1r0.caffe_android_demo D/mali_winsys: new_window_surface returns 0x3000,  [1440x2560]-format:1
09-03 17:14:12.751 3275-3275/com.sh1r0.caffe_android_demo W/ActivityThread: AppLock checkAppLockState isAppLocked = false pkgName = com.sh1r0.caffe_android_demo showWhenLocked = false
09-03 17:14:12.751 3275-3275/com.sh1r0.caffe_android_demo W/DisplayListCanvas: DisplayListCanvas is started on unbinded RenderNode (without mOwningView)
09-03 17:14:12.801 3275-3275/com.sh1r0.caffe_android_demo D/ViewRootImpl: MSG_RESIZED_REPORT: ci=Rect(0, 0 - 0, 0) vi=Rect(0, 0 - 0, 0) or=1
09-03 17:14:12.821 3275-3275/com.sh1r0.caffe_android_demo D/ViewRootImpl: MSG_RESIZED: ci=Rect(0, 0 - 0, 0) vi=Rect(0, 0 - 0, 0) or=1
09-03 17:14:12.831 3275-3275/com.sh1r0.caffe_android_demo I/Timeline: Timeline: Activity_idle id: android.os.BinderProxy@e7e9e0b time:141644284
09-03 17:14:13.741 3275-7623/com.sh1r0.caffe_android_demo I/caffe_jni: I0903 17:14:13.746603  7623 caffe_mobile.cpp:211] Forwarding time: 5314.69 ms.
09-03 17:14:13.741 3275-3275/com.sh1r0.caffe_android_demo I/MainActivity: elapsed wall time: 1036 ms
09-03 17:14:13.751 3275-3275/com.sh1r0.caffe_android_demo D/ViewRootImpl: #3 mView = null
09-03 17:14:13.761 3275-3275/com.sh1r0.caffe_android_demo E/ViewRootImpl: sendUserActionEvent() mView == null
09-03 17:14:23.831 3275-3275/com.sh1r0.caffe_android_demo D/ViewRootImpl: ViewPostImeInputStage processPointer 0
09-03 17:14:23.891 3275-3275/com.sh1r0.caffe_android_demo D/ViewRootImpl: ViewPostImeInputStage processPointer 1
09-03 17:14:23.981 3275-3275/com.sh1r0.caffe_android_demo V/ActivityThread: updateVisibility : ActivityRecord{93368d5 token=android.os.BinderProxy@e7e9e0b {com.sh1r0.caffe_android_demo/com.sh1r0.caffe_android_demo.MainActivity}} show : false
09-03 17:14:28.621 3275-3275/com.sh1r0.caffe_android_demo D/MainActivity: /storage/emulated/0/DCIM/Camera/test/Horse/798.jpg
09-03 17:14:28.621 3275-3275/com.sh1r0.caffe_android_demo D/MainActivity: 256
09-03 17:14:28.621 3275-3275/com.sh1r0.caffe_android_demo D/MainActivity: 384
09-03 17:14:28.631 3275-3275/com.sh1r0.caffe_android_demo D/ViewRootImpl: #1 mView = com.android.internal.policy.PhoneWindow$DecorView{25e8fd3 V.E...... R.....I. 0,0-0,0}
09-03 17:14:28.671 3275-3667/com.sh1r0.caffe_android_demo D/mali_winsys: new_window_surface returns 0x3000,  [1336x648]-format:1
09-03 17:14:28.681 3275-3667/com.sh1r0.caffe_android_demo D/mali_winsys: new_window_surface returns 0x3000,  [1440x2560]-format:1
09-03 17:14:28.711 3275-3275/com.sh1r0.caffe_android_demo W/ActivityThread: AppLock checkAppLockState isAppLocked = false pkgName = com.sh1r0.caffe_android_demo showWhenLocked = false
09-03 17:14:28.711 3275-3275/com.sh1r0.caffe_android_demo W/DisplayListCanvas: DisplayListCanvas is started on unbinded RenderNode (without mOwningView)
09-03 17:14:28.731 3275-3275/com.sh1r0.caffe_android_demo D/ViewRootImpl: MSG_RESIZED_REPORT: ci=Rect(0, 0 - 0, 0) vi=Rect(0, 0 - 0, 0) or=1
09-03 17:14:28.741 3275-3275/com.sh1r0.caffe_android_demo D/ViewRootImpl: MSG_RESIZED: ci=Rect(0, 0 - 0, 0) vi=Rect(0, 0 - 0, 0) or=1
09-03 17:14:28.751 3275-3275/com.sh1r0.caffe_android_demo I/Timeline: Timeline: Activity_idle id: android.os.BinderProxy@e7e9e0b time:141660201
09-03 17:14:29.581 3275-10058/com.sh1r0.caffe_android_demo I/caffe_jni: I0903 17:14:29.582638 10058 caffe_mobile.cpp:211] Forwarding time: 4880.53 ms.
09-03 17:14:29.581 3275-3275/com.sh1r0.caffe_android_demo I/MainActivity: elapsed wall time: 943 ms
09-03 17:14:29.581 3275-3275/com.sh1r0.caffe_android_demo D/ViewRootImpl: #3 mView = null
09-03 17:14:29.591 3275-3275/com.sh1r0.caffe_android_demo E/ViewRootImpl: sendUserActionEvent() mView == null
09-03 17:14:41.431 3275-3275/com.sh1r0.caffe_android_demo D/ViewRootImpl: ViewPostImeInputStage processPointer 0
09-03 17:14:41.501 3275-3275/com.sh1r0.caffe_android_demo D/ViewRootImpl: ViewPostImeInputStage processPointer 1
09-03 17:14:41.581 3275-3275/com.sh1r0.caffe_android_demo V/ActivityThread: updateVisibility : ActivityRecord{93368d5 token=android.os.BinderProxy@e7e9e0b {com.sh1r0.caffe_android_demo/com.sh1r0.caffe_android_demo.MainActivity}} show : false
09-03 17:14:44.861 3275-3275/com.sh1r0.caffe_android_demo D/MainActivity: /storage/emulated/0/DCIM/Camera/test/Horse/797.jpg
09-03 17:14:44.861 3275-3275/com.sh1r0.caffe_android_demo D/MainActivity: 256
09-03 17:14:44.861 3275-3275/com.sh1r0.caffe_android_demo D/MainActivity: 384
09-03 17:14:44.871 3275-3275/com.sh1r0.caffe_android_demo D/ViewRootImpl: #1 mView = com.android.internal.policy.PhoneWindow$DecorView{ad69b1a V.E...... R.....I. 0,0-0,0}
09-03 17:14:44.901 3275-3667/com.sh1r0.caffe_android_demo D/mali_winsys: new_window_surface returns 0x3000,  [1336x648]-format:1
09-03 17:14:44.921 3275-3667/com.sh1r0.caffe_android_demo D/mali_winsys: new_window_surface returns 0x3000,  [1440x2560]-format:1
09-03 17:14:44.951 3275-3275/com.sh1r0.caffe_android_demo W/ActivityThread: AppLock checkAppLockState isAppLocked = false pkgName = com.sh1r0.caffe_android_demo showWhenLocked = false
09-03 17:14:44.951 3275-3275/com.sh1r0.caffe_android_demo W/DisplayListCanvas: DisplayListCanvas is started on unbinded RenderNode (without mOwningView)
09-03 17:14:44.971 3275-3275/com.sh1r0.caffe_android_demo D/ViewRootImpl: MSG_RESIZED_REPORT: ci=Rect(0, 0 - 0, 0) vi=Rect(0, 0 - 0, 0) or=1
09-03 17:14:44.971 3275-3275/com.sh1r0.caffe_android_demo I/Timeline: Timeline: Activity_idle id: android.os.BinderProxy@e7e9e0b time:141676428
09-03 17:14:45.771 3275-10686/com.sh1r0.caffe_android_demo I/caffe_jni: I0903 17:14:45.771968 10686 caffe_mobile.cpp:211] Forwarding time: 4708.98 ms.
09-03 17:14:45.771 3275-3275/com.sh1r0.caffe_android_demo I/MainActivity: elapsed wall time: 894 ms
09-03 17:14:45.781 3275-3275/com.sh1r0.caffe_android_demo D/ViewRootImpl: #3 mView = null
09-03 17:14:45.791 3275-3275/com.sh1r0.caffe_android_demo E/ViewRootImpl: sendUserActionEvent() mView == null
09-03 17:15:40.321 3275-3275/com.sh1r0.caffe_android_demo D/ViewRootImpl: ViewPostImeInputStage processPointer 0
09-03 17:15:40.411 3275-3275/com.sh1r0.caffe_android_demo D/ViewRootImpl: ViewPostImeInputStage processPointer 1
09-03 17:15:40.511 3275-3275/com.sh1r0.caffe_android_demo V/ActivityThread: updateVisibility : ActivityRecord{93368d5 token=android.os.BinderProxy@e7e9e0b {com.sh1r0.caffe_android_demo/com.sh1r0.caffe_android_demo.MainActivity}} show : false
09-03 17:15:44.751 3275-3275/com.sh1r0.caffe_android_demo D/MainActivity: /storage/emulated/0/DCIM/Camera/test/Horse/796.jpg
09-03 17:15:44.751 3275-3275/com.sh1r0.caffe_android_demo D/MainActivity: 256
09-03 17:15:44.751 3275-3275/com.sh1r0.caffe_android_demo D/MainActivity: 384
09-03 17:15:44.761 3275-3275/com.sh1r0.caffe_android_demo D/ViewRootImpl: #1 mView = com.android.internal.policy.PhoneWindow$DecorView{389d87d V.E...... R.....I. 0,0-0,0}
09-03 17:15:44.791 3275-3667/com.sh1r0.caffe_android_demo D/mali_winsys: new_window_surface returns 0x3000,  [1336x648]-format:1
09-03 17:15:44.811 3275-3667/com.sh1r0.caffe_android_demo D/mali_winsys: new_window_surface returns 0x3000,  [1440x2560]-format:1
09-03 17:15:44.821 3275-3275/com.sh1r0.caffe_android_demo W/ActivityThread: AppLock checkAppLockState isAppLocked = false pkgName = com.sh1r0.caffe_android_demo showWhenLocked = false
09-03 17:15:44.821 3275-3275/com.sh1r0.caffe_android_demo W/DisplayListCanvas: DisplayListCanvas is started on unbinded RenderNode (without mOwningView)
09-03 17:15:44.841 3275-3275/com.sh1r0.caffe_android_demo D/ViewRootImpl: MSG_RESIZED_REPORT: ci=Rect(0, 0 - 0, 0) vi=Rect(0, 0 - 0, 0) or=1
09-03 17:15:44.851 3275-3275/com.sh1r0.caffe_android_demo D/ViewRootImpl: MSG_RESIZED: ci=Rect(0, 0 - 0, 0) vi=Rect(0, 0 - 0, 0) or=1
09-03 17:15:44.861 3275-3275/com.sh1r0.caffe_android_demo I/Timeline: Timeline: Activity_idle id: android.os.BinderProxy@e7e9e0b time:141736311
09-03 17:15:45.591 3275-11256/com.sh1r0.caffe_android_demo I/caffe_jni: I0903 17:15:45.591917 11256 caffe_mobile.cpp:211] Forwarding time: 4284.39 ms.
09-03 17:15:45.591 3275-3275/com.sh1r0.caffe_android_demo I/MainActivity: elapsed wall time: 822 ms
09-03 17:15:45.591 3275-3275/com.sh1r0.caffe_android_demo D/ViewRootImpl: #3 mView = null
09-03 17:15:45.601 3275-3275/com.sh1r0.caffe_android_demo E/ViewRootImpl: sendUserActionEvent() mView == null
09-03 17:16:01.881 3275-3275/com.sh1r0.caffe_android_demo D/ViewRootImpl: ViewPostImeInputStage processPointer 0
09-03 17:16:01.971 3275-3275/com.sh1r0.caffe_android_demo D/ViewRootImpl: ViewPostImeInputStage processPointer 1
09-03 17:16:02.061 3275-3275/com.sh1r0.caffe_android_demo V/ActivityThread: updateVisibility : ActivityRecord{93368d5 token=android.os.BinderProxy@e7e9e0b {com.sh1r0.caffe_android_demo/com.sh1r0.caffe_android_demo.MainActivity}} show : false
09-03 17:16:08.041 3275-3275/com.sh1r0.caffe_android_demo D/MainActivity: /storage/emulated/0/DCIM/Camera/test/Horse/795.jpg
09-03 17:16:08.041 3275-3275/com.sh1r0.caffe_android_demo D/MainActivity: 256
09-03 17:16:08.041 3275-3275/com.sh1r0.caffe_android_demo D/MainActivity: 384
09-03 17:16:08.071 3275-3275/com.sh1r0.caffe_android_demo D/ViewRootImpl: #1 mView = com.android.internal.policy.PhoneWindow$DecorView{4711b58 V.E...... R.....I. 0,0-0,0}
09-03 17:16:08.101 3275-3667/com.sh1r0.caffe_android_demo D/mali_winsys: new_window_surface returns 0x3000,  [1336x648]-format:1
09-03 17:16:08.131 3275-3667/com.sh1r0.caffe_android_demo D/mali_winsys: new_window_surface returns 0x3000,  [1440x2560]-format:1
09-03 17:16:08.131 3275-3275/com.sh1r0.caffe_android_demo W/ActivityThread: AppLock checkAppLockState isAppLocked = false pkgName = com.sh1r0.caffe_android_demo showWhenLocked = false
09-03 17:16:08.141 3275-3275/com.sh1r0.caffe_android_demo W/DisplayListCanvas: DisplayListCanvas is started on unbinded RenderNode (without mOwningView)
09-03 17:16:08.161 3275-3275/com.sh1r0.caffe_android_demo D/ViewRootImpl: MSG_RESIZED_REPORT: ci=Rect(0, 0 - 0, 0) vi=Rect(0, 0 - 0, 0) or=1
09-03 17:16:08.171 3275-3275/com.sh1r0.caffe_android_demo D/ViewRootImpl: MSG_RESIZED: ci=Rect(0, 0 - 0, 0) vi=Rect(0, 0 - 0, 0) or=1
09-03 17:16:08.181 3275-3275/com.sh1r0.caffe_android_demo I/Timeline: Timeline: Activity_idle id: android.os.BinderProxy@e7e9e0b time:141759636
09-03 17:16:09.051 3275-12960/com.sh1r0.caffe_android_demo I/caffe_jni: I0903 17:16:09.055846 12960 caffe_mobile.cpp:211] Forwarding time: 4990.4 ms.
09-03 17:16:09.051 3275-3275/com.sh1r0.caffe_android_demo I/MainActivity: elapsed wall time: 979 ms
09-03 17:16:09.071 3275-3275/com.sh1r0.caffe_android_demo D/ViewRootImpl: #3 mView = null
09-03 17:16:09.071 3275-3275/com.sh1r0.caffe_android_demo E/ViewRootImpl: sendUserActionEvent() mView == null
09-03 17:16:20.651 3275-3275/com.sh1r0.caffe_android_demo D/ViewRootImpl: ViewPostImeInputStage processPointer 0
09-03 17:16:20.691 3275-3275/com.sh1r0.caffe_android_demo D/ViewRootImpl: ViewPostImeInputStage processPointer 1
09-03 17:16:20.781 3275-3275/com.sh1r0.caffe_android_demo V/ActivityThread: updateVisibility : ActivityRecord{93368d5 token=android.os.BinderProxy@e7e9e0b {com.sh1r0.caffe_android_demo/com.sh1r0.caffe_android_demo.MainActivity}} show : false
09-03 17:16:23.781 3275-3275/com.sh1r0.caffe_android_demo D/MainActivity: /storage/emulated/0/DCIM/Camera/test/Horse/794.jpg
09-03 17:16:23.781 3275-3275/com.sh1r0.caffe_android_demo D/MainActivity: 384
09-03 17:16:23.781 3275-3275/com.sh1r0.caffe_android_demo D/MainActivity: 256
09-03 17:16:23.791 3275-3275/com.sh1r0.caffe_android_demo D/ViewRootImpl: #1 mView = com.android.internal.policy.PhoneWindow$DecorView{1f873b3 V.E...... R.....I. 0,0-0,0}
09-03 17:16:23.821 3275-3667/com.sh1r0.caffe_android_demo D/mali_winsys: new_window_surface returns 0x3000,  [1336x648]-format:1
09-03 17:16:23.831 3275-3667/com.sh1r0.caffe_android_demo D/mali_winsys: new_window_surface returns 0x3000,  [1440x2560]-format:1
09-03 17:16:23.841 3275-3275/com.sh1r0.caffe_android_demo W/ActivityThread: AppLock checkAppLockState isAppLocked = false pkgName = com.sh1r0.caffe_android_demo showWhenLocked = false
09-03 17:16:23.851 3275-3275/com.sh1r0.caffe_android_demo W/DisplayListCanvas: DisplayListCanvas is started on unbinded RenderNode (without mOwningView)
09-03 17:16:23.871 3275-3275/com.sh1r0.caffe_android_demo D/ViewRootImpl: MSG_RESIZED_REPORT: ci=Rect(0, 0 - 0, 0) vi=Rect(0, 0 - 0, 0) or=1
09-03 17:16:23.881 3275-3275/com.sh1r0.caffe_android_demo D/ViewRootImpl: MSG_RESIZED: ci=Rect(0, 0 - 0, 0) vi=Rect(0, 0 - 0, 0) or=1
09-03 17:16:23.891 3275-3275/com.sh1r0.caffe_android_demo I/Timeline: Timeline: Activity_idle id: android.os.BinderProxy@e7e9e0b time:141775342
09-03 17:16:24.711 3275-13358/com.sh1r0.caffe_android_demo I/caffe_jni: I0903 17:16:24.711952 13358 caffe_mobile.cpp:211] Forwarding time: 4825.71 ms.
09-03 17:16:24.711 3275-3275/com.sh1r0.caffe_android_demo I/MainActivity: elapsed wall time: 917 ms
09-03 17:16:24.721 3275-3275/com.sh1r0.caffe_android_demo D/ViewRootImpl: #3 mView = null
09-03 17:16:24.731 3275-3275/com.sh1r0.caffe_android_demo E/ViewRootImpl: sendUserActionEvent() mView == null
09-03 17:16:32.351 3275-3275/com.sh1r0.caffe_android_demo D/ViewRootImpl: ViewPostImeInputStage processPointer 0
09-03 17:16:32.431 3275-3275/com.sh1r0.caffe_android_demo D/ViewRootImpl: ViewPostImeInputStage processPointer 1
09-03 17:16:32.511 3275-3275/com.sh1r0.caffe_android_demo V/ActivityThread: updateVisibility : ActivityRecord{93368d5 token=android.os.BinderProxy@e7e9e0b {com.sh1r0.caffe_android_demo/com.sh1r0.caffe_android_demo.MainActivity}} show : false
09-03 17:16:41.131 3275-3275/com.sh1r0.caffe_android_demo D/MainActivity: /storage/emulated/0/DCIM/Camera/test/Horse/793.jpg
09-03 17:16:41.131 3275-3275/com.sh1r0.caffe_android_demo D/MainActivity: 256
09-03 17:16:41.131 3275-3275/com.sh1r0.caffe_android_demo D/MainActivity: 384
09-03 17:16:41.141 3275-3275/com.sh1r0.caffe_android_demo D/ViewRootImpl: #1 mView = com.android.internal.policy.PhoneWindow$DecorView{de01c21 V.E...... R.....I. 0,0-0,0}
09-03 17:16:41.171 3275-3667/com.sh1r0.caffe_android_demo D/mali_winsys: new_window_surface returns 0x3000,  [1336x648]-format:1
09-03 17:16:41.181 3275-3667/com.sh1r0.caffe_android_demo D/mali_winsys: new_window_surface returns 0x3000,  [1440x2560]-format:1
09-03 17:16:41.221 3275-3275/com.sh1r0.caffe_android_demo W/ActivityThread: AppLock checkAppLockState isAppLocked = false pkgName = com.sh1r0.caffe_android_demo showWhenLocked = false
09-03 17:16:41.221 3275-3275/com.sh1r0.caffe_android_demo W/DisplayListCanvas: DisplayListCanvas is started on unbinded RenderNode (without mOwningView)
09-03 17:16:41.251 3275-3275/com.sh1r0.caffe_android_demo D/ViewRootImpl: MSG_RESIZED_REPORT: ci=Rect(0, 0 - 0, 0) vi=Rect(0, 0 - 0, 0) or=1
09-03 17:16:41.261 3275-3275/com.sh1r0.caffe_android_demo D/ViewRootImpl: MSG_RESIZED: ci=Rect(0, 0 - 0, 0) vi=Rect(0, 0 - 0, 0) or=1
09-03 17:16:41.271 3275-3275/com.sh1r0.caffe_android_demo I/Timeline: Timeline: Activity_idle id: android.os.BinderProxy@e7e9e0b time:141792720
09-03 17:16:41.991 3275-13711/com.sh1r0.caffe_android_demo I/caffe_jni: I0903 17:16:41.992346 13711 caffe_mobile.cpp:211] Forwarding time: 4318.27 ms.
09-03 17:16:41.991 3275-3275/com.sh1r0.caffe_android_demo I/MainActivity: elapsed wall time: 846 ms
09-03 17:16:42.001 3275-3275/com.sh1r0.caffe_android_demo D/ViewRootImpl: #3 mView = null
09-03 17:16:42.011 3275-3275/com.sh1r0.caffe_android_demo E/ViewRootImpl: sendUserActionEvent() mView == null
09-03 17:17:05.621 3275-3275/com.sh1r0.caffe_android_demo D/ViewRootImpl: ViewPostImeInputStage processPointer 0
09-03 17:17:05.701 3275-3275/com.sh1r0.caffe_android_demo D/ViewRootImpl: ViewPostImeInputStage processPointer 1
09-03 17:17:05.801 3275-3275/com.sh1r0.caffe_android_demo V/ActivityThread: updateVisibility : ActivityRecord{93368d5 token=android.os.BinderProxy@e7e9e0b {com.sh1r0.caffe_android_demo/com.sh1r0.caffe_android_demo.MainActivity}} show : false
09-03 17:17:08.961 3275-3275/com.sh1r0.caffe_android_demo D/MainActivity: /storage/emulated/0/DCIM/Camera/test/Horse/792.jpg
09-03 17:17:08.961 3275-3275/com.sh1r0.caffe_android_demo D/MainActivity: 256
09-03 17:17:08.961 3275-3275/com.sh1r0.caffe_android_demo D/MainActivity: 384
09-03 17:17:08.971 3275-3275/com.sh1r0.caffe_android_demo D/ViewRootImpl: #1 mView = com.android.internal.policy.PhoneWindow$DecorView{b01a2a0 V.E...... R.....I. 0,0-0,0}
09-03 17:17:09.001 3275-3667/com.sh1r0.caffe_android_demo D/mali_winsys: new_window_surface returns 0x3000,  [1336x648]-format:1
09-03 17:17:09.011 3275-3667/com.sh1r0.caffe_android_demo D/mali_winsys: new_window_surface returns 0x3000,  [1440x2560]-format:1
09-03 17:17:09.031 3275-3275/com.sh1r0.caffe_android_demo W/ActivityThread: AppLock checkAppLockState isAppLocked = false pkgName = com.sh1r0.caffe_android_demo showWhenLocked = false
09-03 17:17:09.041 3275-3275/com.sh1r0.caffe_android_demo W/DisplayListCanvas: DisplayListCanvas is started on unbinded RenderNode (without mOwningView)
09-03 17:17:09.071 3275-3275/com.sh1r0.caffe_android_demo D/ViewRootImpl: MSG_RESIZED_REPORT: ci=Rect(0, 0 - 0, 0) vi=Rect(0, 0 - 0, 0) or=1
09-03 17:17:09.091 3275-3275/com.sh1r0.caffe_android_demo D/ViewRootImpl: MSG_RESIZED: ci=Rect(0, 0 - 0, 0) vi=Rect(0, 0 - 0, 0) or=1
09-03 17:17:09.101 3275-3275/com.sh1r0.caffe_android_demo I/Timeline: Timeline: Activity_idle id: android.os.BinderProxy@e7e9e0b time:141820555
09-03 17:17:09.901 3275-4562/com.sh1r0.caffe_android_demo I/caffe_jni: I0903 17:17:09.902027  4562 caffe_mobile.cpp:211] Forwarding time: 4442.91 ms.
09-03 17:17:09.901 3275-3275/com.sh1r0.caffe_android_demo I/MainActivity: elapsed wall time: 922 ms
09-03 17:17:09.911 3275-3275/com.sh1r0.caffe_android_demo D/ViewRootImpl: #3 mView = null
09-03 17:17:09.911 3275-3275/com.sh1r0.caffe_android_demo E/ViewRootImpl: sendUserActionEvent() mView == null
09-03 17:17:26.741 3275-3275/com.sh1r0.caffe_android_demo D/ViewRootImpl: ViewPostImeInputStage processPointer 0
09-03 17:17:26.801 3275-3275/com.sh1r0.caffe_android_demo D/ViewRootImpl: ViewPostImeInputStage processPointer 1
09-03 17:17:26.891 3275-3275/com.sh1r0.caffe_android_demo V/ActivityThread: updateVisibility : ActivityRecord{93368d5 token=android.os.BinderProxy@e7e9e0b {com.sh1r0.caffe_android_demo/com.sh1r0.caffe_android_demo.MainActivity}} show : false
09-03 17:17:30.591 3275-3275/com.sh1r0.caffe_android_demo D/MainActivity: /storage/emulated/0/DCIM/Camera/test/Horse/791.jpg
09-03 17:17:30.591 3275-3275/com.sh1r0.caffe_android_demo D/MainActivity: 256
09-03 17:17:30.591 3275-3275/com.sh1r0.caffe_android_demo D/MainActivity: 384
09-03 17:17:30.601 3275-3275/com.sh1r0.caffe_android_demo D/ViewRootImpl: #1 mView = com.android.internal.policy.PhoneWindow$DecorView{88f701b V.E...... R.....I. 0,0-0,0}
09-03 17:17:30.641 3275-3667/com.sh1r0.caffe_android_demo D/mali_winsys: new_window_surface returns 0x3000,  [1336x648]-format:1
09-03 17:17:30.651 3275-3667/com.sh1r0.caffe_android_demo D/mali_winsys: new_window_surface returns 0x3000,  [1440x2560]-format:1
09-03 17:17:30.661 3275-3275/com.sh1r0.caffe_android_demo W/ActivityThread: AppLock checkAppLockState isAppLocked = false pkgName = com.sh1r0.caffe_android_demo showWhenLocked = false
09-03 17:17:30.671 3275-3275/com.sh1r0.caffe_android_demo W/DisplayListCanvas: DisplayListCanvas is started on unbinded RenderNode (without mOwningView)
09-03 17:17:30.691 3275-3275/com.sh1r0.caffe_android_demo D/ViewRootImpl: MSG_RESIZED_REPORT: ci=Rect(0, 0 - 0, 0) vi=Rect(0, 0 - 0, 0) or=1
09-03 17:17:30.701 3275-3275/com.sh1r0.caffe_android_demo D/ViewRootImpl: MSG_RESIZED: ci=Rect(0, 0 - 0, 0) vi=Rect(0, 0 - 0, 0) or=1
09-03 17:17:30.721 3275-3275/com.sh1r0.caffe_android_demo I/Timeline: Timeline: Activity_idle id: android.os.BinderProxy@e7e9e0b time:141842171
09-03 17:17:31.341 3275-7406/com.sh1r0.caffe_android_demo I/caffe_jni: I0903 17:17:31.341928  7406 caffe_mobile.cpp:211] Forwarding time: 3790.69 ms.
09-03 17:17:31.341 3275-3275/com.sh1r0.caffe_android_demo I/MainActivity: elapsed wall time: 732 ms
09-03 17:17:31.351 3275-3275/com.sh1r0.caffe_android_demo D/ViewRootImpl: #3 mView = null
09-03 17:17:31.361 3275-3275/com.sh1r0.caffe_android_demo E/ViewRootImpl: sendUserActionEvent() mView == null
09-03 17:17:33.921 3275-3275/com.sh1r0.caffe_android_demo D/ViewRootImpl: ViewPostImeInputStage processPointer 0
09-03 17:17:33.991 3275-3275/com.sh1r0.caffe_android_demo D/ViewRootImpl: ViewPostImeInputStage processPointer 1
09-03 17:17:34.081 3275-3275/com.sh1r0.caffe_android_demo V/ActivityThread: updateVisibility : ActivityRecord{93368d5 token=android.os.BinderProxy@e7e9e0b {com.sh1r0.caffe_android_demo/com.sh1r0.caffe_android_demo.MainActivity}} show : false
09-03 17:17:36.351 3275-3275/com.sh1r0.caffe_android_demo D/MainActivity: /storage/emulated/0/DCIM/Camera/test/Horse/790.jpg
09-03 17:17:36.351 3275-3275/com.sh1r0.caffe_android_demo D/MainActivity: 256
09-03 17:17:36.351 3275-3275/com.sh1r0.caffe_android_demo D/MainActivity: 384
09-03 17:17:36.361 3275-3275/com.sh1r0.caffe_android_demo D/ViewRootImpl: #1 mView = com.android.internal.policy.PhoneWindow$DecorView{96a5482 V.E...... R.....I. 0,0-0,0}
09-03 17:17:36.391 3275-3667/com.sh1r0.caffe_android_demo D/mali_winsys: new_window_surface returns 0x3000,  [1336x648]-format:1
09-03 17:17:36.401 3275-3667/com.sh1r0.caffe_android_demo D/mali_winsys: new_window_surface returns 0x3000,  [1440x2560]-format:1
09-03 17:17:36.411 3275-3275/com.sh1r0.caffe_android_demo W/ActivityThread: AppLock checkAppLockState isAppLocked = false pkgName = com.sh1r0.caffe_android_demo showWhenLocked = false
09-03 17:17:36.421 3275-3275/com.sh1r0.caffe_android_demo W/DisplayListCanvas: DisplayListCanvas is started on unbinded RenderNode (without mOwningView)
09-03 17:17:36.451 3275-3275/com.sh1r0.caffe_android_demo D/ViewRootImpl: MSG_RESIZED_REPORT: ci=Rect(0, 0 - 0, 0) vi=Rect(0, 0 - 0, 0) or=1
09-03 17:17:36.481 3275-3275/com.sh1r0.caffe_android_demo D/ViewRootImpl: MSG_RESIZED: ci=Rect(0, 0 - 0, 0) vi=Rect(0, 0 - 0, 0) or=1
09-03 17:17:36.491 3275-3275/com.sh1r0.caffe_android_demo I/Timeline: Timeline: Activity_idle id: android.os.BinderProxy@e7e9e0b time:141847945
09-03 17:17:37.891 3275-7623/com.sh1r0.caffe_android_demo I/caffe_jni: I0903 17:17:37.892086  7623 caffe_mobile.cpp:211] Forwarding time: 8089.35 ms.
09-03 17:17:37.891 3275-3275/com.sh1r0.caffe_android_demo I/MainActivity: elapsed wall time: 1519 ms
09-03 17:17:37.921 3275-3275/com.sh1r0.caffe_android_demo D/ViewRootImpl: #3 mView = null
09-03 17:17:37.921 3275-3275/com.sh1r0.caffe_android_demo E/ViewRootImpl: sendUserActionEvent() mView == null

