09-03 15:58:28.401 3275-3667/com.sh1r0.caffe_android_demo D/mali_winsys: new_window_surface returns 0x3000,  [1336x648]-format:1
09-03 15:58:28.421 3275-3667/com.sh1r0.caffe_android_demo D/mali_winsys: new_window_surface returns 0x3000,  [1440x2560]-format:1
09-03 15:58:28.431 3275-3275/com.sh1r0.caffe_android_demo W/ActivityThread: AppLock checkAppLockState isAppLocked = false pkgName = com.sh1r0.caffe_android_demo showWhenLocked = false
09-03 15:58:28.431 3275-3275/com.sh1r0.caffe_android_demo W/DisplayListCanvas: DisplayListCanvas is started on unbinded RenderNode (without mOwningView)
09-03 15:58:28.441 3275-3275/com.sh1r0.caffe_android_demo D/ViewRootImpl: MSG_RESIZED_REPORT: ci=Rect(0, 0 - 0, 0) vi=Rect(0, 0 - 0, 0) or=1
09-03 15:58:28.451 3275-3275/com.sh1r0.caffe_android_demo D/ViewRootImpl: MSG_RESIZED: ci=Rect(0, 0 - 0, 0) vi=Rect(0, 0 - 0, 0) or=1
09-03 15:58:28.471 3275-3275/com.sh1r0.caffe_android_demo I/Timeline: Timeline: Activity_idle id: android.os.BinderProxy@e7e9e0b time:137099920
09-03 15:58:29.191 3275-7623/com.sh1r0.caffe_android_demo I/caffe_jni: I0903 15:58:29.191901  7623 caffe_mobile.cpp:211] Forwarding time: 4399.14 ms.
09-03 15:58:29.191 3275-3275/com.sh1r0.caffe_android_demo I/MainActivity: elapsed wall time: 815 ms
09-03 15:58:29.201 3275-3275/com.sh1r0.caffe_android_demo D/ViewRootImpl: #3 mView = null
09-03 15:58:29.211 3275-3275/com.sh1r0.caffe_android_demo E/ViewRootImpl: sendUserActionEvent() mView == null
09-03 15:58:33.361 3275-3275/com.sh1r0.caffe_android_demo D/ViewRootImpl: ViewPostImeInputStage processPointer 0
09-03 15:58:33.411 3275-3275/com.sh1r0.caffe_android_demo D/ViewRootImpl: ViewPostImeInputStage processPointer 1
09-03 15:58:33.801 3275-3275/com.sh1r0.caffe_android_demo D/ViewRootImpl: ViewPostImeInputStage processPointer 0
09-03 15:58:33.871 3275-3275/com.sh1r0.caffe_android_demo D/ViewRootImpl: ViewPostImeInputStage processPointer 1
09-03 15:58:33.961 3275-3275/com.sh1r0.caffe_android_demo V/ActivityThread: updateVisibility : ActivityRecord{93368d5 token=android.os.BinderProxy@e7e9e0b {com.sh1r0.caffe_android_demo/com.sh1r0.caffe_android_demo.MainActivity}} show : false
09-03 15:58:39.211 3275-3275/com.sh1r0.caffe_android_demo D/MainActivity: /storage/emulated/0/DCIM/Camera/test/Elephant/558.jpg
09-03 15:58:39.211 3275-3275/com.sh1r0.caffe_android_demo D/MainActivity: 256
09-03 15:58:39.211 3275-3275/com.sh1r0.caffe_android_demo D/MainActivity: 384
09-03 15:58:39.221 3275-3275/com.sh1r0.caffe_android_demo D/ViewRootImpl: #1 mView = com.android.internal.policy.PhoneWindow$DecorView{344329b V.E...... R.....I. 0,0-0,0}
09-03 15:58:39.251 3275-3667/com.sh1r0.caffe_android_demo D/mali_winsys: new_window_surface returns 0x3000,  [1336x648]-format:1
09-03 15:58:39.271 3275-3667/com.sh1r0.caffe_android_demo D/mali_winsys: new_window_surface returns 0x3000,  [1440x2560]-format:1
09-03 15:58:39.281 3275-3275/com.sh1r0.caffe_android_demo W/ActivityThread: AppLock checkAppLockState isAppLocked = false pkgName = com.sh1r0.caffe_android_demo showWhenLocked = false
09-03 15:58:39.291 3275-3275/com.sh1r0.caffe_android_demo W/DisplayListCanvas: DisplayListCanvas is started on unbinded RenderNode (without mOwningView)
09-03 15:58:39.311 3275-3275/com.sh1r0.caffe_android_demo D/ViewRootImpl: MSG_RESIZED_REPORT: ci=Rect(0, 0 - 0, 0) vi=Rect(0, 0 - 0, 0) or=1
09-03 15:58:39.321 3275-3275/com.sh1r0.caffe_android_demo D/ViewRootImpl: MSG_RESIZED: ci=Rect(0, 0 - 0, 0) vi=Rect(0, 0 - 0, 0) or=1
09-03 15:58:39.341 3275-3275/com.sh1r0.caffe_android_demo I/Timeline: Timeline: Activity_idle id: android.os.BinderProxy@e7e9e0b time:137110791
09-03 15:58:40.261 3275-10058/com.sh1r0.caffe_android_demo I/caffe_jni: I0903 15:58:40.262251 10058 caffe_mobile.cpp:211] Forwarding time: 5672.72 ms.
09-03 15:58:40.261 3275-3275/com.sh1r0.caffe_android_demo I/MainActivity: elapsed wall time: 1036 ms
09-03 15:58:40.271 3275-3275/com.sh1r0.caffe_android_demo D/ViewRootImpl: #3 mView = null
09-03 15:58:40.281 3275-3275/com.sh1r0.caffe_android_demo E/ViewRootImpl: sendUserActionEvent() mView == null
09-03 15:58:48.211 3275-3275/com.sh1r0.caffe_android_demo D/ViewRootImpl: ViewPostImeInputStage processPointer 0
09-03 15:58:48.281 3275-3275/com.sh1r0.caffe_android_demo D/ViewRootImpl: ViewPostImeInputStage processPointer 1
09-03 15:58:48.371 3275-3275/com.sh1r0.caffe_android_demo V/ActivityThread: updateVisibility : ActivityRecord{93368d5 token=android.os.BinderProxy@e7e9e0b {com.sh1r0.caffe_android_demo/com.sh1r0.caffe_android_demo.MainActivity}} show : false
09-03 15:58:52.011 3275-3275/com.sh1r0.caffe_android_demo D/MainActivity: /storage/emulated/0/DCIM/Camera/test/Elephant/557.jpg
09-03 15:58:52.011 3275-3275/com.sh1r0.caffe_android_demo D/MainActivity: 256
09-03 15:58:52.011 3275-3275/com.sh1r0.caffe_android_demo D/MainActivity: 384
09-03 15:58:52.021 3275-3275/com.sh1r0.caffe_android_demo D/ViewRootImpl: #1 mView = com.android.internal.policy.PhoneWindow$DecorView{e81a102 V.E...... R.....I. 0,0-0,0}
09-03 15:58:52.051 3275-3667/com.sh1r0.caffe_android_demo D/mali_winsys: new_window_surface returns 0x3000,  [1336x648]-format:1
09-03 15:58:52.061 3275-3667/com.sh1r0.caffe_android_demo D/mali_winsys: new_window_surface returns 0x3000,  [1440x2560]-format:1
09-03 15:58:52.071 3275-3275/com.sh1r0.caffe_android_demo W/ActivityThread: AppLock checkAppLockState isAppLocked = false pkgName = com.sh1r0.caffe_android_demo showWhenLocked = false
09-03 15:58:52.071 3275-3275/com.sh1r0.caffe_android_demo W/DisplayListCanvas: DisplayListCanvas is started on unbinded RenderNode (without mOwningView)
09-03 15:58:52.111 3275-3275/com.sh1r0.caffe_android_demo D/ViewRootImpl: MSG_RESIZED_REPORT: ci=Rect(0, 0 - 0, 0) vi=Rect(0, 0 - 0, 0) or=1
09-03 15:58:52.121 3275-3275/com.sh1r0.caffe_android_demo D/ViewRootImpl: MSG_RESIZED: ci=Rect(0, 0 - 0, 0) vi=Rect(0, 0 - 0, 0) or=1
09-03 15:58:52.131 3275-3275/com.sh1r0.caffe_android_demo I/Timeline: Timeline: Activity_idle id: android.os.BinderProxy@e7e9e0b time:137123584
09-03 15:58:52.781 3275-10686/com.sh1r0.caffe_android_demo I/caffe_jni: I0903 15:58:52.781818 10686 caffe_mobile.cpp:211] Forwarding time: 3976.15 ms.
09-03 15:58:52.781 3275-3275/com.sh1r0.caffe_android_demo I/MainActivity: elapsed wall time: 758 ms
09-03 15:58:52.781 3275-3275/com.sh1r0.caffe_android_demo D/ViewRootImpl: #3 mView = null
09-03 15:58:52.791 3275-3275/com.sh1r0.caffe_android_demo E/ViewRootImpl: sendUserActionEvent() mView == null
09-03 15:58:58.001 3275-3275/com.sh1r0.caffe_android_demo D/ViewRootImpl: ViewPostImeInputStage processPointer 0
09-03 15:58:58.081 3275-3275/com.sh1r0.caffe_android_demo D/ViewRootImpl: ViewPostImeInputStage processPointer 1
09-03 15:58:58.161 3275-3275/com.sh1r0.caffe_android_demo V/ActivityThread: updateVisibility : ActivityRecord{93368d5 token=android.os.BinderProxy@e7e9e0b {com.sh1r0.caffe_android_demo/com.sh1r0.caffe_android_demo.MainActivity}} show : false
09-03 15:59:01.291 3275-3275/com.sh1r0.caffe_android_demo D/MainActivity: /storage/emulated/0/DCIM/Camera/test/Elephant/556.jpg
09-03 15:59:01.291 3275-3275/com.sh1r0.caffe_android_demo D/MainActivity: 256
09-03 15:59:01.291 3275-3275/com.sh1r0.caffe_android_demo D/MainActivity: 384
09-03 15:59:01.301 3275-3275/com.sh1r0.caffe_android_demo D/ViewRootImpl: #1 mView = com.android.internal.policy.PhoneWindow$DecorView{9d32e05 V.E...... R.....I. 0,0-0,0}
09-03 15:59:01.341 3275-3667/com.sh1r0.caffe_android_demo D/mali_winsys: new_window_surface returns 0x3000,  [1336x648]-format:1
09-03 15:59:01.351 3275-3667/com.sh1r0.caffe_android_demo D/mali_winsys: new_window_surface returns 0x3000,  [1440x2560]-format:1
09-03 15:59:01.371 3275-3275/com.sh1r0.caffe_android_demo W/ActivityThread: AppLock checkAppLockState isAppLocked = false pkgName = com.sh1r0.caffe_android_demo showWhenLocked = false
09-03 15:59:01.371 3275-3275/com.sh1r0.caffe_android_demo W/DisplayListCanvas: DisplayListCanvas is started on unbinded RenderNode (without mOwningView)
09-03 15:59:01.401 3275-3275/com.sh1r0.caffe_android_demo D/ViewRootImpl: MSG_RESIZED_REPORT: ci=Rect(0, 0 - 0, 0) vi=Rect(0, 0 - 0, 0) or=1
09-03 15:59:01.401 3275-3275/com.sh1r0.caffe_android_demo D/ViewRootImpl: MSG_RESIZED: ci=Rect(0, 0 - 0, 0) vi=Rect(0, 0 - 0, 0) or=1
09-03 15:59:01.421 3275-3275/com.sh1r0.caffe_android_demo I/Timeline: Timeline: Activity_idle id: android.os.BinderProxy@e7e9e0b time:137132871
09-03 15:59:02.151 3275-11256/com.sh1r0.caffe_android_demo I/caffe_jni: I0903 15:59:02.151959 11256 caffe_mobile.cpp:211] Forwarding time: 4328.94 ms.
09-03 15:59:02.151 3275-3275/com.sh1r0.caffe_android_demo I/MainActivity: elapsed wall time: 839 ms
09-03 15:59:02.151 3275-3275/com.sh1r0.caffe_android_demo D/ViewRootImpl: #3 mView = null
09-03 15:59:02.161 3275-3275/com.sh1r0.caffe_android_demo E/ViewRootImpl: sendUserActionEvent() mView == null
09-03 15:59:05.371 3275-3275/com.sh1r0.caffe_android_demo D/ViewRootImpl: ViewPostImeInputStage processPointer 0
09-03 15:59:05.451 3275-3275/com.sh1r0.caffe_android_demo D/ViewRootImpl: ViewPostImeInputStage processPointer 1
09-03 15:59:05.531 3275-3275/com.sh1r0.caffe_android_demo V/ActivityThread: updateVisibility : ActivityRecord{93368d5 token=android.os.BinderProxy@e7e9e0b {com.sh1r0.caffe_android_demo/com.sh1r0.caffe_android_demo.MainActivity}} show : false
09-03 15:59:13.621 3275-3275/com.sh1r0.caffe_android_demo D/MainActivity: /storage/emulated/0/DCIM/Camera/test/Elephant/555.jpg
09-03 15:59:13.621 3275-3275/com.sh1r0.caffe_android_demo D/MainActivity: 384
09-03 15:59:13.621 3275-3275/com.sh1r0.caffe_android_demo D/MainActivity: 256
09-03 15:59:13.631 3275-3275/com.sh1r0.caffe_android_demo D/ViewRootImpl: #1 mView = com.android.internal.policy.PhoneWindow$DecorView{14fee03 V.E...... R.....I. 0,0-0,0}
09-03 15:59:13.671 3275-3667/com.sh1r0.caffe_android_demo D/mali_winsys: new_window_surface returns 0x3000,  [1336x648]-format:1
09-03 15:59:13.691 3275-3667/com.sh1r0.caffe_android_demo D/mali_winsys: new_window_surface returns 0x3000,  [1440x2560]-format:1
09-03 15:59:13.691 3275-3275/com.sh1r0.caffe_android_demo W/ActivityThread: AppLock checkAppLockState isAppLocked = false pkgName = com.sh1r0.caffe_android_demo showWhenLocked = false
09-03 15:59:13.691 3275-3275/com.sh1r0.caffe_android_demo W/DisplayListCanvas: DisplayListCanvas is started on unbinded RenderNode (without mOwningView)
09-03 15:59:13.711 3275-3275/com.sh1r0.caffe_android_demo D/ViewRootImpl: MSG_RESIZED_REPORT: ci=Rect(0, 0 - 0, 0) vi=Rect(0, 0 - 0, 0) or=1
09-03 15:59:13.721 3275-3275/com.sh1r0.caffe_android_demo D/ViewRootImpl: MSG_RESIZED: ci=Rect(0, 0 - 0, 0) vi=Rect(0, 0 - 0, 0) or=1
09-03 15:59:13.731 3275-3275/com.sh1r0.caffe_android_demo I/Timeline: Timeline: Activity_idle id: android.os.BinderProxy@e7e9e0b time:137145181
09-03 15:59:14.471 3275-12960/com.sh1r0.caffe_android_demo I/caffe_jni: I0903 15:59:14.472000 12960 caffe_mobile.cpp:211] Forwarding time: 4397.62 ms.
09-03 15:59:14.471 3275-3275/com.sh1r0.caffe_android_demo I/MainActivity: elapsed wall time: 833 ms
09-03 15:59:14.481 3275-3275/com.sh1r0.caffe_android_demo D/ViewRootImpl: #3 mView = null
09-03 15:59:14.491 3275-3275/com.sh1r0.caffe_android_demo E/ViewRootImpl: sendUserActionEvent() mView == null
09-03 15:59:17.411 3275-3275/com.sh1r0.caffe_android_demo D/ViewRootImpl: ViewPostImeInputStage processPointer 0
09-03 15:59:17.501 3275-3275/com.sh1r0.caffe_android_demo D/ViewRootImpl: ViewPostImeInputStage processPointer 1
09-03 15:59:17.591 3275-3275/com.sh1r0.caffe_android_demo V/ActivityThread: updateVisibility : ActivityRecord{93368d5 token=android.os.BinderProxy@e7e9e0b {com.sh1r0.caffe_android_demo/com.sh1r0.caffe_android_demo.MainActivity}} show : false
09-03 15:59:22.221 3275-3275/com.sh1r0.caffe_android_demo D/MainActivity: /storage/emulated/0/DCIM/Camera/test/Elephant/554.jpg
09-03 15:59:22.221 3275-3275/com.sh1r0.caffe_android_demo D/MainActivity: 256
09-03 15:59:22.221 3275-3275/com.sh1r0.caffe_android_demo D/MainActivity: 384
09-03 15:59:22.231 3275-3275/com.sh1r0.caffe_android_demo D/ViewRootImpl: #1 mView = com.android.internal.policy.PhoneWindow$DecorView{707020a V.E...... R.....I. 0,0-0,0}
09-03 15:59:22.261 3275-3667/com.sh1r0.caffe_android_demo D/mali_winsys: new_window_surface returns 0x3000,  [1336x648]-format:1
09-03 15:59:22.271 3275-3667/com.sh1r0.caffe_android_demo D/mali_winsys: new_window_surface returns 0x3000,  [1440x2560]-format:1
09-03 15:59:22.291 3275-3275/com.sh1r0.caffe_android_demo W/ActivityThread: AppLock checkAppLockState isAppLocked = false pkgName = com.sh1r0.caffe_android_demo showWhenLocked = false
09-03 15:59:22.291 3275-3275/com.sh1r0.caffe_android_demo W/DisplayListCanvas: DisplayListCanvas is started on unbinded RenderNode (without mOwningView)
09-03 15:59:22.311 3275-3275/com.sh1r0.caffe_android_demo D/ViewRootImpl: MSG_RESIZED_REPORT: ci=Rect(0, 0 - 0, 0) vi=Rect(0, 0 - 0, 0) or=1
09-03 15:59:22.321 3275-3275/com.sh1r0.caffe_android_demo D/ViewRootImpl: MSG_RESIZED: ci=Rect(0, 0 - 0, 0) vi=Rect(0, 0 - 0, 0) or=1
09-03 15:59:22.331 3275-3275/com.sh1r0.caffe_android_demo I/Timeline: Timeline: Activity_idle id: android.os.BinderProxy@e7e9e0b time:137153780
09-03 15:59:23.201 3275-13358/com.sh1r0.caffe_android_demo I/caffe_jni: I0903 15:59:23.202365 13358 caffe_mobile.cpp:211] Forwarding time: 5149.99 ms.
09-03 15:59:23.201 3275-3275/com.sh1r0.caffe_android_demo I/MainActivity: elapsed wall time: 968 ms
09-03 15:59:23.211 3275-3275/com.sh1r0.caffe_android_demo D/ViewRootImpl: #3 mView = null
09-03 15:59:23.221 3275-3275/com.sh1r0.caffe_android_demo E/ViewRootImpl: sendUserActionEvent() mView == null
09-03 15:59:26.531 3275-3275/com.sh1r0.caffe_android_demo D/ViewRootImpl: ViewPostImeInputStage processPointer 0
09-03 15:59:26.591 3275-3275/com.sh1r0.caffe_android_demo D/ViewRootImpl: ViewPostImeInputStage processPointer 1
09-03 15:59:26.671 3275-3275/com.sh1r0.caffe_android_demo V/ActivityThread: updateVisibility : ActivityRecord{93368d5 token=android.os.BinderProxy@e7e9e0b {com.sh1r0.caffe_android_demo/com.sh1r0.caffe_android_demo.MainActivity}} show : false
09-03 15:59:31.711 3275-3275/com.sh1r0.caffe_android_demo D/MainActivity: /storage/emulated/0/DCIM/Camera/test/Elephant/553.jpg
09-03 15:59:31.711 3275-3275/com.sh1r0.caffe_android_demo D/MainActivity: 384
09-03 15:59:31.711 3275-3275/com.sh1r0.caffe_android_demo D/MainActivity: 256
09-03 15:59:31.721 3275-3275/com.sh1r0.caffe_android_demo D/ViewRootImpl: #1 mView = com.android.internal.policy.PhoneWindow$DecorView{3a4cd29 V.E...... R.....I. 0,0-0,0}
09-03 15:59:31.751 3275-3667/com.sh1r0.caffe_android_demo D/mali_winsys: new_window_surface returns 0x3000,  [1336x648]-format:1
09-03 15:59:31.771 3275-3667/com.sh1r0.caffe_android_demo D/mali_winsys: new_window_surface returns 0x3000,  [1440x2560]-format:1
09-03 15:59:31.781 3275-3275/com.sh1r0.caffe_android_demo W/ActivityThread: AppLock checkAppLockState isAppLocked = false pkgName = com.sh1r0.caffe_android_demo showWhenLocked = false
09-03 15:59:31.781 3275-3275/com.sh1r0.caffe_android_demo W/DisplayListCanvas: DisplayListCanvas is started on unbinded RenderNode (without mOwningView)
09-03 15:59:31.801 3275-3275/com.sh1r0.caffe_android_demo D/ViewRootImpl: MSG_RESIZED_REPORT: ci=Rect(0, 0 - 0, 0) vi=Rect(0, 0 - 0, 0) or=1
09-03 15:59:31.811 3275-3275/com.sh1r0.caffe_android_demo D/ViewRootImpl: MSG_RESIZED: ci=Rect(0, 0 - 0, 0) vi=Rect(0, 0 - 0, 0) or=1
09-03 15:59:31.811 3275-3275/com.sh1r0.caffe_android_demo I/Timeline: Timeline: Activity_idle id: android.os.BinderProxy@e7e9e0b time:137163269
09-03 15:59:32.521 3275-13711/com.sh1r0.caffe_android_demo I/caffe_jni: I0903 15:59:32.521872 13711 caffe_mobile.cpp:211] Forwarding time: 4138.51 ms.
09-03 15:59:32.521 3275-3275/com.sh1r0.caffe_android_demo I/MainActivity: elapsed wall time: 796 ms
09-03 15:59:32.521 3275-3275/com.sh1r0.caffe_android_demo D/ViewRootImpl: #3 mView = null
09-03 15:59:32.531 3275-3275/com.sh1r0.caffe_android_demo E/ViewRootImpl: sendUserActionEvent() mView == null
09-03 15:59:35.231 3275-3275/com.sh1r0.caffe_android_demo D/ViewRootImpl: ViewPostImeInputStage processPointer 0
09-03 15:59:35.351 3275-3275/com.sh1r0.caffe_android_demo D/ViewRootImpl: ViewPostImeInputStage processPointer 1
09-03 15:59:35.631 3275-3275/com.sh1r0.caffe_android_demo D/ViewRootImpl: ViewPostImeInputStage processPointer 0
09-03 15:59:35.701 3275-3275/com.sh1r0.caffe_android_demo D/ViewRootImpl: ViewPostImeInputStage processPointer 1
09-03 15:59:35.791 3275-3275/com.sh1r0.caffe_android_demo V/ActivityThread: updateVisibility : ActivityRecord{93368d5 token=android.os.BinderProxy@e7e9e0b {com.sh1r0.caffe_android_demo/com.sh1r0.caffe_android_demo.MainActivity}} show : false
09-03 15:59:39.271 3275-3275/com.sh1r0.caffe_android_demo D/MainActivity: /storage/emulated/0/DCIM/Camera/test/Elephant/552.jpg
09-03 15:59:39.271 3275-3275/com.sh1r0.caffe_android_demo D/MainActivity: 256
09-03 15:59:39.271 3275-3275/com.sh1r0.caffe_android_demo D/MainActivity: 384
09-03 15:59:39.271 3275-3275/com.sh1r0.caffe_android_demo D/ViewRootImpl: #1 mView = com.android.internal.policy.PhoneWindow$DecorView{be6afc8 V.E...... R.....I. 0,0-0,0}
09-03 15:59:39.311 3275-3667/com.sh1r0.caffe_android_demo D/mali_winsys: new_window_surface returns 0x3000,  [1336x648]-format:1
09-03 15:59:39.321 3275-3667/com.sh1r0.caffe_android_demo D/mali_winsys: new_window_surface returns 0x3000,  [1440x2560]-format:1
09-03 15:59:39.331 3275-3275/com.sh1r0.caffe_android_demo W/ActivityThread: AppLock checkAppLockState isAppLocked = false pkgName = com.sh1r0.caffe_android_demo showWhenLocked = false
09-03 15:59:39.341 3275-3275/com.sh1r0.caffe_android_demo W/DisplayListCanvas: DisplayListCanvas is started on unbinded RenderNode (without mOwningView)
09-03 15:59:39.361 3275-3275/com.sh1r0.caffe_android_demo D/ViewRootImpl: MSG_RESIZED_REPORT: ci=Rect(0, 0 - 0, 0) vi=Rect(0, 0 - 0, 0) or=1
09-03 15:59:39.371 3275-3275/com.sh1r0.caffe_android_demo D/ViewRootImpl: MSG_RESIZED: ci=Rect(0, 0 - 0, 0) vi=Rect(0, 0 - 0, 0) or=1
09-03 15:59:39.391 3275-3275/com.sh1r0.caffe_android_demo I/Timeline: Timeline: Activity_idle id: android.os.BinderProxy@e7e9e0b time:137170843
09-03 15:59:40.171 3275-4562/com.sh1r0.caffe_android_demo I/caffe_jni: I0903 15:59:40.171872  4562 caffe_mobile.cpp:211] Forwarding time: 4703.87 ms.
09-03 15:59:40.171 3275-3275/com.sh1r0.caffe_android_demo I/MainActivity: elapsed wall time: 888 ms
09-03 15:59:40.181 3275-3275/com.sh1r0.caffe_android_demo D/ViewRootImpl: #3 mView = null
09-03 15:59:40.181 3275-3275/com.sh1r0.caffe_android_demo E/ViewRootImpl: sendUserActionEvent() mView == null
09-03 15:59:43.451 3275-3275/com.sh1r0.caffe_android_demo D/ViewRootImpl: ViewPostImeInputStage processPointer 0
09-03 15:59:43.521 3275-3275/com.sh1r0.caffe_android_demo D/ViewRootImpl: ViewPostImeInputStage processPointer 1
09-03 15:59:43.611 3275-3275/com.sh1r0.caffe_android_demo V/ActivityThread: updateVisibility : ActivityRecord{93368d5 token=android.os.BinderProxy@e7e9e0b {com.sh1r0.caffe_android_demo/com.sh1r0.caffe_android_demo.MainActivity}} show : false
09-03 16:00:37.231 3275-3275/com.sh1r0.caffe_android_demo D/MainActivity: /storage/emulated/0/DCIM/Camera/test/Elephant/551.jpg
09-03 16:00:37.231 3275-3275/com.sh1r0.caffe_android_demo D/MainActivity: 256
09-03 16:00:37.231 3275-3275/com.sh1r0.caffe_android_demo D/MainActivity: 384
09-03 16:00:37.241 3275-3275/com.sh1r0.caffe_android_demo D/ViewRootImpl: #1 mView = com.android.internal.policy.PhoneWindow$DecorView{5b9f95e V.E...... R.....I. 0,0-0,0}
09-03 16:00:37.271 3275-3667/com.sh1r0.caffe_android_demo D/mali_winsys: new_window_surface returns 0x3000,  [1336x648]-format:1
09-03 16:00:37.281 3275-3667/com.sh1r0.caffe_android_demo D/mali_winsys: new_window_surface returns 0x3000,  [1440x2560]-format:1
09-03 16:00:37.301 3275-3275/com.sh1r0.caffe_android_demo W/ActivityThread: AppLock checkAppLockState isAppLocked = false pkgName = com.sh1r0.caffe_android_demo showWhenLocked = false
09-03 16:00:37.301 3275-3275/com.sh1r0.caffe_android_demo W/DisplayListCanvas: DisplayListCanvas is started on unbinded RenderNode (without mOwningView)
09-03 16:00:37.321 3275-3275/com.sh1r0.caffe_android_demo D/ViewRootImpl: MSG_RESIZED_REPORT: ci=Rect(0, 0 - 0, 0) vi=Rect(0, 0 - 0, 0) or=1
09-03 16:00:37.331 3275-3275/com.sh1r0.caffe_android_demo D/ViewRootImpl: MSG_RESIZED: ci=Rect(0, 0 - 0, 0) vi=Rect(0, 0 - 0, 0) or=1
09-03 16:00:37.331 3275-3275/com.sh1r0.caffe_android_demo I/Timeline: Timeline: Activity_idle id: android.os.BinderProxy@e7e9e0b time:137228788
09-03 16:00:37.391 3275-3275/com.sh1r0.caffe_android_demo D/ViewRootImpl: ViewPostImeInputStage processPointer 0
09-03 16:00:37.491 3275-3275/com.sh1r0.caffe_android_demo D/ViewRootImpl: ViewPostImeInputStage processPointer 1
09-03 16:00:38.151 3275-7406/com.sh1r0.caffe_android_demo I/caffe_jni: I0903 16:00:38.152245  7406 caffe_mobile.cpp:211] Forwarding time: 4654.61 ms.
09-03 16:00:38.151 3275-3275/com.sh1r0.caffe_android_demo I/MainActivity: elapsed wall time: 907 ms
09-03 16:00:38.171 3275-3275/com.sh1r0.caffe_android_demo D/ViewRootImpl: #3 mView = null
09-03 16:00:38.181 3275-3275/com.sh1r0.caffe_android_demo E/ViewRootImpl: sendUserActionEvent() mView == null
09-03 16:00:41.201 3275-3275/com.sh1r0.caffe_android_demo D/ViewRootImpl: ViewPostImeInputStage processPointer 0
09-03 16:00:41.321 3275-3275/com.sh1r0.caffe_android_demo D/ViewRootImpl: ViewPostImeInputStage processPointer 1
09-03 16:00:41.411 3275-3275/com.sh1r0.caffe_android_demo V/ActivityThread: updateVisibility : ActivityRecord{93368d5 token=android.os.BinderProxy@e7e9e0b {com.sh1r0.caffe_android_demo/com.sh1r0.caffe_android_demo.MainActivity}} show : false
09-03 16:00:49.031 3275-3275/com.sh1r0.caffe_android_demo D/MainActivity: /storage/emulated/0/DCIM/Camera/test/Elephant/550.jpg
09-03 16:00:49.031 3275-3275/com.sh1r0.caffe_android_demo D/MainActivity: 256
09-03 16:00:49.031 3275-3275/com.sh1r0.caffe_android_demo D/MainActivity: 384
09-03 16:00:49.041 3275-3275/com.sh1r0.caffe_android_demo D/ViewRootImpl: #1 mView = com.android.internal.policy.PhoneWindow$DecorView{275d636 V.E...... R.....I. 0,0-0,0}
09-03 16:00:49.071 3275-3667/com.sh1r0.caffe_android_demo D/mali_winsys: new_window_surface returns 0x3000,  [1336x648]-format:1
09-03 16:00:49.091 3275-3667/com.sh1r0.caffe_android_demo D/mali_winsys: new_window_surface returns 0x3000,  [1440x2560]-format:1
09-03 16:00:49.101 3275-3275/com.sh1r0.caffe_android_demo W/ActivityThread: AppLock checkAppLockState isAppLocked = false pkgName = com.sh1r0.caffe_android_demo showWhenLocked = false
09-03 16:00:49.101 3275-3275/com.sh1r0.caffe_android_demo W/DisplayListCanvas: DisplayListCanvas is started on unbinded RenderNode (without mOwningView)
09-03 16:00:49.121 3275-3275/com.sh1r0.caffe_android_demo D/ViewRootImpl: MSG_RESIZED_REPORT: ci=Rect(0, 0 - 0, 0) vi=Rect(0, 0 - 0, 0) or=1
09-03 16:00:49.131 3275-3275/com.sh1r0.caffe_android_demo D/ViewRootImpl: MSG_RESIZED: ci=Rect(0, 0 - 0, 0) vi=Rect(0, 0 - 0, 0) or=1
09-03 16:00:49.141 3275-3275/com.sh1r0.caffe_android_demo I/Timeline: Timeline: Activity_idle id: android.os.BinderProxy@e7e9e0b time:137240592
09-03 16:00:49.861 3275-7623/com.sh1r0.caffe_android_demo I/caffe_jni: I0903 16:00:49.862146  7623 caffe_mobile.cpp:211] Forwarding time: 4311.78 ms.
09-03 16:00:49.861 3275-3275/com.sh1r0.caffe_android_demo I/MainActivity: elapsed wall time: 813 ms
09-03 16:00:49.861 3275-3275/com.sh1r0.caffe_android_demo D/ViewRootImpl: #3 mView = null
09-03 16:00:49.871 3275-3275/com.sh1r0.caffe_android_demo E/ViewRootImpl: sendUserActionEvent() mView == null
09-03 16:00:53.341 3275-3275/com.sh1r0.caffe_android_demo D/ViewRootImpl: ViewPostImeInputStage processPointer 0
09-03 16:00:53.411 3275-3275/com.sh1r0.caffe_android_demo D/ViewRootImpl: ViewPostImeInputStage processPointer 1
09-03 16:00:53.501 3275-3275/com.sh1r0.caffe_android_demo V/ActivityThread: updateVisibility : ActivityRecord{93368d5 token=android.os.BinderProxy@e7e9e0b {com.sh1r0.caffe_android_demo/com.sh1r0.caffe_android_demo.MainActivity}} show : false
09-03 16:01:05.691 3275-3275/com.sh1r0.caffe_android_demo D/MainActivity: /storage/emulated/0/DCIM/Camera/test/Elephant/549.jpg
09-03 16:01:05.691 3275-3275/com.sh1r0.caffe_android_demo D/MainActivity: 256
09-03 16:01:05.691 3275-3275/com.sh1r0.caffe_android_demo D/MainActivity: 384
09-03 16:01:05.701 3275-3275/com.sh1r0.caffe_android_demo D/ViewRootImpl: #1 mView = com.android.internal.policy.PhoneWindow$DecorView{ee8e7c5 V.E...... R.....I. 0,0-0,0}
09-03 16:01:05.731 3275-3667/com.sh1r0.caffe_android_demo D/mali_winsys: new_window_surface returns 0x3000,  [1336x648]-format:1
09-03 16:01:05.751 3275-3667/com.sh1r0.caffe_android_demo D/mali_winsys: new_window_surface returns 0x3000,  [1440x2560]-format:1
09-03 16:01:05.761 3275-3275/com.sh1r0.caffe_android_demo W/ActivityThread: AppLock checkAppLockState isAppLocked = false pkgName = com.sh1r0.caffe_android_demo showWhenLocked = false
09-03 16:01:05.761 3275-3275/com.sh1r0.caffe_android_demo W/DisplayListCanvas: DisplayListCanvas is started on unbinded RenderNode (without mOwningView)
09-03 16:01:05.801 3275-3275/com.sh1r0.caffe_android_demo D/ViewRootImpl: MSG_RESIZED_REPORT: ci=Rect(0, 0 - 0, 0) vi=Rect(0, 0 - 0, 0) or=1
09-03 16:01:05.801 3275-3275/com.sh1r0.caffe_android_demo D/ViewRootImpl: MSG_RESIZED: ci=Rect(0, 0 - 0, 0) vi=Rect(0, 0 - 0, 0) or=1
09-03 16:01:05.811 3275-3275/com.sh1r0.caffe_android_demo I/Timeline: Timeline: Activity_idle id: android.os.BinderProxy@e7e9e0b time:137257267
09-03 16:01:06.551 3275-10058/com.sh1r0.caffe_android_demo I/caffe_jni: I0903 16:01:06.551946 10058 caffe_mobile.cpp:211] Forwarding time: 4470.28 ms.
09-03 16:01:06.551 3275-3275/com.sh1r0.caffe_android_demo I/MainActivity: elapsed wall time: 842 ms
09-03 16:01:06.551 3275-3275/com.sh1r0.caffe_android_demo D/ViewRootImpl: #3 mView = null
09-03 16:01:06.561 3275-3275/com.sh1r0.caffe_android_demo E/ViewRootImpl: sendUserActionEvent() mView == null
09-03 16:01:10.271 3275-3275/com.sh1r0.caffe_android_demo D/ViewRootImpl: ViewPostImeInputStage processPointer 0
09-03 16:01:10.321 3275-3275/com.sh1r0.caffe_android_demo D/ViewRootImpl: ViewPostImeInputStage processPointer 1
09-03 16:01:10.411 3275-3275/com.sh1r0.caffe_android_demo V/ActivityThread: updateVisibility : ActivityRecord{93368d5 token=android.os.BinderProxy@e7e9e0b {com.sh1r0.caffe_android_demo/com.sh1r0.caffe_android_demo.MainActivity}} show : false
09-03 16:01:14.461 3275-3275/com.sh1r0.caffe_android_demo D/MainActivity: /storage/emulated/0/DCIM/Camera/test/Elephant/548.jpg
09-03 16:01:14.461 3275-3275/com.sh1r0.caffe_android_demo D/MainActivity: 256
09-03 16:01:14.461 3275-3275/com.sh1r0.caffe_android_demo D/MainActivity: 384
09-03 16:01:14.461 3275-3275/com.sh1r0.caffe_android_demo D/ViewRootImpl: #1 mView = com.android.internal.policy.PhoneWindow$DecorView{f27c8d4 V.E...... R.....I. 0,0-0,0}
09-03 16:01:14.491 3275-3667/com.sh1r0.caffe_android_demo D/mali_winsys: new_window_surface returns 0x3000,  [1336x648]-format:1
09-03 16:01:14.511 3275-3667/com.sh1r0.caffe_android_demo D/mali_winsys: new_window_surface returns 0x3000,  [1440x2560]-format:1
09-03 16:01:14.531 3275-3275/com.sh1r0.caffe_android_demo W/ActivityThread: AppLock checkAppLockState isAppLocked = false pkgName = com.sh1r0.caffe_android_demo showWhenLocked = false
09-03 16:01:14.531 3275-3275/com.sh1r0.caffe_android_demo W/DisplayListCanvas: DisplayListCanvas is started on unbinded RenderNode (without mOwningView)
09-03 16:01:14.551 3275-3275/com.sh1r0.caffe_android_demo D/ViewRootImpl: MSG_RESIZED_REPORT: ci=Rect(0, 0 - 0, 0) vi=Rect(0, 0 - 0, 0) or=1
09-03 16:01:14.561 3275-3275/com.sh1r0.caffe_android_demo D/ViewRootImpl: MSG_RESIZED: ci=Rect(0, 0 - 0, 0) vi=Rect(0, 0 - 0, 0) or=1
09-03 16:01:14.581 3275-3275/com.sh1r0.caffe_android_demo I/Timeline: Timeline: Activity_idle id: android.os.BinderProxy@e7e9e0b time:137266033
09-03 16:01:15.231 3275-10686/com.sh1r0.caffe_android_demo I/caffe_jni: I0903 16:01:15.231956 10686 caffe_mobile.cpp:211] Forwarding time: 3838.63 ms.
09-03 16:01:15.231 3275-3275/com.sh1r0.caffe_android_demo I/MainActivity: elapsed wall time: 758 ms
09-03 16:01:15.231 3275-3275/com.sh1r0.caffe_android_demo D/ViewRootImpl: #3 mView = null
09-03 16:01:15.241 3275-3275/com.sh1r0.caffe_android_demo E/ViewRootImpl: sendUserActionEvent() mView == null
09-03 16:01:18.371 3275-3275/com.sh1r0.caffe_android_demo D/ViewRootImpl: ViewPostImeInputStage processPointer 0
09-03 16:01:18.431 3275-3275/com.sh1r0.caffe_android_demo D/ViewRootImpl: ViewPostImeInputStage processPointer 1
09-03 16:01:18.521 3275-3275/com.sh1r0.caffe_android_demo V/ActivityThread: updateVisibility : ActivityRecord{93368d5 token=android.os.BinderProxy@e7e9e0b {com.sh1r0.caffe_android_demo/com.sh1r0.caffe_android_demo.MainActivity}} show : false
09-03 16:01:22.181 3275-3275/com.sh1r0.caffe_android_demo D/MainActivity: /storage/emulated/0/DCIM/Camera/test/Elephant/547.jpg
09-03 16:01:22.181 3275-3275/com.sh1r0.caffe_android_demo D/MainActivity: 256
09-03 16:01:22.181 3275-3275/com.sh1r0.caffe_android_demo D/MainActivity: 384
09-03 16:01:22.191 3275-3275/com.sh1r0.caffe_android_demo D/ViewRootImpl: #1 mView = com.android.internal.policy.PhoneWindow$DecorView{750b1f V.E...... R.....I. 0,0-0,0}
09-03 16:01:22.221 3275-3667/com.sh1r0.caffe_android_demo D/mali_winsys: new_window_surface returns 0x3000,  [1336x648]-format:1
09-03 16:01:22.231 3275-3667/com.sh1r0.caffe_android_demo D/mali_winsys: new_window_surface returns 0x3000,  [1440x2560]-format:1
09-03 16:01:22.241 3275-3275/com.sh1r0.caffe_android_demo W/ActivityThread: AppLock checkAppLockState isAppLocked = false pkgName = com.sh1r0.caffe_android_demo showWhenLocked = false
09-03 16:01:22.251 3275-3275/com.sh1r0.caffe_android_demo W/DisplayListCanvas: DisplayListCanvas is started on unbinded RenderNode (without mOwningView)
09-03 16:01:22.271 3275-3275/com.sh1r0.caffe_android_demo D/ViewRootImpl: MSG_RESIZED_REPORT: ci=Rect(0, 0 - 0, 0) vi=Rect(0, 0 - 0, 0) or=1
09-03 16:01:22.271 3275-3275/com.sh1r0.caffe_android_demo D/ViewRootImpl: MSG_RESIZED: ci=Rect(0, 0 - 0, 0) vi=Rect(0, 0 - 0, 0) or=1
09-03 16:01:22.281 3275-3275/com.sh1r0.caffe_android_demo I/Timeline: Timeline: Activity_idle id: android.os.BinderProxy@e7e9e0b time:137273739
09-03 16:01:23.101 3275-11256/com.sh1r0.caffe_android_demo I/caffe_jni: I0903 16:01:23.101872 11256 caffe_mobile.cpp:211] Forwarding time: 4794.92 ms.
09-03 16:01:23.101 3275-3275/com.sh1r0.caffe_android_demo I/MainActivity: elapsed wall time: 899 ms
09-03 16:01:23.101 3275-3275/com.sh1r0.caffe_android_demo D/ViewRootImpl: #3 mView = null
09-03 16:01:23.111 3275-3275/com.sh1r0.caffe_android_demo E/ViewRootImpl: sendUserActionEvent() mView == null
09-03 16:01:25.531 3275-3275/com.sh1r0.caffe_android_demo D/ViewRootImpl: ViewPostImeInputStage processPointer 0
09-03 16:01:25.601 3275-3275/com.sh1r0.caffe_android_demo D/ViewRootImpl: ViewPostImeInputStage processPointer 1
09-03 16:01:25.691 3275-3275/com.sh1r0.caffe_android_demo V/ActivityThread: updateVisibility : ActivityRecord{93368d5 token=android.os.BinderProxy@e7e9e0b {com.sh1r0.caffe_android_demo/com.sh1r0.caffe_android_demo.MainActivity}} show : false
09-03 16:01:29.331 3275-3275/com.sh1r0.caffe_android_demo D/MainActivity: /storage/emulated/0/DCIM/Camera/test/Elephant/546.jpg
09-03 16:01:29.331 3275-3275/com.sh1r0.caffe_android_demo D/MainActivity: 256
09-03 16:01:29.331 3275-3275/com.sh1r0.caffe_android_demo D/MainActivity: 384
09-03 16:01:29.341 3275-3275/com.sh1r0.caffe_android_demo D/ViewRootImpl: #1 mView = com.android.internal.policy.PhoneWindow$DecorView{5fca796 V.E...... R.....I. 0,0-0,0}
09-03 16:01:29.371 3275-3667/com.sh1r0.caffe_android_demo D/mali_winsys: new_window_surface returns 0x3000,  [1336x648]-format:1
09-03 16:01:29.381 3275-3667/com.sh1r0.caffe_android_demo D/mali_winsys: new_window_surface returns 0x3000,  [1440x2560]-format:1
09-03 16:01:29.401 3275-3275/com.sh1r0.caffe_android_demo W/ActivityThread: AppLock checkAppLockState isAppLocked = false pkgName = com.sh1r0.caffe_android_demo showWhenLocked = false
09-03 16:01:29.401 3275-3275/com.sh1r0.caffe_android_demo W/DisplayListCanvas: DisplayListCanvas is started on unbinded RenderNode (without mOwningView)
09-03 16:01:29.421 3275-3275/com.sh1r0.caffe_android_demo D/ViewRootImpl: MSG_RESIZED_REPORT: ci=Rect(0, 0 - 0, 0) vi=Rect(0, 0 - 0, 0) or=1
09-03 16:01:29.431 3275-3275/com.sh1r0.caffe_android_demo D/ViewRootImpl: MSG_RESIZED: ci=Rect(0, 0 - 0, 0) vi=Rect(0, 0 - 0, 0) or=1
09-03 16:01:29.431 3275-3275/com.sh1r0.caffe_android_demo I/Timeline: Timeline: Activity_idle id: android.os.BinderProxy@e7e9e0b time:137280888
09-03 16:01:30.241 3275-12960/com.sh1r0.caffe_android_demo I/caffe_jni: I0903 16:01:30.241799 12960 caffe_mobile.cpp:211] Forwarding time: 4705.54 ms.
09-03 16:01:30.241 3275-3275/com.sh1r0.caffe_android_demo I/MainActivity: elapsed wall time: 896 ms
09-03 16:01:30.241 3275-3275/com.sh1r0.caffe_android_demo D/ViewRootImpl: #3 mView = null
09-03 16:01:30.251 3275-3275/com.sh1r0.caffe_android_demo E/ViewRootImpl: sendUserActionEvent() mView == null
09-03 16:01:32.651 3275-3275/com.sh1r0.caffe_android_demo D/ViewRootImpl: ViewPostImeInputStage processPointer 0
09-03 16:01:32.741 3275-3275/com.sh1r0.caffe_android_demo D/ViewRootImpl: ViewPostImeInputStage processPointer 1
09-03 16:01:32.831 3275-3275/com.sh1r0.caffe_android_demo V/ActivityThread: updateVisibility : ActivityRecord{93368d5 token=android.os.BinderProxy@e7e9e0b {com.sh1r0.caffe_android_demo/com.sh1r0.caffe_android_demo.MainActivity}} show : false
09-03 16:01:36.991 3275-3275/com.sh1r0.caffe_android_demo D/MainActivity: /storage/emulated/0/DCIM/Camera/test/Elephant/545.jpg
09-03 16:01:36.991 3275-3275/com.sh1r0.caffe_android_demo D/MainActivity: 256
09-03 16:01:36.991 3275-3275/com.sh1r0.caffe_android_demo D/MainActivity: 384
09-03 16:01:37.001 3275-3275/com.sh1r0.caffe_android_demo D/ViewRootImpl: #1 mView = com.android.internal.policy.PhoneWindow$DecorView{b004ae9 V.E...... R.....I. 0,0-0,0}
09-03 16:01:37.031 3275-3667/com.sh1r0.caffe_android_demo D/mali_winsys: new_window_surface returns 0x3000,  [1336x648]-format:1
09-03 16:01:37.041 3275-3667/com.sh1r0.caffe_android_demo D/mali_winsys: new_window_surface returns 0x3000,  [1440x2560]-format:1
09-03 16:01:37.071 3275-3275/com.sh1r0.caffe_android_demo W/ActivityThread: AppLock checkAppLockState isAppLocked = false pkgName = com.sh1r0.caffe_android_demo showWhenLocked = false
09-03 16:01:37.071 3275-3275/com.sh1r0.caffe_android_demo W/DisplayListCanvas: DisplayListCanvas is started on unbinded RenderNode (without mOwningView)
09-03 16:01:37.081 3275-3275/com.sh1r0.caffe_android_demo D/ViewRootImpl: MSG_RESIZED_REPORT: ci=Rect(0, 0 - 0, 0) vi=Rect(0, 0 - 0, 0) or=1
09-03 16:01:37.101 3275-3275/com.sh1r0.caffe_android_demo D/ViewRootImpl: MSG_RESIZED: ci=Rect(0, 0 - 0, 0) vi=Rect(0, 0 - 0, 0) or=1
09-03 16:01:37.111 3275-3275/com.sh1r0.caffe_android_demo I/Timeline: Timeline: Activity_idle id: android.os.BinderProxy@e7e9e0b time:137288568
09-03 16:01:37.961 3275-13358/com.sh1r0.caffe_android_demo I/caffe_jni: I0903 16:01:37.961839 13358 caffe_mobile.cpp:211] Forwarding time: 5018.22 ms.
09-03 16:01:37.961 3275-3275/com.sh1r0.caffe_android_demo I/MainActivity: elapsed wall time: 956 ms
09-03 16:01:37.981 3275-3275/com.sh1r0.caffe_android_demo D/ViewRootImpl: #3 mView = null
09-03 16:01:37.981 3275-3275/com.sh1r0.caffe_android_demo E/ViewRootImpl: sendUserActionEvent() mView == null
09-03 16:01:40.381 3275-3275/com.sh1r0.caffe_android_demo D/ViewRootImpl: ViewPostImeInputStage processPointer 0
09-03 16:01:40.461 3275-3275/com.sh1r0.caffe_android_demo D/ViewRootImpl: ViewPostImeInputStage processPointer 1
09-03 16:01:40.541 3275-3275/com.sh1r0.caffe_android_demo V/ActivityThread: updateVisibility : ActivityRecord{93368d5 token=android.os.BinderProxy@e7e9e0b {com.sh1r0.caffe_android_demo/com.sh1r0.caffe_android_demo.MainActivity}} show : false
09-03 16:01:43.921 3275-3275/com.sh1r0.caffe_android_demo D/MainActivity: /storage/emulated/0/DCIM/Camera/test/Elephant/544.jpg
09-03 16:01:43.921 3275-3275/com.sh1r0.caffe_android_demo D/MainActivity: 256
09-03 16:01:43.921 3275-3275/com.sh1r0.caffe_android_demo D/MainActivity: 384
09-03 16:01:43.931 3275-3275/com.sh1r0.caffe_android_demo D/ViewRootImpl: #1 mView = com.android.internal.policy.PhoneWindow$DecorView{3356488 V.E...... R.....I. 0,0-0,0}
09-03 16:01:43.961 3275-3667/com.sh1r0.caffe_android_demo D/mali_winsys: new_window_surface returns 0x3000,  [1336x648]-format:1
09-03 16:01:43.981 3275-3667/com.sh1r0.caffe_android_demo D/mali_winsys: new_window_surface returns 0x3000,  [1440x2560]-format:1
09-03 16:01:43.991 3275-3275/com.sh1r0.caffe_android_demo W/ActivityThread: AppLock checkAppLockState isAppLocked = false pkgName = com.sh1r0.caffe_android_demo showWhenLocked = false
09-03 16:01:43.991 3275-3275/com.sh1r0.caffe_android_demo W/DisplayListCanvas: DisplayListCanvas is started on unbinded RenderNode (without mOwningView)
09-03 16:01:44.011 3275-3275/com.sh1r0.caffe_android_demo D/ViewRootImpl: MSG_RESIZED_REPORT: ci=Rect(0, 0 - 0, 0) vi=Rect(0, 0 - 0, 0) or=1
09-03 16:01:44.021 3275-3275/com.sh1r0.caffe_android_demo D/ViewRootImpl: MSG_RESIZED: ci=Rect(0, 0 - 0, 0) vi=Rect(0, 0 - 0, 0) or=1
09-03 16:01:44.021 3275-3275/com.sh1r0.caffe_android_demo I/Timeline: Timeline: Activity_idle id: android.os.BinderProxy@e7e9e0b time:137295478
09-03 16:01:44.771 3275-13711/com.sh1r0.caffe_android_demo I/caffe_jni: I0903 16:01:44.771952 13711 caffe_mobile.cpp:211] Forwarding time: 4350.63 ms.
09-03 16:01:44.771 3275-3275/com.sh1r0.caffe_android_demo I/MainActivity: elapsed wall time: 837 ms
09-03 16:01:44.801 3275-3275/com.sh1r0.caffe_android_demo D/ViewRootImpl: #3 mView = null
09-03 16:01:44.801 3275-3275/com.sh1r0.caffe_android_demo E/ViewRootImpl: sendUserActionEvent() mView == null
09-03 16:01:47.161 3275-3275/com.sh1r0.caffe_android_demo D/ViewRootImpl: ViewPostImeInputStage processPointer 0
09-03 16:01:47.231 3275-3275/com.sh1r0.caffe_android_demo D/ViewRootImpl: ViewPostImeInputStage processPointer 1
09-03 16:01:47.701 3275-3275/com.sh1r0.caffe_android_demo D/ViewRootImpl: ViewPostImeInputStage processPointer 0
09-03 16:01:47.781 3275-3275/com.sh1r0.caffe_android_demo D/ViewRootImpl: ViewPostImeInputStage processPointer 1
09-03 16:01:47.871 3275-3275/com.sh1r0.caffe_android_demo V/ActivityThread: updateVisibility : ActivityRecord{93368d5 token=android.os.BinderProxy@e7e9e0b {com.sh1r0.caffe_android_demo/com.sh1r0.caffe_android_demo.MainActivity}} show : false
09-03 16:01:51.811 3275-3275/com.sh1r0.caffe_android_demo D/MainActivity: /storage/emulated/0/DCIM/Camera/test/Elephant/543.jpg
09-03 16:01:51.811 3275-3275/com.sh1r0.caffe_android_demo D/MainActivity: 256
09-03 16:01:51.811 3275-3275/com.sh1r0.caffe_android_demo D/MainActivity: 384
09-03 16:01:51.821 3275-3275/com.sh1r0.caffe_android_demo D/ViewRootImpl: #1 mView = com.android.internal.policy.PhoneWindow$DecorView{67871a3 V.E...... R.....I. 0,0-0,0}
09-03 16:01:51.861 3275-3667/com.sh1r0.caffe_android_demo D/mali_winsys: new_window_surface returns 0x3000,  [1336x648]-format:1
09-03 16:01:51.881 3275-3667/com.sh1r0.caffe_android_demo D/mali_winsys: new_window_surface returns 0x3000,  [1440x2560]-format:1
09-03 16:01:51.891 3275-3275/com.sh1r0.caffe_android_demo W/ActivityThread: AppLock checkAppLockState isAppLocked = false pkgName = com.sh1r0.caffe_android_demo showWhenLocked = false
09-03 16:01:51.891 3275-3275/com.sh1r0.caffe_android_demo W/DisplayListCanvas: DisplayListCanvas is started on unbinded RenderNode (without mOwningView)
09-03 16:01:51.901 3275-3275/com.sh1r0.caffe_android_demo D/ViewRootImpl: MSG_RESIZED_REPORT: ci=Rect(0, 0 - 0, 0) vi=Rect(0, 0 - 0, 0) or=1
09-03 16:01:51.911 3275-3275/com.sh1r0.caffe_android_demo D/ViewRootImpl: MSG_RESIZED: ci=Rect(0, 0 - 0, 0) vi=Rect(0, 0 - 0, 0) or=1
09-03 16:01:51.921 3275-3275/com.sh1r0.caffe_android_demo I/Timeline: Timeline: Activity_idle id: android.os.BinderProxy@e7e9e0b time:137303371
09-03 16:01:52.801 3275-4562/com.sh1r0.caffe_android_demo I/caffe_jni: I0903 16:01:52.801815  4562 caffe_mobile.cpp:211] Forwarding time: 5022.08 ms.
09-03 16:01:52.801 3275-3275/com.sh1r0.caffe_android_demo I/MainActivity: elapsed wall time: 975 ms
09-03 16:01:52.821 3275-3275/com.sh1r0.caffe_android_demo D/ViewRootImpl: #3 mView = null
09-03 16:01:52.831 3275-3275/com.sh1r0.caffe_android_demo E/ViewRootImpl: sendUserActionEvent() mView == null
09-03 16:01:55.361 3275-3275/com.sh1r0.caffe_android_demo D/ViewRootImpl: ViewPostImeInputStage processPointer 0
09-03 16:01:55.461 3275-3275/com.sh1r0.caffe_android_demo D/ViewRootImpl: ViewPostImeInputStage processPointer 1
09-03 16:01:55.541 3275-3275/com.sh1r0.caffe_android_demo V/ActivityThread: updateVisibility : ActivityRecord{93368d5 token=android.os.BinderProxy@e7e9e0b {com.sh1r0.caffe_android_demo/com.sh1r0.caffe_android_demo.MainActivity}} show : false
09-03 16:01:59.621 3275-3275/com.sh1r0.caffe_android_demo D/MainActivity: /storage/emulated/0/DCIM/Camera/test/Elephant/542.jpg
09-03 16:01:59.621 3275-3275/com.sh1r0.caffe_android_demo D/MainActivity: 256
09-03 16:01:59.621 3275-3275/com.sh1r0.caffe_android_demo D/MainActivity: 384
09-03 16:01:59.631 3275-3275/com.sh1r0.caffe_android_demo D/ViewRootImpl: #1 mView = com.android.internal.policy.PhoneWindow$DecorView{39e742a V.E...... R.....I. 0,0-0,0}
09-03 16:01:59.661 3275-3667/com.sh1r0.caffe_android_demo D/mali_winsys: new_window_surface returns 0x3000,  [1336x648]-format:1
09-03 16:01:59.681 3275-3667/com.sh1r0.caffe_android_demo D/mali_winsys: new_window_surface returns 0x3000,  [1440x2560]-format:1
09-03 16:01:59.691 3275-3275/com.sh1r0.caffe_android_demo W/ActivityThread: AppLock checkAppLockState isAppLocked = false pkgName = com.sh1r0.caffe_android_demo showWhenLocked = false
09-03 16:01:59.691 3275-3275/com.sh1r0.caffe_android_demo W/DisplayListCanvas: DisplayListCanvas is started on unbinded RenderNode (without mOwningView)
09-03 16:01:59.721 3275-3275/com.sh1r0.caffe_android_demo D/ViewRootImpl: MSG_RESIZED_REPORT: ci=Rect(0, 0 - 0, 0) vi=Rect(0, 0 - 0, 0) or=1
09-03 16:01:59.731 3275-3275/com.sh1r0.caffe_android_demo D/ViewRootImpl: MSG_RESIZED: ci=Rect(0, 0 - 0, 0) vi=Rect(0, 0 - 0, 0) or=1
09-03 16:01:59.741 3275-3275/com.sh1r0.caffe_android_demo I/Timeline: Timeline: Activity_idle id: android.os.BinderProxy@e7e9e0b time:137311198
09-03 16:02:00.461 3275-7406/com.sh1r0.caffe_android_demo I/caffe_jni: I0903 16:02:00.462088  7406 caffe_mobile.cpp:211] Forwarding time: 4089.86 ms.
09-03 16:02:00.461 3275-3275/com.sh1r0.caffe_android_demo I/MainActivity: elapsed wall time: 825 ms
09-03 16:02:00.461 3275-3275/com.sh1r0.caffe_android_demo D/ViewRootImpl: #3 mView = null
09-03 16:02:00.471 3275-3275/com.sh1r0.caffe_android_demo E/ViewRootImpl: sendUserActionEvent() mView == null
09-03 16:02:03.071 3275-3275/com.sh1r0.caffe_android_demo D/ViewRootImpl: ViewPostImeInputStage processPointer 0
09-03 16:02:03.151 3275-3275/com.sh1r0.caffe_android_demo D/ViewRootImpl: ViewPostImeInputStage processPointer 1
09-03 16:02:03.231 3275-3275/com.sh1r0.caffe_android_demo V/ActivityThread: updateVisibility : ActivityRecord{93368d5 token=android.os.BinderProxy@e7e9e0b {com.sh1r0.caffe_android_demo/com.sh1r0.caffe_android_demo.MainActivity}} show : false
09-03 16:02:06.701 3275-3275/com.sh1r0.caffe_android_demo D/MainActivity: /storage/emulated/0/DCIM/Camera/test/Elephant/541.jpg
09-03 16:02:06.701 3275-3275/com.sh1r0.caffe_android_demo D/MainActivity: 256
09-03 16:02:06.701 3275-3275/com.sh1r0.caffe_android_demo D/MainActivity: 384
09-03 16:02:06.711 3275-3275/com.sh1r0.caffe_android_demo D/ViewRootImpl: #1 mView = com.android.internal.policy.PhoneWindow$DecorView{b2145cd V.E...... R.....I. 0,0-0,0}
09-03 16:02:06.751 3275-3667/com.sh1r0.caffe_android_demo D/mali_winsys: new_window_surface returns 0x3000,  [1336x648]-format:1
09-03 16:02:06.761 3275-3667/com.sh1r0.caffe_android_demo D/mali_winsys: new_window_surface returns 0x3000,  [1440x2560]-format:1
09-03 16:02:06.771 3275-3275/com.sh1r0.caffe_android_demo W/ActivityThread: AppLock checkAppLockState isAppLocked = false pkgName = com.sh1r0.caffe_android_demo showWhenLocked = false
09-03 16:02:06.781 3275-3275/com.sh1r0.caffe_android_demo W/DisplayListCanvas: DisplayListCanvas is started on unbinded RenderNode (without mOwningView)
09-03 16:02:06.831 3275-3275/com.sh1r0.caffe_android_demo D/ViewRootImpl: MSG_RESIZED_REPORT: ci=Rect(0, 0 - 0, 0) vi=Rect(0, 0 - 0, 0) or=1
09-03 16:02:06.831 3275-3275/com.sh1r0.caffe_android_demo D/ViewRootImpl: MSG_RESIZED: ci=Rect(0, 0 - 0, 0) vi=Rect(0, 0 - 0, 0) or=1
09-03 16:02:06.841 3275-3275/com.sh1r0.caffe_android_demo I/Timeline: Timeline: Activity_idle id: android.os.BinderProxy@e7e9e0b time:137318297
09-03 16:02:07.581 3275-7623/com.sh1r0.caffe_android_demo I/caffe_jni: I0903 16:02:07.581992  7623 caffe_mobile.cpp:211] Forwarding time: 4502.76 ms.
09-03 16:02:07.581 3275-3275/com.sh1r0.caffe_android_demo I/MainActivity: elapsed wall time: 861 ms
09-03 16:02:07.581 3275-3275/com.sh1r0.caffe_android_demo D/ViewRootImpl: #3 mView = null
09-03 16:02:07.591 3275-3275/com.sh1r0.caffe_android_demo E/ViewRootImpl: sendUserActionEvent() mView == null
09-03 16:02:10.831 3275-3275/com.sh1r0.caffe_android_demo D/ViewRootImpl: ViewPostImeInputStage processPointer 0
09-03 16:02:10.911 3275-3275/com.sh1r0.caffe_android_demo D/ViewRootImpl: ViewPostImeInputStage processPointer 1
09-03 16:02:10.991 3275-3275/com.sh1r0.caffe_android_demo V/ActivityThread: updateVisibility : ActivityRecord{93368d5 token=android.os.BinderProxy@e7e9e0b {com.sh1r0.caffe_android_demo/com.sh1r0.caffe_android_demo.MainActivity}} show : false
09-03 16:02:15.181 3275-3275/com.sh1r0.caffe_android_demo D/MainActivity: /storage/emulated/0/DCIM/Camera/test/Elephant/540.jpg
09-03 16:02:15.181 3275-3275/com.sh1r0.caffe_android_demo D/MainActivity: 256
09-03 16:02:15.181 3275-3275/com.sh1r0.caffe_android_demo D/MainActivity: 384
09-03 16:02:15.191 3275-3275/com.sh1r0.caffe_android_demo D/ViewRootImpl: #1 mView = com.android.internal.policy.PhoneWindow$DecorView{26636fc V.E...... R.....I. 0,0-0,0}
09-03 16:02:15.231 3275-3667/com.sh1r0.caffe_android_demo D/mali_winsys: new_window_surface returns 0x3000,  [1336x648]-format:1
09-03 16:02:15.241 3275-3667/com.sh1r0.caffe_android_demo D/mali_winsys: new_window_surface returns 0x3000,  [1440x2560]-format:1
09-03 16:02:15.251 3275-3275/com.sh1r0.caffe_android_demo W/ActivityThread: AppLock checkAppLockState isAppLocked = false pkgName = com.sh1r0.caffe_android_demo showWhenLocked = false
09-03 16:02:15.261 3275-3275/com.sh1r0.caffe_android_demo W/DisplayListCanvas: DisplayListCanvas is started on unbinded RenderNode (without mOwningView)
09-03 16:02:15.291 3275-3275/com.sh1r0.caffe_android_demo D/ViewRootImpl: MSG_RESIZED_REPORT: ci=Rect(0, 0 - 0, 0) vi=Rect(0, 0 - 0, 0) or=1
09-03 16:02:15.301 3275-3275/com.sh1r0.caffe_android_demo D/ViewRootImpl: MSG_RESIZED: ci=Rect(0, 0 - 0, 0) vi=Rect(0, 0 - 0, 0) or=1
09-03 16:02:15.311 3275-3275/com.sh1r0.caffe_android_demo I/Timeline: Timeline: Activity_idle id: android.os.BinderProxy@e7e9e0b time:137326760
09-03 16:02:16.031 3275-10058/com.sh1r0.caffe_android_demo I/caffe_jni: I0903 16:02:16.031939 10058 caffe_mobile.cpp:211] Forwarding time: 4269.36 ms.
09-03 16:02:16.031 3275-3275/com.sh1r0.caffe_android_demo I/MainActivity: elapsed wall time: 831 ms
09-03 16:02:16.031 3275-3275/com.sh1r0.caffe_android_demo D/ViewRootImpl: #3 mView = null
09-03 16:02:16.041 3275-3275/com.sh1r0.caffe_android_demo E/ViewRootImpl: sendUserActionEvent() mView == null
09-03 16:02:19.661 3275-3275/com.sh1r0.caffe_android_demo D/ViewRootImpl: ViewPostImeInputStage processPointer 0
09-03 16:02:19.731 3275-3275/com.sh1r0.caffe_android_demo D/ViewRootImpl: ViewPostImeInputStage processPointer 1
09-03 16:02:19.811 3275-3275/com.sh1r0.caffe_android_demo V/ActivityThread: updateVisibility : ActivityRecord{93368d5 token=android.os.BinderProxy@e7e9e0b {com.sh1r0.caffe_android_demo/com.sh1r0.caffe_android_demo.MainActivity}} show : false
09-03 16:02:24.811 3275-3275/com.sh1r0.caffe_android_demo D/MainActivity: /storage/emulated/0/DCIM/Camera/test/Elephant/539.jpg
09-03 16:02:24.811 3275-3275/com.sh1r0.caffe_android_demo D/MainActivity: 256
09-03 16:02:24.811 3275-3275/com.sh1r0.caffe_android_demo D/MainActivity: 384
09-03 16:02:24.811 3275-3275/com.sh1r0.caffe_android_demo D/ViewRootImpl: #1 mView = com.android.internal.policy.PhoneWindow$DecorView{4ac29e7 V.E...... R.....I. 0,0-0,0}
09-03 16:02:24.851 3275-3667/com.sh1r0.caffe_android_demo D/mali_winsys: new_window_surface returns 0x3000,  [1336x648]-format:1
09-03 16:02:24.861 3275-3667/com.sh1r0.caffe_android_demo D/mali_winsys: new_window_surface returns 0x3000,  [1440x2560]-format:1
09-03 16:02:24.881 3275-3275/com.sh1r0.caffe_android_demo W/ActivityThread: AppLock checkAppLockState isAppLocked = false pkgName = com.sh1r0.caffe_android_demo showWhenLocked = false
09-03 16:02:24.881 3275-3275/com.sh1r0.caffe_android_demo W/DisplayListCanvas: DisplayListCanvas is started on unbinded RenderNode (without mOwningView)
09-03 16:02:24.901 3275-3275/com.sh1r0.caffe_android_demo D/ViewRootImpl: MSG_RESIZED_REPORT: ci=Rect(0, 0 - 0, 0) vi=Rect(0, 0 - 0, 0) or=1
09-03 16:02:24.911 3275-3275/com.sh1r0.caffe_android_demo D/ViewRootImpl: MSG_RESIZED: ci=Rect(0, 0 - 0, 0) vi=Rect(0, 0 - 0, 0) or=1
09-03 16:02:24.911 3275-3275/com.sh1r0.caffe_android_demo I/Timeline: Timeline: Activity_idle id: android.os.BinderProxy@e7e9e0b time:137336367
09-03 16:02:25.641 3275-10686/com.sh1r0.caffe_android_demo I/caffe_jni: I0903 16:02:25.641865 10686 caffe_mobile.cpp:211] Forwarding time: 4076.63 ms.
09-03 16:02:25.641 3275-3275/com.sh1r0.caffe_android_demo I/MainActivity: elapsed wall time: 818 ms
