09-03 16:11:15.691 3275-3275/com.sh1r0.caffe_android_demo W/DisplayListCanvas: DisplayListCanvas is started on unbinded RenderNode (without mOwningView)
09-03 16:11:15.721 3275-3275/com.sh1r0.caffe_android_demo D/ViewRootImpl: MSG_RESIZED_REPORT: ci=Rect(0, 0 - 0, 0) vi=Rect(0, 0 - 0, 0) or=1
09-03 16:11:15.731 3275-3275/com.sh1r0.caffe_android_demo D/ViewRootImpl: MSG_RESIZED: ci=Rect(0, 0 - 0, 0) vi=Rect(0, 0 - 0, 0) or=1
09-03 16:11:15.741 3275-3275/com.sh1r0.caffe_android_demo I/Timeline: Timeline: Activity_idle id: android.os.BinderProxy@e7e9e0b time:137867195
09-03 16:11:16.521 3275-13358/com.sh1r0.caffe_android_demo I/caffe_jni: I0903 16:11:16.522049 13358 caffe_mobile.cpp:211] Forwarding time: 4765.18 ms.
09-03 16:11:16.521 3275-3275/com.sh1r0.caffe_android_demo I/MainActivity: elapsed wall time: 885 ms
09-03 16:11:16.531 3275-3275/com.sh1r0.caffe_android_demo D/ViewRootImpl: #3 mView = null
09-03 16:11:16.531 3275-3275/com.sh1r0.caffe_android_demo E/ViewRootImpl: sendUserActionEvent() mView == null
09-03 16:11:19.911 3275-3275/com.sh1r0.caffe_android_demo D/ViewRootImpl: ViewPostImeInputStage processPointer 0
09-03 16:11:19.971 3275-3275/com.sh1r0.caffe_android_demo D/ViewRootImpl: ViewPostImeInputStage processPointer 1
09-03 16:11:20.051 3275-3275/com.sh1r0.caffe_android_demo V/ActivityThread: updateVisibility : ActivityRecord{93368d5 token=android.os.BinderProxy@e7e9e0b {com.sh1r0.caffe_android_demo/com.sh1r0.caffe_android_demo.MainActivity}} show : false
09-03 16:11:23.551 3275-3275/com.sh1r0.caffe_android_demo D/MainActivity: /storage/emulated/0/DCIM/Camera/test/Elephant/518.jpg
09-03 16:11:23.551 3275-3275/com.sh1r0.caffe_android_demo D/MainActivity: 256
09-03 16:11:23.551 3275-3275/com.sh1r0.caffe_android_demo D/MainActivity: 384
09-03 16:11:23.561 3275-3275/com.sh1r0.caffe_android_demo D/ViewRootImpl: #1 mView = com.android.internal.policy.PhoneWindow$DecorView{1891241 V.E...... R.....I. 0,0-0,0}
09-03 16:11:23.591 3275-3667/com.sh1r0.caffe_android_demo D/mali_winsys: new_window_surface returns 0x3000,  [1336x648]-format:1
09-03 16:11:23.601 3275-3667/com.sh1r0.caffe_android_demo D/mali_winsys: new_window_surface returns 0x3000,  [1440x2560]-format:1
09-03 16:11:23.611 3275-3275/com.sh1r0.caffe_android_demo W/ActivityThread: AppLock checkAppLockState isAppLocked = false pkgName = com.sh1r0.caffe_android_demo showWhenLocked = false
09-03 16:11:23.621 3275-3275/com.sh1r0.caffe_android_demo W/DisplayListCanvas: DisplayListCanvas is started on unbinded RenderNode (without mOwningView)
09-03 16:11:23.641 3275-3275/com.sh1r0.caffe_android_demo D/ViewRootImpl: MSG_RESIZED_REPORT: ci=Rect(0, 0 - 0, 0) vi=Rect(0, 0 - 0, 0) or=1
09-03 16:11:23.641 3275-3275/com.sh1r0.caffe_android_demo D/ViewRootImpl: MSG_RESIZED: ci=Rect(0, 0 - 0, 0) vi=Rect(0, 0 - 0, 0) or=1
09-03 16:11:23.651 3275-3275/com.sh1r0.caffe_android_demo I/Timeline: Timeline: Activity_idle id: android.os.BinderProxy@e7e9e0b time:137875104
09-03 16:11:24.511 3275-13711/com.sh1r0.caffe_android_demo I/caffe_jni: I0903 16:11:24.511994 13711 caffe_mobile.cpp:211] Forwarding time: 4913.06 ms.
09-03 16:11:24.511 3275-3275/com.sh1r0.caffe_android_demo I/MainActivity: elapsed wall time: 946 ms
09-03 16:11:24.541 3275-3275/com.sh1r0.caffe_android_demo D/ViewRootImpl: #3 mView = null
09-03 16:11:24.551 3275-3275/com.sh1r0.caffe_android_demo E/ViewRootImpl: sendUserActionEvent() mView == null
09-03 16:11:27.091 3275-3275/com.sh1r0.caffe_android_demo D/ViewRootImpl: ViewPostImeInputStage processPointer 0
09-03 16:11:27.171 3275-3275/com.sh1r0.caffe_android_demo D/ViewRootImpl: ViewPostImeInputStage processPointer 1
09-03 16:11:27.261 3275-3275/com.sh1r0.caffe_android_demo V/ActivityThread: updateVisibility : ActivityRecord{93368d5 token=android.os.BinderProxy@e7e9e0b {com.sh1r0.caffe_android_demo/com.sh1r0.caffe_android_demo.MainActivity}} show : false
09-03 16:11:29.961 3275-3275/com.sh1r0.caffe_android_demo D/MainActivity: /storage/emulated/0/DCIM/Camera/test/Elephant/517.jpg
09-03 16:11:29.961 3275-3275/com.sh1r0.caffe_android_demo D/MainActivity: 256
09-03 16:11:29.961 3275-3275/com.sh1r0.caffe_android_demo D/MainActivity: 384
09-03 16:11:29.971 3275-3275/com.sh1r0.caffe_android_demo D/ViewRootImpl: #1 mView = com.android.internal.policy.PhoneWindow$DecorView{9bad140 V.E...... R.....I. 0,0-0,0}
09-03 16:11:30.001 3275-3667/com.sh1r0.caffe_android_demo D/mali_winsys: new_window_surface returns 0x3000,  [1336x648]-format:1
09-03 16:11:30.011 3275-3667/com.sh1r0.caffe_android_demo D/mali_winsys: new_window_surface returns 0x3000,  [1440x2560]-format:1
09-03 16:11:30.031 3275-3275/com.sh1r0.caffe_android_demo W/ActivityThread: AppLock checkAppLockState isAppLocked = false pkgName = com.sh1r0.caffe_android_demo showWhenLocked = false
09-03 16:11:30.031 3275-3275/com.sh1r0.caffe_android_demo W/DisplayListCanvas: DisplayListCanvas is started on unbinded RenderNode (without mOwningView)
09-03 16:11:30.051 3275-3275/com.sh1r0.caffe_android_demo D/ViewRootImpl: MSG_RESIZED_REPORT: ci=Rect(0, 0 - 0, 0) vi=Rect(0, 0 - 0, 0) or=1
09-03 16:11:30.061 3275-3275/com.sh1r0.caffe_android_demo D/ViewRootImpl: MSG_RESIZED: ci=Rect(0, 0 - 0, 0) vi=Rect(0, 0 - 0, 0) or=1
09-03 16:11:30.071 3275-3275/com.sh1r0.caffe_android_demo I/Timeline: Timeline: Activity_idle id: android.os.BinderProxy@e7e9e0b time:137881522
09-03 16:11:30.851 3275-4562/com.sh1r0.caffe_android_demo I/caffe_jni: I0903 16:11:30.851872  4562 caffe_mobile.cpp:211] Forwarding time: 4475.77 ms.
09-03 16:11:30.851 3275-3275/com.sh1r0.caffe_android_demo I/MainActivity: elapsed wall time: 873 ms
09-03 16:11:30.851 3275-3275/com.sh1r0.caffe_android_demo D/ViewRootImpl: #3 mView = null
09-03 16:11:30.861 3275-3275/com.sh1r0.caffe_android_demo E/ViewRootImpl: sendUserActionEvent() mView == null
09-03 16:11:33.791 3275-3275/com.sh1r0.caffe_android_demo D/ViewRootImpl: ViewPostImeInputStage processPointer 0
09-03 16:11:33.851 3275-3275/com.sh1r0.caffe_android_demo D/ViewRootImpl: ViewPostImeInputStage processPointer 1
09-03 16:11:33.941 3275-3275/com.sh1r0.caffe_android_demo V/ActivityThread: updateVisibility : ActivityRecord{93368d5 token=android.os.BinderProxy@e7e9e0b {com.sh1r0.caffe_android_demo/com.sh1r0.caffe_android_demo.MainActivity}} show : false
09-03 16:11:36.561 3275-3275/com.sh1r0.caffe_android_demo D/MainActivity: /storage/emulated/0/DCIM/Camera/test/Elephant/516.jpg
09-03 16:11:36.561 3275-3275/com.sh1r0.caffe_android_demo D/MainActivity: 256
09-03 16:11:36.561 3275-3275/com.sh1r0.caffe_android_demo D/MainActivity: 384
09-03 16:11:36.571 3275-3275/com.sh1r0.caffe_android_demo D/ViewRootImpl: #1 mView = com.android.internal.policy.PhoneWindow$DecorView{36b393b V.E...... R.....I. 0,0-0,0}
09-03 16:11:36.601 3275-3667/com.sh1r0.caffe_android_demo D/mali_winsys: new_window_surface returns 0x3000,  [1336x648]-format:1
09-03 16:11:36.621 3275-3667/com.sh1r0.caffe_android_demo D/mali_winsys: new_window_surface returns 0x3000,  [1440x2560]-format:1
09-03 16:11:36.631 3275-3275/com.sh1r0.caffe_android_demo W/ActivityThread: AppLock checkAppLockState isAppLocked = false pkgName = com.sh1r0.caffe_android_demo showWhenLocked = false
09-03 16:11:36.641 3275-3275/com.sh1r0.caffe_android_demo W/DisplayListCanvas: DisplayListCanvas is started on unbinded RenderNode (without mOwningView)
09-03 16:11:36.651 3275-3275/com.sh1r0.caffe_android_demo D/ViewRootImpl: MSG_RESIZED_REPORT: ci=Rect(0, 0 - 0, 0) vi=Rect(0, 0 - 0, 0) or=1
09-03 16:11:36.661 3275-3275/com.sh1r0.caffe_android_demo D/ViewRootImpl: MSG_RESIZED: ci=Rect(0, 0 - 0, 0) vi=Rect(0, 0 - 0, 0) or=1
09-03 16:11:36.671 3275-3275/com.sh1r0.caffe_android_demo I/Timeline: Timeline: Activity_idle id: android.os.BinderProxy@e7e9e0b time:137888126
09-03 16:11:37.671 3275-7406/com.sh1r0.caffe_android_demo I/caffe_jni: I0903 16:11:37.671936  7406 caffe_mobile.cpp:211] Forwarding time: 6050.96 ms.
09-03 16:11:37.671 3275-3275/com.sh1r0.caffe_android_demo I/MainActivity: elapsed wall time: 1093 ms
09-03 16:11:37.681 3275-3275/com.sh1r0.caffe_android_demo D/ViewRootImpl: #3 mView = null
09-03 16:11:37.681 3275-3275/com.sh1r0.caffe_android_demo E/ViewRootImpl: sendUserActionEvent() mView == null
09-03 16:11:41.591 3275-3275/com.sh1r0.caffe_android_demo D/ViewRootImpl: ViewPostImeInputStage processPointer 0
09-03 16:11:41.681 3275-3275/com.sh1r0.caffe_android_demo D/ViewRootImpl: ViewPostImeInputStage processPointer 1
09-03 16:11:41.771 3275-3275/com.sh1r0.caffe_android_demo V/ActivityThread: updateVisibility : ActivityRecord{93368d5 token=android.os.BinderProxy@e7e9e0b {com.sh1r0.caffe_android_demo/com.sh1r0.caffe_android_demo.MainActivity}} show : false
09-03 16:11:46.121 3275-3275/com.sh1r0.caffe_android_demo D/MainActivity: /storage/emulated/0/DCIM/Camera/test/Elephant/515.jpg
09-03 16:11:46.121 3275-3275/com.sh1r0.caffe_android_demo D/MainActivity: 256
09-03 16:11:46.121 3275-3275/com.sh1r0.caffe_android_demo D/MainActivity: 384
09-03 16:11:46.131 3275-3275/com.sh1r0.caffe_android_demo D/ViewRootImpl: #1 mView = com.android.internal.policy.PhoneWindow$DecorView{58aa222 V.E...... R.....I. 0,0-0,0}
09-03 16:11:46.171 3275-3667/com.sh1r0.caffe_android_demo D/mali_winsys: new_window_surface returns 0x3000,  [1336x648]-format:1
09-03 16:11:46.191 3275-3667/com.sh1r0.caffe_android_demo D/mali_winsys: new_window_surface returns 0x3000,  [1440x2560]-format:1
09-03 16:11:46.201 3275-3275/com.sh1r0.caffe_android_demo W/ActivityThread: AppLock checkAppLockState isAppLocked = false pkgName = com.sh1r0.caffe_android_demo showWhenLocked = false
09-03 16:11:46.201 3275-3275/com.sh1r0.caffe_android_demo W/DisplayListCanvas: DisplayListCanvas is started on unbinded RenderNode (without mOwningView)
09-03 16:11:46.221 3275-3275/com.sh1r0.caffe_android_demo D/ViewRootImpl: MSG_RESIZED_REPORT: ci=Rect(0, 0 - 0, 0) vi=Rect(0, 0 - 0, 0) or=1
09-03 16:11:46.221 3275-3275/com.sh1r0.caffe_android_demo D/ViewRootImpl: MSG_RESIZED: ci=Rect(0, 0 - 0, 0) vi=Rect(0, 0 - 0, 0) or=1
09-03 16:11:46.231 3275-3275/com.sh1r0.caffe_android_demo I/Timeline: Timeline: Activity_idle id: android.os.BinderProxy@e7e9e0b time:137897681
09-03 16:11:47.031 3275-7623/com.sh1r0.caffe_android_demo I/caffe_jni: I0903 16:11:47.031862  7623 caffe_mobile.cpp:211] Forwarding time: 4717.55 ms.
09-03 16:11:47.031 3275-3275/com.sh1r0.caffe_android_demo I/MainActivity: elapsed wall time: 889 ms
09-03 16:11:47.031 3275-3275/com.sh1r0.caffe_android_demo D/ViewRootImpl: #3 mView = null
09-03 16:11:47.041 3275-3275/com.sh1r0.caffe_android_demo E/ViewRootImpl: sendUserActionEvent() mView == null
09-03 16:11:49.471 3275-3275/com.sh1r0.caffe_android_demo D/ViewRootImpl: ViewPostImeInputStage processPointer 0
09-03 16:11:49.551 3275-3275/com.sh1r0.caffe_android_demo D/ViewRootImpl: ViewPostImeInputStage processPointer 1
09-03 16:11:49.641 3275-3275/com.sh1r0.caffe_android_demo V/ActivityThread: updateVisibility : ActivityRecord{93368d5 token=android.os.BinderProxy@e7e9e0b {com.sh1r0.caffe_android_demo/com.sh1r0.caffe_android_demo.MainActivity}} show : false
09-03 16:11:52.811 3275-3275/com.sh1r0.caffe_android_demo D/MainActivity: /storage/emulated/0/DCIM/Camera/test/Elephant/514.jpg
09-03 16:11:52.811 3275-3275/com.sh1r0.caffe_android_demo D/MainActivity: 256
09-03 16:11:52.811 3275-3275/com.sh1r0.caffe_android_demo D/MainActivity: 384
09-03 16:11:52.821 3275-3275/com.sh1r0.caffe_android_demo D/ViewRootImpl: #1 mView = com.android.internal.policy.PhoneWindow$DecorView{3fd93a5 V.E...... R.....I. 0,0-0,0}
09-03 16:11:52.851 3275-3667/com.sh1r0.caffe_android_demo D/mali_winsys: new_window_surface returns 0x3000,  [1336x648]-format:1
09-03 16:11:52.861 3275-3667/com.sh1r0.caffe_android_demo D/mali_winsys: new_window_surface returns 0x3000,  [1440x2560]-format:1
09-03 16:11:52.871 3275-3275/com.sh1r0.caffe_android_demo W/ActivityThread: AppLock checkAppLockState isAppLocked = false pkgName = com.sh1r0.caffe_android_demo showWhenLocked = false
09-03 16:11:52.871 3275-3275/com.sh1r0.caffe_android_demo W/DisplayListCanvas: DisplayListCanvas is started on unbinded RenderNode (without mOwningView)
09-03 16:11:52.921 3275-3275/com.sh1r0.caffe_android_demo D/ViewRootImpl: MSG_RESIZED_REPORT: ci=Rect(0, 0 - 0, 0) vi=Rect(0, 0 - 0, 0) or=1
09-03 16:11:52.941 3275-3275/com.sh1r0.caffe_android_demo D/ViewRootImpl: MSG_RESIZED: ci=Rect(0, 0 - 0, 0) vi=Rect(0, 0 - 0, 0) or=1
09-03 16:11:52.961 3275-3275/com.sh1r0.caffe_android_demo I/Timeline: Timeline: Activity_idle id: android.os.BinderProxy@e7e9e0b time:137904415
09-03 16:11:53.621 3275-10058/com.sh1r0.caffe_android_demo I/caffe_jni: I0903 16:11:53.621872 10058 caffe_mobile.cpp:211] Forwarding time: 4134.72 ms.
09-03 16:11:53.621 3275-3275/com.sh1r0.caffe_android_demo I/MainActivity: elapsed wall time: 796 ms
09-03 16:11:53.631 3275-3275/com.sh1r0.caffe_android_demo D/ViewRootImpl: #3 mView = null
09-03 16:11:53.641 3275-3275/com.sh1r0.caffe_android_demo E/ViewRootImpl: sendUserActionEvent() mView == null
09-03 16:12:03.561 3275-3275/com.sh1r0.caffe_android_demo D/ViewRootImpl: ViewPostImeInputStage processPointer 0
09-03 16:12:03.641 3275-3275/com.sh1r0.caffe_android_demo D/ViewRootImpl: ViewPostImeInputStage processPointer 1
09-03 16:12:04.601 3275-3275/com.sh1r0.caffe_android_demo D/ViewRootImpl: ViewPostImeInputStage processPointer 0
09-03 16:12:04.671 3275-3275/com.sh1r0.caffe_android_demo D/ViewRootImpl: ViewPostImeInputStage processPointer 1
09-03 16:12:04.761 3275-3275/com.sh1r0.caffe_android_demo V/ActivityThread: updateVisibility : ActivityRecord{93368d5 token=android.os.BinderProxy@e7e9e0b {com.sh1r0.caffe_android_demo/com.sh1r0.caffe_android_demo.MainActivity}} show : false
09-03 16:12:08.211 3275-3275/com.sh1r0.caffe_android_demo D/MainActivity: /storage/emulated/0/DCIM/Camera/test/Elephant/513.jpg
09-03 16:12:08.211 3275-3275/com.sh1r0.caffe_android_demo D/MainActivity: 256
09-03 16:12:08.211 3275-3275/com.sh1r0.caffe_android_demo D/MainActivity: 384
09-03 16:12:08.221 3275-3275/com.sh1r0.caffe_android_demo D/ViewRootImpl: #1 mView = com.android.internal.policy.PhoneWindow$DecorView{1a8c434 V.E...... R.....I. 0,0-0,0}
09-03 16:12:08.251 3275-3667/com.sh1r0.caffe_android_demo D/mali_winsys: new_window_surface returns 0x3000,  [1336x648]-format:1
09-03 16:12:08.271 3275-3667/com.sh1r0.caffe_android_demo D/mali_winsys: new_window_surface returns 0x3000,  [1440x2560]-format:1
09-03 16:12:08.271 3275-3275/com.sh1r0.caffe_android_demo W/ActivityThread: AppLock checkAppLockState isAppLocked = false pkgName = com.sh1r0.caffe_android_demo showWhenLocked = false
09-03 16:12:08.271 3275-3275/com.sh1r0.caffe_android_demo W/DisplayListCanvas: DisplayListCanvas is started on unbinded RenderNode (without mOwningView)
09-03 16:12:08.291 3275-3275/com.sh1r0.caffe_android_demo D/ViewRootImpl: MSG_RESIZED_REPORT: ci=Rect(0, 0 - 0, 0) vi=Rect(0, 0 - 0, 0) or=1
09-03 16:12:08.301 3275-3275/com.sh1r0.caffe_android_demo D/ViewRootImpl: MSG_RESIZED: ci=Rect(0, 0 - 0, 0) vi=Rect(0, 0 - 0, 0) or=1
09-03 16:12:08.311 3275-3275/com.sh1r0.caffe_android_demo I/Timeline: Timeline: Activity_idle id: android.os.BinderProxy@e7e9e0b time:137919769
09-03 16:12:08.991 3275-10686/com.sh1r0.caffe_android_demo I/caffe_jni: I0903 16:12:08.991942 10686 caffe_mobile.cpp:211] Forwarding time: 4061.47 ms.
09-03 16:12:08.991 3275-3275/com.sh1r0.caffe_android_demo I/MainActivity: elapsed wall time: 765 ms
09-03 16:12:09.001 3275-3275/com.sh1r0.caffe_android_demo D/ViewRootImpl: #3 mView = null
09-03 16:12:09.011 3275-3275/com.sh1r0.caffe_android_demo E/ViewRootImpl: sendUserActionEvent() mView == null
09-03 16:12:12.281 3275-3275/com.sh1r0.caffe_android_demo D/ViewRootImpl: ViewPostImeInputStage processPointer 0
09-03 16:12:12.361 3275-3275/com.sh1r0.caffe_android_demo D/ViewRootImpl: ViewPostImeInputStage processPointer 1
09-03 16:12:12.451 3275-3275/com.sh1r0.caffe_android_demo V/ActivityThread: updateVisibility : ActivityRecord{93368d5 token=android.os.BinderProxy@e7e9e0b {com.sh1r0.caffe_android_demo/com.sh1r0.caffe_android_demo.MainActivity}} show : false
09-03 16:12:18.211 3275-3275/com.sh1r0.caffe_android_demo D/MainActivity: /storage/emulated/0/DCIM/Camera/test/Elephant/512.jpg
09-03 16:12:18.211 3275-3275/com.sh1r0.caffe_android_demo D/MainActivity: 256
09-03 16:12:18.211 3275-3275/com.sh1r0.caffe_android_demo D/MainActivity: 384
09-03 16:12:18.221 3275-3275/com.sh1r0.caffe_android_demo D/ViewRootImpl: #1 mView = com.android.internal.policy.PhoneWindow$DecorView{f45f11b V.E...... R.....I. 0,0-0,0}
09-03 16:12:18.251 3275-3667/com.sh1r0.caffe_android_demo D/mali_winsys: new_window_surface returns 0x3000,  [1336x648]-format:1
09-03 16:12:18.261 3275-3667/com.sh1r0.caffe_android_demo D/mali_winsys: new_window_surface returns 0x3000,  [1440x2560]-format:1
09-03 16:12:18.271 3275-3275/com.sh1r0.caffe_android_demo W/ActivityThread: AppLock checkAppLockState isAppLocked = false pkgName = com.sh1r0.caffe_android_demo showWhenLocked = false
09-03 16:12:18.271 3275-3275/com.sh1r0.caffe_android_demo W/DisplayListCanvas: DisplayListCanvas is started on unbinded RenderNode (without mOwningView)
09-03 16:12:18.301 3275-3275/com.sh1r0.caffe_android_demo D/ViewRootImpl: MSG_RESIZED_REPORT: ci=Rect(0, 0 - 0, 0) vi=Rect(0, 0 - 0, 0) or=1
09-03 16:12:18.311 3275-3275/com.sh1r0.caffe_android_demo D/ViewRootImpl: MSG_RESIZED: ci=Rect(0, 0 - 0, 0) vi=Rect(0, 0 - 0, 0) or=1
09-03 16:12:18.331 3275-3275/com.sh1r0.caffe_android_demo I/Timeline: Timeline: Activity_idle id: android.os.BinderProxy@e7e9e0b time:137929786
09-03 16:12:19.311 3275-11256/com.sh1r0.caffe_android_demo I/caffe_jni: I0903 16:12:19.311936 11256 caffe_mobile.cpp:211] Forwarding time: 5930.16 ms.
09-03 16:12:19.311 3275-3275/com.sh1r0.caffe_android_demo I/MainActivity: elapsed wall time: 1084 ms
09-03 16:12:19.331 3275-3275/com.sh1r0.caffe_android_demo D/ViewRootImpl: #3 mView = null
09-03 16:12:19.341 3275-3275/com.sh1r0.caffe_android_demo E/ViewRootImpl: sendUserActionEvent() mView == null
09-03 16:12:22.061 3275-3275/com.sh1r0.caffe_android_demo D/ViewRootImpl: ViewPostImeInputStage processPointer 0
09-03 16:12:22.151 3275-3275/com.sh1r0.caffe_android_demo D/ViewRootImpl: ViewPostImeInputStage processPointer 1
09-03 16:12:22.241 3275-3275/com.sh1r0.caffe_android_demo V/ActivityThread: updateVisibility : ActivityRecord{93368d5 token=android.os.BinderProxy@e7e9e0b {com.sh1r0.caffe_android_demo/com.sh1r0.caffe_android_demo.MainActivity}} show : false
09-03 16:12:25.091 3275-3275/com.sh1r0.caffe_android_demo D/MainActivity: /storage/emulated/0/DCIM/Camera/test/Elephant/511.jpg
09-03 16:12:25.091 3275-3275/com.sh1r0.caffe_android_demo D/MainActivity: 256
09-03 16:12:25.091 3275-3275/com.sh1r0.caffe_android_demo D/MainActivity: 384
09-03 16:12:25.101 3275-3275/com.sh1r0.caffe_android_demo D/ViewRootImpl: #1 mView = com.android.internal.policy.PhoneWindow$DecorView{bcdd982 V.E...... R.....I. 0,0-0,0}
09-03 16:12:25.131 3275-3667/com.sh1r0.caffe_android_demo D/mali_winsys: new_window_surface returns 0x3000,  [1336x648]-format:1
09-03 16:12:25.151 3275-3667/com.sh1r0.caffe_android_demo D/mali_winsys: new_window_surface returns 0x3000,  [1440x2560]-format:1
09-03 16:12:25.161 3275-3275/com.sh1r0.caffe_android_demo W/ActivityThread: AppLock checkAppLockState isAppLocked = false pkgName = com.sh1r0.caffe_android_demo showWhenLocked = false
09-03 16:12:25.161 3275-3275/com.sh1r0.caffe_android_demo W/DisplayListCanvas: DisplayListCanvas is started on unbinded RenderNode (without mOwningView)
09-03 16:12:25.191 3275-3275/com.sh1r0.caffe_android_demo D/ViewRootImpl: MSG_RESIZED_REPORT: ci=Rect(0, 0 - 0, 0) vi=Rect(0, 0 - 0, 0) or=1
09-03 16:12:25.201 3275-3275/com.sh1r0.caffe_android_demo D/ViewRootImpl: MSG_RESIZED: ci=Rect(0, 0 - 0, 0) vi=Rect(0, 0 - 0, 0) or=1
09-03 16:12:25.211 3275-3275/com.sh1r0.caffe_android_demo I/Timeline: Timeline: Activity_idle id: android.os.BinderProxy@e7e9e0b time:137936669
09-03 16:12:26.141 3275-12960/com.sh1r0.caffe_android_demo I/caffe_jni: I0903 16:12:26.141927 12960 caffe_mobile.cpp:211] Forwarding time: 5530.62 ms.
09-03 16:12:26.141 3275-3275/com.sh1r0.caffe_android_demo I/MainActivity: elapsed wall time: 1034 ms
09-03 16:12:26.171 3275-3275/com.sh1r0.caffe_android_demo D/ViewRootImpl: #3 mView = null
09-03 16:12:26.181 3275-3275/com.sh1r0.caffe_android_demo E/ViewRootImpl: sendUserActionEvent() mView == null
09-03 16:12:28.761 3275-3275/com.sh1r0.caffe_android_demo D/ViewRootImpl: ViewPostImeInputStage processPointer 0
09-03 16:12:28.831 3275-3275/com.sh1r0.caffe_android_demo D/ViewRootImpl: ViewPostImeInputStage processPointer 1
09-03 16:12:28.911 3275-3275/com.sh1r0.caffe_android_demo V/ActivityThread: updateVisibility : ActivityRecord{93368d5 token=android.os.BinderProxy@e7e9e0b {com.sh1r0.caffe_android_demo/com.sh1r0.caffe_android_demo.MainActivity}} show : false
09-03 16:12:31.161 3275-3275/com.sh1r0.caffe_android_demo D/MainActivity: /storage/emulated/0/DCIM/Camera/test/Elephant/510.jpg
09-03 16:12:31.161 3275-3275/com.sh1r0.caffe_android_demo D/MainActivity: 256
09-03 16:12:31.161 3275-3275/com.sh1r0.caffe_android_demo D/MainActivity: 384
09-03 16:12:31.171 3275-3275/com.sh1r0.caffe_android_demo D/ViewRootImpl: #1 mView = com.android.internal.policy.PhoneWindow$DecorView{521c885 V.E...... R.....I. 0,0-0,0}
09-03 16:12:31.201 3275-3667/com.sh1r0.caffe_android_demo D/mali_winsys: new_window_surface returns 0x3000,  [1336x648]-format:1
09-03 16:12:31.211 3275-3667/com.sh1r0.caffe_android_demo D/mali_winsys: new_window_surface returns 0x3000,  [1440x2560]-format:1
09-03 16:12:31.221 3275-3275/com.sh1r0.caffe_android_demo W/ActivityThread: AppLock checkAppLockState isAppLocked = false pkgName = com.sh1r0.caffe_android_demo showWhenLocked = false
09-03 16:12:31.231 3275-3275/com.sh1r0.caffe_android_demo W/DisplayListCanvas: DisplayListCanvas is started on unbinded RenderNode (without mOwningView)
09-03 16:12:31.251 3275-3275/com.sh1r0.caffe_android_demo D/ViewRootImpl: MSG_RESIZED_REPORT: ci=Rect(0, 0 - 0, 0) vi=Rect(0, 0 - 0, 0) or=1
09-03 16:12:31.251 3275-3275/com.sh1r0.caffe_android_demo D/ViewRootImpl: MSG_RESIZED: ci=Rect(0, 0 - 0, 0) vi=Rect(0, 0 - 0, 0) or=1
09-03 16:12:31.261 3275-3275/com.sh1r0.caffe_android_demo I/Timeline: Timeline: Activity_idle id: android.os.BinderProxy@e7e9e0b time:137942718
09-03 16:12:32.001 3275-13358/com.sh1r0.caffe_android_demo I/caffe_jni: I0903 16:12:32.001909 13358 caffe_mobile.cpp:211] Forwarding time: 4321.64 ms.
09-03 16:12:32.001 3275-3275/com.sh1r0.caffe_android_demo I/MainActivity: elapsed wall time: 824 ms
09-03 16:12:32.021 3275-3275/com.sh1r0.caffe_android_demo D/ViewRootImpl: #3 mView = null
09-03 16:12:32.021 3275-3275/com.sh1r0.caffe_android_demo E/ViewRootImpl: sendUserActionEvent() mView == null
09-03 16:12:34.161 3275-3275/com.sh1r0.caffe_android_demo D/ViewRootImpl: ViewPostImeInputStage processPointer 0
09-03 16:12:34.241 3275-3275/com.sh1r0.caffe_android_demo D/ViewRootImpl: ViewPostImeInputStage processPointer 1
09-03 16:12:34.751 3275-3275/com.sh1r0.caffe_android_demo D/ViewRootImpl: ViewPostImeInputStage processPointer 0
09-03 16:12:34.821 3275-3275/com.sh1r0.caffe_android_demo D/ViewRootImpl: ViewPostImeInputStage processPointer 1
09-03 16:12:34.901 3275-3275/com.sh1r0.caffe_android_demo V/ActivityThread: updateVisibility : ActivityRecord{93368d5 token=android.os.BinderProxy@e7e9e0b {com.sh1r0.caffe_android_demo/com.sh1r0.caffe_android_demo.MainActivity}} show : false
09-03 16:12:41.441 3275-3275/com.sh1r0.caffe_android_demo D/MainActivity: /storage/emulated/0/DCIM/Camera/test/Elephant/509.jpg
09-03 16:12:41.441 3275-3275/com.sh1r0.caffe_android_demo D/MainActivity: 256
09-03 16:12:41.441 3275-3275/com.sh1r0.caffe_android_demo D/MainActivity: 384
09-03 16:12:41.451 3275-3275/com.sh1r0.caffe_android_demo D/ViewRootImpl: #1 mView = com.android.internal.policy.PhoneWindow$DecorView{11b9c83 V.E...... R.....I. 0,0-0,0}
09-03 16:12:41.511 3275-3667/com.sh1r0.caffe_android_demo D/mali_winsys: new_window_surface returns 0x3000,  [1336x648]-format:1
09-03 16:12:41.521 3275-3667/com.sh1r0.caffe_android_demo D/mali_winsys: new_window_surface returns 0x3000,  [1440x2560]-format:1
09-03 16:12:41.531 3275-3275/com.sh1r0.caffe_android_demo W/ActivityThread: AppLock checkAppLockState isAppLocked = false pkgName = com.sh1r0.caffe_android_demo showWhenLocked = false
09-03 16:12:41.531 3275-3275/com.sh1r0.caffe_android_demo W/DisplayListCanvas: DisplayListCanvas is started on unbinded RenderNode (without mOwningView)
09-03 16:12:41.541 3275-3275/com.sh1r0.caffe_android_demo D/ViewRootImpl: MSG_RESIZED_REPORT: ci=Rect(0, 0 - 0, 0) vi=Rect(0, 0 - 0, 0) or=1
09-03 16:12:41.551 3275-3275/com.sh1r0.caffe_android_demo D/ViewRootImpl: MSG_RESIZED: ci=Rect(0, 0 - 0, 0) vi=Rect(0, 0 - 0, 0) or=1
09-03 16:12:41.561 3275-3275/com.sh1r0.caffe_android_demo I/Timeline: Timeline: Activity_idle id: android.os.BinderProxy@e7e9e0b time:137953011
09-03 16:12:42.211 3275-13711/com.sh1r0.caffe_android_demo I/caffe_jni: I0903 16:12:42.211874 13711 caffe_mobile.cpp:211] Forwarding time: 3959.35 ms.
09-03 16:12:42.211 3275-3275/com.sh1r0.caffe_android_demo I/MainActivity: elapsed wall time: 754 ms
09-03 16:12:42.211 3275-3275/com.sh1r0.caffe_android_demo D/ViewRootImpl: #3 mView = null
09-03 16:12:42.221 3275-3275/com.sh1r0.caffe_android_demo E/ViewRootImpl: sendUserActionEvent() mView == null
09-03 16:12:44.601 3275-3275/com.sh1r0.caffe_android_demo D/ViewRootImpl: ViewPostImeInputStage processPointer 0
09-03 16:12:44.661 3275-3275/com.sh1r0.caffe_android_demo D/ViewRootImpl: ViewPostImeInputStage processPointer 1
09-03 16:12:44.741 3275-3275/com.sh1r0.caffe_android_demo V/ActivityThread: updateVisibility : ActivityRecord{93368d5 token=android.os.BinderProxy@e7e9e0b {com.sh1r0.caffe_android_demo/com.sh1r0.caffe_android_demo.MainActivity}} show : false
09-03 16:12:47.611 3275-3275/com.sh1r0.caffe_android_demo D/MainActivity: /storage/emulated/0/DCIM/Camera/test/Elephant/508.jpg
09-03 16:12:47.611 3275-3275/com.sh1r0.caffe_android_demo D/MainActivity: 256
09-03 16:12:47.611 3275-3275/com.sh1r0.caffe_android_demo D/MainActivity: 384
09-03 16:12:47.621 3275-3275/com.sh1r0.caffe_android_demo D/ViewRootImpl: #1 mView = com.android.internal.policy.PhoneWindow$DecorView{14ea8a V.E...... R.....I. 0,0-0,0}
09-03 16:12:47.661 3275-3667/com.sh1r0.caffe_android_demo D/mali_winsys: new_window_surface returns 0x3000,  [1336x648]-format:1
09-03 16:12:47.681 3275-3667/com.sh1r0.caffe_android_demo D/mali_winsys: new_window_surface returns 0x3000,  [1440x2560]-format:1
09-03 16:12:47.691 3275-3275/com.sh1r0.caffe_android_demo W/ActivityThread: AppLock checkAppLockState isAppLocked = false pkgName = com.sh1r0.caffe_android_demo showWhenLocked = false
09-03 16:12:47.691 3275-3275/com.sh1r0.caffe_android_demo W/DisplayListCanvas: DisplayListCanvas is started on unbinded RenderNode (without mOwningView)
09-03 16:12:47.711 3275-3275/com.sh1r0.caffe_android_demo D/ViewRootImpl: MSG_RESIZED_REPORT: ci=Rect(0, 0 - 0, 0) vi=Rect(0, 0 - 0, 0) or=1
09-03 16:12:47.711 3275-3275/com.sh1r0.caffe_android_demo D/ViewRootImpl: MSG_RESIZED: ci=Rect(0, 0 - 0, 0) vi=Rect(0, 0 - 0, 0) or=1
09-03 16:12:47.721 3275-3275/com.sh1r0.caffe_android_demo I/Timeline: Timeline: Activity_idle id: android.os.BinderProxy@e7e9e0b time:137959176
09-03 16:12:48.471 3275-4562/com.sh1r0.caffe_android_demo I/caffe_jni: I0903 16:12:48.471868  4562 caffe_mobile.cpp:211] Forwarding time: 4302.23 ms.
09-03 16:12:48.471 3275-3275/com.sh1r0.caffe_android_demo I/MainActivity: elapsed wall time: 839 ms
09-03 16:12:48.481 3275-3275/com.sh1r0.caffe_android_demo D/ViewRootImpl: #3 mView = null
09-03 16:12:48.481 3275-3275/com.sh1r0.caffe_android_demo E/ViewRootImpl: sendUserActionEvent() mView == null
09-03 16:12:51.301 3275-3275/com.sh1r0.caffe_android_demo D/ViewRootImpl: ViewPostImeInputStage processPointer 0
09-03 16:12:51.351 3275-3275/com.sh1r0.caffe_android_demo D/ViewRootImpl: ViewPostImeInputStage processPointer 1
09-03 16:12:51.711 3275-3275/com.sh1r0.caffe_android_demo D/ViewRootImpl: ViewPostImeInputStage processPointer 0
09-03 16:12:51.791 3275-3275/com.sh1r0.caffe_android_demo D/ViewRootImpl: ViewPostImeInputStage processPointer 1
09-03 16:12:51.871 3275-3275/com.sh1r0.caffe_android_demo V/ActivityThread: updateVisibility : ActivityRecord{93368d5 token=android.os.BinderProxy@e7e9e0b {com.sh1r0.caffe_android_demo/com.sh1r0.caffe_android_demo.MainActivity}} show : false
09-03 16:13:02.061 3275-3275/com.sh1r0.caffe_android_demo D/MainActivity: /storage/emulated/0/DCIM/Camera/test/Elephant/507.jpg
09-03 16:13:02.061 3275-3275/com.sh1r0.caffe_android_demo D/MainActivity: 256
09-03 16:13:02.061 3275-3275/com.sh1r0.caffe_android_demo D/MainActivity: 384
09-03 16:13:02.071 3275-3275/com.sh1r0.caffe_android_demo D/ViewRootImpl: #1 mView = com.android.internal.policy.PhoneWindow$DecorView{571ffa9 V.E...... R.....I. 0,0-0,0}
09-03 16:13:02.111 3275-3667/com.sh1r0.caffe_android_demo D/mali_winsys: new_window_surface returns 0x3000,  [1336x648]-format:1
09-03 16:13:02.121 3275-3667/com.sh1r0.caffe_android_demo D/mali_winsys: new_window_surface returns 0x3000,  [1440x2560]-format:1
09-03 16:13:02.131 3275-3275/com.sh1r0.caffe_android_demo W/ActivityThread: AppLock checkAppLockState isAppLocked = false pkgName = com.sh1r0.caffe_android_demo showWhenLocked = false
09-03 16:13:02.141 3275-3275/com.sh1r0.caffe_android_demo W/DisplayListCanvas: DisplayListCanvas is started on unbinded RenderNode (without mOwningView)
09-03 16:13:02.161 3275-3275/com.sh1r0.caffe_android_demo D/ViewRootImpl: MSG_RESIZED_REPORT: ci=Rect(0, 0 - 0, 0) vi=Rect(0, 0 - 0, 0) or=1
09-03 16:13:02.171 3275-3275/com.sh1r0.caffe_android_demo D/ViewRootImpl: MSG_RESIZED: ci=Rect(0, 0 - 0, 0) vi=Rect(0, 0 - 0, 0) or=1
09-03 16:13:02.191 3275-3275/com.sh1r0.caffe_android_demo I/Timeline: Timeline: Activity_idle id: android.os.BinderProxy@e7e9e0b time:137973642
09-03 16:13:02.911 3275-7406/com.sh1r0.caffe_android_demo I/caffe_jni: I0903 16:13:02.912348  7406 caffe_mobile.cpp:211] Forwarding time: 4406.04 ms.
09-03 16:13:02.911 3275-3275/com.sh1r0.caffe_android_demo I/MainActivity: elapsed wall time: 830 ms
09-03 16:13:02.921 3275-3275/com.sh1r0.caffe_android_demo D/ViewRootImpl: #3 mView = null
09-03 16:13:02.931 3275-3275/com.sh1r0.caffe_android_demo E/ViewRootImpl: sendUserActionEvent() mView == null
09-03 16:13:05.431 3275-3275/com.sh1r0.caffe_android_demo D/ViewRootImpl: ViewPostImeInputStage processPointer 0
09-03 16:13:05.511 3275-3275/com.sh1r0.caffe_android_demo D/ViewRootImpl: ViewPostImeInputStage processPointer 1
09-03 16:13:05.591 3275-3275/com.sh1r0.caffe_android_demo V/ActivityThread: updateVisibility : ActivityRecord{93368d5 token=android.os.BinderProxy@e7e9e0b {com.sh1r0.caffe_android_demo/com.sh1r0.caffe_android_demo.MainActivity}} show : false
09-03 16:13:08.031 3275-3275/com.sh1r0.caffe_android_demo D/MainActivity: /storage/emulated/0/DCIM/Camera/test/Elephant/506.jpg
09-03 16:13:08.031 3275-3275/com.sh1r0.caffe_android_demo D/MainActivity: 256
09-03 16:13:08.031 3275-3275/com.sh1r0.caffe_android_demo D/MainActivity: 384
09-03 16:13:08.041 3275-3275/com.sh1r0.caffe_android_demo D/ViewRootImpl: #1 mView = com.android.internal.policy.PhoneWindow$DecorView{c82c48 V.E...... R.....I. 0,0-0,0}
09-03 16:13:08.071 3275-3667/com.sh1r0.caffe_android_demo D/mali_winsys: new_window_surface returns 0x3000,  [1336x648]-format:1
09-03 16:13:08.091 3275-3667/com.sh1r0.caffe_android_demo D/mali_winsys: new_window_surface returns 0x3000,  [1440x2560]-format:1
09-03 16:13:08.101 3275-3275/com.sh1r0.caffe_android_demo W/ActivityThread: AppLock checkAppLockState isAppLocked = false pkgName = com.sh1r0.caffe_android_demo showWhenLocked = false
09-03 16:13:08.101 3275-3275/com.sh1r0.caffe_android_demo W/DisplayListCanvas: DisplayListCanvas is started on unbinded RenderNode (without mOwningView)
09-03 16:13:08.121 3275-3275/com.sh1r0.caffe_android_demo D/ViewRootImpl: MSG_RESIZED_REPORT: ci=Rect(0, 0 - 0, 0) vi=Rect(0, 0 - 0, 0) or=1
09-03 16:13:08.121 3275-3275/com.sh1r0.caffe_android_demo D/ViewRootImpl: MSG_RESIZED: ci=Rect(0, 0 - 0, 0) vi=Rect(0, 0 - 0, 0) or=1
09-03 16:13:08.131 3275-3275/com.sh1r0.caffe_android_demo I/Timeline: Timeline: Activity_idle id: android.os.BinderProxy@e7e9e0b time:137979588
09-03 16:13:08.911 3275-7623/com.sh1r0.caffe_android_demo I/caffe_jni: I0903 16:13:08.911809  7623 caffe_mobile.cpp:211] Forwarding time: 4368.4 ms.
09-03 16:13:08.911 3275-3275/com.sh1r0.caffe_android_demo I/MainActivity: elapsed wall time: 865 ms
09-03 16:13:08.941 3275-3275/com.sh1r0.caffe_android_demo D/ViewRootImpl: #3 mView = null
09-03 16:13:08.941 3275-3275/com.sh1r0.caffe_android_demo E/ViewRootImpl: sendUserActionEvent() mView == null
09-03 16:13:11.461 3275-3275/com.sh1r0.caffe_android_demo D/ViewRootImpl: ViewPostImeInputStage processPointer 0
09-03 16:13:11.541 3275-3275/com.sh1r0.caffe_android_demo D/ViewRootImpl: ViewPostImeInputStage processPointer 1
09-03 16:13:11.901 3275-3275/com.sh1r0.caffe_android_demo D/ViewRootImpl: ViewPostImeInputStage processPointer 0
09-03 16:13:11.971 3275-3275/com.sh1r0.caffe_android_demo D/ViewRootImpl: ViewPostImeInputStage processPointer 1
09-03 16:13:12.061 3275-3275/com.sh1r0.caffe_android_demo V/ActivityThread: updateVisibility : ActivityRecord{93368d5 token=android.os.BinderProxy@e7e9e0b {com.sh1r0.caffe_android_demo/com.sh1r0.caffe_android_demo.MainActivity}} show : false
09-03 16:13:15.841 3275-3275/com.sh1r0.caffe_android_demo D/MainActivity: /storage/emulated/0/DCIM/Camera/test/Elephant/505.jpg
09-03 16:13:15.841 3275-3275/com.sh1r0.caffe_android_demo D/MainActivity: 256
09-03 16:13:15.841 3275-3275/com.sh1r0.caffe_android_demo D/MainActivity: 384
09-03 16:13:15.851 3275-3275/com.sh1r0.caffe_android_demo D/ViewRootImpl: #1 mView = com.android.internal.policy.PhoneWindow$DecorView{bd99863 V.E...... R.....I. 0,0-0,0}
09-03 16:13:15.881 3275-3667/com.sh1r0.caffe_android_demo D/mali_winsys: new_window_surface returns 0x3000,  [1336x648]-format:1
09-03 16:13:15.901 3275-3667/com.sh1r0.caffe_android_demo D/mali_winsys: new_window_surface returns 0x3000,  [1440x2560]-format:1
09-03 16:13:15.921 3275-3275/com.sh1r0.caffe_android_demo W/DisplayListCanvas: DisplayListCanvas is started on unbinded RenderNode (without mOwningView)
09-03 16:13:15.921 3275-3275/com.sh1r0.caffe_android_demo W/ActivityThread: AppLock checkAppLockState isAppLocked = false pkgName = com.sh1r0.caffe_android_demo showWhenLocked = false
09-03 16:13:15.951 3275-3275/com.sh1r0.caffe_android_demo D/ViewRootImpl: MSG_RESIZED_REPORT: ci=Rect(0, 0 - 0, 0) vi=Rect(0, 0 - 0, 0) or=1
09-03 16:13:15.961 3275-3275/com.sh1r0.caffe_android_demo D/ViewRootImpl: MSG_RESIZED: ci=Rect(0, 0 - 0, 0) vi=Rect(0, 0 - 0, 0) or=1
09-03 16:13:15.961 3275-3275/com.sh1r0.caffe_android_demo I/Timeline: Timeline: Activity_idle id: android.os.BinderProxy@e7e9e0b time:137987415
09-03 16:13:16.771 3275-10058/com.sh1r0.caffe_android_demo I/caffe_jni: I0903 16:13:16.772053 10058 caffe_mobile.cpp:211] Forwarding time: 5038.88 ms.
09-03 16:13:16.771 3275-3275/com.sh1r0.caffe_android_demo I/MainActivity: elapsed wall time: 917 ms
09-03 16:13:16.801 3275-3275/com.sh1r0.caffe_android_demo D/ViewRootImpl: #3 mView = null
09-03 16:13:16.811 3275-3275/com.sh1r0.caffe_android_demo E/ViewRootImpl: sendUserActionEvent() mView == null
09-03 16:13:19.951 3275-3275/com.sh1r0.caffe_android_demo D/ViewRootImpl: ViewPostImeInputStage processPointer 0
09-03 16:13:20.041 3275-3275/com.sh1r0.caffe_android_demo D/ViewRootImpl: ViewPostImeInputStage processPointer 1
09-03 16:13:20.121 3275-3275/com.sh1r0.caffe_android_demo V/ActivityThread: updateVisibility : ActivityRecord{93368d5 token=android.os.BinderProxy@e7e9e0b {com.sh1r0.caffe_android_demo/com.sh1r0.caffe_android_demo.MainActivity}} show : false
09-03 16:13:22.451 3275-3275/com.sh1r0.caffe_android_demo D/MainActivity: /storage/emulated/0/DCIM/Camera/test/Elephant/504.jpg
09-03 16:13:22.451 3275-3275/com.sh1r0.caffe_android_demo D/MainActivity: 384
09-03 16:13:22.451 3275-3275/com.sh1r0.caffe_android_demo D/MainActivity: 256
09-03 16:13:22.461 3275-3275/com.sh1r0.caffe_android_demo D/ViewRootImpl: #1 mView = com.android.internal.policy.PhoneWindow$DecorView{3d475ea V.E...... R.....I. 0,0-0,0}
09-03 16:13:22.501 3275-3667/com.sh1r0.caffe_android_demo D/mali_winsys: new_window_surface returns 0x3000,  [1336x648]-format:1
09-03 16:13:22.511 3275-3667/com.sh1r0.caffe_android_demo D/mali_winsys: new_window_surface returns 0x3000,  [1440x2560]-format:1
09-03 16:13:22.531 3275-3275/com.sh1r0.caffe_android_demo W/ActivityThread: AppLock checkAppLockState isAppLocked = false pkgName = com.sh1r0.caffe_android_demo showWhenLocked = false
09-03 16:13:22.531 3275-3275/com.sh1r0.caffe_android_demo W/DisplayListCanvas: DisplayListCanvas is started on unbinded RenderNode (without mOwningView)
09-03 16:13:22.551 3275-3275/com.sh1r0.caffe_android_demo D/ViewRootImpl: MSG_RESIZED_REPORT: ci=Rect(0, 0 - 0, 0) vi=Rect(0, 0 - 0, 0) or=1
09-03 16:13:22.551 3275-3275/com.sh1r0.caffe_android_demo D/ViewRootImpl: MSG_RESIZED: ci=Rect(0, 0 - 0, 0) vi=Rect(0, 0 - 0, 0) or=1
09-03 16:13:22.561 3275-3275/com.sh1r0.caffe_android_demo I/Timeline: Timeline: Activity_idle id: android.os.BinderProxy@e7e9e0b time:137994017
09-03 16:13:23.361 3275-10686/com.sh1r0.caffe_android_demo I/caffe_jni: I0903 16:13:23.362076 10686 caffe_mobile.cpp:211] Forwarding time: 4608.75 ms.
09-03 16:13:23.361 3275-3275/com.sh1r0.caffe_android_demo I/MainActivity: elapsed wall time: 889 ms
09-03 16:13:23.371 3275-3275/com.sh1r0.caffe_android_demo D/ViewRootImpl: #3 mView = null
09-03 16:13:23.371 3275-3275/com.sh1r0.caffe_android_demo E/ViewRootImpl: sendUserActionEvent() mView == null
09-03 16:13:26.231 3275-3275/com.sh1r0.caffe_android_demo D/ViewRootImpl: ViewPostImeInputStage processPointer 0
09-03 16:13:26.291 3275-3275/com.sh1r0.caffe_android_demo D/ViewRootImpl: ViewPostImeInputStage processPointer 1
09-03 16:13:26.381 3275-3275/com.sh1r0.caffe_android_demo V/ActivityThread: updateVisibility : ActivityRecord{93368d5 token=android.os.BinderProxy@e7e9e0b {com.sh1r0.caffe_android_demo/com.sh1r0.caffe_android_demo.MainActivity}} show : false
09-03 16:13:30.421 3275-3275/com.sh1r0.caffe_android_demo D/MainActivity: /storage/emulated/0/DCIM/Camera/test/Elephant/503.jpg
09-03 16:13:30.421 3275-3275/com.sh1r0.caffe_android_demo D/MainActivity: 256
09-03 16:13:30.421 3275-3275/com.sh1r0.caffe_android_demo D/MainActivity: 384
09-03 16:13:30.431 3275-3275/com.sh1r0.caffe_android_demo D/ViewRootImpl: #1 mView = com.android.internal.policy.PhoneWindow$DecorView{b808e8d V.E...... R.....I. 0,0-0,0}
09-03 16:13:30.461 3275-3667/com.sh1r0.caffe_android_demo D/mali_winsys: new_window_surface returns 0x3000,  [1336x648]-format:1
09-03 16:13:30.481 3275-3667/com.sh1r0.caffe_android_demo D/mali_winsys: new_window_surface returns 0x3000,  [1440x2560]-format:1
09-03 16:13:30.491 3275-3275/com.sh1r0.caffe_android_demo W/ActivityThread: AppLock checkAppLockState isAppLocked = false pkgName = com.sh1r0.caffe_android_demo showWhenLocked = false
09-03 16:13:30.501 3275-3275/com.sh1r0.caffe_android_demo W/DisplayListCanvas: DisplayListCanvas is started on unbinded RenderNode (without mOwningView)
09-03 16:13:30.511 3275-3275/com.sh1r0.caffe_android_demo D/ViewRootImpl: MSG_RESIZED_REPORT: ci=Rect(0, 0 - 0, 0) vi=Rect(0, 0 - 0, 0) or=1
09-03 16:13:30.531 3275-3275/com.sh1r0.caffe_android_demo D/ViewRootImpl: MSG_RESIZED: ci=Rect(0, 0 - 0, 0) vi=Rect(0, 0 - 0, 0) or=1
09-03 16:13:30.541 3275-3275/com.sh1r0.caffe_android_demo I/Timeline: Timeline: Activity_idle id: android.os.BinderProxy@e7e9e0b time:138001997
09-03 16:13:31.261 3275-11256/com.sh1r0.caffe_android_demo I/caffe_jni: I0903 16:13:31.262233 11256 caffe_mobile.cpp:211] Forwarding time: 4200.94 ms.
09-03 16:13:31.261 3275-3275/com.sh1r0.caffe_android_demo I/MainActivity: elapsed wall time: 824 ms
09-03 16:13:31.261 3275-3275/com.sh1r0.caffe_android_demo D/ViewRootImpl: #3 mView = null
09-03 16:13:31.271 3275-3275/com.sh1r0.caffe_android_demo E/ViewRootImpl: sendUserActionEvent() mView == null
09-03 16:13:34.351 3275-3275/com.sh1r0.caffe_android_demo D/ViewRootImpl: ViewPostImeInputStage processPointer 0
09-03 16:13:34.451 3275-3275/com.sh1r0.caffe_android_demo D/ViewRootImpl: ViewPostImeInputStage processPointer 1
09-03 16:13:34.531 3275-3275/com.sh1r0.caffe_android_demo V/ActivityThread: updateVisibility : ActivityRecord{93368d5 token=android.os.BinderProxy@e7e9e0b {com.sh1r0.caffe_android_demo/com.sh1r0.caffe_android_demo.MainActivity}} show : false
09-03 16:13:37.271 3275-3275/com.sh1r0.caffe_android_demo D/MainActivity: /storage/emulated/0/DCIM/Camera/test/Elephant/502.jpg
09-03 16:13:37.271 3275-3275/com.sh1r0.caffe_android_demo D/MainActivity: 384
09-03 16:13:37.271 3275-3275/com.sh1r0.caffe_android_demo D/MainActivity: 256
09-03 16:13:37.281 3275-3275/com.sh1r0.caffe_android_demo D/ViewRootImpl: #1 mView = com.android.internal.policy.PhoneWindow$DecorView{898e2bc V.E...... R.....I. 0,0-0,0}
09-03 16:13:37.321 3275-3667/com.sh1r0.caffe_android_demo D/mali_winsys: new_window_surface returns 0x3000,  [1336x648]-format:1
09-03 16:13:37.331 3275-3667/com.sh1r0.caffe_android_demo D/mali_winsys: new_window_surface returns 0x3000,  [1440x2560]-format:1
09-03 16:13:37.341 3275-3275/com.sh1r0.caffe_android_demo W/ActivityThread: AppLock checkAppLockState isAppLocked = false pkgName = com.sh1r0.caffe_android_demo showWhenLocked = false
09-03 16:13:37.341 3275-3275/com.sh1r0.caffe_android_demo W/DisplayListCanvas: DisplayListCanvas is started on unbinded RenderNode (without mOwningView)
09-03 16:13:37.371 3275-3275/com.sh1r0.caffe_android_demo D/ViewRootImpl: MSG_RESIZED_REPORT: ci=Rect(0, 0 - 0, 0) vi=Rect(0, 0 - 0, 0) or=1
09-03 16:13:37.371 3275-3275/com.sh1r0.caffe_android_demo D/ViewRootImpl: MSG_RESIZED: ci=Rect(0, 0 - 0, 0) vi=Rect(0, 0 - 0, 0) or=1
09-03 16:13:37.381 3275-3275/com.sh1r0.caffe_android_demo I/Timeline: Timeline: Activity_idle id: android.os.BinderProxy@e7e9e0b time:138008832
09-03 16:13:38.011 3275-12960/com.sh1r0.caffe_android_demo I/caffe_jni: I0903 16:13:38.011808 12960 caffe_mobile.cpp:211] Forwarding time: 3763.34 ms.
09-03 16:13:38.011 3275-3275/com.sh1r0.caffe_android_demo I/MainActivity: elapsed wall time: 723 ms
09-03 16:13:38.011 3275-3275/com.sh1r0.caffe_android_demo D/ViewRootImpl: #3 mView = null
09-03 16:13:38.021 3275-3275/com.sh1r0.caffe_android_demo E/ViewRootImpl: sendUserActionEvent() mView == null
09-03 16:13:40.381 3275-3275/com.sh1r0.caffe_android_demo D/ViewRootImpl: ViewPostImeInputStage processPointer 0
09-03 16:13:40.461 3275-3275/com.sh1r0.caffe_android_demo D/ViewRootImpl: ViewPostImeInputStage processPointer 1
09-03 16:13:40.541 3275-3275/com.sh1r0.caffe_android_demo V/ActivityThread: updateVisibility : ActivityRecord{93368d5 token=android.os.BinderProxy@e7e9e0b {com.sh1r0.caffe_android_demo/com.sh1r0.caffe_android_demo.MainActivity}} show : false
09-03 16:13:42.701 3275-3275/com.sh1r0.caffe_android_demo D/MainActivity: /storage/emulated/0/DCIM/Camera/test/Elephant/501.jpg
09-03 16:13:42.701 3275-3275/com.sh1r0.caffe_android_demo D/MainActivity: 256
09-03 16:13:42.701 3275-3275/com.sh1r0.caffe_android_demo D/MainActivity: 384
09-03 16:13:42.711 3275-3275/com.sh1r0.caffe_android_demo D/ViewRootImpl: #1 mView = com.android.internal.policy.PhoneWindow$DecorView{18c4a7 V.E...... R.....I. 0,0-0,0}
09-03 16:13:42.741 3275-3667/com.sh1r0.caffe_android_demo D/mali_winsys: new_window_surface returns 0x3000,  [1336x648]-format:1
09-03 16:13:42.751 3275-3667/com.sh1r0.caffe_android_demo D/mali_winsys: new_window_surface returns 0x3000,  [1440x2560]-format:1
09-03 16:13:42.761 3275-3275/com.sh1r0.caffe_android_demo W/ActivityThread: AppLock checkAppLockState isAppLocked = false pkgName = com.sh1r0.caffe_android_demo showWhenLocked = false
09-03 16:13:42.771 3275-3275/com.sh1r0.caffe_android_demo W/DisplayListCanvas: DisplayListCanvas is started on unbinded RenderNode (without mOwningView)
09-03 16:13:42.801 3275-3275/com.sh1r0.caffe_android_demo D/ViewRootImpl: MSG_RESIZED_REPORT: ci=Rect(0, 0 - 0, 0) vi=Rect(0, 0 - 0, 0) or=1
09-03 16:13:42.811 3275-3275/com.sh1r0.caffe_android_demo D/ViewRootImpl: MSG_RESIZED: ci=Rect(0, 0 - 0, 0) vi=Rect(0, 0 - 0, 0) or=1
09-03 16:13:42.821 3275-3275/com.sh1r0.caffe_android_demo I/Timeline: Timeline: Activity_idle id: android.os.BinderProxy@e7e9e0b time:138014273
09-03 16:13:43.651 3275-13358/com.sh1r0.caffe_android_demo I/caffe_jni: I0903 16:13:43.652081 13358 caffe_mobile.cpp:211] Forwarding time: 5042.09 ms.
09-03 16:13:43.651 3275-3275/com.sh1r0.caffe_android_demo I/MainActivity: elapsed wall time: 937 ms
09-03 16:13:43.681 3275-3275/com.sh1r0.caffe_android_demo D/ViewRootImpl: #3 mView = null
09-03 16:13:43.691 3275-3275/com.sh1r0.caffe_android_demo E/ViewRootImpl: sendUserActionEvent() mView == null
09-03 16:13:46.151 3275-3275/com.sh1r0.caffe_android_demo D/ViewRootImpl: ViewPostImeInputStage processPointer 0
09-03 16:13:46.201 3275-3275/com.sh1r0.caffe_android_demo D/ViewRootImpl: ViewPostImeInputStage processPointer 1
09-03 16:13:46.291 3275-3275/com.sh1r0.caffe_android_demo V/ActivityThread: updateVisibility : ActivityRecord{93368d5 token=android.os.BinderProxy@e7e9e0b {com.sh1r0.caffe_android_demo/com.sh1r0.caffe_android_demo.MainActivity}} show : false
09-03 16:13:48.691 3275-3275/com.sh1r0.caffe_android_demo D/MainActivity: /storage/emulated/0/DCIM/Camera/test/Elephant/500.jpg
09-03 16:13:48.691 3275-3275/com.sh1r0.caffe_android_demo D/MainActivity: 384
09-03 16:13:48.691 3275-3275/com.sh1r0.caffe_android_demo D/MainActivity: 256
09-03 16:13:48.701 3275-3275/com.sh1r0.caffe_android_demo D/ViewRootImpl: #1 mView = com.android.internal.policy.PhoneWindow$DecorView{a7e5f3e V.E...... R.....I. 0,0-0,0}
09-03 16:13:48.741 3275-3667/com.sh1r0.caffe_android_demo D/mali_winsys: new_window_surface returns 0x3000,  [1336x648]-format:1
09-03 16:13:48.761 3275-3667/com.sh1r0.caffe_android_demo D/mali_winsys: new_window_surface returns 0x3000,  [1440x2560]-format:1
09-03 16:13:48.771 3275-3275/com.sh1r0.caffe_android_demo W/DisplayListCanvas: DisplayListCanvas is started on unbinded RenderNode (without mOwningView)
09-03 16:13:48.771 3275-3275/com.sh1r0.caffe_android_demo W/ActivityThread: AppLock checkAppLockState isAppLocked = false pkgName = com.sh1r0.caffe_android_demo showWhenLocked = false
09-03 16:13:48.801 3275-3275/com.sh1r0.caffe_android_demo D/ViewRootImpl: MSG_RESIZED_REPORT: ci=Rect(0, 0 - 0, 0) vi=Rect(0, 0 - 0, 0) or=1
09-03 16:13:48.821 3275-3275/com.sh1r0.caffe_android_demo D/ViewRootImpl: MSG_RESIZED: ci=Rect(0, 0 - 0, 0) vi=Rect(0, 0 - 0, 0) or=1
09-03 16:13:48.821 3275-3275/com.sh1r0.caffe_android_demo I/Timeline: Timeline: Activity_idle id: android.os.BinderProxy@e7e9e0b time:138020279
09-03 16:13:49.831 3275-13711/com.sh1r0.caffe_android_demo I/caffe_jni: I0903 16:13:49.832072 13711 caffe_mobile.cpp:211] Forwarding time: 5815.52 ms.
09-03 16:13:49.831 3275-3275/com.sh1r0.caffe_android_demo I/MainActivity: elapsed wall time: 1120 ms
09-03 16:13:49.881 3275-3275/com.sh1r0.caffe_android_demo D/ViewRootImpl: #3 mView = null
09-03 16:13:49.881 3275-3275/com.sh1r0.caffe_android_demo E/ViewRootImpl: sendUserActionEvent() mView == null
09-03 16:13:50.761 3275-3275/com.sh1r0.caffe_android_demo D/ViewRootImpl: ViewPostImeInputStage processPointer 0
09-03 16:13:50.831 3275-3275/com.sh1r0.caffe_android_demo D/ViewRootImpl: ViewPostImeInputStage processPointer 1
09-03 16:13:50.931 3275-3275/com.sh1r0.caffe_android_demo V/ActivityThread: updateVisibility : ActivityRecord{93368d5 token=android.os.BinderProxy@e7e9e0b {com.sh1r0.caffe_android_demo/com.sh1r0.caffe_android_demo.MainActivity}} show : false
09-03 16:13:56.121 3275-3275/com.sh1r0.caffe_android_demo D/MainActivity: /storage/emulated/0/DCIM/Camera/test/Elephant/500.jpg
09-03 16:13:56.121 3275-3275/com.sh1r0.caffe_android_demo D/MainActivity: 384
09-03 16:13:56.121 3275-3275/com.sh1r0.caffe_android_demo D/MainActivity: 256
09-03 16:13:56.131 3275-3275/com.sh1r0.caffe_android_demo D/ViewRootImpl: #1 mView = com.android.internal.policy.PhoneWindow$DecorView{23c3384 V.E...... R.....I. 0,0-0,0}
09-03 16:13:56.171 3275-3667/com.sh1r0.caffe_android_demo D/mali_winsys: new_window_surface returns 0x3000,  [1336x648]-format:1
09-03 16:13:56.191 3275-3667/com.sh1r0.caffe_android_demo D/mali_winsys: new_window_surface returns 0x3000,  [1440x2560]-format:1
09-03 16:13:56.201 3275-3275/com.sh1r0.caffe_android_demo W/ActivityThread: AppLock checkAppLockState isAppLocked = false pkgName = com.sh1r0.caffe_android_demo showWhenLocked = false
09-03 16:13:56.201 3275-3275/com.sh1r0.caffe_android_demo W/DisplayListCanvas: DisplayListCanvas is started on unbinded RenderNode (without mOwningView)
09-03 16:13:56.221 3275-3275/com.sh1r0.caffe_android_demo D/ViewRootImpl: MSG_RESIZED_REPORT: ci=Rect(0, 0 - 0, 0) vi=Rect(0, 0 - 0, 0) or=1
09-03 16:13:56.221 3275-3275/com.sh1r0.caffe_android_demo D/ViewRootImpl: MSG_RESIZED: ci=Rect(0, 0 - 0, 0) vi=Rect(0, 0 - 0, 0) or=1
09-03 16:13:56.241 3275-3275/com.sh1r0.caffe_android_demo I/Timeline: Timeline: Activity_idle id: android.os.BinderProxy@e7e9e0b time:138027696
09-03 16:13:57.111 3275-4562/com.sh1r0.caffe_android_demo I/caffe_jni: I0903 16:13:57.112125  4562 caffe_mobile.cpp:211] Forwarding time: 5239.81 ms.
09-03 16:13:57.111 3275-3275/com.sh1r0.caffe_android_demo I/MainActivity: elapsed wall time: 977 ms
09-03 16:13:57.131 3275-3275/com.sh1r0.caffe_android_demo D/ViewRootImpl: #3 mView = null
09-03 16:13:57.141 3275-3275/com.sh1r0.caffe_android_demo E/ViewRootImpl: sendUserActionEvent() mView == null

