09-03 16:02:25.651 3275-3275/com.sh1r0.caffe_android_demo D/ViewRootImpl: #3 mView = null
09-03 16:02:25.651 3275-3275/com.sh1r0.caffe_android_demo E/ViewRootImpl: sendUserActionEvent() mView == null
09-03 16:02:30.221 3275-3275/com.sh1r0.caffe_android_demo D/ViewRootImpl: ViewPostImeInputStage processPointer 0
09-03 16:02:30.301 3275-3275/com.sh1r0.caffe_android_demo D/ViewRootImpl: ViewPostImeInputStage processPointer 1
09-03 16:02:30.391 3275-3275/com.sh1r0.caffe_android_demo V/ActivityThread: updateVisibility : ActivityRecord{93368d5 token=android.os.BinderProxy@e7e9e0b {com.sh1r0.caffe_android_demo/com.sh1r0.caffe_android_demo.MainActivity}} show : false
09-03 16:02:41.971 3275-3275/com.sh1r0.caffe_android_demo D/MainActivity: /storage/emulated/0/DCIM/Camera/test/Elephant/538.jpg
09-03 16:02:41.971 3275-3275/com.sh1r0.caffe_android_demo D/MainActivity: 256
09-03 16:02:41.971 3275-3275/com.sh1r0.caffe_android_demo D/MainActivity: 384
09-03 16:02:41.981 3275-3275/com.sh1r0.caffe_android_demo D/ViewRootImpl: #1 mView = com.android.internal.policy.PhoneWindow$DecorView{6a3b5f5 V.E...... R.....I. 0,0-0,0}
09-03 16:02:42.011 3275-3667/com.sh1r0.caffe_android_demo D/mali_winsys: new_window_surface returns 0x3000,  [1336x648]-format:1
09-03 16:02:42.021 3275-3667/com.sh1r0.caffe_android_demo D/mali_winsys: new_window_surface returns 0x3000,  [1440x2560]-format:1
09-03 16:02:42.031 3275-3275/com.sh1r0.caffe_android_demo W/ActivityThread: AppLock checkAppLockState isAppLocked = false pkgName = com.sh1r0.caffe_android_demo showWhenLocked = false
09-03 16:02:42.031 3275-3275/com.sh1r0.caffe_android_demo W/DisplayListCanvas: DisplayListCanvas is started on unbinded RenderNode (without mOwningView)
09-03 16:02:42.061 3275-3275/com.sh1r0.caffe_android_demo D/ViewRootImpl: MSG_RESIZED_REPORT: ci=Rect(0, 0 - 0, 0) vi=Rect(0, 0 - 0, 0) or=1
09-03 16:02:42.081 3275-3275/com.sh1r0.caffe_android_demo D/ViewRootImpl: MSG_RESIZED: ci=Rect(0, 0 - 0, 0) vi=Rect(0, 0 - 0, 0) or=1
09-03 16:02:42.091 3275-3275/com.sh1r0.caffe_android_demo I/Timeline: Timeline: Activity_idle id: android.os.BinderProxy@e7e9e0b time:137353544
09-03 16:02:42.841 3275-11256/com.sh1r0.caffe_android_demo I/caffe_jni: I0903 16:02:42.841948 11256 caffe_mobile.cpp:211] Forwarding time: 4427.73 ms.
09-03 16:02:42.841 3275-3275/com.sh1r0.caffe_android_demo I/MainActivity: elapsed wall time: 850 ms
09-03 16:02:42.851 3275-3275/com.sh1r0.caffe_android_demo D/ViewRootImpl: #3 mView = null
09-03 16:02:42.851 3275-3275/com.sh1r0.caffe_android_demo E/ViewRootImpl: sendUserActionEvent() mView == null
09-03 16:02:45.851 3275-3275/com.sh1r0.caffe_android_demo D/ViewRootImpl: ViewPostImeInputStage processPointer 0
09-03 16:02:45.921 3275-3275/com.sh1r0.caffe_android_demo D/ViewRootImpl: ViewPostImeInputStage processPointer 1
09-03 16:02:46.011 3275-3275/com.sh1r0.caffe_android_demo V/ActivityThread: updateVisibility : ActivityRecord{93368d5 token=android.os.BinderProxy@e7e9e0b {com.sh1r0.caffe_android_demo/com.sh1r0.caffe_android_demo.MainActivity}} show : false
09-03 16:02:50.301 3275-3275/com.sh1r0.caffe_android_demo D/MainActivity: /storage/emulated/0/DCIM/Camera/test/Elephant/537.jpg
09-03 16:02:50.301 3275-3275/com.sh1r0.caffe_android_demo D/MainActivity: 256
09-03 16:02:50.301 3275-3275/com.sh1r0.caffe_android_demo D/MainActivity: 384
09-03 16:02:50.311 3275-3275/com.sh1r0.caffe_android_demo D/ViewRootImpl: #1 mView = com.android.internal.policy.PhoneWindow$DecorView{6975fc4 V.E...... R.....I. 0,0-0,0}
09-03 16:02:50.341 3275-3667/com.sh1r0.caffe_android_demo D/mali_winsys: new_window_surface returns 0x3000,  [1336x648]-format:1
09-03 16:02:50.361 3275-3667/com.sh1r0.caffe_android_demo D/mali_winsys: new_window_surface returns 0x3000,  [1440x2560]-format:1
09-03 16:02:50.371 3275-3275/com.sh1r0.caffe_android_demo W/ActivityThread: AppLock checkAppLockState isAppLocked = false pkgName = com.sh1r0.caffe_android_demo showWhenLocked = false
09-03 16:02:50.371 3275-3275/com.sh1r0.caffe_android_demo W/DisplayListCanvas: DisplayListCanvas is started on unbinded RenderNode (without mOwningView)
09-03 16:02:50.391 3275-3275/com.sh1r0.caffe_android_demo D/ViewRootImpl: MSG_RESIZED_REPORT: ci=Rect(0, 0 - 0, 0) vi=Rect(0, 0 - 0, 0) or=1
09-03 16:02:50.401 3275-3275/com.sh1r0.caffe_android_demo D/ViewRootImpl: MSG_RESIZED: ci=Rect(0, 0 - 0, 0) vi=Rect(0, 0 - 0, 0) or=1
09-03 16:02:50.401 3275-3275/com.sh1r0.caffe_android_demo I/Timeline: Timeline: Activity_idle id: android.os.BinderProxy@e7e9e0b time:137361859
09-03 16:02:51.281 3275-12960/com.sh1r0.caffe_android_demo I/caffe_jni: I0903 16:02:51.283294 12960 caffe_mobile.cpp:211] Forwarding time: 5169.87 ms.
09-03 16:02:51.281 3275-3275/com.sh1r0.caffe_android_demo I/MainActivity: elapsed wall time: 963 ms
09-03 16:02:51.291 3275-3275/com.sh1r0.caffe_android_demo D/ViewRootImpl: #3 mView = null
09-03 16:02:51.311 3275-3275/com.sh1r0.caffe_android_demo E/ViewRootImpl: sendUserActionEvent() mView == null
09-03 16:02:53.911 3275-3275/com.sh1r0.caffe_android_demo D/ViewRootImpl: ViewPostImeInputStage processPointer 0
09-03 16:02:53.981 3275-3275/com.sh1r0.caffe_android_demo D/ViewRootImpl: ViewPostImeInputStage processPointer 1
09-03 16:02:54.061 3275-3275/com.sh1r0.caffe_android_demo V/ActivityThread: updateVisibility : ActivityRecord{93368d5 token=android.os.BinderProxy@e7e9e0b {com.sh1r0.caffe_android_demo/com.sh1r0.caffe_android_demo.MainActivity}} show : false
09-03 16:02:58.341 3275-3275/com.sh1r0.caffe_android_demo D/MainActivity: /storage/emulated/0/DCIM/Camera/test/Elephant/536.jpg
09-03 16:02:58.341 3275-3275/com.sh1r0.caffe_android_demo D/MainActivity: 256
09-03 16:02:58.341 3275-3275/com.sh1r0.caffe_android_demo D/MainActivity: 384
09-03 16:02:58.351 3275-3275/com.sh1r0.caffe_android_demo D/ViewRootImpl: #1 mView = com.android.internal.policy.PhoneWindow$DecorView{342cdcf V.E...... R.....I. 0,0-0,0}
09-03 16:02:58.381 3275-3667/com.sh1r0.caffe_android_demo D/mali_winsys: new_window_surface returns 0x3000,  [1336x648]-format:1
09-03 16:02:58.411 3275-3667/com.sh1r0.caffe_android_demo D/mali_winsys: new_window_surface returns 0x3000,  [1440x2560]-format:1
09-03 16:02:58.421 3275-3275/com.sh1r0.caffe_android_demo W/ActivityThread: AppLock checkAppLockState isAppLocked = false pkgName = com.sh1r0.caffe_android_demo showWhenLocked = false
09-03 16:02:58.421 3275-3275/com.sh1r0.caffe_android_demo W/DisplayListCanvas: DisplayListCanvas is started on unbinded RenderNode (without mOwningView)
09-03 16:02:58.441 3275-3275/com.sh1r0.caffe_android_demo D/ViewRootImpl: MSG_RESIZED_REPORT: ci=Rect(0, 0 - 0, 0) vi=Rect(0, 0 - 0, 0) or=1
09-03 16:02:58.451 3275-3275/com.sh1r0.caffe_android_demo D/ViewRootImpl: MSG_RESIZED: ci=Rect(0, 0 - 0, 0) vi=Rect(0, 0 - 0, 0) or=1
09-03 16:02:58.451 3275-3275/com.sh1r0.caffe_android_demo I/Timeline: Timeline: Activity_idle id: android.os.BinderProxy@e7e9e0b time:137369903
09-03 16:02:59.181 3275-13358/com.sh1r0.caffe_android_demo I/caffe_jni: I0903 16:02:59.182154 13358 caffe_mobile.cpp:211] Forwarding time: 4405.47 ms.
09-03 16:02:59.181 3275-3275/com.sh1r0.caffe_android_demo I/MainActivity: elapsed wall time: 823 ms
09-03 16:02:59.191 3275-3275/com.sh1r0.caffe_android_demo D/ViewRootImpl: #3 mView = null
09-03 16:02:59.191 3275-3275/com.sh1r0.caffe_android_demo E/ViewRootImpl: sendUserActionEvent() mView == null
09-03 16:03:02.401 3275-3275/com.sh1r0.caffe_android_demo D/ViewRootImpl: ViewPostImeInputStage processPointer 0
09-03 16:03:02.481 3275-3275/com.sh1r0.caffe_android_demo D/ViewRootImpl: ViewPostImeInputStage processPointer 1
09-03 16:03:02.561 3275-3275/com.sh1r0.caffe_android_demo V/ActivityThread: updateVisibility : ActivityRecord{93368d5 token=android.os.BinderProxy@e7e9e0b {com.sh1r0.caffe_android_demo/com.sh1r0.caffe_android_demo.MainActivity}} show : false
09-03 16:03:08.961 3275-3275/com.sh1r0.caffe_android_demo D/MainActivity: /storage/emulated/0/DCIM/Camera/test/Elephant/535.jpg
09-03 16:03:08.961 3275-3275/com.sh1r0.caffe_android_demo D/MainActivity: 256
09-03 16:03:08.961 3275-3275/com.sh1r0.caffe_android_demo D/MainActivity: 384
09-03 16:03:08.961 3275-3275/com.sh1r0.caffe_android_demo D/ViewRootImpl: #1 mView = com.android.internal.policy.PhoneWindow$DecorView{c1feb92 V.E...... R.....I. 0,0-0,0}
09-03 16:03:09.001 3275-3667/com.sh1r0.caffe_android_demo D/mali_winsys: new_window_surface returns 0x3000,  [1336x648]-format:1
09-03 16:03:09.011 3275-3667/com.sh1r0.caffe_android_demo D/mali_winsys: new_window_surface returns 0x3000,  [1440x2560]-format:1
09-03 16:03:09.031 3275-3275/com.sh1r0.caffe_android_demo W/ActivityThread: AppLock checkAppLockState isAppLocked = false pkgName = com.sh1r0.caffe_android_demo showWhenLocked = false
09-03 16:03:09.031 3275-3275/com.sh1r0.caffe_android_demo W/DisplayListCanvas: DisplayListCanvas is started on unbinded RenderNode (without mOwningView)
09-03 16:03:09.051 3275-3275/com.sh1r0.caffe_android_demo D/ViewRootImpl: MSG_RESIZED_REPORT: ci=Rect(0, 0 - 0, 0) vi=Rect(0, 0 - 0, 0) or=1
09-03 16:03:09.061 3275-3275/com.sh1r0.caffe_android_demo D/ViewRootImpl: MSG_RESIZED: ci=Rect(0, 0 - 0, 0) vi=Rect(0, 0 - 0, 0) or=1
09-03 16:03:09.061 3275-3275/com.sh1r0.caffe_android_demo I/Timeline: Timeline: Activity_idle id: android.os.BinderProxy@e7e9e0b time:137380518
09-03 16:03:09.801 3275-13711/com.sh1r0.caffe_android_demo I/caffe_jni: I0903 16:03:09.801837 13711 caffe_mobile.cpp:211] Forwarding time: 4292.84 ms.
09-03 16:03:09.801 3275-3275/com.sh1r0.caffe_android_demo I/MainActivity: elapsed wall time: 828 ms
09-03 16:03:09.801 3275-3275/com.sh1r0.caffe_android_demo D/ViewRootImpl: #3 mView = null
09-03 16:03:09.811 3275-3275/com.sh1r0.caffe_android_demo E/ViewRootImpl: sendUserActionEvent() mView == null
09-03 16:03:12.291 3275-3275/com.sh1r0.caffe_android_demo D/ViewRootImpl: ViewPostImeInputStage processPointer 0
09-03 16:03:12.351 3275-3275/com.sh1r0.caffe_android_demo D/ViewRootImpl: ViewPostImeInputStage processPointer 1
09-03 16:03:12.441 3275-3275/com.sh1r0.caffe_android_demo V/ActivityThread: updateVisibility : ActivityRecord{93368d5 token=android.os.BinderProxy@e7e9e0b {com.sh1r0.caffe_android_demo/com.sh1r0.caffe_android_demo.MainActivity}} show : false
09-03 16:05:36.121 3275-3275/com.sh1r0.caffe_android_demo D/MainActivity: /storage/emulated/0/DCIM/Camera/test/Elephant/534.jpg
09-03 16:05:36.121 3275-3275/com.sh1r0.caffe_android_demo D/MainActivity: 256
09-03 16:05:36.121 3275-3275/com.sh1r0.caffe_android_demo D/MainActivity: 384
09-03 16:05:36.131 3275-3275/com.sh1r0.caffe_android_demo D/ViewRootImpl: #1 mView = com.android.internal.policy.PhoneWindow$DecorView{6795aea V.E...... R.....I. 0,0-0,0}
09-03 16:05:36.161 3275-3667/com.sh1r0.caffe_android_demo D/mali_winsys: new_window_surface returns 0x3000,  [1336x648]-format:1
09-03 16:05:36.171 3275-3667/com.sh1r0.caffe_android_demo D/mali_winsys: new_window_surface returns 0x3000,  [1440x2560]-format:1
09-03 16:05:36.191 3275-3275/com.sh1r0.caffe_android_demo W/ActivityThread: AppLock checkAppLockState isAppLocked = false pkgName = com.sh1r0.caffe_android_demo showWhenLocked = false
09-03 16:05:36.191 3275-3275/com.sh1r0.caffe_android_demo W/DisplayListCanvas: DisplayListCanvas is started on unbinded RenderNode (without mOwningView)
09-03 16:05:36.231 3275-3275/com.sh1r0.caffe_android_demo D/ViewRootImpl: MSG_RESIZED_REPORT: ci=Rect(0, 0 - 0, 0) vi=Rect(0, 0 - 0, 0) or=1
09-03 16:05:36.241 3275-3275/com.sh1r0.caffe_android_demo D/ViewRootImpl: MSG_RESIZED: ci=Rect(0, 0 - 0, 0) vi=Rect(0, 0 - 0, 0) or=1
09-03 16:05:36.241 3275-3275/com.sh1r0.caffe_android_demo I/Timeline: Timeline: Activity_idle id: android.os.BinderProxy@e7e9e0b time:137527698
09-03 16:05:37.071 3275-4562/com.sh1r0.caffe_android_demo I/caffe_jni: I0903 16:05:37.071887  4562 caffe_mobile.cpp:211] Forwarding time: 4924.29 ms.
09-03 16:05:37.071 3275-3275/com.sh1r0.caffe_android_demo I/MainActivity: elapsed wall time: 930 ms
09-03 16:05:37.101 3275-3275/com.sh1r0.caffe_android_demo D/ViewRootImpl: #3 mView = null
09-03 16:05:37.101 3275-3275/com.sh1r0.caffe_android_demo E/ViewRootImpl: sendUserActionEvent() mView == null
09-03 16:05:42.711 3275-3275/com.sh1r0.caffe_android_demo D/ViewRootImpl: ViewPostImeInputStage processPointer 0
09-03 16:05:42.781 3275-3275/com.sh1r0.caffe_android_demo D/ViewRootImpl: ViewPostImeInputStage processPointer 1
09-03 16:05:42.871 3275-3275/com.sh1r0.caffe_android_demo V/ActivityThread: updateVisibility : ActivityRecord{93368d5 token=android.os.BinderProxy@e7e9e0b {com.sh1r0.caffe_android_demo/com.sh1r0.caffe_android_demo.MainActivity}} show : false
09-03 16:05:47.371 3275-3275/com.sh1r0.caffe_android_demo D/MainActivity: /storage/emulated/0/DCIM/Camera/test/Elephant/533.jpg
09-03 16:05:47.371 3275-3275/com.sh1r0.caffe_android_demo D/MainActivity: 384
09-03 16:05:47.371 3275-3275/com.sh1r0.caffe_android_demo D/MainActivity: 256
09-03 16:05:47.381 3275-3275/com.sh1r0.caffe_android_demo D/ViewRootImpl: #1 mView = com.android.internal.policy.PhoneWindow$DecorView{7f8078d V.E...... R.....I. 0,0-0,0}
09-03 16:05:47.411 3275-3667/com.sh1r0.caffe_android_demo D/mali_winsys: new_window_surface returns 0x3000,  [1336x648]-format:1
09-03 16:05:47.431 3275-3667/com.sh1r0.caffe_android_demo D/mali_winsys: new_window_surface returns 0x3000,  [1440x2560]-format:1
09-03 16:05:47.461 3275-3275/com.sh1r0.caffe_android_demo W/ActivityThread: AppLock checkAppLockState isAppLocked = false pkgName = com.sh1r0.caffe_android_demo showWhenLocked = false
09-03 16:05:47.461 3275-3275/com.sh1r0.caffe_android_demo W/DisplayListCanvas: DisplayListCanvas is started on unbinded RenderNode (without mOwningView)
09-03 16:05:47.481 3275-3275/com.sh1r0.caffe_android_demo D/ViewRootImpl: MSG_RESIZED_REPORT: ci=Rect(0, 0 - 0, 0) vi=Rect(0, 0 - 0, 0) or=1
09-03 16:05:47.491 3275-3275/com.sh1r0.caffe_android_demo D/ViewRootImpl: MSG_RESIZED: ci=Rect(0, 0 - 0, 0) vi=Rect(0, 0 - 0, 0) or=1
09-03 16:05:47.501 3275-3275/com.sh1r0.caffe_android_demo I/Timeline: Timeline: Activity_idle id: android.os.BinderProxy@e7e9e0b time:137538950
09-03 16:05:48.671 3275-7406/com.sh1r0.caffe_android_demo I/caffe_jni: I0903 16:05:48.671946  7406 caffe_mobile.cpp:211] Forwarding time: 6896.24 ms.
09-03 16:05:48.671 3275-3275/com.sh1r0.caffe_android_demo I/MainActivity: elapsed wall time: 1283 ms
09-03 16:05:48.691 3275-3275/com.sh1r0.caffe_android_demo D/ViewRootImpl: #3 mView = null
09-03 16:05:48.691 3275-3275/com.sh1r0.caffe_android_demo E/ViewRootImpl: sendUserActionEvent() mView == null
09-03 16:05:51.131 3275-3275/com.sh1r0.caffe_android_demo D/ViewRootImpl: ViewPostImeInputStage processPointer 0
09-03 16:05:51.181 3275-3275/com.sh1r0.caffe_android_demo D/ViewRootImpl: ViewPostImeInputStage processPointer 1
09-03 16:05:51.271 3275-3275/com.sh1r0.caffe_android_demo V/ActivityThread: updateVisibility : ActivityRecord{93368d5 token=android.os.BinderProxy@e7e9e0b {com.sh1r0.caffe_android_demo/com.sh1r0.caffe_android_demo.MainActivity}} show : false
09-03 16:05:56.791 3275-3275/com.sh1r0.caffe_android_demo D/MainActivity: /storage/emulated/0/DCIM/Camera/test/Elephant/532.jpg
09-03 16:05:56.791 3275-3275/com.sh1r0.caffe_android_demo D/MainActivity: 256
09-03 16:05:56.791 3275-3275/com.sh1r0.caffe_android_demo D/MainActivity: 384
09-03 16:05:56.801 3275-3275/com.sh1r0.caffe_android_demo D/ViewRootImpl: #1 mView = com.android.internal.policy.PhoneWindow$DecorView{dc847cb V.E...... R.....I. 0,0-0,0}
09-03 16:05:56.831 3275-3667/com.sh1r0.caffe_android_demo D/mali_winsys: new_window_surface returns 0x3000,  [1336x648]-format:1
09-03 16:05:56.841 3275-3667/com.sh1r0.caffe_android_demo D/mali_winsys: new_window_surface returns 0x3000,  [1440x2560]-format:1
09-03 16:05:56.871 3275-3275/com.sh1r0.caffe_android_demo W/ActivityThread: AppLock checkAppLockState isAppLocked = false pkgName = com.sh1r0.caffe_android_demo showWhenLocked = false
09-03 16:05:56.881 3275-3275/com.sh1r0.caffe_android_demo W/DisplayListCanvas: DisplayListCanvas is started on unbinded RenderNode (without mOwningView)
09-03 16:05:56.901 3275-3275/com.sh1r0.caffe_android_demo D/ViewRootImpl: MSG_RESIZED_REPORT: ci=Rect(0, 0 - 0, 0) vi=Rect(0, 0 - 0, 0) or=1
09-03 16:05:56.901 3275-3275/com.sh1r0.caffe_android_demo D/ViewRootImpl: MSG_RESIZED: ci=Rect(0, 0 - 0, 0) vi=Rect(0, 0 - 0, 0) or=1
09-03 16:05:56.921 3275-3275/com.sh1r0.caffe_android_demo I/Timeline: Timeline: Activity_idle id: android.os.BinderProxy@e7e9e0b time:137548370
09-03 16:05:57.821 3275-7623/com.sh1r0.caffe_android_demo I/caffe_jni: I0903 16:05:57.821944  7623 caffe_mobile.cpp:211] Forwarding time: 5478.25 ms.
09-03 16:05:57.821 3275-3275/com.sh1r0.caffe_android_demo I/MainActivity: elapsed wall time: 1012 ms
09-03 16:05:57.841 3275-3275/com.sh1r0.caffe_android_demo D/ViewRootImpl: #3 mView = null
09-03 16:05:57.841 3275-3275/com.sh1r0.caffe_android_demo E/ViewRootImpl: sendUserActionEvent() mView == null
09-03 16:06:00.491 3275-3275/com.sh1r0.caffe_android_demo D/ViewRootImpl: ViewPostImeInputStage processPointer 0
09-03 16:06:00.571 3275-3275/com.sh1r0.caffe_android_demo D/ViewRootImpl: ViewPostImeInputStage processPointer 1
09-03 16:06:00.661 3275-3275/com.sh1r0.caffe_android_demo V/ActivityThread: updateVisibility : ActivityRecord{93368d5 token=android.os.BinderProxy@e7e9e0b {com.sh1r0.caffe_android_demo/com.sh1r0.caffe_android_demo.MainActivity}} show : false
09-03 16:06:30.391 3275-3275/com.sh1r0.caffe_android_demo D/MainActivity: /storage/emulated/0/DCIM/Camera/test/Elephant/531.jpg
09-03 16:06:30.391 3275-3275/com.sh1r0.caffe_android_demo D/MainActivity: 256
09-03 16:06:30.391 3275-3275/com.sh1r0.caffe_android_demo D/MainActivity: 384
09-03 16:06:30.401 3275-3275/com.sh1r0.caffe_android_demo D/ViewRootImpl: #1 mView = com.android.internal.policy.PhoneWindow$DecorView{9b7e543 V.E...... R.....I. 0,0-0,0}
09-03 16:06:30.431 3275-3667/com.sh1r0.caffe_android_demo D/mali_winsys: new_window_surface returns 0x3000,  [1336x648]-format:1
09-03 16:06:30.451 3275-3667/com.sh1r0.caffe_android_demo D/mali_winsys: new_window_surface returns 0x3000,  [1440x2560]-format:1
09-03 16:06:30.461 3275-3275/com.sh1r0.caffe_android_demo W/ActivityThread: AppLock checkAppLockState isAppLocked = false pkgName = com.sh1r0.caffe_android_demo showWhenLocked = false
09-03 16:06:30.461 3275-3275/com.sh1r0.caffe_android_demo W/DisplayListCanvas: DisplayListCanvas is started on unbinded RenderNode (without mOwningView)
09-03 16:06:30.491 3275-3275/com.sh1r0.caffe_android_demo D/ViewRootImpl: MSG_RESIZED_REPORT: ci=Rect(0, 0 - 0, 0) vi=Rect(0, 0 - 0, 0) or=1
09-03 16:06:30.491 3275-3275/com.sh1r0.caffe_android_demo D/ViewRootImpl: MSG_RESIZED: ci=Rect(0, 0 - 0, 0) vi=Rect(0, 0 - 0, 0) or=1
09-03 16:06:30.501 3275-3275/com.sh1r0.caffe_android_demo I/Timeline: Timeline: Activity_idle id: android.os.BinderProxy@e7e9e0b time:137581952
09-03 16:06:31.301 3275-10058/com.sh1r0.caffe_android_demo I/caffe_jni: I0903 16:06:31.302104 10058 caffe_mobile.cpp:211] Forwarding time: 4472.75 ms.
09-03 16:06:31.301 3275-3275/com.sh1r0.caffe_android_demo I/MainActivity: elapsed wall time: 894 ms
09-03 16:06:31.301 3275-3275/com.sh1r0.caffe_android_demo D/ViewRootImpl: #3 mView = null
09-03 16:06:31.311 3275-3275/com.sh1r0.caffe_android_demo E/ViewRootImpl: sendUserActionEvent() mView == null
09-03 16:06:34.231 3275-3275/com.sh1r0.caffe_android_demo D/ViewRootImpl: ViewPostImeInputStage processPointer 0
09-03 16:06:34.301 3275-3275/com.sh1r0.caffe_android_demo D/ViewRootImpl: ViewPostImeInputStage processPointer 1
09-03 16:06:34.391 3275-3275/com.sh1r0.caffe_android_demo V/ActivityThread: updateVisibility : ActivityRecord{93368d5 token=android.os.BinderProxy@e7e9e0b {com.sh1r0.caffe_android_demo/com.sh1r0.caffe_android_demo.MainActivity}} show : false
09-03 16:06:42.111 3275-3275/com.sh1r0.caffe_android_demo D/MainActivity: /storage/emulated/0/DCIM/Camera/test/Elephant/530.jpg
09-03 16:06:42.111 3275-3275/com.sh1r0.caffe_android_demo D/MainActivity: 256
09-03 16:06:42.111 3275-3275/com.sh1r0.caffe_android_demo D/MainActivity: 384
09-03 16:06:42.121 3275-3275/com.sh1r0.caffe_android_demo D/ViewRootImpl: #1 mView = com.android.internal.policy.PhoneWindow$DecorView{8b1cd16 V.E...... R.....I. 0,0-0,0}
09-03 16:06:42.151 3275-3667/com.sh1r0.caffe_android_demo D/mali_winsys: new_window_surface returns 0x3000,  [1336x648]-format:1
09-03 16:06:42.171 3275-3667/com.sh1r0.caffe_android_demo D/mali_winsys: new_window_surface returns 0x3000,  [1440x2560]-format:1
09-03 16:06:42.181 3275-3275/com.sh1r0.caffe_android_demo W/ActivityThread: AppLock checkAppLockState isAppLocked = false pkgName = com.sh1r0.caffe_android_demo showWhenLocked = false
09-03 16:06:42.181 3275-3275/com.sh1r0.caffe_android_demo W/DisplayListCanvas: DisplayListCanvas is started on unbinded RenderNode (without mOwningView)
09-03 16:06:42.201 3275-3275/com.sh1r0.caffe_android_demo D/ViewRootImpl: MSG_RESIZED_REPORT: ci=Rect(0, 0 - 0, 0) vi=Rect(0, 0 - 0, 0) or=1
09-03 16:06:42.211 3275-3275/com.sh1r0.caffe_android_demo D/ViewRootImpl: MSG_RESIZED: ci=Rect(0, 0 - 0, 0) vi=Rect(0, 0 - 0, 0) or=1
09-03 16:06:42.211 3275-3275/com.sh1r0.caffe_android_demo I/Timeline: Timeline: Activity_idle id: android.os.BinderProxy@e7e9e0b time:137593668
09-03 16:06:42.971 3275-10686/com.sh1r0.caffe_android_demo I/caffe_jni: I0903 16:06:42.972204 10686 caffe_mobile.cpp:211] Forwarding time: 4336.15 ms.
09-03 16:06:42.971 3275-3275/com.sh1r0.caffe_android_demo I/MainActivity: elapsed wall time: 845 ms
09-03 16:06:43.001 3275-3275/com.sh1r0.caffe_android_demo D/ViewRootImpl: #3 mView = null
09-03 16:06:43.011 3275-3275/com.sh1r0.caffe_android_demo E/ViewRootImpl: sendUserActionEvent() mView == null
09-03 16:06:45.611 3275-3275/com.sh1r0.caffe_android_demo D/ViewRootImpl: ViewPostImeInputStage processPointer 0
09-03 16:06:45.661 3275-3275/com.sh1r0.caffe_android_demo D/ViewRootImpl: ViewPostImeInputStage processPointer 1
09-03 16:06:45.751 3275-3275/com.sh1r0.caffe_android_demo V/ActivityThread: updateVisibility : ActivityRecord{93368d5 token=android.os.BinderProxy@e7e9e0b {com.sh1r0.caffe_android_demo/com.sh1r0.caffe_android_demo.MainActivity}} show : false
09-03 16:06:52.111 3275-3275/com.sh1r0.caffe_android_demo D/MainActivity: /storage/emulated/0/DCIM/Camera/test/Elephant/529.jpg
09-03 16:06:52.111 3275-3275/com.sh1r0.caffe_android_demo D/MainActivity: 256
09-03 16:06:52.111 3275-3275/com.sh1r0.caffe_android_demo D/MainActivity: 384
09-03 16:06:52.121 3275-3275/com.sh1r0.caffe_android_demo D/ViewRootImpl: #1 mView = com.android.internal.policy.PhoneWindow$DecorView{3ad68ee V.E...... R.....I. 0,0-0,0}
09-03 16:06:52.151 3275-3667/com.sh1r0.caffe_android_demo D/mali_winsys: new_window_surface returns 0x3000,  [1336x648]-format:1
09-03 16:06:52.181 3275-3667/com.sh1r0.caffe_android_demo D/mali_winsys: new_window_surface returns 0x3000,  [1440x2560]-format:1
09-03 16:06:52.211 3275-3275/com.sh1r0.caffe_android_demo W/ActivityThread: AppLock checkAppLockState isAppLocked = false pkgName = com.sh1r0.caffe_android_demo showWhenLocked = false
09-03 16:06:52.211 3275-3275/com.sh1r0.caffe_android_demo W/DisplayListCanvas: DisplayListCanvas is started on unbinded RenderNode (without mOwningView)
09-03 16:06:52.231 3275-3275/com.sh1r0.caffe_android_demo D/ViewRootImpl: MSG_RESIZED_REPORT: ci=Rect(0, 0 - 0, 0) vi=Rect(0, 0 - 0, 0) or=1
09-03 16:06:52.251 3275-3275/com.sh1r0.caffe_android_demo D/ViewRootImpl: MSG_RESIZED: ci=Rect(0, 0 - 0, 0) vi=Rect(0, 0 - 0, 0) or=1
09-03 16:06:52.261 3275-3275/com.sh1r0.caffe_android_demo I/Timeline: Timeline: Activity_idle id: android.os.BinderProxy@e7e9e0b time:137603710
09-03 16:06:53.011 3275-11256/com.sh1r0.caffe_android_demo I/caffe_jni: I0903 16:06:53.011966 11256 caffe_mobile.cpp:211] Forwarding time: 4719.02 ms.
09-03 16:06:53.011 3275-3275/com.sh1r0.caffe_android_demo I/MainActivity: elapsed wall time: 881 ms
09-03 16:06:53.011 3275-3275/com.sh1r0.caffe_android_demo D/ViewRootImpl: #3 mView = null
09-03 16:06:53.011 3275-3275/com.sh1r0.caffe_android_demo E/ViewRootImpl: sendUserActionEvent() mView == null
09-03 16:06:56.011 3275-3275/com.sh1r0.caffe_android_demo D/ViewRootImpl: ViewPostImeInputStage processPointer 0
09-03 16:06:56.071 3275-3275/com.sh1r0.caffe_android_demo D/ViewRootImpl: ViewPostImeInputStage processPointer 1
09-03 16:06:56.431 3275-3275/com.sh1r0.caffe_android_demo D/ViewRootImpl: ViewPostImeInputStage processPointer 0
09-03 16:06:56.481 3275-3275/com.sh1r0.caffe_android_demo D/ViewRootImpl: ViewPostImeInputStage processPointer 1
09-03 16:06:56.561 3275-3275/com.sh1r0.caffe_android_demo V/ActivityThread: updateVisibility : ActivityRecord{93368d5 token=android.os.BinderProxy@e7e9e0b {com.sh1r0.caffe_android_demo/com.sh1r0.caffe_android_demo.MainActivity}} show : false
09-03 16:07:02.081 3275-3275/com.sh1r0.caffe_android_demo D/MainActivity: /storage/emulated/0/DCIM/Camera/test/Elephant/528.jpg
09-03 16:07:02.081 3275-3275/com.sh1r0.caffe_android_demo D/MainActivity: 256
09-03 16:07:02.081 3275-3275/com.sh1r0.caffe_android_demo D/MainActivity: 384
09-03 16:07:02.091 3275-3275/com.sh1r0.caffe_android_demo D/ViewRootImpl: #1 mView = com.android.internal.policy.PhoneWindow$DecorView{13702b4 V.E...... R.....I. 0,0-0,0}
09-03 16:07:02.111 3275-3667/com.sh1r0.caffe_android_demo D/mali_winsys: new_window_surface returns 0x3000,  [1336x648]-format:1
09-03 16:07:02.131 3275-3667/com.sh1r0.caffe_android_demo D/mali_winsys: new_window_surface returns 0x3000,  [1440x2560]-format:1
09-03 16:07:02.141 3275-3275/com.sh1r0.caffe_android_demo W/ActivityThread: AppLock checkAppLockState isAppLocked = false pkgName = com.sh1r0.caffe_android_demo showWhenLocked = false
09-03 16:07:02.151 3275-3275/com.sh1r0.caffe_android_demo W/DisplayListCanvas: DisplayListCanvas is started on unbinded RenderNode (without mOwningView)
09-03 16:07:02.171 3275-3275/com.sh1r0.caffe_android_demo D/ViewRootImpl: MSG_RESIZED_REPORT: ci=Rect(0, 0 - 0, 0) vi=Rect(0, 0 - 0, 0) or=1
09-03 16:07:02.191 3275-3275/com.sh1r0.caffe_android_demo D/ViewRootImpl: MSG_RESIZED: ci=Rect(0, 0 - 0, 0) vi=Rect(0, 0 - 0, 0) or=1
09-03 16:07:02.201 3275-3275/com.sh1r0.caffe_android_demo I/Timeline: Timeline: Activity_idle id: android.os.BinderProxy@e7e9e0b time:137613651
09-03 16:07:02.971 3275-12960/com.sh1r0.caffe_android_demo I/caffe_jni: I0903 16:07:02.971973 12960 caffe_mobile.cpp:211] Forwarding time: 4440.76 ms.
09-03 16:07:02.971 3275-3275/com.sh1r0.caffe_android_demo I/MainActivity: elapsed wall time: 876 ms
09-03 16:07:02.981 3275-3275/com.sh1r0.caffe_android_demo D/ViewRootImpl: #3 mView = null
09-03 16:07:02.991 3275-3275/com.sh1r0.caffe_android_demo E/ViewRootImpl: sendUserActionEvent() mView == null
09-03 16:07:06.271 3275-3275/com.sh1r0.caffe_android_demo D/ViewRootImpl: ViewPostImeInputStage processPointer 0
09-03 16:07:06.381 3275-3275/com.sh1r0.caffe_android_demo D/ViewRootImpl: ViewPostImeInputStage processPointer 1
09-03 16:07:06.471 3275-3275/com.sh1r0.caffe_android_demo V/ActivityThread: updateVisibility : ActivityRecord{93368d5 token=android.os.BinderProxy@e7e9e0b {com.sh1r0.caffe_android_demo/com.sh1r0.caffe_android_demo.MainActivity}} show : false
09-03 16:07:24.971 3275-3275/com.sh1r0.caffe_android_demo D/MainActivity: /storage/emulated/0/DCIM/Camera/test/Elephant/527.jpg
09-03 16:07:24.971 3275-3275/com.sh1r0.caffe_android_demo D/MainActivity: 256
09-03 16:07:24.971 3275-3275/com.sh1r0.caffe_android_demo D/MainActivity: 384
09-03 16:07:24.981 3275-3275/com.sh1r0.caffe_android_demo D/ViewRootImpl: #1 mView = com.android.internal.policy.PhoneWindow$DecorView{1f3f44c V.E...... R.....I. 0,0-0,0}
09-03 16:07:25.011 3275-3667/com.sh1r0.caffe_android_demo D/mali_winsys: new_window_surface returns 0x3000,  [1336x648]-format:1
09-03 16:07:25.021 3275-3667/com.sh1r0.caffe_android_demo D/mali_winsys: new_window_surface returns 0x3000,  [1440x2560]-format:1
09-03 16:07:25.031 3275-3275/com.sh1r0.caffe_android_demo W/ActivityThread: AppLock checkAppLockState isAppLocked = false pkgName = com.sh1r0.caffe_android_demo showWhenLocked = false
09-03 16:07:25.041 3275-3275/com.sh1r0.caffe_android_demo W/DisplayListCanvas: DisplayListCanvas is started on unbinded RenderNode (without mOwningView)
09-03 16:07:25.071 3275-3275/com.sh1r0.caffe_android_demo D/ViewRootImpl: MSG_RESIZED_REPORT: ci=Rect(0, 0 - 0, 0) vi=Rect(0, 0 - 0, 0) or=1
09-03 16:07:25.081 3275-3275/com.sh1r0.caffe_android_demo D/ViewRootImpl: MSG_RESIZED: ci=Rect(0, 0 - 0, 0) vi=Rect(0, 0 - 0, 0) or=1
09-03 16:07:25.091 3275-3275/com.sh1r0.caffe_android_demo I/Timeline: Timeline: Activity_idle id: android.os.BinderProxy@e7e9e0b time:137636542
09-03 16:07:25.911 3275-13358/com.sh1r0.caffe_android_demo I/caffe_jni: I0903 16:07:25.912155 13358 caffe_mobile.cpp:211] Forwarding time: 4994.33 ms.
09-03 16:07:25.911 3275-3275/com.sh1r0.caffe_android_demo I/MainActivity: elapsed wall time: 926 ms
09-03 16:07:25.931 3275-3275/com.sh1r0.caffe_android_demo D/ViewRootImpl: #3 mView = null
09-03 16:07:25.931 3275-3275/com.sh1r0.caffe_android_demo E/ViewRootImpl: sendUserActionEvent() mView == null
09-03 16:07:30.961 3275-3275/com.sh1r0.caffe_android_demo D/ViewRootImpl: ViewPostImeInputStage processPointer 0
09-03 16:07:31.041 3275-3275/com.sh1r0.caffe_android_demo D/ViewRootImpl: ViewPostImeInputStage processPointer 1
09-03 16:07:31.961 3275-3275/com.sh1r0.caffe_android_demo V/ActivityThread: updateVisibility : ActivityRecord{93368d5 token=android.os.BinderProxy@e7e9e0b {com.sh1r0.caffe_android_demo/com.sh1r0.caffe_android_demo.MainActivity}} show : false
Forwarding time:3333
elapsed wall time:3333
09-03 16:08:30.381 3275-3275/com.sh1r0.caffe_android_demo D/MainActivity: /storage/emulated/0/Pictures/Caffe-Android-Demo/IMG_20160903_160731.jpg
09-03 16:08:30.381 3275-3275/com.sh1r0.caffe_android_demo D/MainActivity: 2988
09-03 16:08:30.381 3275-3275/com.sh1r0.caffe_android_demo D/MainActivity: 5312
09-03 16:08:30.391 3275-3275/com.sh1r0.caffe_android_demo D/ViewRootImpl: #1 mView = com.android.internal.policy.PhoneWindow$DecorView{c6c1c02 V.E...... R.....I. 0,0-0,0}
09-03 16:08:30.431 3275-3667/com.sh1r0.caffe_android_demo D/mali_winsys: new_window_surface returns 0x3000,  [1336x648]-format:1
09-03 16:08:30.441 3275-3667/com.sh1r0.caffe_android_demo D/mali_winsys: new_window_surface returns 0x3000,  [1440x2560]-format:1
09-03 16:08:30.441 3275-3275/com.sh1r0.caffe_android_demo W/ActivityThread: AppLock checkAppLockState isAppLocked = false pkgName = com.sh1r0.caffe_android_demo showWhenLocked = false
09-03 16:08:30.441 3275-3275/com.sh1r0.caffe_android_demo D/ViewRootImpl: MSG_RESIZED_REPORT: ci=Rect(0, 0 - 0, 0) vi=Rect(0, 0 - 0, 0) or=1
09-03 16:08:30.451 3275-3275/com.sh1r0.caffe_android_demo W/DisplayListCanvas: DisplayListCanvas is started on unbinded RenderNode (without mOwningView)
09-03 16:08:30.481 3275-3275/com.sh1r0.caffe_android_demo I/Timeline: Timeline: Activity_idle id: android.os.BinderProxy@e7e9e0b time:137701934
09-03 16:08:30.491 3275-3275/com.sh1r0.caffe_android_demo D/ViewRootImpl: MSG_RESIZED: ci=Rect(0, 0 - 0, 0) vi=Rect(0, 0 - 0, 0) or=1
09-03 16:08:33.821 3275-13711/com.sh1r0.caffe_android_demo I/caffe_jni: I0903 16:08:33.822301 13711 caffe_mobile.cpp:211] Forwarding time: 13378.6 ms.
09-03 16:08:33.831 3275-3275/com.sh1r0.caffe_android_demo I/MainActivity: elapsed wall time: 3430 ms
09-03 16:08:33.871 3275-3275/com.sh1r0.caffe_android_demo D/ViewRootImpl: #3 mView = null
09-03 16:08:33.981 3275-3275/com.sh1r0.caffe_android_demo E/ViewRootImpl: sendUserActionEvent() mView == null
09-03 16:08:56.031 3275-3275/com.sh1r0.caffe_android_demo D/ViewRootImpl: ViewPostImeInputStage processPointer 0
09-03 16:08:56.121 3275-3275/com.sh1r0.caffe_android_demo D/ViewRootImpl: ViewPostImeInputStage processPointer 1
09-03 16:08:56.441 3275-3275/com.sh1r0.caffe_android_demo D/ViewRootImpl: ViewPostImeInputStage processPointer 0
09-03 16:08:56.541 3275-3275/com.sh1r0.caffe_android_demo D/ViewRootImpl: ViewPostImeInputStage processPointer 1
09-03 16:08:56.641 3275-3275/com.sh1r0.caffe_android_demo V/ActivityThread: updateVisibility : ActivityRecord{93368d5 token=android.os.BinderProxy@e7e9e0b {com.sh1r0.caffe_android_demo/com.sh1r0.caffe_android_demo.MainActivity}} show : false
09-03 16:09:26.941 3275-3275/com.sh1r0.caffe_android_demo D/MainActivity: /storage/emulated/0/DCIM/Camera/test/Elephant/526.jpg
09-03 16:09:26.941 3275-3275/com.sh1r0.caffe_android_demo D/MainActivity: 384
09-03 16:09:26.941 3275-3275/com.sh1r0.caffe_android_demo D/MainActivity: 256
09-03 16:09:26.951 3275-3275/com.sh1r0.caffe_android_demo D/ViewRootImpl: #1 mView = com.android.internal.policy.PhoneWindow$DecorView{f2d295a V.E...... R.....I. 0,0-0,0}
09-03 16:09:26.991 3275-3667/com.sh1r0.caffe_android_demo D/mali_winsys: new_window_surface returns 0x3000,  [1336x648]-format:1
09-03 16:09:27.001 3275-3667/com.sh1r0.caffe_android_demo D/mali_winsys: new_window_surface returns 0x3000,  [1440x2560]-format:1
09-03 16:09:27.011 3275-3275/com.sh1r0.caffe_android_demo W/ActivityThread: AppLock checkAppLockState isAppLocked = false pkgName = com.sh1r0.caffe_android_demo showWhenLocked = false
09-03 16:09:27.021 3275-3275/com.sh1r0.caffe_android_demo W/DisplayListCanvas: DisplayListCanvas is started on unbinded RenderNode (without mOwningView)
09-03 16:09:27.141 3275-3275/com.sh1r0.caffe_android_demo D/ViewRootImpl: MSG_RESIZED_REPORT: ci=Rect(0, 0 - 0, 0) vi=Rect(0, 0 - 0, 0) or=1
09-03 16:09:27.151 3275-3275/com.sh1r0.caffe_android_demo D/ViewRootImpl: MSG_RESIZED: ci=Rect(0, 0 - 0, 0) vi=Rect(0, 0 - 0, 0) or=1
09-03 16:09:27.171 3275-3275/com.sh1r0.caffe_android_demo I/Timeline: Timeline: Activity_idle id: android.os.BinderProxy@e7e9e0b time:137758623
09-03 16:09:28.141 3275-4562/com.sh1r0.caffe_android_demo I/caffe_jni: I0903 16:09:28.142000  4562 caffe_mobile.cpp:211] Forwarding time: 6215.32 ms.
09-03 16:09:28.141 3275-3275/com.sh1r0.caffe_android_demo I/MainActivity: elapsed wall time: 1174 ms
09-03 16:09:28.161 3275-3275/com.sh1r0.caffe_android_demo D/ViewRootImpl: #3 mView = null
09-03 16:09:28.161 3275-3275/com.sh1r0.caffe_android_demo E/ViewRootImpl: sendUserActionEvent() mView == null
09-03 16:09:28.831 3275-3275/com.sh1r0.caffe_android_demo D/ViewRootImpl: ViewPostImeInputStage processPointer 0
09-03 16:09:28.891 3275-3275/com.sh1r0.caffe_android_demo D/ViewRootImpl: ViewPostImeInputStage processPointer 1
09-03 16:09:28.981 3275-3275/com.sh1r0.caffe_android_demo V/ActivityThread: updateVisibility : ActivityRecord{93368d5 token=android.os.BinderProxy@e7e9e0b {com.sh1r0.caffe_android_demo/com.sh1r0.caffe_android_demo.MainActivity}} show : false
09-03 16:10:11.611 3275-3275/com.sh1r0.caffe_android_demo D/MainActivity: /storage/emulated/0/DCIM/Camera/test/Elephant/525.jpg
09-03 16:10:11.611 3275-3275/com.sh1r0.caffe_android_demo D/MainActivity: 256
09-03 16:10:11.611 3275-3275/com.sh1r0.caffe_android_demo D/MainActivity: 384
09-03 16:10:11.621 3275-3275/com.sh1r0.caffe_android_demo D/ViewRootImpl: #1 mView = com.android.internal.policy.PhoneWindow$DecorView{10ca480 V.E...... R.....I. 0,0-0,0}
09-03 16:10:11.651 3275-3667/com.sh1r0.caffe_android_demo D/mali_winsys: new_window_surface returns 0x3000,  [1336x648]-format:1
09-03 16:10:11.661 3275-3667/com.sh1r0.caffe_android_demo D/mali_winsys: new_window_surface returns 0x3000,  [1440x2560]-format:1
09-03 16:10:11.671 3275-3275/com.sh1r0.caffe_android_demo W/ActivityThread: AppLock checkAppLockState isAppLocked = false pkgName = com.sh1r0.caffe_android_demo showWhenLocked = false
09-03 16:10:11.671 3275-3275/com.sh1r0.caffe_android_demo W/DisplayListCanvas: DisplayListCanvas is started on unbinded RenderNode (without mOwningView)
09-03 16:10:11.701 3275-3275/com.sh1r0.caffe_android_demo D/ViewRootImpl: MSG_RESIZED_REPORT: ci=Rect(0, 0 - 0, 0) vi=Rect(0, 0 - 0, 0) or=1
09-03 16:10:11.721 3275-3275/com.sh1r0.caffe_android_demo D/ViewRootImpl: MSG_RESIZED: ci=Rect(0, 0 - 0, 0) vi=Rect(0, 0 - 0, 0) or=1
09-03 16:10:11.731 3275-3275/com.sh1r0.caffe_android_demo I/Timeline: Timeline: Activity_idle id: android.os.BinderProxy@e7e9e0b time:137803181
09-03 16:10:12.461 3275-7406/com.sh1r0.caffe_android_demo I/caffe_jni: I0903 16:10:12.461958  7406 caffe_mobile.cpp:211] Forwarding time: 4459.07 ms.
09-03 16:10:12.461 3275-3275/com.sh1r0.caffe_android_demo I/MainActivity: elapsed wall time: 835 ms
09-03 16:10:12.471 3275-3275/com.sh1r0.caffe_android_demo D/ViewRootImpl: #3 mView = null
09-03 16:10:12.471 3275-3275/com.sh1r0.caffe_android_demo E/ViewRootImpl: sendUserActionEvent() mView == null
09-03 16:10:16.021 3275-3275/com.sh1r0.caffe_android_demo D/ViewRootImpl: ViewPostImeInputStage processPointer 0
09-03 16:10:16.101 3275-3275/com.sh1r0.caffe_android_demo D/ViewRootImpl: ViewPostImeInputStage processPointer 1
09-03 16:10:16.181 3275-3275/com.sh1r0.caffe_android_demo V/ActivityThread: updateVisibility : ActivityRecord{93368d5 token=android.os.BinderProxy@e7e9e0b {com.sh1r0.caffe_android_demo/com.sh1r0.caffe_android_demo.MainActivity}} show : false
09-03 16:10:26.711 3275-3275/com.sh1r0.caffe_android_demo D/MainActivity: /storage/emulated/0/DCIM/Camera/test/Elephant/524.jpg
09-03 16:10:26.711 3275-3275/com.sh1r0.caffe_android_demo D/MainActivity: 384
09-03 16:10:26.711 3275-3275/com.sh1r0.caffe_android_demo D/MainActivity: 256
09-03 16:10:26.721 3275-3275/com.sh1r0.caffe_android_demo D/ViewRootImpl: #1 mView = com.android.internal.policy.PhoneWindow$DecorView{58a8398 V.E...... R.....I. 0,0-0,0}
09-03 16:10:26.751 3275-3667/com.sh1r0.caffe_android_demo D/mali_winsys: new_window_surface returns 0x3000,  [1336x648]-format:1
09-03 16:10:26.771 3275-3667/com.sh1r0.caffe_android_demo D/mali_winsys: new_window_surface returns 0x3000,  [1440x2560]-format:1
09-03 16:10:26.791 3275-3275/com.sh1r0.caffe_android_demo W/ActivityThread: AppLock checkAppLockState isAppLocked = false pkgName = com.sh1r0.caffe_android_demo showWhenLocked = false
09-03 16:10:26.791 3275-3275/com.sh1r0.caffe_android_demo W/DisplayListCanvas: DisplayListCanvas is started on unbinded RenderNode (without mOwningView)
09-03 16:10:26.811 3275-3275/com.sh1r0.caffe_android_demo D/ViewRootImpl: MSG_RESIZED_REPORT: ci=Rect(0, 0 - 0, 0) vi=Rect(0, 0 - 0, 0) or=1
09-03 16:10:26.811 3275-3275/com.sh1r0.caffe_android_demo D/ViewRootImpl: MSG_RESIZED: ci=Rect(0, 0 - 0, 0) vi=Rect(0, 0 - 0, 0) or=1
09-03 16:10:26.831 3275-3275/com.sh1r0.caffe_android_demo I/Timeline: Timeline: Activity_idle id: android.os.BinderProxy@e7e9e0b time:137818281
09-03 16:10:27.771 3275-7623/com.sh1r0.caffe_android_demo I/caffe_jni: I0903 16:10:27.772755  7623 caffe_mobile.cpp:211] Forwarding time: 5700.2 ms.
09-03 16:10:27.771 3275-3275/com.sh1r0.caffe_android_demo I/MainActivity: elapsed wall time: 1047 ms
09-03 16:10:27.781 3275-3275/com.sh1r0.caffe_android_demo D/ViewRootImpl: #3 mView = null
09-03 16:10:27.791 3275-3275/com.sh1r0.caffe_android_demo E/ViewRootImpl: sendUserActionEvent() mView == null
09-03 16:10:31.671 3275-3275/com.sh1r0.caffe_android_demo D/ViewRootImpl: ViewPostImeInputStage processPointer 0
09-03 16:10:31.721 3275-3275/com.sh1r0.caffe_android_demo D/ViewRootImpl: ViewPostImeInputStage processPointer 1
09-03 16:10:31.821 3275-3275/com.sh1r0.caffe_android_demo V/ActivityThread: updateVisibility : ActivityRecord{93368d5 token=android.os.BinderProxy@e7e9e0b {com.sh1r0.caffe_android_demo/com.sh1r0.caffe_android_demo.MainActivity}} show : false
09-03 16:10:39.591 3275-3275/com.sh1r0.caffe_android_demo D/MainActivity: /storage/emulated/0/DCIM/Camera/test/Elephant/523.jpg
09-03 16:10:39.591 3275-3275/com.sh1r0.caffe_android_demo D/MainActivity: 256
09-03 16:10:39.591 3275-3275/com.sh1r0.caffe_android_demo D/MainActivity: 384
09-03 16:10:39.591 3275-3275/com.sh1r0.caffe_android_demo D/ViewRootImpl: #1 mView = com.android.internal.policy.PhoneWindow$DecorView{a1bb54f V.E...... R.....I. 0,0-0,0}
09-03 16:10:39.631 3275-3667/com.sh1r0.caffe_android_demo D/mali_winsys: new_window_surface returns 0x3000,  [1336x648]-format:1
09-03 16:10:39.651 3275-3667/com.sh1r0.caffe_android_demo D/mali_winsys: new_window_surface returns 0x3000,  [1440x2560]-format:1
09-03 16:10:39.661 3275-3275/com.sh1r0.caffe_android_demo W/ActivityThread: AppLock checkAppLockState isAppLocked = false pkgName = com.sh1r0.caffe_android_demo showWhenLocked = false
09-03 16:10:39.661 3275-3275/com.sh1r0.caffe_android_demo W/DisplayListCanvas: DisplayListCanvas is started on unbinded RenderNode (without mOwningView)
09-03 16:10:39.691 3275-3275/com.sh1r0.caffe_android_demo D/ViewRootImpl: MSG_RESIZED_REPORT: ci=Rect(0, 0 - 0, 0) vi=Rect(0, 0 - 0, 0) or=1
09-03 16:10:39.701 3275-3275/com.sh1r0.caffe_android_demo D/ViewRootImpl: MSG_RESIZED: ci=Rect(0, 0 - 0, 0) vi=Rect(0, 0 - 0, 0) or=1
09-03 16:10:39.711 3275-3275/com.sh1r0.caffe_android_demo I/Timeline: Timeline: Activity_idle id: android.os.BinderProxy@e7e9e0b time:137831161
09-03 16:10:40.481 3275-10058/com.sh1r0.caffe_android_demo I/caffe_jni: I0903 16:10:40.481910 10058 caffe_mobile.cpp:211] Forwarding time: 4658.89 ms.
09-03 16:10:40.481 3275-3275/com.sh1r0.caffe_android_demo I/MainActivity: elapsed wall time: 878 ms
09-03 16:10:40.481 3275-3275/com.sh1r0.caffe_android_demo D/ViewRootImpl: #3 mView = null
09-03 16:10:40.491 3275-3275/com.sh1r0.caffe_android_demo E/ViewRootImpl: sendUserActionEvent() mView == null
09-03 16:10:45.671 3275-3275/com.sh1r0.caffe_android_demo D/ViewRootImpl: ViewPostImeInputStage processPointer 0
09-03 16:10:45.731 3275-3275/com.sh1r0.caffe_android_demo D/ViewRootImpl: ViewPostImeInputStage processPointer 1
09-03 16:10:45.821 3275-3275/com.sh1r0.caffe_android_demo V/ActivityThread: updateVisibility : ActivityRecord{93368d5 token=android.os.BinderProxy@e7e9e0b {com.sh1r0.caffe_android_demo/com.sh1r0.caffe_android_demo.MainActivity}} show : false
09-03 16:10:49.841 3275-3275/com.sh1r0.caffe_android_demo D/MainActivity: /storage/emulated/0/DCIM/Camera/test/Elephant/522.jpg
09-03 16:10:49.841 3275-3275/com.sh1r0.caffe_android_demo D/MainActivity: 256
09-03 16:10:49.841 3275-3275/com.sh1r0.caffe_android_demo D/MainActivity: 384
09-03 16:10:49.851 3275-3275/com.sh1r0.caffe_android_demo D/ViewRootImpl: #1 mView = com.android.internal.policy.PhoneWindow$DecorView{b5b8a86 V.E...... R.....I. 0,0-0,0}
09-03 16:10:49.901 3275-3667/com.sh1r0.caffe_android_demo D/mali_winsys: new_window_surface returns 0x3000,  [1336x648]-format:1
09-03 16:10:49.921 3275-3667/com.sh1r0.caffe_android_demo D/mali_winsys: new_window_surface returns 0x3000,  [1440x2560]-format:1
09-03 16:10:49.931 3275-3275/com.sh1r0.caffe_android_demo W/DisplayListCanvas: DisplayListCanvas is started on unbinded RenderNode (without mOwningView)
09-03 16:10:49.931 3275-3275/com.sh1r0.caffe_android_demo W/ActivityThread: AppLock checkAppLockState isAppLocked = false pkgName = com.sh1r0.caffe_android_demo showWhenLocked = false
09-03 16:10:49.961 3275-3275/com.sh1r0.caffe_android_demo D/ViewRootImpl: MSG_RESIZED_REPORT: ci=Rect(0, 0 - 0, 0) vi=Rect(0, 0 - 0, 0) or=1
09-03 16:10:49.971 3275-3275/com.sh1r0.caffe_android_demo D/ViewRootImpl: MSG_RESIZED: ci=Rect(0, 0 - 0, 0) vi=Rect(0, 0 - 0, 0) or=1
09-03 16:10:49.981 3275-3275/com.sh1r0.caffe_android_demo I/Timeline: Timeline: Activity_idle id: android.os.BinderProxy@e7e9e0b time:137841431
09-03 16:10:50.781 3275-10686/com.sh1r0.caffe_android_demo I/caffe_jni: I0903 16:10:50.782255 10686 caffe_mobile.cpp:211] Forwarding time: 4926.75 ms.
09-03 16:10:50.781 3275-3275/com.sh1r0.caffe_android_demo I/MainActivity: elapsed wall time: 919 ms
09-03 16:10:50.791 3275-3275/com.sh1r0.caffe_android_demo D/ViewRootImpl: #3 mView = null
09-03 16:10:50.801 3275-3275/com.sh1r0.caffe_android_demo E/ViewRootImpl: sendUserActionEvent() mView == null
09-03 16:10:53.501 3275-3275/com.sh1r0.caffe_android_demo D/ViewRootImpl: ViewPostImeInputStage processPointer 0
09-03 16:10:53.561 3275-3275/com.sh1r0.caffe_android_demo D/ViewRootImpl: ViewPostImeInputStage processPointer 1
09-03 16:10:53.651 3275-3275/com.sh1r0.caffe_android_demo V/ActivityThread: updateVisibility : ActivityRecord{93368d5 token=android.os.BinderProxy@e7e9e0b {com.sh1r0.caffe_android_demo/com.sh1r0.caffe_android_demo.MainActivity}} show : false
09-03 16:10:56.531 3275-3275/com.sh1r0.caffe_android_demo D/MainActivity: /storage/emulated/0/DCIM/Camera/test/Elephant/521.jpg
09-03 16:10:56.531 3275-3275/com.sh1r0.caffe_android_demo D/MainActivity: 256
09-03 16:10:56.531 3275-3275/com.sh1r0.caffe_android_demo D/MainActivity: 384
09-03 16:10:56.541 3275-3275/com.sh1r0.caffe_android_demo D/ViewRootImpl: #1 mView = com.android.internal.policy.PhoneWindow$DecorView{51e8999 V.E...... R.....I. 0,0-0,0}
09-03 16:10:56.581 3275-3667/com.sh1r0.caffe_android_demo D/mali_winsys: new_window_surface returns 0x3000,  [1336x648]-format:1
09-03 16:10:56.591 3275-3667/com.sh1r0.caffe_android_demo D/mali_winsys: new_window_surface returns 0x3000,  [1440x2560]-format:1
09-03 16:10:56.611 3275-3275/com.sh1r0.caffe_android_demo W/ActivityThread: AppLock checkAppLockState isAppLocked = false pkgName = com.sh1r0.caffe_android_demo showWhenLocked = false
09-03 16:10:56.611 3275-3275/com.sh1r0.caffe_android_demo W/DisplayListCanvas: DisplayListCanvas is started on unbinded RenderNode (without mOwningView)
09-03 16:10:56.631 3275-3275/com.sh1r0.caffe_android_demo D/ViewRootImpl: MSG_RESIZED_REPORT: ci=Rect(0, 0 - 0, 0) vi=Rect(0, 0 - 0, 0) or=1
09-03 16:10:56.641 3275-3275/com.sh1r0.caffe_android_demo D/ViewRootImpl: MSG_RESIZED: ci=Rect(0, 0 - 0, 0) vi=Rect(0, 0 - 0, 0) or=1
09-03 16:10:56.661 3275-3275/com.sh1r0.caffe_android_demo I/Timeline: Timeline: Activity_idle id: android.os.BinderProxy@e7e9e0b time:137848112
09-03 16:10:57.491 3275-11256/com.sh1r0.caffe_android_demo I/caffe_jni: I0903 16:10:57.491945 11256 caffe_mobile.cpp:211] Forwarding time: 4760.91 ms.
09-03 16:10:57.491 3275-3275/com.sh1r0.caffe_android_demo I/MainActivity: elapsed wall time: 940 ms
09-03 16:10:57.501 3275-3275/com.sh1r0.caffe_android_demo D/ViewRootImpl: #3 mView = null
09-03 16:10:57.501 3275-3275/com.sh1r0.caffe_android_demo E/ViewRootImpl: sendUserActionEvent() mView == null
09-03 16:11:00.861 3275-3275/com.sh1r0.caffe_android_demo D/ViewRootImpl: ViewPostImeInputStage processPointer 0
09-03 16:11:00.931 3275-3275/com.sh1r0.caffe_android_demo D/ViewRootImpl: ViewPostImeInputStage processPointer 1
09-03 16:11:01.011 3275-3275/com.sh1r0.caffe_android_demo V/ActivityThread: updateVisibility : ActivityRecord{93368d5 token=android.os.BinderProxy@e7e9e0b {com.sh1r0.caffe_android_demo/com.sh1r0.caffe_android_demo.MainActivity}} show : false
09-03 16:11:04.971 3275-3275/com.sh1r0.caffe_android_demo D/MainActivity: /storage/emulated/0/DCIM/Camera/test/Elephant/520.jpg
09-03 16:11:04.971 3275-3275/com.sh1r0.caffe_android_demo D/MainActivity: 256
09-03 16:11:04.971 3275-3275/com.sh1r0.caffe_android_demo D/MainActivity: 384
09-03 16:11:04.981 3275-3275/com.sh1r0.caffe_android_demo D/ViewRootImpl: #1 mView = com.android.internal.policy.PhoneWindow$DecorView{e8fadf8 V.E...... R.....I. 0,0-0,0}
09-03 16:11:05.011 3275-3667/com.sh1r0.caffe_android_demo D/mali_winsys: new_window_surface returns 0x3000,  [1336x648]-format:1
09-03 16:11:05.021 3275-3667/com.sh1r0.caffe_android_demo D/mali_winsys: new_window_surface returns 0x3000,  [1440x2560]-format:1
09-03 16:11:05.031 3275-3275/com.sh1r0.caffe_android_demo W/ActivityThread: AppLock checkAppLockState isAppLocked = false pkgName = com.sh1r0.caffe_android_demo showWhenLocked = false
09-03 16:11:05.041 3275-3275/com.sh1r0.caffe_android_demo W/DisplayListCanvas: DisplayListCanvas is started on unbinded RenderNode (without mOwningView)
09-03 16:11:05.061 3275-3275/com.sh1r0.caffe_android_demo D/ViewRootImpl: MSG_RESIZED_REPORT: ci=Rect(0, 0 - 0, 0) vi=Rect(0, 0 - 0, 0) or=1
09-03 16:11:05.071 3275-3275/com.sh1r0.caffe_android_demo D/ViewRootImpl: MSG_RESIZED: ci=Rect(0, 0 - 0, 0) vi=Rect(0, 0 - 0, 0) or=1
09-03 16:11:05.091 3275-3275/com.sh1r0.caffe_android_demo I/Timeline: Timeline: Activity_idle id: android.os.BinderProxy@e7e9e0b time:137856544
09-03 16:11:05.831 3275-12960/com.sh1r0.caffe_android_demo I/caffe_jni: I0903 16:11:05.831888 12960 caffe_mobile.cpp:211] Forwarding time: 4320.61 ms.
09-03 16:11:05.831 3275-3275/com.sh1r0.caffe_android_demo I/MainActivity: elapsed wall time: 842 ms
09-03 16:11:05.841 3275-3275/com.sh1r0.caffe_android_demo D/ViewRootImpl: #3 mView = null
09-03 16:11:05.851 3275-3275/com.sh1r0.caffe_android_demo E/ViewRootImpl: sendUserActionEvent() mView == null
09-03 16:11:08.901 3275-3275/com.sh1r0.caffe_android_demo D/ViewRootImpl: ViewPostImeInputStage processPointer 0
09-03 16:11:08.981 3275-3275/com.sh1r0.caffe_android_demo D/ViewRootImpl: ViewPostImeInputStage processPointer 1
09-03 16:11:09.071 3275-3275/com.sh1r0.caffe_android_demo V/ActivityThread: updateVisibility : ActivityRecord{93368d5 token=android.os.BinderProxy@e7e9e0b {com.sh1r0.caffe_android_demo/com.sh1r0.caffe_android_demo.MainActivity}} show : false
09-03 16:11:15.621 3275-3275/com.sh1r0.caffe_android_demo D/MainActivity: /storage/emulated/0/DCIM/Camera/test/Elephant/519.jpg
09-03 16:11:15.621 3275-3275/com.sh1r0.caffe_android_demo D/MainActivity: 256
09-03 16:11:15.621 3275-3275/com.sh1r0.caffe_android_demo D/MainActivity: 384
09-03 16:11:15.631 3275-3275/com.sh1r0.caffe_android_demo D/ViewRootImpl: #1 mView = com.android.internal.policy.PhoneWindow$DecorView{cbfa10e V.E...... R.....I. 0,0-0,0}
09-03 16:11:15.661 3275-3667/com.sh1r0.caffe_android_demo D/mali_winsys: new_window_surface returns 0x3000,  [1336x648]-format:1
09-03 16:11:15.681 3275-3667/com.sh1r0.caffe_android_demo D/mali_winsys: new_window_surface returns 0x3000,  [1440x2560]-format:1
09-03 16:11:15.691 3275-3275/com.sh1r0.caffe_android_demo W/ActivityThread: AppLock checkAppLockState isAppLocked = false pkgName = com.sh1r0.caffe_android_demo showWhenLocked = false
