09-03 15:53:58.811 3275-3275/com.sh1r0.caffe_android_demo I/MainActivity: elapsed wall time: 794 ms
09-03 15:53:58.811 3275-3275/com.sh1r0.caffe_android_demo D/ViewRootImpl: #3 mView = null
09-03 15:53:58.821 3275-3275/com.sh1r0.caffe_android_demo E/ViewRootImpl: sendUserActionEvent() mView == null
09-03 15:54:00.821 3275-3275/com.sh1r0.caffe_android_demo D/ViewRootImpl: ViewPostImeInputStage processPointer 0
09-03 15:54:00.901 3275-3275/com.sh1r0.caffe_android_demo D/ViewRootImpl: ViewPostImeInputStage processPointer 1
09-03 15:54:01.521 3275-3275/com.sh1r0.caffe_android_demo D/ViewRootImpl: ViewPostImeInputStage processPointer 0
09-03 15:54:01.571 3275-3275/com.sh1r0.caffe_android_demo D/ViewRootImpl: ViewPostImeInputStage processPointer 1
09-03 15:54:01.651 3275-3275/com.sh1r0.caffe_android_demo V/ActivityThread: updateVisibility : ActivityRecord{93368d5 token=android.os.BinderProxy@e7e9e0b {com.sh1r0.caffe_android_demo/com.sh1r0.caffe_android_demo.MainActivity}} show : false
09-03 15:54:08.011 3275-3275/com.sh1r0.caffe_android_demo D/MainActivity: /storage/emulated/0/DCIM/Camera/test/Elephant/579.jpg
09-03 15:54:08.011 3275-3275/com.sh1r0.caffe_android_demo D/MainActivity: 256
09-03 15:54:08.011 3275-3275/com.sh1r0.caffe_android_demo D/MainActivity: 384
09-03 15:54:08.021 3275-3275/com.sh1r0.caffe_android_demo D/ViewRootImpl: #1 mView = com.android.internal.policy.PhoneWindow$DecorView{d5b4f27 V.E...... R.....I. 0,0-0,0}
09-03 15:54:08.051 3275-3667/com.sh1r0.caffe_android_demo D/mali_winsys: new_window_surface returns 0x3000,  [1336x648]-format:1
09-03 15:54:08.061 3275-3667/com.sh1r0.caffe_android_demo D/mali_winsys: new_window_surface returns 0x3000,  [1440x2560]-format:1
09-03 15:54:08.071 3275-3275/com.sh1r0.caffe_android_demo W/ActivityThread: AppLock checkAppLockState isAppLocked = false pkgName = com.sh1r0.caffe_android_demo showWhenLocked = false
09-03 15:54:08.081 3275-3275/com.sh1r0.caffe_android_demo W/DisplayListCanvas: DisplayListCanvas is started on unbinded RenderNode (without mOwningView)
09-03 15:54:08.101 3275-3275/com.sh1r0.caffe_android_demo D/ViewRootImpl: MSG_RESIZED_REPORT: ci=Rect(0, 0 - 0, 0) vi=Rect(0, 0 - 0, 0) or=1
09-03 15:54:08.111 3275-3275/com.sh1r0.caffe_android_demo D/ViewRootImpl: MSG_RESIZED: ci=Rect(0, 0 - 0, 0) vi=Rect(0, 0 - 0, 0) or=1
09-03 15:54:08.111 3275-3275/com.sh1r0.caffe_android_demo I/Timeline: Timeline: Activity_idle id: android.os.BinderProxy@e7e9e0b time:136839565
09-03 15:54:08.851 3275-4562/com.sh1r0.caffe_android_demo I/caffe_jni: I0903 15:54:08.851922  4562 caffe_mobile.cpp:211] Forwarding time: 4248.25 ms.
09-03 15:54:08.851 3275-3275/com.sh1r0.caffe_android_demo I/MainActivity: elapsed wall time: 826 ms
09-03 15:54:08.851 3275-3275/com.sh1r0.caffe_android_demo D/ViewRootImpl: #3 mView = null
09-03 15:54:08.861 3275-3275/com.sh1r0.caffe_android_demo E/ViewRootImpl: sendUserActionEvent() mView == null
09-03 15:54:12.191 3275-3275/com.sh1r0.caffe_android_demo D/ViewRootImpl: ViewPostImeInputStage processPointer 0
09-03 15:54:12.271 3275-3275/com.sh1r0.caffe_android_demo D/ViewRootImpl: ViewPostImeInputStage processPointer 1
09-03 15:54:12.361 3275-3275/com.sh1r0.caffe_android_demo V/ActivityThread: updateVisibility : ActivityRecord{93368d5 token=android.os.BinderProxy@e7e9e0b {com.sh1r0.caffe_android_demo/com.sh1r0.caffe_android_demo.MainActivity}} show : false
09-03 15:54:14.531 3275-3275/com.sh1r0.caffe_android_demo D/MainActivity: /storage/emulated/0/DCIM/Camera/test/Elephant/578.jpg
09-03 15:54:14.531 3275-3275/com.sh1r0.caffe_android_demo D/MainActivity: 256
09-03 15:54:14.531 3275-3275/com.sh1r0.caffe_android_demo D/MainActivity: 384
09-03 15:54:14.531 3275-3275/com.sh1r0.caffe_android_demo D/ViewRootImpl: #1 mView = com.android.internal.policy.PhoneWindow$DecorView{c3293be V.E...... R.....I. 0,0-0,0}
09-03 15:54:14.561 3275-3667/com.sh1r0.caffe_android_demo D/mali_winsys: new_window_surface returns 0x3000,  [1336x648]-format:1
09-03 15:54:14.581 3275-3667/com.sh1r0.caffe_android_demo D/mali_winsys: new_window_surface returns 0x3000,  [1440x2560]-format:1
09-03 15:54:14.601 3275-3275/com.sh1r0.caffe_android_demo W/ActivityThread: AppLock checkAppLockState isAppLocked = false pkgName = com.sh1r0.caffe_android_demo showWhenLocked = false
09-03 15:54:14.601 3275-3275/com.sh1r0.caffe_android_demo W/DisplayListCanvas: DisplayListCanvas is started on unbinded RenderNode (without mOwningView)
09-03 15:54:14.621 3275-3275/com.sh1r0.caffe_android_demo D/ViewRootImpl: MSG_RESIZED_REPORT: ci=Rect(0, 0 - 0, 0) vi=Rect(0, 0 - 0, 0) or=1
09-03 15:54:14.621 3275-3275/com.sh1r0.caffe_android_demo D/ViewRootImpl: MSG_RESIZED: ci=Rect(0, 0 - 0, 0) vi=Rect(0, 0 - 0, 0) or=1
09-03 15:54:14.631 3275-3275/com.sh1r0.caffe_android_demo I/Timeline: Timeline: Activity_idle id: android.os.BinderProxy@e7e9e0b time:136846087
09-03 15:54:15.431 3275-7406/com.sh1r0.caffe_android_demo I/caffe_jni: I0903 15:54:15.431848  7406 caffe_mobile.cpp:211] Forwarding time: 4465.01 ms.
09-03 15:54:15.431 3275-3275/com.sh1r0.caffe_android_demo I/MainActivity: elapsed wall time: 888 ms
09-03 15:54:15.431 3275-3275/com.sh1r0.caffe_android_demo D/ViewRootImpl: #3 mView = null
09-03 15:54:15.441 3275-3275/com.sh1r0.caffe_android_demo E/ViewRootImpl: sendUserActionEvent() mView == null
09-03 15:54:17.001 3275-3275/com.sh1r0.caffe_android_demo D/ViewRootImpl: ViewPostImeInputStage processPointer 0
09-03 15:54:17.091 3275-3275/com.sh1r0.caffe_android_demo D/ViewRootImpl: ViewPostImeInputStage processPointer 1
09-03 15:54:17.181 3275-3275/com.sh1r0.caffe_android_demo V/ActivityThread: updateVisibility : ActivityRecord{93368d5 token=android.os.BinderProxy@e7e9e0b {com.sh1r0.caffe_android_demo/com.sh1r0.caffe_android_demo.MainActivity}} show : false
09-03 15:54:19.491 3275-3275/com.sh1r0.caffe_android_demo D/MainActivity: /storage/emulated/0/DCIM/Camera/test/Elephant/577.jpg
09-03 15:54:19.491 3275-3275/com.sh1r0.caffe_android_demo D/MainActivity: 256
09-03 15:54:19.491 3275-3275/com.sh1r0.caffe_android_demo D/MainActivity: 384
09-03 15:54:19.501 3275-3275/com.sh1r0.caffe_android_demo D/ViewRootImpl: #1 mView = com.android.internal.policy.PhoneWindow$DecorView{1e6dfb1 V.E...... R.....I. 0,0-0,0}
09-03 15:54:19.531 3275-3667/com.sh1r0.caffe_android_demo D/mali_winsys: new_window_surface returns 0x3000,  [1336x648]-format:1
09-03 15:54:19.551 3275-3667/com.sh1r0.caffe_android_demo D/mali_winsys: new_window_surface returns 0x3000,  [1440x2560]-format:1
09-03 15:54:19.561 3275-3275/com.sh1r0.caffe_android_demo W/ActivityThread: AppLock checkAppLockState isAppLocked = false pkgName = com.sh1r0.caffe_android_demo showWhenLocked = false
09-03 15:54:19.561 3275-3275/com.sh1r0.caffe_android_demo W/DisplayListCanvas: DisplayListCanvas is started on unbinded RenderNode (without mOwningView)
09-03 15:54:19.591 3275-3275/com.sh1r0.caffe_android_demo D/ViewRootImpl: MSG_RESIZED_REPORT: ci=Rect(0, 0 - 0, 0) vi=Rect(0, 0 - 0, 0) or=1
09-03 15:54:19.601 3275-3275/com.sh1r0.caffe_android_demo D/ViewRootImpl: MSG_RESIZED: ci=Rect(0, 0 - 0, 0) vi=Rect(0, 0 - 0, 0) or=1
09-03 15:54:19.621 3275-3275/com.sh1r0.caffe_android_demo I/Timeline: Timeline: Activity_idle id: android.os.BinderProxy@e7e9e0b time:136851071
09-03 15:54:20.341 3275-7623/com.sh1r0.caffe_android_demo I/caffe_jni: I0903 15:54:20.342129  7623 caffe_mobile.cpp:211] Forwarding time: 4388.59 ms.
09-03 15:54:20.341 3275-3275/com.sh1r0.caffe_android_demo I/MainActivity: elapsed wall time: 832 ms
09-03 15:54:20.351 3275-3275/com.sh1r0.caffe_android_demo D/ViewRootImpl: #3 mView = null
09-03 15:54:20.361 3275-3275/com.sh1r0.caffe_android_demo E/ViewRootImpl: sendUserActionEvent() mView == null
09-03 15:54:38.711 3275-3275/com.sh1r0.caffe_android_demo D/ViewRootImpl: ViewPostImeInputStage processPointer 0
09-03 15:54:38.811 3275-3275/com.sh1r0.caffe_android_demo D/ViewRootImpl: ViewPostImeInputStage processPointer 1
09-03 15:54:39.281 3275-3275/com.sh1r0.caffe_android_demo D/ViewRootImpl: ViewPostImeInputStage processPointer 0
09-03 15:54:39.381 3275-3275/com.sh1r0.caffe_android_demo D/ViewRootImpl: ViewPostImeInputStage processPointer 1
09-03 15:54:39.461 3275-3275/com.sh1r0.caffe_android_demo V/ActivityThread: updateVisibility : ActivityRecord{93368d5 token=android.os.BinderProxy@e7e9e0b {com.sh1r0.caffe_android_demo/com.sh1r0.caffe_android_demo.MainActivity}} show : false
09-03 15:54:42.511 3275-3275/com.sh1r0.caffe_android_demo D/MainActivity: /storage/emulated/0/DCIM/Camera/test/Elephant/576.jpg
09-03 15:54:42.511 3275-3275/com.sh1r0.caffe_android_demo D/MainActivity: 256
09-03 15:54:42.511 3275-3275/com.sh1r0.caffe_android_demo D/MainActivity: 384
09-03 15:54:42.521 3275-3275/com.sh1r0.caffe_android_demo D/ViewRootImpl: #1 mView = com.android.internal.policy.PhoneWindow$DecorView{d5b2470 V.E...... R.....I. 0,0-0,0}
09-03 15:54:42.561 3275-3667/com.sh1r0.caffe_android_demo D/mali_winsys: new_window_surface returns 0x3000,  [1336x648]-format:1
09-03 15:54:42.571 3275-3667/com.sh1r0.caffe_android_demo D/mali_winsys: new_window_surface returns 0x3000,  [1440x2560]-format:1
09-03 15:54:42.581 3275-3275/com.sh1r0.caffe_android_demo W/ActivityThread: AppLock checkAppLockState isAppLocked = false pkgName = com.sh1r0.caffe_android_demo showWhenLocked = false
09-03 15:54:42.581 3275-3275/com.sh1r0.caffe_android_demo W/DisplayListCanvas: DisplayListCanvas is started on unbinded RenderNode (without mOwningView)
09-03 15:54:42.611 3275-3275/com.sh1r0.caffe_android_demo D/ViewRootImpl: MSG_RESIZED_REPORT: ci=Rect(0, 0 - 0, 0) vi=Rect(0, 0 - 0, 0) or=1
09-03 15:54:42.611 3275-3275/com.sh1r0.caffe_android_demo D/ViewRootImpl: MSG_RESIZED: ci=Rect(0, 0 - 0, 0) vi=Rect(0, 0 - 0, 0) or=1
09-03 15:54:42.621 3275-3275/com.sh1r0.caffe_android_demo I/Timeline: Timeline: Activity_idle id: android.os.BinderProxy@e7e9e0b time:136874079
09-03 15:54:43.271 3275-10058/com.sh1r0.caffe_android_demo I/caffe_jni: I0903 15:54:43.271908 10058 caffe_mobile.cpp:211] Forwarding time: 3808.9 ms.
09-03 15:54:43.271 3275-3275/com.sh1r0.caffe_android_demo I/MainActivity: elapsed wall time: 740 ms
09-03 15:54:43.271 3275-3275/com.sh1r0.caffe_android_demo D/ViewRootImpl: #3 mView = null
09-03 15:54:43.281 3275-3275/com.sh1r0.caffe_android_demo E/ViewRootImpl: sendUserActionEvent() mView == null
09-03 15:54:50.151 3275-3275/com.sh1r0.caffe_android_demo D/ViewRootImpl: ViewPostImeInputStage processPointer 0
09-03 15:54:50.231 3275-3275/com.sh1r0.caffe_android_demo D/ViewRootImpl: ViewPostImeInputStage processPointer 1
09-03 15:54:50.321 3275-3275/com.sh1r0.caffe_android_demo V/ActivityThread: updateVisibility : ActivityRecord{93368d5 token=android.os.BinderProxy@e7e9e0b {com.sh1r0.caffe_android_demo/com.sh1r0.caffe_android_demo.MainActivity}} show : false
09-03 15:54:56.371 3275-3275/com.sh1r0.caffe_android_demo D/MainActivity: /storage/emulated/0/DCIM/Camera/test/Elephant/575.jpg
09-03 15:54:56.371 3275-3275/com.sh1r0.caffe_android_demo D/MainActivity: 256
09-03 15:54:56.371 3275-3275/com.sh1r0.caffe_android_demo D/MainActivity: 384
09-03 15:54:56.381 3275-3275/com.sh1r0.caffe_android_demo D/ViewRootImpl: #1 mView = com.android.internal.policy.PhoneWindow$DecorView{a421746 V.E...... R.....I. 0,0-0,0}
09-03 15:54:56.411 3275-3667/com.sh1r0.caffe_android_demo D/mali_winsys: new_window_surface returns 0x3000,  [1336x648]-format:1
09-03 15:54:56.431 3275-3667/com.sh1r0.caffe_android_demo D/mali_winsys: new_window_surface returns 0x3000,  [1440x2560]-format:1
09-03 15:54:56.441 3275-3275/com.sh1r0.caffe_android_demo W/ActivityThread: AppLock checkAppLockState isAppLocked = false pkgName = com.sh1r0.caffe_android_demo showWhenLocked = false
09-03 15:54:56.441 3275-3275/com.sh1r0.caffe_android_demo W/DisplayListCanvas: DisplayListCanvas is started on unbinded RenderNode (without mOwningView)
09-03 15:54:56.481 3275-3275/com.sh1r0.caffe_android_demo D/ViewRootImpl: MSG_RESIZED_REPORT: ci=Rect(0, 0 - 0, 0) vi=Rect(0, 0 - 0, 0) or=1
09-03 15:54:56.481 3275-3275/com.sh1r0.caffe_android_demo D/ViewRootImpl: MSG_RESIZED: ci=Rect(0, 0 - 0, 0) vi=Rect(0, 0 - 0, 0) or=1
09-03 15:54:56.491 3275-3275/com.sh1r0.caffe_android_demo I/Timeline: Timeline: Activity_idle id: android.os.BinderProxy@e7e9e0b time:136887946
09-03 15:54:57.281 3275-10686/com.sh1r0.caffe_android_demo I/caffe_jni: I0903 15:54:57.281956 10686 caffe_mobile.cpp:211] Forwarding time: 4544.73 ms.
09-03 15:54:57.281 3275-3275/com.sh1r0.caffe_android_demo I/MainActivity: elapsed wall time: 892 ms
09-03 15:54:57.281 3275-3275/com.sh1r0.caffe_android_demo D/ViewRootImpl: #3 mView = null
09-03 15:54:57.281 3275-3275/com.sh1r0.caffe_android_demo E/ViewRootImpl: sendUserActionEvent() mView == null
09-03 15:54:59.351 3275-3275/com.sh1r0.caffe_android_demo D/ViewRootImpl: ViewPostImeInputStage processPointer 0
09-03 15:54:59.441 3275-3275/com.sh1r0.caffe_android_demo D/ViewRootImpl: ViewPostImeInputStage processPointer 1
09-03 15:54:59.521 3275-3275/com.sh1r0.caffe_android_demo V/ActivityThread: updateVisibility : ActivityRecord{93368d5 token=android.os.BinderProxy@e7e9e0b {com.sh1r0.caffe_android_demo/com.sh1r0.caffe_android_demo.MainActivity}} show : false
09-03 15:55:08.801 3275-3275/com.sh1r0.caffe_android_demo D/MainActivity: /storage/emulated/0/DCIM/Camera/test/Elephant/574.jpg
09-03 15:55:08.801 3275-3275/com.sh1r0.caffe_android_demo D/MainActivity: 384
09-03 15:55:08.801 3275-3275/com.sh1r0.caffe_android_demo D/MainActivity: 256
09-03 15:55:08.811 3275-3275/com.sh1r0.caffe_android_demo D/ViewRootImpl: #1 mView = com.android.internal.policy.PhoneWindow$DecorView{356c91e V.E...... R.....I. 0,0-0,0}
09-03 15:55:08.841 3275-3667/com.sh1r0.caffe_android_demo D/mali_winsys: new_window_surface returns 0x3000,  [1336x648]-format:1
09-03 15:55:08.851 3275-3667/com.sh1r0.caffe_android_demo D/mali_winsys: new_window_surface returns 0x3000,  [1440x2560]-format:1
09-03 15:55:08.871 3275-3275/com.sh1r0.caffe_android_demo W/ActivityThread: AppLock checkAppLockState isAppLocked = false pkgName = com.sh1r0.caffe_android_demo showWhenLocked = false
09-03 15:55:08.871 3275-3275/com.sh1r0.caffe_android_demo W/DisplayListCanvas: DisplayListCanvas is started on unbinded RenderNode (without mOwningView)
09-03 15:55:08.901 3275-3275/com.sh1r0.caffe_android_demo D/ViewRootImpl: MSG_RESIZED_REPORT: ci=Rect(0, 0 - 0, 0) vi=Rect(0, 0 - 0, 0) or=1
09-03 15:55:08.901 3275-3275/com.sh1r0.caffe_android_demo D/ViewRootImpl: MSG_RESIZED: ci=Rect(0, 0 - 0, 0) vi=Rect(0, 0 - 0, 0) or=1
09-03 15:55:08.921 3275-3275/com.sh1r0.caffe_android_demo I/Timeline: Timeline: Activity_idle id: android.os.BinderProxy@e7e9e0b time:136900378
09-03 15:55:09.661 3275-11256/com.sh1r0.caffe_android_demo I/caffe_jni: I0903 15:55:09.662104 11256 caffe_mobile.cpp:211] Forwarding time: 4391.55 ms.
09-03 15:55:09.661 3275-3275/com.sh1r0.caffe_android_demo I/MainActivity: elapsed wall time: 846 ms
09-03 15:55:09.661 3275-3275/com.sh1r0.caffe_android_demo D/ViewRootImpl: #3 mView = null
09-03 15:55:09.671 3275-3275/com.sh1r0.caffe_android_demo E/ViewRootImpl: sendUserActionEvent() mView == null
09-03 15:55:20.871 3275-3275/com.sh1r0.caffe_android_demo D/ViewRootImpl: ViewPostImeInputStage processPointer 0
09-03 15:55:20.971 3275-3275/com.sh1r0.caffe_android_demo D/ViewRootImpl: ViewPostImeInputStage processPointer 1
09-03 15:55:21.061 3275-3275/com.sh1r0.caffe_android_demo V/ActivityThread: updateVisibility : ActivityRecord{93368d5 token=android.os.BinderProxy@e7e9e0b {com.sh1r0.caffe_android_demo/com.sh1r0.caffe_android_demo.MainActivity}} show : false
09-03 15:55:28.091 3275-3275/com.sh1r0.caffe_android_demo D/MainActivity: /storage/emulated/0/DCIM/Camera/test/Elephant/573.jpg
09-03 15:55:28.091 3275-3275/com.sh1r0.caffe_android_demo D/MainActivity: 256
09-03 15:55:28.091 3275-3275/com.sh1r0.caffe_android_demo D/MainActivity: 384
09-03 15:55:28.101 3275-3275/com.sh1r0.caffe_android_demo D/ViewRootImpl: #1 mView = com.android.internal.policy.PhoneWindow$DecorView{b73becd V.E...... R.....I. 0,0-0,0}
09-03 15:55:28.141 3275-3667/com.sh1r0.caffe_android_demo D/mali_winsys: new_window_surface returns 0x3000,  [1336x648]-format:1
09-03 15:55:28.151 3275-3667/com.sh1r0.caffe_android_demo D/mali_winsys: new_window_surface returns 0x3000,  [1440x2560]-format:1
09-03 15:55:28.161 3275-3275/com.sh1r0.caffe_android_demo W/ActivityThread: AppLock checkAppLockState isAppLocked = false pkgName = com.sh1r0.caffe_android_demo showWhenLocked = false
09-03 15:55:28.161 3275-3275/com.sh1r0.caffe_android_demo W/DisplayListCanvas: DisplayListCanvas is started on unbinded RenderNode (without mOwningView)
09-03 15:55:28.191 3275-3275/com.sh1r0.caffe_android_demo D/ViewRootImpl: MSG_RESIZED_REPORT: ci=Rect(0, 0 - 0, 0) vi=Rect(0, 0 - 0, 0) or=1
09-03 15:55:28.211 3275-3275/com.sh1r0.caffe_android_demo D/ViewRootImpl: MSG_RESIZED: ci=Rect(0, 0 - 0, 0) vi=Rect(0, 0 - 0, 0) or=1
09-03 15:55:28.221 3275-3275/com.sh1r0.caffe_android_demo I/Timeline: Timeline: Activity_idle id: android.os.BinderProxy@e7e9e0b time:136919671
09-03 15:55:29.011 3275-12960/com.sh1r0.caffe_android_demo I/caffe_jni: I0903 15:55:29.011868 12960 caffe_mobile.cpp:211] Forwarding time: 4813.03 ms.
09-03 15:55:29.011 3275-3275/com.sh1r0.caffe_android_demo I/MainActivity: elapsed wall time: 899 ms
09-03 15:55:29.021 3275-3275/com.sh1r0.caffe_android_demo D/ViewRootImpl: #3 mView = null
09-03 15:55:29.031 3275-3275/com.sh1r0.caffe_android_demo E/ViewRootImpl: sendUserActionEvent() mView == null
09-03 15:55:37.181 3275-3275/com.sh1r0.caffe_android_demo D/ViewRootImpl: ViewPostImeInputStage processPointer 0
09-03 15:55:37.261 3275-3275/com.sh1r0.caffe_android_demo D/ViewRootImpl: ViewPostImeInputStage processPointer 1
09-03 15:55:37.351 3275-3275/com.sh1r0.caffe_android_demo V/ActivityThread: updateVisibility : ActivityRecord{93368d5 token=android.os.BinderProxy@e7e9e0b {com.sh1r0.caffe_android_demo/com.sh1r0.caffe_android_demo.MainActivity}} show : false
09-03 15:55:42.231 3275-3275/com.sh1r0.caffe_android_demo D/MainActivity: /storage/emulated/0/DCIM/Camera/test/Elephant/572.jpg
09-03 15:55:42.231 3275-3275/com.sh1r0.caffe_android_demo D/MainActivity: 256
09-03 15:55:42.231 3275-3275/com.sh1r0.caffe_android_demo D/MainActivity: 384
09-03 15:55:42.241 3275-3275/com.sh1r0.caffe_android_demo D/ViewRootImpl: #1 mView = com.android.internal.policy.PhoneWindow$DecorView{e3d93fc V.E...... R.....I. 0,0-0,0}
09-03 15:55:42.281 3275-3667/com.sh1r0.caffe_android_demo D/mali_winsys: new_window_surface returns 0x3000,  [1336x648]-format:1
09-03 15:55:42.291 3275-3667/com.sh1r0.caffe_android_demo D/mali_winsys: new_window_surface returns 0x3000,  [1440x2560]-format:1
09-03 15:55:42.311 3275-3275/com.sh1r0.caffe_android_demo W/ActivityThread: AppLock checkAppLockState isAppLocked = false pkgName = com.sh1r0.caffe_android_demo showWhenLocked = false
09-03 15:55:42.311 3275-3275/com.sh1r0.caffe_android_demo W/DisplayListCanvas: DisplayListCanvas is started on unbinded RenderNode (without mOwningView)
09-03 15:55:42.331 3275-3275/com.sh1r0.caffe_android_demo D/ViewRootImpl: MSG_RESIZED_REPORT: ci=Rect(0, 0 - 0, 0) vi=Rect(0, 0 - 0, 0) or=1
09-03 15:55:42.341 3275-3275/com.sh1r0.caffe_android_demo D/ViewRootImpl: MSG_RESIZED: ci=Rect(0, 0 - 0, 0) vi=Rect(0, 0 - 0, 0) or=1
09-03 15:55:42.351 3275-3275/com.sh1r0.caffe_android_demo I/Timeline: Timeline: Activity_idle id: android.os.BinderProxy@e7e9e0b time:136933809
09-03 15:55:43.171 3275-13358/com.sh1r0.caffe_android_demo I/caffe_jni: I0903 15:55:43.171854 13358 caffe_mobile.cpp:211] Forwarding time: 4748.31 ms.
09-03 15:55:43.171 3275-3275/com.sh1r0.caffe_android_demo I/MainActivity: elapsed wall time: 923 ms
09-03 15:55:43.181 3275-3275/com.sh1r0.caffe_android_demo D/ViewRootImpl: #3 mView = null
09-03 15:55:43.181 3275-3275/com.sh1r0.caffe_android_demo E/ViewRootImpl: sendUserActionEvent() mView == null
09-03 15:55:45.431 3275-3275/com.sh1r0.caffe_android_demo D/ViewRootImpl: ViewPostImeInputStage processPointer 0
09-03 15:55:45.481 3275-3275/com.sh1r0.caffe_android_demo D/ViewRootImpl: ViewPostImeInputStage processPointer 1
09-03 15:55:45.571 3275-3275/com.sh1r0.caffe_android_demo V/ActivityThread: updateVisibility : ActivityRecord{93368d5 token=android.os.BinderProxy@e7e9e0b {com.sh1r0.caffe_android_demo/com.sh1r0.caffe_android_demo.MainActivity}} show : false
09-03 15:56:01.561 3275-3275/com.sh1r0.caffe_android_demo D/MainActivity: /storage/emulated/0/DCIM/Camera/test/Elephant/571.jpg
09-03 15:56:01.561 3275-3275/com.sh1r0.caffe_android_demo D/MainActivity: 256
09-03 15:56:01.561 3275-3275/com.sh1r0.caffe_android_demo D/MainActivity: 384
09-03 15:56:01.571 3275-3275/com.sh1r0.caffe_android_demo D/ViewRootImpl: #1 mView = com.android.internal.policy.PhoneWindow$DecorView{fb53132 V.E...... R.....I. 0,0-0,0}
09-03 15:56:01.611 3275-3667/com.sh1r0.caffe_android_demo D/mali_winsys: new_window_surface returns 0x3000,  [1336x648]-format:1
09-03 15:56:01.621 3275-3667/com.sh1r0.caffe_android_demo D/mali_winsys: new_window_surface returns 0x3000,  [1440x2560]-format:1
09-03 15:56:01.641 3275-3275/com.sh1r0.caffe_android_demo W/ActivityThread: AppLock checkAppLockState isAppLocked = false pkgName = com.sh1r0.caffe_android_demo showWhenLocked = false
09-03 15:56:01.641 3275-3275/com.sh1r0.caffe_android_demo W/DisplayListCanvas: DisplayListCanvas is started on unbinded RenderNode (without mOwningView)
09-03 15:56:01.661 3275-3275/com.sh1r0.caffe_android_demo D/ViewRootImpl: MSG_RESIZED_REPORT: ci=Rect(0, 0 - 0, 0) vi=Rect(0, 0 - 0, 0) or=1
09-03 15:56:01.671 3275-3275/com.sh1r0.caffe_android_demo D/ViewRootImpl: MSG_RESIZED: ci=Rect(0, 0 - 0, 0) vi=Rect(0, 0 - 0, 0) or=1
09-03 15:56:01.671 3275-3275/com.sh1r0.caffe_android_demo I/Timeline: Timeline: Activity_idle id: android.os.BinderProxy@e7e9e0b time:136953128
09-03 15:56:02.451 3275-13711/com.sh1r0.caffe_android_demo I/caffe_jni: I0903 15:56:02.451807 13711 caffe_mobile.cpp:211] Forwarding time: 4702.2 ms.
09-03 15:56:02.451 3275-3275/com.sh1r0.caffe_android_demo I/MainActivity: elapsed wall time: 872 ms
09-03 15:56:02.461 3275-3275/com.sh1r0.caffe_android_demo D/ViewRootImpl: #3 mView = null
09-03 15:56:02.461 3275-3275/com.sh1r0.caffe_android_demo E/ViewRootImpl: sendUserActionEvent() mView == null
09-03 15:56:04.621 3275-3275/com.sh1r0.caffe_android_demo D/ViewRootImpl: ViewPostImeInputStage processPointer 0
09-03 15:56:04.731 3275-3275/com.sh1r0.caffe_android_demo D/ViewRootImpl: ViewPostImeInputStage processPointer 1
09-03 15:56:05.111 3275-3275/com.sh1r0.caffe_android_demo D/ViewRootImpl: ViewPostImeInputStage processPointer 0
09-03 15:56:05.211 3275-3275/com.sh1r0.caffe_android_demo D/ViewRootImpl: ViewPostImeInputStage processPointer 1
09-03 15:56:05.561 3275-3275/com.sh1r0.caffe_android_demo D/ViewRootImpl: ViewPostImeInputStage processPointer 0
09-03 15:56:05.681 3275-3275/com.sh1r0.caffe_android_demo D/ViewRootImpl: ViewPostImeInputStage processPointer 1
09-03 15:56:05.771 3275-3275/com.sh1r0.caffe_android_demo V/ActivityThread: updateVisibility : ActivityRecord{93368d5 token=android.os.BinderProxy@e7e9e0b {com.sh1r0.caffe_android_demo/com.sh1r0.caffe_android_demo.MainActivity}} show : false
09-03 15:56:11.801 3275-3275/com.sh1r0.caffe_android_demo D/MainActivity: /storage/emulated/0/DCIM/Camera/test/Elephant/570.jpg
09-03 15:56:11.811 3275-3275/com.sh1r0.caffe_android_demo D/MainActivity: 256
09-03 15:56:11.811 3275-3275/com.sh1r0.caffe_android_demo D/MainActivity: 384
09-03 15:56:11.811 3275-3275/com.sh1r0.caffe_android_demo D/ViewRootImpl: #1 mView = com.android.internal.policy.PhoneWindow$DecorView{f7db48a V.E...... R.....I. 0,0-0,0}
09-03 15:56:11.851 3275-3667/com.sh1r0.caffe_android_demo D/mali_winsys: new_window_surface returns 0x3000,  [1336x648]-format:1
09-03 15:56:11.861 3275-3667/com.sh1r0.caffe_android_demo D/mali_winsys: new_window_surface returns 0x3000,  [1440x2560]-format:1
09-03 15:56:11.871 3275-3275/com.sh1r0.caffe_android_demo W/ActivityThread: AppLock checkAppLockState isAppLocked = false pkgName = com.sh1r0.caffe_android_demo showWhenLocked = false
09-03 15:56:11.881 3275-3275/com.sh1r0.caffe_android_demo W/DisplayListCanvas: DisplayListCanvas is started on unbinded RenderNode (without mOwningView)
09-03 15:56:11.901 3275-3275/com.sh1r0.caffe_android_demo D/ViewRootImpl: MSG_RESIZED_REPORT: ci=Rect(0, 0 - 0, 0) vi=Rect(0, 0 - 0, 0) or=1
09-03 15:56:11.901 3275-3275/com.sh1r0.caffe_android_demo D/ViewRootImpl: MSG_RESIZED: ci=Rect(0, 0 - 0, 0) vi=Rect(0, 0 - 0, 0) or=1
09-03 15:56:11.911 3275-3275/com.sh1r0.caffe_android_demo I/Timeline: Timeline: Activity_idle id: android.os.BinderProxy@e7e9e0b time:136963367
09-03 15:56:12.661 3275-4562/com.sh1r0.caffe_android_demo I/caffe_jni: I0903 15:56:12.662122  4562 caffe_mobile.cpp:211] Forwarding time: 4241.97 ms.
09-03 15:56:12.661 3275-3275/com.sh1r0.caffe_android_demo I/MainActivity: elapsed wall time: 839 ms
09-03 15:56:12.671 3275-3275/com.sh1r0.caffe_android_demo D/ViewRootImpl: #3 mView = null
09-03 15:56:12.671 3275-3275/com.sh1r0.caffe_android_demo E/ViewRootImpl: sendUserActionEvent() mView == null
09-03 15:56:16.041 3275-3275/com.sh1r0.caffe_android_demo D/ViewRootImpl: ViewPostImeInputStage processPointer 0
09-03 15:56:16.141 3275-3275/com.sh1r0.caffe_android_demo D/ViewRootImpl: ViewPostImeInputStage processPointer 1
09-03 15:56:16.241 3275-3275/com.sh1r0.caffe_android_demo V/ActivityThread: updateVisibility : ActivityRecord{93368d5 token=android.os.BinderProxy@e7e9e0b {com.sh1r0.caffe_android_demo/com.sh1r0.caffe_android_demo.MainActivity}} show : false
09-03 15:56:20.931 3275-3275/com.sh1r0.caffe_android_demo D/MainActivity: /storage/emulated/0/DCIM/Camera/test/Elephant/569.jpg
09-03 15:56:20.931 3275-3275/com.sh1r0.caffe_android_demo D/MainActivity: 256
09-03 15:56:20.931 3275-3275/com.sh1r0.caffe_android_demo D/MainActivity: 384
09-03 15:56:20.941 3275-3275/com.sh1r0.caffe_android_demo D/ViewRootImpl: #1 mView = com.android.internal.policy.PhoneWindow$DecorView{c3ca7ad V.E...... R.....I. 0,0-0,0}
09-03 15:56:20.971 3275-3667/com.sh1r0.caffe_android_demo D/mali_winsys: new_window_surface returns 0x3000,  [1336x648]-format:1
09-03 15:56:20.981 3275-3667/com.sh1r0.caffe_android_demo D/mali_winsys: new_window_surface returns 0x3000,  [1440x2560]-format:1
09-03 15:56:20.991 3275-3275/com.sh1r0.caffe_android_demo W/ActivityThread: AppLock checkAppLockState isAppLocked = false pkgName = com.sh1r0.caffe_android_demo showWhenLocked = false
09-03 15:56:20.991 3275-3275/com.sh1r0.caffe_android_demo W/DisplayListCanvas: DisplayListCanvas is started on unbinded RenderNode (without mOwningView)
09-03 15:56:21.031 3275-3275/com.sh1r0.caffe_android_demo D/ViewRootImpl: MSG_RESIZED_REPORT: ci=Rect(0, 0 - 0, 0) vi=Rect(0, 0 - 0, 0) or=1
09-03 15:56:21.031 3275-3275/com.sh1r0.caffe_android_demo D/ViewRootImpl: MSG_RESIZED: ci=Rect(0, 0 - 0, 0) vi=Rect(0, 0 - 0, 0) or=1
09-03 15:56:21.051 3275-3275/com.sh1r0.caffe_android_demo I/Timeline: Timeline: Activity_idle id: android.os.BinderProxy@e7e9e0b time:136972503
09-03 15:56:21.991 3275-7406/com.sh1r0.caffe_android_demo I/caffe_jni: I0903 15:56:21.991960  7406 caffe_mobile.cpp:211] Forwarding time: 5508.75 ms.
09-03 15:56:21.991 3275-3275/com.sh1r0.caffe_android_demo I/MainActivity: elapsed wall time: 1047 ms
09-03 15:56:21.991 3275-3275/com.sh1r0.caffe_android_demo D/ViewRootImpl: #3 mView = null
09-03 15:56:22.001 3275-3275/com.sh1r0.caffe_android_demo E/ViewRootImpl: sendUserActionEvent() mView == null
09-03 15:56:24.351 3275-3275/com.sh1r0.caffe_android_demo D/ViewRootImpl: ViewPostImeInputStage processPointer 0
09-03 15:56:24.391 3275-3275/com.sh1r0.caffe_android_demo D/ViewRootImpl: ViewPostImeInputStage processPointer 1
09-03 15:56:24.471 3275-3275/com.sh1r0.caffe_android_demo V/ActivityThread: updateVisibility : ActivityRecord{93368d5 token=android.os.BinderProxy@e7e9e0b {com.sh1r0.caffe_android_demo/com.sh1r0.caffe_android_demo.MainActivity}} show : false
09-03 15:56:27.811 3275-3275/com.sh1r0.caffe_android_demo D/MainActivity: /storage/emulated/0/DCIM/Camera/test/Elephant/568.jpg
09-03 15:56:27.811 3275-3275/com.sh1r0.caffe_android_demo D/MainActivity: 256
09-03 15:56:27.811 3275-3275/com.sh1r0.caffe_android_demo D/MainActivity: 384
09-03 15:56:27.821 3275-3275/com.sh1r0.caffe_android_demo D/ViewRootImpl: #1 mView = com.android.internal.policy.PhoneWindow$DecorView{c0ac05c V.E...... R.....I. 0,0-0,0}
09-03 15:56:27.861 3275-3667/com.sh1r0.caffe_android_demo D/mali_winsys: new_window_surface returns 0x3000,  [1336x648]-format:1
09-03 15:56:27.871 3275-3667/com.sh1r0.caffe_android_demo D/mali_winsys: new_window_surface returns 0x3000,  [1440x2560]-format:1
09-03 15:56:27.881 3275-3275/com.sh1r0.caffe_android_demo W/ActivityThread: AppLock checkAppLockState isAppLocked = false pkgName = com.sh1r0.caffe_android_demo showWhenLocked = false
09-03 15:56:27.901 3275-3275/com.sh1r0.caffe_android_demo W/DisplayListCanvas: DisplayListCanvas is started on unbinded RenderNode (without mOwningView)
09-03 15:56:27.911 3275-3275/com.sh1r0.caffe_android_demo D/ViewRootImpl: MSG_RESIZED_REPORT: ci=Rect(0, 0 - 0, 0) vi=Rect(0, 0 - 0, 0) or=1
09-03 15:56:27.921 3275-3275/com.sh1r0.caffe_android_demo D/ViewRootImpl: MSG_RESIZED: ci=Rect(0, 0 - 0, 0) vi=Rect(0, 0 - 0, 0) or=1
09-03 15:56:27.941 3275-3275/com.sh1r0.caffe_android_demo I/Timeline: Timeline: Activity_idle id: android.os.BinderProxy@e7e9e0b time:136979391
09-03 15:56:28.691 3275-7623/com.sh1r0.caffe_android_demo I/caffe_jni: I0903 15:56:28.692065  7623 caffe_mobile.cpp:211] Forwarding time: 4394.83 ms.
09-03 15:56:28.691 3275-3275/com.sh1r0.caffe_android_demo I/MainActivity: elapsed wall time: 862 ms
09-03 15:56:28.691 3275-3275/com.sh1r0.caffe_android_demo D/ViewRootImpl: #3 mView = null
09-03 15:56:28.701 3275-3275/com.sh1r0.caffe_android_demo E/ViewRootImpl: sendUserActionEvent() mView == null
09-03 15:56:54.111 3275-3275/com.sh1r0.caffe_android_demo D/ViewRootImpl: ViewPostImeInputStage processPointer 0
09-03 15:56:54.181 3275-3275/com.sh1r0.caffe_android_demo D/ViewRootImpl: ViewPostImeInputStage processPointer 1
09-03 15:56:54.271 3275-3275/com.sh1r0.caffe_android_demo V/ActivityThread: updateVisibility : ActivityRecord{93368d5 token=android.os.BinderProxy@e7e9e0b {com.sh1r0.caffe_android_demo/com.sh1r0.caffe_android_demo.MainActivity}} show : false
09-03 15:56:58.431 3275-3275/com.sh1r0.caffe_android_demo D/MainActivity: /storage/emulated/0/DCIM/Camera/test/Elephant/567.jpg
09-03 15:56:58.431 3275-3275/com.sh1r0.caffe_android_demo D/MainActivity: 256
09-03 15:56:58.431 3275-3275/com.sh1r0.caffe_android_demo D/MainActivity: 384
09-03 15:56:58.451 3275-3275/com.sh1r0.caffe_android_demo D/ViewRootImpl: #1 mView = com.android.internal.policy.PhoneWindow$DecorView{e4cf8c7 V.E...... R.....I. 0,0-0,0}
09-03 15:56:58.471 3275-3667/com.sh1r0.caffe_android_demo D/mali_winsys: new_window_surface returns 0x3000,  [1336x648]-format:1
09-03 15:56:58.481 3275-3667/com.sh1r0.caffe_android_demo D/mali_winsys: new_window_surface returns 0x3000,  [1440x2560]-format:1
09-03 15:56:58.491 3275-3275/com.sh1r0.caffe_android_demo W/ActivityThread: AppLock checkAppLockState isAppLocked = false pkgName = com.sh1r0.caffe_android_demo showWhenLocked = false
09-03 15:56:58.501 3275-3275/com.sh1r0.caffe_android_demo W/DisplayListCanvas: DisplayListCanvas is started on unbinded RenderNode (without mOwningView)
09-03 15:56:58.561 3275-3275/com.sh1r0.caffe_android_demo D/ViewRootImpl: MSG_RESIZED_REPORT: ci=Rect(0, 0 - 0, 0) vi=Rect(0, 0 - 0, 0) or=1
09-03 15:56:58.571 3275-3275/com.sh1r0.caffe_android_demo D/ViewRootImpl: MSG_RESIZED: ci=Rect(0, 0 - 0, 0) vi=Rect(0, 0 - 0, 0) or=1
09-03 15:56:58.581 3275-3275/com.sh1r0.caffe_android_demo I/Timeline: Timeline: Activity_idle id: android.os.BinderProxy@e7e9e0b time:137010032
09-03 15:56:59.261 3275-10058/com.sh1r0.caffe_android_demo I/caffe_jni: I0903 15:56:59.261817 10058 caffe_mobile.cpp:211] Forwarding time: 4243.05 ms.
09-03 15:56:59.261 3275-3275/com.sh1r0.caffe_android_demo I/MainActivity: elapsed wall time: 803 ms
09-03 15:56:59.261 3275-3275/com.sh1r0.caffe_android_demo D/ViewRootImpl: #3 mView = null
09-03 15:56:59.271 3275-3275/com.sh1r0.caffe_android_demo E/ViewRootImpl: sendUserActionEvent() mView == null
09-03 15:57:07.281 3275-3275/com.sh1r0.caffe_android_demo D/ViewRootImpl: ViewPostImeInputStage processPointer 0
09-03 15:57:07.371 3275-3275/com.sh1r0.caffe_android_demo D/ViewRootImpl: ViewPostImeInputStage processPointer 1
09-03 15:57:07.451 3275-3275/com.sh1r0.caffe_android_demo V/ActivityThread: updateVisibility : ActivityRecord{93368d5 token=android.os.BinderProxy@e7e9e0b {com.sh1r0.caffe_android_demo/com.sh1r0.caffe_android_demo.MainActivity}} show : false
09-03 15:57:11.001 3275-3275/com.sh1r0.caffe_android_demo D/MainActivity: /storage/emulated/0/DCIM/Camera/test/Elephant/566.jpg
09-03 15:57:11.001 3275-3275/com.sh1r0.caffe_android_demo D/MainActivity: 256
09-03 15:57:11.001 3275-3275/com.sh1r0.caffe_android_demo D/MainActivity: 384
09-03 15:57:11.001 3275-3275/com.sh1r0.caffe_android_demo D/ViewRootImpl: #1 mView = com.android.internal.policy.PhoneWindow$DecorView{909c3de V.E...... R.....I. 0,0-0,0}
09-03 15:57:11.041 3275-3667/com.sh1r0.caffe_android_demo D/mali_winsys: new_window_surface returns 0x3000,  [1336x648]-format:1
09-03 15:57:11.051 3275-3667/com.sh1r0.caffe_android_demo D/mali_winsys: new_window_surface returns 0x3000,  [1440x2560]-format:1
09-03 15:57:11.071 3275-3275/com.sh1r0.caffe_android_demo W/ActivityThread: AppLock checkAppLockState isAppLocked = false pkgName = com.sh1r0.caffe_android_demo showWhenLocked = false
09-03 15:57:11.081 3275-3275/com.sh1r0.caffe_android_demo W/DisplayListCanvas: DisplayListCanvas is started on unbinded RenderNode (without mOwningView)
09-03 15:57:11.091 3275-3275/com.sh1r0.caffe_android_demo D/ViewRootImpl: MSG_RESIZED_REPORT: ci=Rect(0, 0 - 0, 0) vi=Rect(0, 0 - 0, 0) or=1
09-03 15:57:11.101 3275-3275/com.sh1r0.caffe_android_demo D/ViewRootImpl: MSG_RESIZED: ci=Rect(0, 0 - 0, 0) vi=Rect(0, 0 - 0, 0) or=1
09-03 15:57:11.101 3275-3275/com.sh1r0.caffe_android_demo I/Timeline: Timeline: Activity_idle id: android.os.BinderProxy@e7e9e0b time:137022559
09-03 15:57:11.741 3275-10686/com.sh1r0.caffe_android_demo I/caffe_jni: I0903 15:57:11.742097 10686 caffe_mobile.cpp:211] Forwarding time: 3795.12 ms.
09-03 15:57:11.741 3275-3275/com.sh1r0.caffe_android_demo I/MainActivity: elapsed wall time: 730 ms
09-03 15:57:11.741 3275-3275/com.sh1r0.caffe_android_demo D/ViewRootImpl: #3 mView = null
09-03 15:57:11.751 3275-3275/com.sh1r0.caffe_android_demo E/ViewRootImpl: sendUserActionEvent() mView == null
09-03 15:57:21.741 3275-3275/com.sh1r0.caffe_android_demo D/ViewRootImpl: ViewPostImeInputStage processPointer 0
09-03 15:57:21.811 3275-3275/com.sh1r0.caffe_android_demo D/ViewRootImpl: ViewPostImeInputStage processPointer 1
09-03 15:57:21.901 3275-3275/com.sh1r0.caffe_android_demo V/ActivityThread: updateVisibility : ActivityRecord{93368d5 token=android.os.BinderProxy@e7e9e0b {com.sh1r0.caffe_android_demo/com.sh1r0.caffe_android_demo.MainActivity}} show : false
09-03 15:57:28.161 3275-3275/com.sh1r0.caffe_android_demo D/MainActivity: /storage/emulated/0/DCIM/Camera/test/Elephant/565.jpg
09-03 15:57:28.161 3275-3275/com.sh1r0.caffe_android_demo D/MainActivity: 256
09-03 15:57:28.161 3275-3275/com.sh1r0.caffe_android_demo D/MainActivity: 384
09-03 15:57:28.171 3275-3275/com.sh1r0.caffe_android_demo D/ViewRootImpl: #1 mView = com.android.internal.policy.PhoneWindow$DecorView{beb808d V.E...... R.....I. 0,0-0,0}
09-03 15:57:28.201 3275-3667/com.sh1r0.caffe_android_demo D/mali_winsys: new_window_surface returns 0x3000,  [1336x648]-format:1
09-03 15:57:28.221 3275-3667/com.sh1r0.caffe_android_demo D/mali_winsys: new_window_surface returns 0x3000,  [1440x2560]-format:1
09-03 15:57:28.231 3275-3275/com.sh1r0.caffe_android_demo W/ActivityThread: AppLock checkAppLockState isAppLocked = false pkgName = com.sh1r0.caffe_android_demo showWhenLocked = false
09-03 15:57:28.231 3275-3275/com.sh1r0.caffe_android_demo W/DisplayListCanvas: DisplayListCanvas is started on unbinded RenderNode (without mOwningView)
09-03 15:57:28.261 3275-3275/com.sh1r0.caffe_android_demo D/ViewRootImpl: MSG_RESIZED_REPORT: ci=Rect(0, 0 - 0, 0) vi=Rect(0, 0 - 0, 0) or=1
09-03 15:57:28.281 3275-3275/com.sh1r0.caffe_android_demo D/ViewRootImpl: MSG_RESIZED: ci=Rect(0, 0 - 0, 0) vi=Rect(0, 0 - 0, 0) or=1
09-03 15:57:28.291 3275-3275/com.sh1r0.caffe_android_demo I/Timeline: Timeline: Activity_idle id: android.os.BinderProxy@e7e9e0b time:137039744
09-03 15:57:29.211 3275-11256/com.sh1r0.caffe_android_demo I/caffe_jni: I0903 15:57:29.211860 11256 caffe_mobile.cpp:211] Forwarding time: 5652.04 ms.
09-03 15:57:29.211 3275-3275/com.sh1r0.caffe_android_demo I/MainActivity: elapsed wall time: 1032 ms
09-03 15:57:29.211 3275-3275/com.sh1r0.caffe_android_demo D/ViewRootImpl: #3 mView = null
09-03 15:57:29.221 3275-3275/com.sh1r0.caffe_android_demo E/ViewRootImpl: sendUserActionEvent() mView == null
09-03 15:57:31.951 3275-3275/com.sh1r0.caffe_android_demo D/ViewRootImpl: ViewPostImeInputStage processPointer 0
09-03 15:57:32.001 3275-3275/com.sh1r0.caffe_android_demo D/ViewRootImpl: ViewPostImeInputStage processPointer 1
09-03 15:57:32.091 3275-3275/com.sh1r0.caffe_android_demo V/ActivityThread: updateVisibility : ActivityRecord{93368d5 token=android.os.BinderProxy@e7e9e0b {com.sh1r0.caffe_android_demo/com.sh1r0.caffe_android_demo.MainActivity}} show : false
09-03 15:57:37.921 3275-3275/com.sh1r0.caffe_android_demo D/MainActivity: /storage/emulated/0/DCIM/Camera/test/Elephant/564.jpg
09-03 15:57:37.921 3275-3275/com.sh1r0.caffe_android_demo D/MainActivity: 256
09-03 15:57:37.921 3275-3275/com.sh1r0.caffe_android_demo D/MainActivity: 384
09-03 15:57:37.931 3275-3275/com.sh1r0.caffe_android_demo D/ViewRootImpl: #1 mView = com.android.internal.policy.PhoneWindow$DecorView{82d3445 V.E...... R.....I. 0,0-0,0}
09-03 15:57:37.961 3275-3667/com.sh1r0.caffe_android_demo D/mali_winsys: new_window_surface returns 0x3000,  [1336x648]-format:1
09-03 15:57:37.971 3275-3667/com.sh1r0.caffe_android_demo D/mali_winsys: new_window_surface returns 0x3000,  [1440x2560]-format:1
09-03 15:57:37.991 3275-3275/com.sh1r0.caffe_android_demo W/ActivityThread: AppLock checkAppLockState isAppLocked = false pkgName = com.sh1r0.caffe_android_demo showWhenLocked = false
09-03 15:57:37.991 3275-3275/com.sh1r0.caffe_android_demo W/DisplayListCanvas: DisplayListCanvas is started on unbinded RenderNode (without mOwningView)
09-03 15:57:38.011 3275-3275/com.sh1r0.caffe_android_demo D/ViewRootImpl: MSG_RESIZED_REPORT: ci=Rect(0, 0 - 0, 0) vi=Rect(0, 0 - 0, 0) or=1
09-03 15:57:38.021 3275-3275/com.sh1r0.caffe_android_demo D/ViewRootImpl: MSG_RESIZED: ci=Rect(0, 0 - 0, 0) vi=Rect(0, 0 - 0, 0) or=1
09-03 15:57:38.031 3275-3275/com.sh1r0.caffe_android_demo I/Timeline: Timeline: Activity_idle id: android.os.BinderProxy@e7e9e0b time:137049485
09-03 15:57:38.811 3275-12960/com.sh1r0.caffe_android_demo I/caffe_jni: I0903 15:57:38.811801 12960 caffe_mobile.cpp:211] Forwarding time: 4601.74 ms.
09-03 15:57:38.811 3275-3275/com.sh1r0.caffe_android_demo I/MainActivity: elapsed wall time: 870 ms
09-03 15:57:38.821 3275-3275/com.sh1r0.caffe_android_demo D/ViewRootImpl: #3 mView = null
09-03 15:57:38.821 3275-3275/com.sh1r0.caffe_android_demo E/ViewRootImpl: sendUserActionEvent() mView == null
09-03 15:57:45.271 3275-3275/com.sh1r0.caffe_android_demo D/ViewRootImpl: ViewPostImeInputStage processPointer 0
09-03 15:57:45.341 3275-3275/com.sh1r0.caffe_android_demo D/ViewRootImpl: ViewPostImeInputStage processPointer 1
09-03 15:57:45.431 3275-3275/com.sh1r0.caffe_android_demo V/ActivityThread: updateVisibility : ActivityRecord{93368d5 token=android.os.BinderProxy@e7e9e0b {com.sh1r0.caffe_android_demo/com.sh1r0.caffe_android_demo.MainActivity}} show : false
09-03 15:57:49.471 3275-3275/com.sh1r0.caffe_android_demo D/MainActivity: /storage/emulated/0/DCIM/Camera/test/Elephant/563.jpg
09-03 15:57:49.471 3275-3275/com.sh1r0.caffe_android_demo D/MainActivity: 256
09-03 15:57:49.471 3275-3275/com.sh1r0.caffe_android_demo D/MainActivity: 384
09-03 15:57:49.481 3275-3275/com.sh1r0.caffe_android_demo D/ViewRootImpl: #1 mView = com.android.internal.policy.PhoneWindow$DecorView{8cac754 V.E...... R.....I. 0,0-0,0}
09-03 15:57:49.511 3275-3667/com.sh1r0.caffe_android_demo D/mali_winsys: new_window_surface returns 0x3000,  [1336x648]-format:1
09-03 15:57:49.531 3275-3667/com.sh1r0.caffe_android_demo D/mali_winsys: new_window_surface returns 0x3000,  [1440x2560]-format:1
09-03 15:57:49.541 3275-3275/com.sh1r0.caffe_android_demo W/ActivityThread: AppLock checkAppLockState isAppLocked = false pkgName = com.sh1r0.caffe_android_demo showWhenLocked = false
09-03 15:57:49.541 3275-3275/com.sh1r0.caffe_android_demo W/DisplayListCanvas: DisplayListCanvas is started on unbinded RenderNode (without mOwningView)
09-03 15:57:49.561 3275-3275/com.sh1r0.caffe_android_demo D/ViewRootImpl: MSG_RESIZED_REPORT: ci=Rect(0, 0 - 0, 0) vi=Rect(0, 0 - 0, 0) or=1
09-03 15:57:49.561 3275-3275/com.sh1r0.caffe_android_demo D/ViewRootImpl: MSG_RESIZED: ci=Rect(0, 0 - 0, 0) vi=Rect(0, 0 - 0, 0) or=1
09-03 15:57:49.571 3275-3275/com.sh1r0.caffe_android_demo I/Timeline: Timeline: Activity_idle id: android.os.BinderProxy@e7e9e0b time:137061023
09-03 15:57:50.371 3275-13358/com.sh1r0.caffe_android_demo I/caffe_jni: I0903 15:57:50.372001 13358 caffe_mobile.cpp:211] Forwarding time: 4481.74 ms.
09-03 15:57:50.371 3275-3275/com.sh1r0.caffe_android_demo I/MainActivity: elapsed wall time: 884 ms
09-03 15:57:50.391 3275-3275/com.sh1r0.caffe_android_demo D/ViewRootImpl: #3 mView = null
09-03 15:57:50.401 3275-3275/com.sh1r0.caffe_android_demo E/ViewRootImpl: sendUserActionEvent() mView == null
09-03 15:57:55.161 3275-3275/com.sh1r0.caffe_android_demo D/ViewRootImpl: ViewPostImeInputStage processPointer 0
09-03 15:57:55.221 3275-3275/com.sh1r0.caffe_android_demo D/ViewRootImpl: ViewPostImeInputStage processPointer 1
09-03 15:57:55.301 3275-3275/com.sh1r0.caffe_android_demo V/ActivityThread: updateVisibility : ActivityRecord{93368d5 token=android.os.BinderProxy@e7e9e0b {com.sh1r0.caffe_android_demo/com.sh1r0.caffe_android_demo.MainActivity}} show : false
09-03 15:57:57.941 3275-3275/com.sh1r0.caffe_android_demo D/MainActivity: /storage/emulated/0/DCIM/Camera/test/Elephant/578.jpg
09-03 15:57:57.941 3275-3275/com.sh1r0.caffe_android_demo D/MainActivity: 256
09-03 15:57:57.941 3275-3275/com.sh1r0.caffe_android_demo D/MainActivity: 384
09-03 15:57:57.951 3275-3275/com.sh1r0.caffe_android_demo D/ViewRootImpl: #1 mView = com.android.internal.policy.PhoneWindow$DecorView{9a7839f V.E...... R.....I. 0,0-0,0}
09-03 15:57:57.991 3275-3667/com.sh1r0.caffe_android_demo D/mali_winsys: new_window_surface returns 0x3000,  [1336x648]-format:1
09-03 15:57:58.001 3275-3667/com.sh1r0.caffe_android_demo D/mali_winsys: new_window_surface returns 0x3000,  [1440x2560]-format:1
09-03 15:57:58.021 3275-3275/com.sh1r0.caffe_android_demo W/ActivityThread: AppLock checkAppLockState isAppLocked = false pkgName = com.sh1r0.caffe_android_demo showWhenLocked = false
09-03 15:57:58.021 3275-3275/com.sh1r0.caffe_android_demo W/DisplayListCanvas: DisplayListCanvas is started on unbinded RenderNode (without mOwningView)
09-03 15:57:58.041 3275-3275/com.sh1r0.caffe_android_demo D/ViewRootImpl: MSG_RESIZED_REPORT: ci=Rect(0, 0 - 0, 0) vi=Rect(0, 0 - 0, 0) or=1
09-03 15:57:58.041 3275-3275/com.sh1r0.caffe_android_demo D/ViewRootImpl: MSG_RESIZED: ci=Rect(0, 0 - 0, 0) vi=Rect(0, 0 - 0, 0) or=1
09-03 15:57:58.051 3275-3275/com.sh1r0.caffe_android_demo I/Timeline: Timeline: Activity_idle id: android.os.BinderProxy@e7e9e0b time:137069505
09-03 15:57:58.791 3275-13711/com.sh1r0.caffe_android_demo I/caffe_jni: I0903 15:57:58.791923 13711 caffe_mobile.cpp:211] Forwarding time: 4362.07 ms.
09-03 15:57:58.791 3275-3275/com.sh1r0.caffe_android_demo I/MainActivity: elapsed wall time: 830 ms
09-03 15:57:58.811 3275-3275/com.sh1r0.caffe_android_demo D/ViewRootImpl: #3 mView = null
09-03 15:57:58.811 3275-3275/com.sh1r0.caffe_android_demo E/ViewRootImpl: sendUserActionEvent() mView == null
09-03 15:58:04.441 3275-3275/com.sh1r0.caffe_android_demo D/ViewRootImpl: ViewPostImeInputStage processPointer 0
09-03 15:58:04.521 3275-3275/com.sh1r0.caffe_android_demo D/ViewRootImpl: ViewPostImeInputStage processPointer 1
09-03 15:58:04.611 3275-3275/com.sh1r0.caffe_android_demo V/ActivityThread: updateVisibility : ActivityRecord{93368d5 token=android.os.BinderProxy@e7e9e0b {com.sh1r0.caffe_android_demo/com.sh1r0.caffe_android_demo.MainActivity}} show : false
09-03 15:58:09.921 3275-3275/com.sh1r0.caffe_android_demo D/MainActivity: /storage/emulated/0/DCIM/Camera/test/Elephant/561.jpg
09-03 15:58:09.921 3275-3275/com.sh1r0.caffe_android_demo D/MainActivity: 256
09-03 15:58:09.921 3275-3275/com.sh1r0.caffe_android_demo D/MainActivity: 384
09-03 15:58:09.931 3275-3275/com.sh1r0.caffe_android_demo D/ViewRootImpl: #1 mView = com.android.internal.policy.PhoneWindow$DecorView{438496d V.E...... R.....I. 0,0-0,0}
09-03 15:58:09.961 3275-3667/com.sh1r0.caffe_android_demo D/mali_winsys: new_window_surface returns 0x3000,  [1336x648]-format:1
09-03 15:58:09.981 3275-3667/com.sh1r0.caffe_android_demo D/mali_winsys: new_window_surface returns 0x3000,  [1440x2560]-format:1
09-03 15:58:09.991 3275-3275/com.sh1r0.caffe_android_demo W/ActivityThread: AppLock checkAppLockState isAppLocked = false pkgName = com.sh1r0.caffe_android_demo showWhenLocked = false
09-03 15:58:09.991 3275-3275/com.sh1r0.caffe_android_demo W/DisplayListCanvas: DisplayListCanvas is started on unbinded RenderNode (without mOwningView)
09-03 15:58:10.021 3275-3275/com.sh1r0.caffe_android_demo D/ViewRootImpl: MSG_RESIZED_REPORT: ci=Rect(0, 0 - 0, 0) vi=Rect(0, 0 - 0, 0) or=1
09-03 15:58:10.021 3275-3275/com.sh1r0.caffe_android_demo D/ViewRootImpl: MSG_RESIZED: ci=Rect(0, 0 - 0, 0) vi=Rect(0, 0 - 0, 0) or=1
09-03 15:58:10.041 3275-3275/com.sh1r0.caffe_android_demo I/Timeline: Timeline: Activity_idle id: android.os.BinderProxy@e7e9e0b time:137081496
09-03 15:58:10.791 3275-4562/com.sh1r0.caffe_android_demo I/caffe_jni: I0903 15:58:10.792181  4562 caffe_mobile.cpp:211] Forwarding time: 4356.85 ms.
09-03 15:58:10.791 3275-3275/com.sh1r0.caffe_android_demo I/MainActivity: elapsed wall time: 853 ms
09-03 15:58:10.801 3275-3275/com.sh1r0.caffe_android_demo D/ViewRootImpl: #3 mView = null
09-03 15:58:10.801 3275-3275/com.sh1r0.caffe_android_demo E/ViewRootImpl: sendUserActionEvent() mView == null
09-03 15:58:14.011 3275-3275/com.sh1r0.caffe_android_demo D/ViewRootImpl: ViewPostImeInputStage processPointer 0
09-03 15:58:14.091 3275-3275/com.sh1r0.caffe_android_demo D/ViewRootImpl: ViewPostImeInputStage processPointer 1
09-03 15:58:14.171 3275-3275/com.sh1r0.caffe_android_demo V/ActivityThread: updateVisibility : ActivityRecord{93368d5 token=android.os.BinderProxy@e7e9e0b {com.sh1r0.caffe_android_demo/com.sh1r0.caffe_android_demo.MainActivity}} show : false
09-03 15:58:16.961 3275-3275/com.sh1r0.caffe_android_demo D/MainActivity: /storage/emulated/0/DCIM/Camera/test/Elephant/560.jpg
09-03 15:58:16.961 3275-3275/com.sh1r0.caffe_android_demo D/MainActivity: 256
09-03 15:58:16.961 3275-3275/com.sh1r0.caffe_android_demo D/MainActivity: 384
09-03 15:58:16.971 3275-3275/com.sh1r0.caffe_android_demo D/ViewRootImpl: #1 mView = com.android.internal.policy.PhoneWindow$DecorView{626291c V.E...... R.....I. 0,0-0,0}
09-03 15:58:17.001 3275-3667/com.sh1r0.caffe_android_demo D/mali_winsys: new_window_surface returns 0x3000,  [1336x648]-format:1
09-03 15:58:17.021 3275-3667/com.sh1r0.caffe_android_demo D/mali_winsys: new_window_surface returns 0x3000,  [1440x2560]-format:1
09-03 15:58:17.041 3275-3275/com.sh1r0.caffe_android_demo W/ActivityThread: AppLock checkAppLockState isAppLocked = false pkgName = com.sh1r0.caffe_android_demo showWhenLocked = false
09-03 15:58:17.051 3275-3275/com.sh1r0.caffe_android_demo W/DisplayListCanvas: DisplayListCanvas is started on unbinded RenderNode (without mOwningView)
09-03 15:58:17.071 3275-3275/com.sh1r0.caffe_android_demo D/ViewRootImpl: MSG_RESIZED_REPORT: ci=Rect(0, 0 - 0, 0) vi=Rect(0, 0 - 0, 0) or=1
09-03 15:58:17.071 3275-3275/com.sh1r0.caffe_android_demo D/ViewRootImpl: MSG_RESIZED: ci=Rect(0, 0 - 0, 0) vi=Rect(0, 0 - 0, 0) or=1
09-03 15:58:17.081 3275-3275/com.sh1r0.caffe_android_demo I/Timeline: Timeline: Activity_idle id: android.os.BinderProxy@e7e9e0b time:137088533
09-03 15:58:17.831 3275-7406/com.sh1r0.caffe_android_demo I/caffe_jni: I0903 15:58:17.831915  7406 caffe_mobile.cpp:211] Forwarding time: 4478.38 ms.
09-03 15:58:17.831 3275-3275/com.sh1r0.caffe_android_demo I/MainActivity: elapsed wall time: 858 ms
09-03 15:58:17.831 3275-3275/com.sh1r0.caffe_android_demo D/ViewRootImpl: #3 mView = null
09-03 15:58:17.841 3275-3275/com.sh1r0.caffe_android_demo E/ViewRootImpl: sendUserActionEvent() mView == null
09-03 15:58:21.381 3275-3275/com.sh1r0.caffe_android_demo D/ViewRootImpl: ViewPostImeInputStage processPointer 0
09-03 15:58:21.531 3275-3275/com.sh1r0.caffe_android_demo D/ViewRootImpl: ViewPostImeInputStage processPointer 1
09-03 15:58:21.621 3275-3275/com.sh1r0.caffe_android_demo V/ActivityThread: updateVisibility : ActivityRecord{93368d5 token=android.os.BinderProxy@e7e9e0b {com.sh1r0.caffe_android_demo/com.sh1r0.caffe_android_demo.MainActivity}} show : false
09-03 15:58:28.361 3275-3275/com.sh1r0.caffe_android_demo D/MainActivity: /storage/emulated/0/DCIM/Camera/test/Elephant/559.jpg
09-03 15:58:28.361 3275-3275/com.sh1r0.caffe_android_demo D/MainActivity: 256
09-03 15:58:28.361 3275-3275/com.sh1r0.caffe_android_demo D/MainActivity: 384
09-03 15:58:28.371 3275-3275/com.sh1r0.caffe_android_demo D/ViewRootImpl: #1 mView = com.android.internal.policy.PhoneWindow$DecorView{5dea223 V.E...... R.....I. 0,0-0,0}
