09-03 23:00:57.491 3071-3071/? D/libEGL: eglTerminate EGLDisplay = 0x7ffb5b6978
09-03 23:00:57.491 3633-3706/? D/CustomFrequencyManagerService: acquireDVFSLockLocked : type : DVFS_MIN_LIMIT  frequency : 1800000  uid : 1000  pid : 3633  pkgName : ACTIVITY_RESUME_BOOSTER@9
09-03 23:00:57.491 3633-4944/? D/NetworkPolicy: isUidForegroundLocked: 10044, mScreenOn: true, uidstate: 16, mProxSensorScreenOff: false
09-03 23:00:57.491 3633-4944/? V/NetworkPolicy: getFirewallRuleWifi UID:10044 policy:0
09-03 23:00:57.491 16838-16851/? W/AllShare(ASF-DMC): SubscriberManager.existGlobalEventSubscription - com.sec.android.allshare.event.EVENT_PROVIDER_DISCOVERY not subscribed to android.os.Messenger@89e35f4
09-03 23:00:57.491 3633-3712/? D/KnoxTimeoutHandler: notifyActivityDrawn [MsgParam] userId: 0 fullscreen is true showWhenlocked is false
09-03 23:00:57.491 3633-3633/? D/KnoxTimeoutHandler: activityDrawn [MsgParam] userId: 0 fullscreen is true showWhenlocked is false
09-03 23:00:57.491 3633-3633/? I/KnoxTimeoutHandler: SD activityfalse
09-03 23:00:57.491 16838-16850/? W/AllShare(ASF-DMC): SubscriberManager.existGlobalEventSubscription - com.sec.android.allshare.event.EVENT_IMAGE_VIEWER_DISCOVERY not subscribed to android.os.Messenger@89e35f4
09-03 23:00:57.491 16838-16838/? D/AllShare(ASF-DMC): ServiceManager.onUnbind - [ TRACE ] onUnbind
09-03 23:00:57.501 16838-16838/? D/AllShare(ASF-DMC): ServiceManager.unbindServiceManager - unbind method executed....  ACTION            : com.samsung.android.allshare.service.mediashare.SUBSCRIBE_SERVICE
09-03 23:00:57.501 626-626/? I/AllShare(ASF-API): L-d140909 / AllShareConnector.Subscriber onServiceDisconnected from gallery3d
09-03 23:00:57.501 626-626/? D/AllShare(ASF-API): L-d140909 / AllShareConnector.onDisconnected from gallery3d
09-03 23:00:57.501 626-626/? I/NearbyClient: ServiceProvider Deleted
09-03 23:00:57.501 626-626/? D/AllShare(ASF-API): L-d140909 / AllShareConnector.before destroyInstance, mConnecting=false
09-03 23:00:57.501 626-626/? D/AllShare(ASF-API): L-d140909 / AllShareConnector.after destroyInstance, mConnecting=false
09-03 23:00:57.501 626-626/? D/NearbyUtils: clear nearby caches
09-03 23:00:57.501 626-626/? V/StateManager: destroy
09-03 23:00:57.501 626-626/? I/Gallery_Performance: AlbumViewState onDestroy Start
09-03 23:00:57.501 626-626/? I/Gallery_Performance: AlbumViewState onDestroy Start
09-03 23:00:57.501 626-626/? I/Gallery_Performance: PostGalleryCmd destroy() START 
09-03 23:00:57.501 626-626/? I/Gallery_Performance: PostGalleryCmd destroy() END
09-03 23:00:57.521 626-626/? I/Gallery_Performance: Gallery onDestroy End
09-03 23:00:57.531 626-626/? D/MultiPhoneWindow: performUpdateVisibility, same visibility false
09-03 23:00:57.531 626-626/? D/ViewRootImpl: #3 mView = null
09-03 23:00:57.791 3633-3633/? D/CustomFrequencyManagerService: releaseDVFSLockLocked : Getting Lock type frm List : DVFS_MIN_LIMIT  frequency : 1800000  uid : 1000  pid : 3633  tag : ACTIVITY_RESUME_BOOSTER@9
09-03 23:00:57.801 3633-3648/? D/BatteryService: !@BatteryListener : batteryPropertiesChanged!
09-03 23:00:57.801 3633-3648/? D/BatteryService: level:61, scale:100, status:2, health:2, present:true, voltage: 3744, temperature: 255, technology: Li-ion, AC powered:false, USB powered:true, POGO powered:false, Wireless powered:false, icon:17303413, invalid charger:0, maxChargingCurrent:0
09-03 23:00:57.801 3633-3648/? D/BatteryService: online:4, current avg:139, charge type:1, power sharing:false, high voltage charger:false, capacity:280000, batterySWSelfDischarging:false, current_now:-1136
09-03 23:00:57.801 3633-3633/? D/BatteryService: Sending ACTION_BATTERY_CHANGED.
09-03 23:00:57.801 3633-3633/? I/MotionRecognitionService: Plugged
09-03 23:00:57.801 3633-3633/? D/MotionRecognitionService:   cableConnection= 1
09-03 23:00:57.801 3633-3633/? D/MotionRecognitionService: setPowerConnected | current backoffstate  = 1024 , state =1024
09-03 23:00:57.801 3633-3633/? D/MotionRecognitionService: skip setTransmitPower. 
09-03 23:00:57.801 5169-5169/? D/KeyguardUpdateMonitor: received broadcast android.intent.action.BATTERY_CHANGED
09-03 23:00:57.811 5169-5169/? D/PowerUI: priorPlugType = 2 mPlugType =  2
09-03 23:00:57.811 5199-5199/? D/CommonServiceConfiguration: getStringValueSetting
09-03 23:00:57.811 5169-5169/? D/KeyguardUpdateMonitor: handleBatteryUpdate
09-03 23:00:57.811 5169-5169/? D/PowerUI.Notification: showChargingNotice oldChargingType : 1 currentChargingType : 1 oldChargingTime : 8504000 mChargingTime : 8504000
09-03 23:00:57.811 5169-5169/? D/PowerUI.Notification: There is no change about charging status, so return!
09-03 23:00:57.811 5199-5199/? D/BatteryMonitor: new battery level: 61
09-03 23:00:57.811 5169-5169/? D/BatteryMeterView: ACTION_BATTERY_CHANGED : level:61 status:2 health:2
09-03 23:00:57.841 5169-5169/? D/BatteryMeterView: ACTION_BATTERY_CHANGED : level:61 status:2 health:2
09-03 23:00:57.841 5169-5169/? D/CoverUpdateMonitor: received broadcast android.intent.action.BATTERY_CHANGED
09-03 23:00:57.971 23255-23549/? I/caffe_jni: I0903 23:00:57.983336 23549 caffe_mobile.cpp:211] Forwarding time: 3606.57 ms.
09-03 23:00:57.971 23255-23255/? I/MainActivity: elapsed wall time: 849 ms
09-03 23:00:57.981 3071-4514/? D/libEGL: eglTerminate EGLDisplay = 0x7f7db7ee78
09-03 23:00:57.981 3071-4514/? D/libEGL: eglTerminate EGLDisplay = 0x7f7db7ee78
09-03 23:00:57.981 23255-23255/? D/ViewRootImpl: #3 mView = null
09-03 23:00:57.981 3633-5622/? D/InputDispatcher: Focus left window: 23255
09-03 23:00:57.981 3633-5622/? D/InputDispatcher: Focus entered window: 23255
09-03 23:00:57.981 3633-3712/? D/PointerIcon: setMouseIconStyle1 pointerType: 1001 iconType:101 flag:0 pid:3633 uid:1000
09-03 23:00:57.981 3633-3712/? D/PointerIcon: setMouseCustomIcon IconType is same.101
09-03 23:00:57.981 23255-23255/? E/ViewRootImpl: sendUserActionEvent() mView == null
09-03 23:00:57.981 3633-4941/? D/InputMethodManagerService: windowGainedFocus mCurrentFocusedUserId - 0 and mSecureKeypadEnabled-false
09-03 23:00:57.981 6395-6395/? D/SamsungIME: IMPL finishInput
09-03 23:00:57.981 6395-6395/? D/RMHelper: SamsungIME : RMisReady() : client is null
09-03 23:00:57.981 6395-6395/? D/RMHelper: SamsungIME : RMisReady() : client is null
09-03 23:00:57.981 6395-6395/? D/RMHelper: RMHelper : initHelper()
09-03 23:00:57.981 6395-6395/? E/ActivityThread: Failed to find provider info for com.sec.android.inputmethod.resourcemanager
09-03 23:00:57.981 6395-6395/? D/RMHelper: SamsungIME : initHelper() : client is null
09-03 23:00:57.981 6395-6395/? D/RMHelper: SamsungIME : RMisReady() : client is null
09-03 23:00:57.981 6395-6395/? D/RMHelper: SamsungIME : RMisReady() : client is null
09-03 23:00:57.981 6395-6395/? D/RMHelper: RMHelper : initHelper()
09-03 23:00:57.981 6395-6395/? D/RMHelper: SamsungIME : initHelper() : client is null
09-03 23:00:57.981 6395-6395/? E/ActivityThread: Failed to find provider info for com.sec.android.inputmethod.resourcemanager
09-03 23:00:57.981 6395-6395/? D/RMHelper: SamsungIME : RMisReady() : client is null
09-03 23:00:57.981 6395-6395/? D/RMHelper: SamsungIME : RMisReady() : client is null
09-03 23:00:57.981 6395-6395/? D/RMHelper: RMHelper : initHelper()
09-03 23:00:57.981 6395-6395/? E/ActivityThread: Failed to find provider info for com.sec.android.inputmethod.resourcemanager
09-03 23:00:57.981 6395-6395/? D/RMHelper: SamsungIME : initHelper() : client is null
09-03 23:00:57.981 6395-6395/? D/SamsungIME: onStartInput: No inputType, No imeOption, isInputViewShown = false, isExtractViewShown = false, isShowInputRequested = false, isConfigChanged = false
09-03 23:00:57.991 3071-3071/? D/libEGL: eglInitialize EGLDisplay = 0x7ffb5b6848
09-03 23:00:58.011 3071-3071/? D/libEGL: eglInitialize EGLDisplay = 0x7ffb5b6848
09-03 23:00:58.071 5248-5248/? D/Recents: onTaskStackChanged
09-03 23:00:58.241 3071-3299/? I/SurfaceFlinger: id=3331 Removed  (6/9)
09-03 23:00:58.241 3071-4514/? I/SurfaceFlinger: id=3331 Removed  (-2/9)
09-03 23:00:58.261 3071-3071/? D/libEGL: eglTerminate EGLDisplay = 0x7ffb5b6978
09-03 23:00:58.671 7191-15294/? D/MSF.C.NetConnTag: [E]netRecv ssoSeq:-1544985707 uin:*6071 cmd:-316037937 -1544985363
09-03 23:00:58.691 11193-11222/? D/Q.msg.TroopMsgProxy: [E]insertToList MessageRecord=friendUin:0694senderuin:0737,istroop:1,msgType:-1000,time:1472968840,shmsgseq:72240
09-03 23:00:58.751 3633-3633/? D/LightsService: [api] [SvcLED] turnOff:: id = 6 (uid: 1000 pid: 3633) 
09-03 23:00:58.761 3633-3633/? D/EdgeLight: Turning off
09-03 23:00:58.761 3633-3633/? D/LightsService: [SvcLED] setSvcLedStateLocked:: SvcLEDState : 0x0 -> 0x0 | SvcLED(id=6) set Off
09-03 23:00:58.761 3633-3720/? D/LightsService: [SvcLED] handleForcedSvcLEDTask()
09-03 23:00:58.761 3633-3720/? D/LightsService: [SvcLED]  setSvcLedLightLocked :: Current SvcLED(id=5) maintains its priority right
09-03 23:00:58.771 5169-5169/? D/PhoneStatusBar: removeNotification key=0|com.tencent.mobileqq|121|null|10247 old=StatusBarNotification(pkg=com.tencent.mobileqq user=UserHandle{0} id=121 tag=null score=0 key=0|com.tencent.mobileqq|121|null|10247: Notification(pri=0 contentView=com.tencent.mobileqq/0x10900a3 vibrate=null sound=null tick defaults=0x0 flags=0x11 color=0x00000000 vis=PRIVATE secFlags=0x0 secPriority=0))
09-03 23:00:58.771 5169-5169/? D/PhoneStatusBar: setAreThereNotifications: N=3 any=true clearable=true
09-03 23:00:58.771 3633-5127/? D/ApplicationPolicy: isStatusBarNotificationAllowedAsUser: packageName = com.tencent.mobileqq,userId = 0
09-03 23:00:58.781 3633-3633/? D/EdgeLight: Turning on edge light for notification (NotificationRecord(0x0dd07e9d: pkg=com.tencent.mobileqq user=UserHandle{0} id=121 tag=null score=0 key=0|com.tencent.mobileqq|121|null|10247: Notification(pri=0 contentView=null vibrate=null sound=null tick defaults=0x0 flags=0x11 color=0x00000000 vis=PRIVATE secFlags=0x0 secPriority=0))) with color=ff00ff00
09-03 23:00:58.781 3633-3633/? D/LightsService: [api] [SvcLED] turnOff:: id = 6 (uid: 1000 pid: 3633) 
09-03 23:00:58.781 3633-3633/? D/LightsService: [SvcLED] setSvcLedStateLocked:: SvcLEDState : 0x0 -> 0x0 | SvcLED(id=6) set Off
09-03 23:00:58.781 3633-3720/? D/LightsService: [SvcLED] handleForcedSvcLEDTask()
09-03 23:00:58.781 3633-3720/? D/LightsService: [SvcLED]  setSvcLedLightLocked :: Current SvcLED(id=5) maintains its priority right
09-03 23:00:58.791 3633-5551/? D/AudioService: getStreamVolume 2 index 50
09-03 23:00:58.801 5169-5169/? W/ResourcesManager: getTopLevelResources: /data/app/com.tencent.mobileqq-1/base.apk / 1.0 running in com.android.systemui rsrc of package com.tencent.mobileqq
09-03 23:00:58.831 3633-3706/? V/BroadcastQueue: [background] Process cur broadcast BroadcastRecord{3e476e3 u0 android.intent.action.BADGE_COUNT_UPDATE qIdx=4}, state= (APP_RECEIVE) DELIVERED for app ProcessRecord{a7f162c 16737:com.sec.android.provider.badge/u0a76}
09-03 23:00:58.831 16737-16737/? D/Badge::BadgeCountReceiver: badge intent : Intent { act=android.intent.action.BADGE_COUNT_UPDATE flg=0x10 cmp=com.sec.android.provider.badge/.BadgeCountReceiver bqHint=4 (has extras) }
09-03 23:00:58.831 16737-16737/? D/Badge::BadgeCountReceiver: packageName: com.tencent.mobileqq, className: com.tencent.mobileqq.activity.SplashActivity, count: 15
09-03 23:00:58.831 5169-5169/? W/ResourcesManager: getTopLevelResources: /data/app/com.tencent.mobileqq-1/base.apk / 1.0 running in com.android.systemui rsrc of package com.tencent.mobileqq
09-03 23:00:58.841 13291-13291/? D/Launcher.Model: reloadBadges entered.
09-03 23:00:58.841 16737-16737/? D/MethodReflector: notifyChange is called
09-03 23:00:58.841 13291-13291/? D/Launcher.Model: reloadBadges entered.
09-03 23:00:58.841 16737-16737/? D/BadgeProvider: sendNotify entered. [uri] : content://com.sec.badge/apps
09-03 23:00:58.841 16737-16737/? D/BadgeProvider: sendNotify, [notify] : null
09-03 23:00:58.841 5169-5169/? D/KnoxNotification: ----- inflateViews : modified publicViewLocal -----
09-03 23:00:58.841 16737-16737/? D/BadgeProvider: update, getCallingPackage() : com.sec.android.provider.badge
09-03 23:00:58.841 16737-16737/? D/BadgeProvider: update, [uri] : content://com.sec.badge/apps
09-03 23:00:58.841 16737-16737/? D/BadgeProvider: update, [uri.query] : null
09-03 23:00:58.841 16737-16737/? D/BadgeProvider: update, [BadgeCount] : badgecount=15
09-03 23:00:58.841 16737-16737/? D/BadgeProvider: update, [UpdateCount] : 1
09-03 23:00:58.851 16737-23278/? D/BadgeProvider: query, [selection] : null
09-03 23:00:58.851 13291-13370/? D/BadgeCache: 1. updateBadgeCounts: com.samsung.android.email.ui = 0
09-03 23:00:58.851 13291-13370/? D/BadgeCache: 1. updateBadgeCounts: com.android.mms = 0
09-03 23:00:58.851 13291-13370/? D/BadgeCache: 1. updateBadgeCounts: com.samsung.android.app.sreminder = 1
09-03 23:00:58.851 13291-13370/? D/BadgeCache: 2. updateBadgeCounts: com.samsung.android.app.sreminder/.phone.cardlist.SReminderActivity = 1
09-03 23:00:58.851 13291-13370/? D/BadgeCache: 1. updateBadgeCounts: com.samsung.android.sm = 0
09-03 23:00:58.851 13291-13370/? D/BadgeCache: 1. updateBadgeCounts: com.tencent.mm = 0
09-03 23:00:58.851 13291-13370/? D/BadgeCache: 1. updateBadgeCounts: com.tencent.mobileqq = 15
09-03 23:00:58.851 13291-13370/? D/BadgeCache: 2. updateBadgeCounts: com.tencent.mobileqq/.activity.SplashActivity = 15
09-03 23:00:58.851 13291-13370/? D/BadgeCache: 1. updateBadgeCounts: com.android.contacts = 0
09-03 23:00:58.851 13291-13370/? D/BadgeCache: 1. updateBadgeCounts: com.eg.android.AlipayGphone = 0
09-03 23:00:58.851 13291-13370/? D/BadgeCache: 1. updateBadgeCounts: com.autonavi.minimap = 0
09-03 23:00:58.851 13291-13370/? D/BadgeCache: 1. updateBadgeCounts: com.sina.weibo = 0
09-03 23:00:58.851 13291-13370/? D/BadgeCache: 1. updateBadgeCounts: com.android.settings = 0
09-03 23:00:58.851 13291-13370/? D/BadgeCache: 1. updateBadgeCounts: com.samsung.android.email.provider = 0
09-03 23:00:58.851 13291-13370/? D/BadgeCache: 1. updateBadgeCounts: com.android.settings = 0
09-03 23:00:58.851 13291-13370/? D/BadgeCache: 1. updateBadgeCounts: com.samsung.android.voc = 0
09-03 23:00:58.851 13291-13370/? D/Launcher.Model: reloadBadges, origCallbacks : java.lang.ref.WeakReference@d1c0312
09-03 23:00:58.851 5169-5169/? D/KnoxNotification: ----- inflateViews : modified KnoxViewLocal -----
09-03 23:00:58.861 5169-5169/? W/ResourcesManager: getTopLevelResources: /data/app/com.tencent.mobileqq-1/base.apk / 1.0 running in com.android.systemui rsrc of package com.tencent.mobileqq
09-03 23:00:58.861 13291-13291/? D/Launcher.Model: reloadBadges, bindBadgeUpdated !
09-03 23:00:58.861 13291-13291/? I/Launcher.Workspace: isBadgeUpdate : true
09-03 23:00:58.861 13291-13291/? D/capture: currentOrientation: 1 mMainHomeScreenshot: true mMainHomeScreenshotLand: true
09-03 23:00:58.861 5169-5169/? D/PhoneStatusBar: setAreThereNotifications: N=4 any=true clearable=true
09-03 23:00:58.871 16737-23278/? D/BadgeProvider: query, [selection] : null
09-03 23:00:58.881 13291-13370/? D/BadgeCache: 1. updateBadgeCounts: com.samsung.android.email.ui = 0
09-03 23:00:58.881 13291-13370/? D/BadgeCache: 1. updateBadgeCounts: com.android.mms = 0
09-03 23:00:58.881 13291-13370/? D/BadgeCache: 1. updateBadgeCounts: com.samsung.android.app.sreminder = 1
09-03 23:00:58.881 13291-13370/? D/BadgeCache: 2. updateBadgeCounts: com.samsung.android.app.sreminder/.phone.cardlist.SReminderActivity = 1
09-03 23:00:58.881 13291-13370/? D/BadgeCache: 1. updateBadgeCounts: com.samsung.android.sm = 0
09-03 23:00:58.881 13291-13370/? D/BadgeCache: 1. updateBadgeCounts: com.tencent.mm = 0
09-03 23:00:58.881 13291-13370/? D/BadgeCache: 1. updateBadgeCounts: com.tencent.mobileqq = 15
09-03 23:00:58.881 13291-13370/? D/BadgeCache: 2. updateBadgeCounts: com.tencent.mobileqq/.activity.SplashActivity = 15
09-03 23:00:58.881 13291-13370/? D/BadgeCache: 1. updateBadgeCounts: com.android.contacts = 0
09-03 23:00:58.881 13291-13370/? D/BadgeCache: 1. updateBadgeCounts: com.eg.android.AlipayGphone = 0
09-03 23:00:58.881 13291-13370/? D/BadgeCache: 1. updateBadgeCounts: com.autonavi.minimap = 0
09-03 23:00:58.881 13291-13370/? D/BadgeCache: 1. updateBadgeCounts: com.sina.weibo = 0
09-03 23:00:58.881 13291-13370/? D/BadgeCache: 1. updateBadgeCounts: com.android.settings = 0
09-03 23:00:58.881 13291-13370/? D/BadgeCache: 1. updateBadgeCounts: com.samsung.android.email.provider = 0
09-03 23:00:58.881 13291-13370/? D/BadgeCache: 1. updateBadgeCounts: com.android.settings = 0
09-03 23:00:58.881 13291-13370/? D/BadgeCache: 1. updateBadgeCounts: com.samsung.android.voc = 0
09-03 23:00:59.591 5169-5363/? D/NetworkController.MobileSignalController(0/4): onSignalStrengthsChanged signalStrength=SignalStrength: 99 99 -120 -160 -120 -1 -1 18 -109 -11 46 -1 2147483647 0x2000 gsm|lte level=2
09-03 23:00:59.591 5169-5363/? D/NetworkController.MobileSignalController(0/4): getMobileIconGroup(): 13
09-03 23:00:59.591 5169-5363/? D/NetworkController.MobileSignalController(0/4): updateCMCCMobileIconGroup(): 13
09-03 23:00:59.861 13291-13291/? D/capture: canCapture isWorkspaceLocked() = false isVisible : true
09-03 23:00:59.871 13291-13291/? D/capture: canCapture mWorkspace.getState()() = NORMAL isTouchActive : false isPageMoving : false
09-03 23:00:59.871 13291-13291/? D/capture: canCapture getCurrentPage()() = 1 getHomeScreenIndex() : 1
09-03 23:00:59.871 13291-13291/? D/capture: canCapture isPause : true
09-03 23:00:59.981 3633-4454/? V/AlarmManager: Expired Alarm result :8
09-03 23:01:00.001 5169-5169/? D/KeyguardUpdateMonitor: received broadcast android.intent.action.TIME_TICK
09-03 23:01:00.001 5169-5169/? D/KeyguardUpdateMonitor: handleTimeUpdate
09-03 23:01:00.001 5169-5169/? D/SViewCoverClockWidget: initClock() : TimeZone =libcore.util.ZoneInfo[id="America/Los_Angeles",mRawOffset=-28800000,mEarliestRawOffset=-28800000,mUseDst=true,mDstSavings=3600000,transitions=185]
09-03 23:01:00.011 5169-5169/? D/SViewCoverDualClockWidget: setAutoHomeTimezone() - autoHomeTimeZoneId: Asia/Shanghai
09-03 23:01:00.021 5169-5169/? D/Clock: received broadcast android.intent.action.TIME_TICK
09-03 23:01:00.081 5169-5169/? D/DateView: received broadcast android.intent.action.TIME_TICK
09-03 23:01:00.181 3093-3727/? I/audio_hw_primary: do_out_standby +
09-03 23:01:00.181 29800-29800/? D/[WeatherWidget(1195)]WeatherService: {[EC3334F14841398C8B464A72D0E61AB74266231DDCB0F9D898ABD6AE7EAFE9924B51C1628AB73EB6B27EF850A160BD15DCFDBE96F420541C45EF3419D3AD67E2]}
09-03 23:01:00.191 29800-29800/? D/[WeatherWidget(1195)]: {[3AE6950019B083611567B0F9442DB03EEFA9050249635C043F7E254E316C2550]}
09-03 23:01:00.201 3093-3727/? D/audio_hw_primary: output_devices devices:0
09-03 23:01:00.201 3093-3727/? D/audio_hw_primary: output_devices devices:0
09-03 23:01:00.201 3093-3727/? I/audio_hw_primary: is_voice_wakeup : ret =  1  , wakeup_baby_cry_enabled = 0  ,  wakeup_mic_enabled = 1 
09-03 23:01:00.201 3093-3727/? I/audio_hw_primary: get_scenario : scenario_type = 36
09-03 23:01:00.201 3093-3727/? I/audio_hw_primary: get_input_snd_device_id device:0xc
09-03 23:01:00.201 3093-3727/? V/audio_hw_primary: select_devices output_scenario:-1 input_scenario:36 out_snd_device 0x0 in_snd_device:0xc
09-03 23:01:00.201 3093-3727/? I/audio_hw_primary: set_spk_rx_mute mute(1), rx val=0
09-03 23:01:00.201 3093-3727/? I/audio_route: > audio_route_reset :
09-03 23:01:00.201 3093-3727/? I/audio_route: > audio_route_apply_path : "voice_control-mic"
09-03 23:01:00.201 3093-3727/? V/audio_hw_primary: select_devices() input_route "voice_control-mic" 
09-03 23:01:00.201 3093-3727/? I/audio_route: > audio_route_apply_path : "gain-voice_control-mic"
09-03 23:01:00.211 3093-3727/? V/audio_hw_primary: select_devices() input_gain "gain-voice_control-mic" 
09-03 23:01:00.211 3093-3727/? I/audio_route: > audio_route_update_mixer : +
09-03 23:01:00.211 29800-29800/? D/[WeatherWidget(1195)]: {[3AE6950019B083611567B0F9442DB03E5DDA24A68DD8F41CDE99F0ED3FBCA79D6E3672D13C47BC5ED8EFB051B507BC35D019DB22904462BF6D432237EBF2A4F2]}
09-03 23:01:00.211 29800-29800/? D/[WeatherWidget(1195)]: {[A1AF0F6A1A65A89C43D705938923D0FEFB71880C4E84718DA0A3E1F383E54FB24509E0FBB917D66D2978C513F7383D4A9A8BA119F900FCAA3377177E8B10B1BF2F3C112CB6FD2A3546FB9D8E4F4E17186B0FDE34A8C446ED175A01C272000F74]}
09-03 23:01:00.211 29800-29800/? D/[WeatherWidget(1195)]: {[9C84A93471264990FC3299EAAE0D420C74B4220C1F163E45122A33A9CA05894F]}
09-03 23:01:00.221 3093-3727/? I/audio_route: > audio_route_update_mixer : changed(7) -
09-03 23:01:00.221 3093-3727/? V/audio_hw_primary: select_devices : set seamless_buf_offset
09-03 23:01:00.221 3093-3727/? I/audio_route: > audio_values_apply_path : "seamless_buf_offset"
09-03 23:01:00.221 3093-3727/? I/audio_hw_primary: select_devices - 
09-03 23:01:00.221 3093-3727/? I/audio_hw_primary: do_out_standby -
09-03 23:01:00.501 16838-16838/? D/AllShare(ASF-DMC): ServiceManager.mRunnableTimer - [ TRACE ] Stop Service
09-03 23:01:00.511 16838-16838/? D/AllShare(ASF-DMC): ServiceManager.onDestroy - [ TRACE ] onDestroy
09-03 23:01:00.511 16838-16838/? I/AllShare(ASF-DMC): ServiceManager.stopServiceManager - Stop AllShare Service...
09-03 23:01:00.511 16838-16838/? D/AllShare(ASF-DMC): DeviceSubscriber.clear - clear the subscribed devices
09-03 23:01:00.511 16838-16838/? V/AllShare(ASF_DMC): [CP_DISCOVERY] GetDeviceList: 165: interesting device list empty
09-03 23:01:00.511 16838-16838/? E/AllShare(ASF_DMC): [MSCP] FormMediaServerList: 498: GetDeviceList Failed
09-03 23:01:00.511 16838-16838/? V/AllShare(ASF_DMC): [CP_DISCOVERY] UnRegisterCP: 139: UnRegistering CP Success
09-03 23:01:00.511 16838-16838/? I/AllShare(ASF-DMC): ServiceManager.stopServiceManager - stop mscp successfully!
09-03 23:01:00.511 16838-16838/? I/AllShare(ASF_DMC): [STREAMING] DeleteReference: 130: StreamingManager::DeleteReference Ref Count [1]
09-03 23:01:00.511 16838-16838/? I/AllShare(ASF_DMC): [STREAMING] DestroyInstance: 61: StreamingManager::DestroyInstance Ref Count [1]
09-03 23:01:00.511 16838-16838/? V/AllShare(ASF_DMC): [CP_DISCOVERY] UnRegisterCP: 139: UnRegistering CP Success
09-03 23:01:00.511 16838-16838/? E/AllShare(ASF_DMC): [MRCP] Stop: 201: Unregistering CP Successful 
09-03 23:01:00.511 16838-16838/? I/AllShare(ASF-DMC): ServiceManager.stopServiceManager - stop mrcp successfully!
09-03 23:01:00.511 16838-16838/? V/AllShare(ASF_DMC): [KIES_CP] StopKiescp: 297: StopKiescp
09-03 23:01:00.511 16838-16838/? V/AllShare(ASF_DMC): [CP_DISCOVERY] GetDeviceList: 165: interesting device list empty
09-03 23:01:00.511 16838-16838/? E/AllShare(ASF_DMC): [KIES_CP] FormKiesDeviceList: 154: Getting Device List Failed
09-03 23:01:00.521 16838-16838/? V/AllShare(ASF_DMC): [CP_DISCOVERY] UnRegisterCP: 139: UnRegistering CP Success
09-03 23:01:00.521 16838-16838/? I/AllShare(ASF-DMC): ServiceManager.stopServiceManager - stop kies cp successfully!
09-03 23:01:00.521 16838-16838/? I/AllShare(ASF-DMC): MessageAllocateTask.setStopFlag - mStopFlag = false
09-03 23:01:00.521 16838-16838/? I/AllShare(ASF-DMC): MessagePublishTask.setStopFlag - mStopFlag = false
09-03 23:01:00.521 16838-24927/? W/AllShare(ASF-DMC): MessageAllocateTask.handleAllocateMessage - Oops~~. Undefined Context Variable type...
09-03 23:01:00.521 16838-24926/? W/AllShare(ASF-DMC): MessagePublishTask.handlePublishMessage - Oops~~. Undefined Context Variable type...
09-03 23:01:00.531 16838-16838/? D/AllShare(ASF-DMC): ServiceManager.finiServiceManager - Finalize AllShare Service Manager...
09-03 23:01:00.531 16838-16838/? V/AllShare(ASF_DMC): [JNI] JavaTerminateAllShareFrameworkCore: 56: Enter AllShareFrameworkCoreNativeAPI_terminateAllShareFrameworkCore.
09-03 23:01:00.531 16838-16838/? V/AllShare(ASF_DMC): [CP_DISCOVERY] UnRegisterCP: 139: UnRegistering CP Success
09-03 23:01:00.531 16838-16838/? V/AllShare(ASF_DMC): [CP_DISCOVERY] Terminate: 97: CP Discovery Terminate
09-03 23:01:00.531 16838-16838/? V/AllShare(ASF_DMC): [STREAMING] DeleteReference: 92: Stopping streaming threads
09-03 23:01:00.531 16838-16838/? I/AllShare(ASF_DMC): [STREAMING] DeleteReference: 130: StreamingManager::DeleteReference Ref Count [0]
09-03 23:01:00.531 16838-16838/? I/AllShare(ASF_DMC): [STREAMING] DestroyInstance: 61: StreamingManager::DestroyInstance Ref Count [0]
09-03 23:01:00.531 16838-16838/? V/AllShare(ASF_DMC): [CP_DISCOVERY] CleanUp: 53: cleanup start
09-03 23:01:00.531 16838-16838/? V/AllShare(ASF_DMC): [CP_DISCOVERY] CleanUp: 76: joining rescan threads
09-03 23:01:00.531 16838-16838/? V/AllShare(ASF_DMC): [CP_DISCOVERY] CleanUp: 117: cleanup done
09-03 23:01:00.531 16838-24964/? V/AllShare(ASF-DMC): ServiceManager.finiActionHandlers - Found AsyncActionHandler : com.samsung.android.allshare.service.mediashare.handler.playercontrol.AVPlayerAsyncActionHandler
09-03 23:01:00.531 16838-16838/? V/AllShare(ASF_DMC): [CP_DISCOVERY] Terminate: 99: CP Discovery Terminate DeviceList
09-03 23:01:00.531 16838-24964/? V/AllShare(ASF-DMC): ServiceManager.finiActionHandlers - Found AsyncActionHandler : com.samsung.android.allshare.service.mediashare.handler.playercontrol.SlideShowPlayerAsyncActionHandler
09-03 23:01:00.531 16838-16838/? V/AllShare(ASF_DMC): [CP_DISCOVERY] ClearDeviceList: 56: exit
09-03 23:01:00.531 16838-24964/? V/AllShare(ASF-DMC): ServiceManager.finiActionHandlers - Found AsyncActionHandler : com.samsung.android.allshare.service.mediashare.handler.playercontrol.ImageViewerAsyncActionHandler
09-03 23:01:00.531 16838-16838/? V/AllShare(ASF_DMC): [CP_DISCOVERY] Terminate: 101: CP Discovery Terminate Finish
09-03 23:01:00.531 16838-16838/? V/AllShare(ASF_DMC): [FRAMEWORK_CONTROLLER] TerminateUPnP: 176: cp_discovery Terminated
09-03 23:01:00.531 16838-24964/? V/AllShare(ASF-DMC): ServiceManager.finiActionHandlers - Found AsyncActionHandler : com.samsung.android.allshare.service.mediashare.handler.upnpdevice.KiesAsyncActionHandler
09-03 23:01:00.531 16838-24964/? V/AllShare(ASF-DMC): ServiceManager.finiActionHandlers - Found AsyncActionHandler : com.samsung.android.allshare.service.mediashare.handler.server.ProviderAsyncActionHandler
09-03 23:01:00.531 16838-24964/? V/AllShare(ASF-DMC): ServiceManager.finiActionHandlers - Found AsyncActionHandler : com.samsung.android.allshare.service.mediashare.handler.server.ReceiverAsyncActionHandler
09-03 23:01:00.531 16838-24964/? V/AllShare(ASF-DMC): ServiceManager.finiActionHandlers - Found AsyncActionHandler : com.samsung.android.allshare.service.mediashare.handler.playercontrol.URIPlayerAsyncActionHandler
09-03 23:01:00.531 16838-24964/? V/AllShare(ASF-DMC): ServiceManager.finiActionHandlers - Found AsyncActionHandler : com.samsung.android.allshare.service.mediashare.handler.playercontrol.PlaylistPlayerAsyncActionHandler
09-03 23:01:00.531 16838-24964/? V/AllShare(ASF-DMC): ServiceManager.finiActionHandlers - Found AsyncActionHandler : com.samsung.android.allshare.service.mediashare.handler.playercontrol.ViewControllerAsyncActionHandler
09-03 23:01:00.531 16838-16838/? V/AllShare(ASF_DMC): [FRAMEWORK_CONTROLLER] TerminateUPnP: 178: cp_control Terminated
09-03 23:01:00.531 16838-24964/? V/AllShare(ASF-DMC): ServiceManager.finiActionHandlers - Found SyncActionHandler : com.samsung.android.allshare.service.mediashare.handler.playercontrol.ImageViewerSyncActionHandler
09-03 23:01:00.531 16838-16838/? V/AllShare(ASF_DMC): [FRAMEWORK_CONTROLLER] TerminateFrameworkCore: 212: Enter
09-03 23:01:00.531 16838-24964/? V/AllShare(ASF-DMC): ServiceManager.finiActionHandlers - Found SyncActionHandler : com.samsung.android.allshare.service.mediashare.handler.devicefinder.DeviceFinderDeviceSyncActionHandler
09-03 23:01:00.531 16838-16838/? V/AllShare(ASF_DMC): [NETWORK_LAYER] StopNetworkLayer: 122: Enter
09-03 23:01:00.531 16838-16838/? V/AllShare(ASF_DMC): [NETWORK_LAYER] StopNetworkLayer: 129: 1: Calling StopClientThreads
09-03 23:01:00.531 16838-24964/? V/AllShare(ASF-DMC): ServiceManager.finiActionHandlers - Found SyncActionHandler : com.samsung.android.allshare.service.mediashare.handler.playercontrol.AVPlayerSyncActionHandler
09-03 23:01:00.531 16838-24964/? V/AllShare(ASF-DMC): ServiceManager.finiActionHandlers - Found SyncActionHandler : com.samsung.android.allshare.service.mediashare.handler.playercontrol.PlaylistPlayerSyncActionHandler
09-03 23:01:00.531 16838-24964/? V/AllShare(ASF-DMC): ServiceManager.finiActionHandlers - Found SyncActionHandler : com.samsung.android.allshare.service.mediashare.handler.download.DownloadSyncActionHandler
09-03 23:01:00.531 16838-24964/? D/AllShare(ASF-DMC): ServiceManager.finiActionHandlers - Finalize Action Handler : com.samsung.android.allshare.service.mediashare.handler.playercontrol.AVPlayerAsyncActionHandler
09-03 23:01:00.531 16838-24964/? D/AllShare(ASF-DMC): ServiceManager.finiActionHandlers - Finalize Action Handler : com.samsung.android.allshare.service.mediashare.handler.playercontrol.SlideShowPlayerAsyncActionHandler
09-03 23:01:00.541 16838-24964/? D/AllShare(ASF-DMC): ServiceManager.finiActionHandlers - Finalize Action Handler : com.samsung.android.allshare.service.mediashare.handler.playercontrol.ImageViewerAsyncActionHandler
09-03 23:01:00.541 16838-24964/? D/AllShare(ASF-DMC): ServiceManager.finiActionHandlers - Finalize Action Handler : com.samsung.android.allshare.service.mediashare.handler.upnpdevice.KiesAsyncActionHandler
09-03 23:01:00.541 16838-24964/? D/AllShare(ASF-DMC): ServiceManager.finiActionHandlers - Finalize Action Handler : com.samsung.android.allshare.service.mediashare.handler.server.ProviderAsyncActionHandler
09-03 23:01:00.541 16838-24964/? D/AllShare(ASF-DMC): ServiceManager.finiActionHandlers - Finalize Action Handler : com.samsung.android.allshare.service.mediashare.handler.server.ReceiverAsyncActionHandler
09-03 23:01:00.541 16838-24964/? D/AllShare(ASF-DMC): ServiceManager.finiActionHandlers - Finalize Action Handler : com.samsung.android.allshare.service.mediashare.handler.playercontrol.URIPlayerAsyncActionHandler
09-03 23:01:00.541 16838-24964/? D/AllShare(ASF-DMC): ServiceManager.finiActionHandlers - Finalize Action Handler : com.samsung.android.allshare.service.mediashare.handler.playercontrol.PlaylistPlayerAsyncActionHandler
09-03 23:01:00.541 16838-24964/? D/AllShare(ASF-DMC): ServiceManager.finiActionHandlers - Finalize Action Handler : com.samsung.android.allshare.service.mediashare.handler.playercontrol.ViewControllerAsyncActionHandler
09-03 23:01:00.541 16838-24964/? D/AllShare(ASF-DMC): ServiceManager.finiActionHandlers - Finalize Action Handler : com.samsung.android.allshare.service.mediashare.handler.playercontrol.ImageViewerSyncActionHandler
09-03 23:01:00.541 16838-24964/? D/AllShare(ASF-DMC): ServiceManager.finiActionHandlers - Finalize Action Handler : com.samsung.android.allshare.service.mediashare.handler.devicefinder.DeviceFinderDeviceSyncActionHandler
09-03 23:01:00.541 16838-24964/? D/AllShare(ASF-DMC): ServiceManager.finiActionHandlers - Finalize Action Handler : com.samsung.android.allshare.service.mediashare.handler.playercontrol.AVPlayerSyncActionHandler
09-03 23:01:00.541 16838-24964/? D/AllShare(ASF-DMC): ServiceManager.finiActionHandlers - Finalize Action Handler : com.samsung.android.allshare.service.mediashare.handler.playercontrol.PlaylistPlayerSyncActionHandler
09-03 23:01:00.541 16838-24964/? D/AllShare(ASF-DMC): ServiceManager.finiActionHandlers - Finalize Action Handler : com.samsung.android.allshare.service.mediashare.handler.download.DownloadSyncActionHandler
09-03 23:01:00.541 16838-16838/? V/AllShare(ASF_DMC): [NETWORK_LAYER] StopNetworkLayer: 133: 2: StopClientThreads done
09-03 23:01:00.541 16838-16838/? V/AllShare(ASF_DMC): [NETWORK_LAYER] StopNetworkLayer: 140: 3: Calling StopServerThreads
09-03 23:01:00.541 16838-16838/? V/AllShare(ASF_DMC): [NETWORK_LAYER] __stop_server_sockets: 36: StopServerSockets
09-03 23:01:00.541 16838-24917/? E/AllShare(ASF_DMC): [NETWORK_LAYER] handle_accept: 187: [TCPServer::handle_accept] Acceptor closed [Operation Canceled]
09-03 23:01:00.541 16838-16838/? D/AllShare(ASF_DMC): [NETWORK_LAYER] Stop: 128: Leaving multicast group at interface [wlan0]
09-03 23:01:00.541 16838-24921/? E/AllShare(ASF_DMC): [NETWORK_LAYER] receive_handler: 264: [Multicast Server::receive_handler] Canceled [Operation Canceled]
09-03 23:01:00.541 16838-16838/? V/AllShare(ASF_DMC): [NETWORK_LAYER] __stop_server_sockets: 45: StopServerSockets return
09-03 23:01:00.541 16838-24920/? E/AllShare(ASF_DMC): [NETWORK_LAYER] read_handler: 230: [UDPServer::read_handler] Canceled [Operation Canceled]
09-03 23:01:00.551 16838-16838/? E/AllShare(ASF_DMC): [NETWORK_LAYER] Reset: 231: [TCPServer::Reset] ref reset
09-03 23:01:00.551 16838-16838/? V/AllShare(ASF_DMC): [NETWORK_LAYER] StopNetworkLayer: 149: 4: Calling Stopcallback handler threads
09-03 23:01:00.551 16838-16838/? V/AllShare(ASF_DMC): [NETWORK_LAYER] StopNetworkLayer: 153: Exit
09-03 23:01:00.551 16838-16838/? V/AllShare(ASF_DMC): [FRAMEWORK_CONTROLLER] TerminateFrameworkCore: 222: StopNetworkLayer finished
09-03 23:01:00.551 16838-16838/? V/AllShare(ASF_DMC): [FRAMEWORK_CONTROLLER] TerminateFrameworkCore: 226: StopFrameworkCore finished
09-03 23:01:00.551 16838-16838/? V/AllShare(ASF_DMC): [FRAMEWORK_CONTROLLER] TerminateFrameworkCore: 230: TerminateUPnP finished
09-03 23:01:00.551 16838-16838/? V/AllShare(ASF_DMC): [FRAMEWORK_CONTROLLER] TerminateFrameworkCore: 234: Timer Terminate finished
09-03 23:01:00.551 16838-16838/? V/AllShare(ASF_DMC): [NETWORK_LAYER] TerminateNetworkLayer: 62: Enter
09-03 23:01:00.551 16838-16838/? V/AllShare(ASF_DMC): [NETWORK_LAYER] TerminateNetworkLayer: 66: NetworkInterface Destroyed
09-03 23:01:00.551 16838-16838/? V/AllShare(ASF_DMC): [NETWORK_LAYER] TerminateNetworkLayer: 73: ServerManager Destroyed
09-03 23:01:00.551 16838-16838/? V/AllShare(ASF_DMC): [NETWORK_LAYER] TerminateNetworkLayer: 77: CallBackHandler Destroyed, Exit
09-03 23:01:00.551 16838-16838/? V/AllShare(ASF_DMC): [FRAMEWORK_CONTROLLER] TerminateFrameworkCore: 240: Exit
09-03 23:01:00.671 18503-24576/? D/saprovider_cardactionservice: Stop CardActionService by timeout
09-03 23:01:00.671 18503-18503/? D/saprovider_cardactionservice: CardActionService:onDestroy
09-03 23:01:00.671 18503-18503/? D/saprovider_CardHideState: closeDB: 0
09-03 23:01:00.681 3633-5607/? I/ActivityManager: Killing 16706:com.samsung.android.app.assistantmenu/1000 (adj 15): DHA:empty #31
09-03 23:01:00.731 3633-4604/? D/ActivityManager: isAutoRunBlockedApp:: com.samsung.android.app.assistantmenu, Auto Run ON
09-03 23:01:00.751 5169-5363/? D/NetworkController.MobileSignalController(0/4): onSignalStrengthsChanged signalStrength=SignalStrength: 99 99 -120 -160 -120 -1 -1 18 -109 -12 98 -1 2147483647 0x2000 gsm|lte level=2
09-03 23:01:00.751 5169-5363/? D/NetworkController.MobileSignalController(0/4): getMobileIconGroup(): 13
09-03 23:01:00.751 5169-5363/? D/NetworkController.MobileSignalController(0/4): updateCMCCMobileIconGroup(): 13
09-03 23:01:00.881 3633-4468/? D/InputReader: Input event(3): value=1 when=153697979649000
09-03 23:01:00.881 3633-4468/? D/InputReader: Input event(3): value=1 when=153697979649000
09-03 23:01:00.881 3633-4468/? I/InputReader: Touch event's action is 0x0 (deviceType=0) [pCnt=1, s=0.11847 ] when=153697979649000
09-03 23:01:00.881 3633-4468/? D/InputReader: lastThreadEndTime = 153694137221536, currentThreadStartTime = 153694137224453, diff = 0
09-03 23:01:00.881 3633-4467/? I/InputDispatcher: Delivering touch to (5169): action: 0x4, toolType: 1
09-03 23:01:00.881 3633-4467/? I/InputDispatcher: Delivering touch to (19026): action: 0x4, toolType: 1
09-03 23:01:00.881 3633-4467/? I/InputDispatcher: Delivering touch to (23255): action: 0x0, toolType: 1
09-03 23:01:00.881 23255-23255/? D/ViewRootImpl: ViewPostImeInputStage processPointer 0
09-03 23:01:00.881 19026-19026/? D/AutoHideHelper: ###check Single invalid
09-03 23:01:00.941 3633-4468/? D/InputReader: Input event(3): value=0 when=153698047949000
09-03 23:01:00.941 3633-4468/? D/InputReader: Input event(3): value=0 when=153698047949000
09-03 23:01:00.941 3633-4468/? I/InputReader: Touch event's action is 0x1 (deviceType=0) [pCnt=1, s=] when=153698047949000
09-03 23:01:00.941 3633-4467/? I/InputDispatcher: Delivering touch to (23255): action: 0x1, toolType: 1
09-03 23:01:00.941 23255-23255/? D/ViewRootImpl: ViewPostImeInputStage processPointer 1
09-03 23:01:00.941 3633-3648/? V/AudioService: AudioService playSoundEffect Type : 0, volume : -1.0
09-03 23:01:00.941 3633-4960/? V/AudioService: received MSG_PLAY_SOUND_EFFECT onPlaySoundEffect start
09-03 23:01:00.941 3093-4168/? I/APM::AudioPolicyManager: getSituationVolume: isBTConnected:0 isHeadConnected:0
09-03 23:01:00.951 3093-4167/? W/AudioPolicyIntefaceImpl: Skipped to add effects on session 1119
09-03 23:01:00.951 3093-4167/? I/APM::AudioPolicyManager: startOutput() output 4, stream 1, session 1119
09-03 23:01:00.961 3633-5550/? D/ActivityManager: AppLocked getMultiWindowStyle:null
09-03 23:01:00.961 3093-3727/? D/audio_hw_primary: out_set_parameters: enter: kvpairs: routing=2
09-03 23:01:00.961 3633-5550/? D/ActivityManager: AppLocked isLaunchedFromRecents:false hasMultiWindowStyle:false not normal : false
09-03 23:01:00.961 3093-3727/? D/AudioFlinger: setCurDevice() 0x2
09-03 23:01:00.961 3633-5550/? D/GameManagerService: identifyGamePackage. com.sec.android.gallery3d
09-03 23:01:00.961 3633-5550/? D/MultiWindowPolicy: Gamemode - return 0,  when calling  identifyForegroundApp(com.sec.android.gallery3d)
09-03 23:01:00.961 3633-5550/? D/CustomFrequencyManagerService: acquireDVFSLockLocked : type : DVFS_MIN_LIMIT  frequency : 1800000  uid : 1000  pid : 3633  pkgName : ACTIVITY_RESUME_BOOSTER@3
09-03 23:01:00.961 3633-5550/? D/ActivityManager: mDVFSHelper.acquire()
09-03 23:01:00.971 3633-5550/? V/WindowManager: addAppToken: AppWindowToken{2dd9e3f token=Token{bb1ea5e ActivityRecord{dbb6799 u0 com.sec.android.gallery3d/.app.GalleryActivity t13362}}} to stack=1 task=13362 at 1
09-03 23:01:00.971 3633-5550/? D/ActivityManager:  Launching com.sec.android.gallery3d, updated priority
09-03 23:01:00.971 3093-3727/? V/audio_hw_primary: start_output_stream+, out->device : 00000002 , out->type = 1
09-03 23:01:00.971 3093-3727/? D/audio_hw_primary: start_output_stream (0xedba4000) out->pcm_device:6 out->config.rate:48000 out->config.format:0 out->period_size:240
09-03 23:01:00.971 3093-3727/? D/audio_hw_primary: start_output_stream (0xedba4000) out->config.rate:48000 out->config.format:0 out->period_size:240
09-03 23:01:00.971 3093-3727/? I/audio_hw_primary: is_voice_wakeup : ret =  1  , wakeup_baby_cry_enabled = 0  ,  wakeup_mic_enabled = 1 
09-03 23:01:00.971 3093-3727/? I/audio_hw_primary: get_scenario : scenario_type = 36
09-03 23:01:00.971 3093-3727/? I/audio_hw_primary: get_input_snd_device_id device:0xc
09-03 23:01:00.971 3093-3727/? V/audio_hw_primary: select_devices output_scenario:0 input_scenario:36 out_snd_device 0x2 in_snd_device:0xc
09-03 23:01:00.971 3093-3727/? I/audio_route: > audio_route_reset :
09-03 23:01:00.971 3093-3727/? I/audio_route: > audio_route_apply_path : "voice_control-mic"
09-03 23:01:00.971 3093-3727/? V/audio_hw_primary: select_devices() input_route "voice_control-mic" 
09-03 23:01:00.971 3093-3727/? I/audio_route: > audio_route_apply_path : "media-speaker"
09-03 23:01:00.971 3633-3633/? D/GameManagerService: NotifyRunnable. pkg: com.sec.android.gallery3d, type: 4, isMinimized: false, isTunableApp: false
09-03 23:01:00.971 626-626/? W/ResourcesManager: getTopLevelResources: /system/priv-app/SecGallery2015/SecGallery2015.apk / 1.0 running in com.sec.android.gallery3d rsrc of package com.sec.android.gallery3d
09-03 23:01:00.971 3633-5550/? D/InputDispatcher: Focused application set to: xxxx
09-03 23:01:00.981 3633-5550/? D/InputDispatcher: Focus left window: 23255
09-03 23:01:00.981 3633-4944/? D/NetworkPolicy: isUidForegroundLocked: 10044, mScreenOn: true, uidstate: 2, mProxSensorScreenOff: false
09-03 23:01:00.981 3633-4944/? V/NetworkPolicy: getFirewallRuleWifi UID:10044 policy:0
09-03 23:01:00.981 3633-3712/? D/PointerIcon: setMouseIconStyle1 pointerType: 1001 iconType:101 flag:0 pid:3633 uid:1000
09-03 23:01:00.981 3633-3712/? D/PointerIcon: setMouseCustomIcon IconType is same.101
09-03 23:01:00.981 626-24968/? V/MediaPlayer: decode(27, 8743096, 5795)
09-03 23:01:00.981 626-626/? I/VerificationLog: onCreate
09-03 23:01:00.981 626-626/? I/Gallery_Performance: Gallery onCreate Start
09-03 23:01:00.981 3633-4944/? V/NetworkPolicy: getFirewallRuleWifi UID:10044 policy:0
09-03 23:01:00.981 626-626/? D/GalleryActivityLifecycleCallback: created : count 1
09-03 23:01:00.981 3093-3093/? D/OggExtractor:  correct time not found. Let's use approximate value
09-03 23:01:00.981 3093-3093/? I/OggExtractor: OggSource::OggSource() mExtractor ref count = 4
09-03 23:01:00.991 3093-3093/? I/OMXCodec: Attempting to allocate OMX node 'OMX.google.vorbis.decoder'
09-03 23:01:00.991 3093-3093/? I/OMXCodec: Successfully allocated OMX node 'OMX.google.vorbis.decoder'
09-03 23:01:00.991 3093-3093/? I/OMXCodec: >>>UHQA initOutputFormat 16
09-03 23:01:00.991 3093-3093/? I/OMXCodec: [OMX.google.vorbis.decoder] OMXCodec::start mState=1
09-03 23:01:00.991 3093-3093/? I/OMXCodec: [OMX.google.vorbis.decoder] allocating 4 buffers of size 8192 on input port
09-03 23:01:00.991 3093-3093/? I/OMXCodec: [OMX.google.vorbis.decoder] allocating 4 buffers of size 32768 on output port
09-03 23:01:00.991 3093-24973/? I/OMXCodec: [OMX.google.vorbis.decoder] Now Idle. Component sends idle done Event 
09-03 23:01:00.991 3093-24973/? I/OMXCodec: [OMX.google.vorbis.decoder] 0onCmdComplete  mState =  7
09-03 23:01:00.991 3093-24973/? I/OMXCodec: [OMX.google.vorbis.decoder] PORT_DISABLED(1)
09-03 23:01:00.991 3093-24973/? I/OMXCodec: >>>UHQA initOutputFormat 16
09-03 23:01:00.991 3093-24973/? I/OMXCodec: [OMX.google.vorbis.decoder] allocating 4 buffers of size 32768 on output port
09-03 23:01:00.991 3093-24973/? I/OMXCodec: [OMX.google.vorbis.decoder] End Of Stream
09-03 23:01:00.991 3093-3093/? I/SoundExtractor: extract() reached EOS
09-03 23:01:00.991 3093-3093/? I/OMXCodec: [OMX.google.vorbis.decoder] stop mState=4
09-03 23:01:00.991 3093-3093/? I/OMXCodec: [OMX.google.vorbis.decoder] stop() sendCommand(2771, OMX_CommandStateSet, OMX_StateIdle)
09-03 23:01:00.991 3093-24973/? I/OMXCodec: [OMX.google.vorbis.decoder] Now Idle. Component sends idle done Event 
09-03 23:01:00.991 3093-3093/? I/OMXCodec: [OMX.google.vorbis.decoder] stopOmxComponent_l() mstate = 1
09-03 23:01:00.991 3093-3093/? I/OggExtractor: OggSource::stop() mExtractor ref count = 1
09-03 23:01:00.991 3093-3093/? I/OggExtractor: OggSource::~OggSource() mExtractor !mStarted ref count = 1
09-03 23:01:00.991 3093-3093/? I/OggExtractor: ~OggSource --
09-03 23:01:00.991 3093-3093/? I/OggExtractor: ~OggExtractor ++
09-03 23:01:00.991 3093-3093/? I/OggExtractor: ~MyOggExtractor ++ 
09-03 23:01:00.991 3093-3093/? I/OggExtractor: ~MyOggExtractor --
09-03 23:01:00.991 3093-3093/? I/OggExtractor: ~OggExtractor --
09-03 23:01:01.011 3633-3706/? V/BroadcastQueue: [background] Process cur broadcast BroadcastRecord{3d1e455 u0 com.samsung.android.providers.context.log.action.USE_APP_FEATURE_SURVEY qIdx=4}, state= (APP_RECEIVE) DELIVERED for app ProcessRecord{5e94ccc 5869:com.samsung.android.providers.context/u0a380}
09-03 23:01:01.021 3633-7848/? D/ConnectivityService: returning getNetworkInfo for network type 1 : [type: WIFI[] - WIFI, state: CONNECTED/CONNECTED, reason: (unspecified), extra: "HOME-E0A8", roaming: false, failover: false, isAvailable: true]
09-03 23:01:01.021 626-626/? V/StateManager: startState class com.sec.samsung.gallery.view.albumview.AlbumViewState
09-03 23:01:01.021 626-626/? I/Gallery_Performance: AlbumViewState onCreate Start
09-03 23:01:01.021 626-626/? D/AlbumViewState: onCreate  = null
09-03 23:01:01.021 626-626/? I/Gallery_Performance: AlbumViewState onCreate End
09-03 23:01:01.031 626-626/? V/GalleryActivity: convertFromTranslucent() : config={1 1.0 themeSeq = 0 showBtnBg = 0 310mcc260mnc en_US ldltr sw360dp w360dp h616dp 640dpi nrml long port finger -keyb/v/h -nav/h mkbd/h s.20}
09-03 23:01:01.031 626-626/? I/Gallery_Performance: Gallery onCreate End 
09-03 23:01:01.031 626-626/? D/Activity: performCreate Call Injection manager
09-03 23:01:01.031 23255-23255/? V/ActivityThread: updateVisibility : ActivityRecord{add85af token=android.os.BinderProxy@f7319da {com.sh1r0.caffe_android_demo/com.sh1r0.caffe_android_demo.MainActivity}} show : false
09-03 23:01:01.031 3093-3727/? V/audio_hw_primary: select_devices() output_route "media-speaker" 
09-03 23:01:01.031 3093-3727/? I/audio_route: > audio_route_apply_path : "gain-voice_control-mic"
09-03 23:01:01.031 3093-3727/? V/audio_hw_primary: select_devices() input_gain "gain-voice_control-mic" 
09-03 23:01:01.031 3093-3727/? I/audio_route: > audio_route_apply_path : "gain-media-speaker"
09-03 23:01:01.031 3093-3727/? V/audio_hw_primary: select_devices() output_gain "gain-media-speaker" 
09-03 23:01:01.031 3093-3727/? I/audio_route: > audio_route_update_mixer : +
09-03 23:01:01.031 3093-3727/? I/audio_route: > audio_route_update_mixer : changed(0) -
09-03 23:01:01.031 3093-3727/? V/audio_hw_primary: select_devices : set seamless_buf_offset
09-03 23:01:01.031 3093-3727/? I/audio_route: > audio_values_apply_path : "seamless_buf_offset"
09-03 23:01:01.031 3093-3727/? I/audio_hw_primary: select_devices - 
09-03 23:01:01.031 3093-3727/? V/audio_hw_primary: start_output_stream-
09-03 23:01:01.031 626-626/? I/InjectionManager: dispatchOnViewCreated > Target : com.sec.android.gallery3d.app.GalleryActivity isFragment :false
09-03 23:01:01.031 626-626/? I/VerificationLog: onResume
09-03 23:01:01.031 626-626/? I/Gallery_Performance: Gallery onResume Start
09-03 23:01:01.031 626-626/? I/GLIdleTimerCmd: ADD_GL_IDLE_LISTENER
09-03 23:01:01.041 3071-4573/? D/libEGL: eglTerminate EGLDisplay = 0x7f7ba7ae78
09-03 23:01:01.041 3071-4573/? D/libEGL: eglTerminate EGLDisplay = 0x7f7ba7ae78
09-03 23:01:01.041 3633-3706/? V/BroadcastQueue: [background] Process cur broadcast BroadcastRecord{f40952f u0 com.samsung.android.providers.context.log.action.REPORT_APP_STATUS_SURVEY qIdx=4}, state= (APP_RECEIVE) DELIVERED for app ProcessRecord{5e94ccc 5869:com.samsung.android.providers.context/u0a380}
09-03 23:01:01.041 626-626/? I/Gallery_Performance: AlbumViewState onResume Start
09-03 23:01:01.041 626-626/? D/AlbumViewState: onResume
09-03 23:01:01.041 626-626/? I/GLIdleTimerCmd: ADD_GL_IDLE_LISTENER
09-03 23:01:01.041 626-626/? D/GlComposeBaseView: GlComposeBaseView = com.sec.samsung.gallery.glview.composeView.GlComposeAlbumView@8ecb901
09-03 23:01:01.041 626-626/? D/GlComposeView: getLogExtra() : no match viewBytFilterType!!!
09-03 23:01:01.041 626-626/? D/GlComposeView: getLogExtra() : no match viewBytFilterType!!!
09-03 23:01:01.041 626-626/? I/GlRootView: attachLayer = null, new = com.sec.samsung.gallery.glview.composeView.GlComposeAlbumView@8ecb901, type = 1
09-03 23:01:01.041 626-626/? I/GlRootView: exit attachLayer
09-03 23:01:01.041 626-24975/? D/ComposeViewDataLoader: checkIncreaseAlbumSet start
09-03 23:01:01.041 626-24975/? D/ComposeViewDataLoader: loadSet done old = 0, new = 13
09-03 23:01:01.041 626-24975/? D/ComposeViewDataLoader: loadCoveritems count =3, updS = 0, updE = 2
09-03 23:01:01.051 626-626/? I/Gallery_Performance: AlbumViewState onResume End
09-03 23:01:01.051 626-626/? D/GlRootView: onResume mGlActive = false
09-03 23:01:01.051 626-626/? D/GlRootView: onResume mGlActive = false
09-03 23:01:01.051 626-24975/? I/GlRootView: attachLayer = null, new = com.sec.samsung.gallery.glview.composeView.GlComposeAlbumView@8ecb901, type = 1
09-03 23:01:01.051 626-626/? I/Gallery_Performance: Gallery onResume End 
09-03 23:01:01.051 626-626/? I/VerificationLog: Executed
09-03 23:01:01.051 626-24975/? I/GlRootView: exit attachLayer
09-03 23:01:01.051 626-24975/? D/ComposeViewDataLoader: loadCoveritems count =3, updS = 3, updE = 5
09-03 23:01:01.051 626-24975/? D/ComposeViewDataLoader: loadCoveritems count =3, updS = 6, updE = 8
09-03 23:01:01.051 626-24975/? D/ComposeViewDataLoader: loadCoveritems count =3, updS = 9, updE = 11
09-03 23:01:01.051 626-626/? D/SecWifiDisplayUtil: Metadata value : SecSettings2
09-03 23:01:01.051 626-626/? D/ViewRootImpl: #1 mView = com.android.internal.policy.MultiPhoneWindow$MultiPhoneDecorView{31a6583 I.E...... R.....I. 0,0-0,0}
09-03 23:01:01.051 626-24975/? D/ComposeViewDataLoader: loadCoveritems count =1, updS = 12, updE = 12
09-03 23:01:01.051 626-24975/? D/ComposeViewDataLoader: loadCoveritems count =0, updS = 12, updE = 0
09-03 23:01:01.051 3633-5617/? V/BroadcastQueue: [background] Process cur broadcast BroadcastRecord{d4e073c u0 com.samsung.android.providers.context.log.action.USE_APP_FEATURE_SURVEY qIdx=4}, state= (APP_RECEIVE) DELIVERED for app ProcessRecord{5e94ccc 5869:com.samsung.android.providers.context/u0a380}
09-03 23:01:01.051 3633-5551/? D/ISSUE_DEBUG: InputChannelName : 52f261a com.sec.android.gallery3d/com.sec.android.gallery3d.app.GalleryActivity
09-03 23:01:01.051 3633-5622/? D/ActivityManager: post active user change for 0 fullscreen true isFloatingActivity() false isHomeActivity() false
09-03 23:01:01.051 3633-5622/? D/KnoxTimeoutHandler: postActiveUserChange [MsgParam] userId: 0 fullscreen is true showWhenlocked is false
09-03 23:01:01.051 3633-3633/? D/KnoxTimeoutHandler: handleActiveUserChange [MsgParam] userId: 0 fullscreen is true showWhenlocked is false
09-03 23:01:01.051 3633-3633/? I/KnoxTimeoutHandler: Shared devices show user statefalse
09-03 23:01:01.051 626-626/? W/ActivityThread: AppLock checkAppLockState isAppLocked = false pkgName = com.sec.android.gallery3d showWhenLocked = false
09-03 23:01:01.061 626-626/? D/MultiPhoneWindow: performUpdateVisibility, same visibility false
09-03 23:01:01.061 3093-3727/? D/AudioFlinger: mixer(0xede40000) throttle end: throttle time(10)
