09-03 23:00:35.501 3633-3706/? V/BroadcastQueue: [background] Process cur broadcast BroadcastRecord{14616f u0 com.samsung.android.providers.context.log.action.REPORT_APP_STATUS_SURVEY qIdx=4}, state= (APP_RECEIVE) DELIVERED for app ProcessRecord{5e94ccc 5869:com.samsung.android.providers.context/u0a380}
09-03 23:00:35.501 16838-16838/? V/AllShare(ASF_DMC): [NETWORK_LAYER] ConfigureMulticastSupport: 620: Enabling udp servers!!!
09-03 23:00:35.501 16838-16838/? V/AllShare(ASF_DMC): [CP_DISCOVERY] DisableAutoRescan: 244: Auto rescan stopped 
09-03 23:00:35.511 626-24893/? V/MediaPlayer: decode(53, 1311164, 7581)
09-03 23:00:35.511 3633-4944/? D/NetworkPolicy: isUidForegroundLocked: 10003, mScreenOn: true, uidstate: 2, mProxSensorScreenOff: false
09-03 23:00:35.511 3633-4944/? V/NetworkPolicy: getFirewallRuleWifi UID:10003 policy:0
09-03 23:00:35.511 3093-4168/? I/OggExtractor: OggSource::OggSource() mExtractor ref count = 4
09-03 23:00:35.521 3093-4168/? I/OMXCodec: Attempting to allocate OMX node 'OMX.google.vorbis.decoder'
09-03 23:00:35.521 3093-4168/? I/OMXCodec: Successfully allocated OMX node 'OMX.google.vorbis.decoder'
09-03 23:00:35.521 3093-4168/? I/OMXCodec: >>>UHQA initOutputFormat 16
09-03 23:00:35.521 3093-4168/? I/OMXCodec: [OMX.google.vorbis.decoder] OMXCodec::start mState=1
09-03 23:00:35.521 3093-4168/? I/OMXCodec: [OMX.google.vorbis.decoder] allocating 4 buffers of size 8192 on input port
09-03 23:00:35.521 3093-4168/? I/OMXCodec: [OMX.google.vorbis.decoder] allocating 4 buffers of size 32768 on output port
09-03 23:00:35.521 3093-24929/? I/OMXCodec: [OMX.google.vorbis.decoder] Now Idle. Component sends idle done Event 
09-03 23:00:35.521 16838-16838/? D/AllShare(ASF-DMC): ServiceManager.checkDeviceName - set default MOBILE Device
09-03 23:00:35.521 3093-24929/? I/OMXCodec: [OMX.google.vorbis.decoder] 0onCmdComplete  mState =  7
09-03 23:00:35.521 3093-24929/? I/OMXCodec: [OMX.google.vorbis.decoder] PORT_DISABLED(1)
09-03 23:00:35.521 3093-24929/? I/OMXCodec: >>>UHQA initOutputFormat 16
09-03 23:00:35.521 626-626/? I/Gallery_Performance: PostGalleryCmd resume() END
09-03 23:00:35.521 3093-24929/? I/OMXCodec: [OMX.google.vorbis.decoder] allocating 4 buffers of size 32768 on output port
09-03 23:00:35.521 3633-5550/? D/CustomFrequencyManagerService: releaseDVFSLockLocked : Getting Lock type frm List : DVFS_MIN_LIMIT  frequency : 800000  uid : 1000  pid : 3633  tag : GALLERY_LIST_SCROLL@363
09-03 23:00:35.521 16116-16134/? I/SystemBroadcastReceiver: [#CMH#] Received broadcast 
09-03 23:00:35.521 16116-16134/? I/PolicyManager: [#CMH#] onReceive action = AUTO_EVENT_STATE_CHANGED
09-03 23:00:35.521 16116-16134/? I/SystemBroadcastReceiver: [#CMH#] onReceive completed 
09-03 23:00:35.521 626-24889/? D/GlComposeView: TransAnimation for the root object is stopped by layoutChange
09-03 23:00:35.521 626-24898/? D/CpuBoostScrollCmd: Scroll Boost Release
09-03 23:00:35.521 626-626/? I/InjectionManager: dispatchCreateOptionsMenu :com.sec.android.gallery3d.app.GalleryActivity
09-03 23:00:35.521 626-626/? I/InjectionManager: dispatchPrepareOptionsMenu :com.sec.android.gallery3d.app.GalleryActivity
09-03 23:00:35.521 16838-16838/? I/AllShare(ASF-DMC): ServiceManager.startServiceManager - startMRCP wifiMac : FC:DB:B3:E7:4A:45
09-03 23:00:35.521 16838-16838/? V/AllShare(ASF_DMC): [MRCP] StartMrcp: 601: initializing Mac Address for Screen Sharing
09-03 23:00:35.521 16838-16838/? V/AllShare(ASF_DMC): [CP_DISCOVERY] Rescan: 449: Sending Rescan.
09-03 23:00:35.521 16838-16838/? E/AllShare(ASF_DMC): [CP_DISCOVERY] Rescan: 498: SendMulticastPacket failed with error 1
09-03 23:00:35.521 16838-16838/? I/AllShare(ASF_DMC): [CP_DISCOVERY] AddDeviceChangeListener: 720: Rescan failed. 
09-03 23:00:35.521 16838-16838/? V/AllShare(ASF_DMC): [CP_DISCOVERY] RegisterCP: 132: Registering CP Success
09-03 23:00:35.521 16838-16838/? V/AllShare(ASF_DMC): [MRCP] Start: 70: MRCP Started
09-03 23:00:35.521 16838-16838/? I/AllShare(ASF-DMC): ServiceManager.startServiceManager - start MRCP successfully
09-03 23:00:35.521 16838-16838/? V/AllShare(ASF_DMC): [CP_DISCOVERY] Rescan: 449: Sending Rescan.
09-03 23:00:35.521 16838-16838/? E/AllShare(ASF_DMC): [CP_DISCOVERY] Rescan: 498: SendMulticastPacket failed with error 1
09-03 23:00:35.521 16838-16838/? I/AllShare(ASF_DMC): [CP_DISCOVERY] AddDeviceChangeListener: 720: Rescan failed. 
09-03 23:00:35.521 16838-16838/? V/AllShare(ASF_DMC): [CP_DISCOVERY] RegisterCP: 132: Registering CP Success
09-03 23:00:35.521 16838-16838/? V/AllShare(ASF_DMC): [MSCP] Start: 79: MediaServer CP Started
09-03 23:00:35.521 16838-16838/? I/AllShare(ASF-DMC): ServiceManager.startServiceManager - start MSCP successfully
09-03 23:00:35.521 16838-16838/? V/AllShare(ASF_DMC): [CP_DISCOVERY] Rescan: 449: Sending Rescan.
09-03 23:00:35.521 16838-16838/? E/AllShare(ASF_DMC): [CP_DISCOVERY] Rescan: 498: SendMulticastPacket failed with error 1
09-03 23:00:35.521 16838-16838/? I/AllShare(ASF_DMC): [CP_DISCOVERY] AddDeviceChangeListener: 720: Rescan failed. 
09-03 23:00:35.521 16838-16838/? V/AllShare(ASF_DMC): [CP_DISCOVERY] RegisterCP: 132: Registering CP Success
09-03 23:00:35.521 16838-16838/? V/AllShare(ASF_DMC): [KIES_CP] Start: 75: Kiescp started
09-03 23:00:35.521 16838-16838/? I/AllShare(ASF-DMC): ServiceManager.startServiceManager - start kies cp successfully!
09-03 23:00:35.521 16838-16838/? I/AllShare(ASF-DMC): ServiceManager.startServiceManager - Started AllShare Service...taking msec of 20
09-03 23:00:35.521 16838-16838/? D/AllShare(ASF-DMC): ServiceManager.onBind - [ TRACE ] onBind
09-03 23:00:35.521 16838-16838/? I/AllShare(ASF-DMC): ServiceManager.startServiceManager - AllShare Service is ALREADY running...
09-03 23:00:35.521 16838-16838/? D/AllShare(ASF-DMC): ServiceManager.bindServiceManager - SubscriberID : com.sec.android.gallery3d
09-03 23:00:35.531 3093-24929/? I/OMXCodec: [OMX.google.vorbis.decoder] End Of Stream
09-03 23:00:35.531 3093-4168/? I/SoundExtractor: extract() reached EOS
09-03 23:00:35.531 3093-4168/? I/OMXCodec: [OMX.google.vorbis.decoder] stop mState=4
09-03 23:00:35.531 3093-4168/? I/OMXCodec: [OMX.google.vorbis.decoder] stop() sendCommand(2768, OMX_CommandStateSet, OMX_StateIdle)
09-03 23:00:35.531 3093-24929/? I/OMXCodec: [OMX.google.vorbis.decoder] Now Idle. Component sends idle done Event 
09-03 23:00:35.531 3093-4168/? I/OMXCodec: [OMX.google.vorbis.decoder] stopOmxComponent_l() mstate = 1
09-03 23:00:35.531 3093-4168/? I/OggExtractor: OggSource::stop() mExtractor ref count = 1
09-03 23:00:35.531 3093-4168/? I/OggExtractor: OggSource::~OggSource() mExtractor !mStarted ref count = 1
09-03 23:00:35.531 3093-4168/? I/OggExtractor: ~OggSource --
09-03 23:00:35.531 3093-4168/? I/OggExtractor: ~OggExtractor ++
09-03 23:00:35.531 3093-4168/? I/OggExtractor: ~MyOggExtractor ++ 
09-03 23:00:35.531 3093-4168/? I/OggExtractor: ~MyOggExtractor --
09-03 23:00:35.531 3093-4168/? I/OggExtractor: ~OggExtractor --
09-03 23:00:35.531 626-24893/? V/MediaPlayer: decode(55, 1318796, 5467)
09-03 23:00:35.531 3093-3093/? I/OggExtractor: OggSource::OggSource() mExtractor ref count = 4
09-03 23:00:35.531 626-626/? D/AllShare(ASF-API): L-d140909 / AllShareConnector.gallery3d : onReceive AllShare Service Start message...^^
09-03 23:00:35.531 626-626/? I/AllShare(ASF-API): L-d140909 / AllShareConnector.gallery3d is Already trying to connecting...wait..
09-03 23:00:35.531 3093-3093/? I/OMXCodec: Attempting to allocate OMX node 'OMX.google.vorbis.decoder'
09-03 23:00:35.531 3093-3093/? I/OMXCodec: Successfully allocated OMX node 'OMX.google.vorbis.decoder'
09-03 23:00:35.531 3093-3093/? I/OMXCodec: >>>UHQA initOutputFormat 16
09-03 23:00:35.531 3093-3093/? I/OMXCodec: [OMX.google.vorbis.decoder] OMXCodec::start mState=1
09-03 23:00:35.531 3093-3093/? I/OMXCodec: [OMX.google.vorbis.decoder] allocating 4 buffers of size 8192 on input port
09-03 23:00:35.531 3093-3093/? I/OMXCodec: [OMX.google.vorbis.decoder] allocating 4 buffers of size 32768 on output port
09-03 23:00:35.541 3093-24931/? I/OMXCodec: [OMX.google.vorbis.decoder] Now Idle. Component sends idle done Event 
09-03 23:00:35.541 16838-16838/? V/AllShare(ASF-DMC): SystemEventMonitor.checkWifiState - WIFI STATE: CONNECTED
09-03 23:00:35.541 16838-24932/? D/AllShare(ASF-DMC): NetworkStatusListener.notifyNICAdded - NIC: wlan0
09-03 23:00:35.541 16838-16838/? V/AllShare(ASF-DMC): SystemEventMonitor.checkP2PState - WIFI P2P STATE: DISCONNECTED
09-03 23:00:35.541 3093-24931/? I/OMXCodec: [OMX.google.vorbis.decoder] 0onCmdComplete  mState =  7
09-03 23:00:35.541 3093-24931/? I/OMXCodec: [OMX.google.vorbis.decoder] PORT_DISABLED(1)
09-03 23:00:35.541 3093-24931/? I/OMXCodec: >>>UHQA initOutputFormat 16
09-03 23:00:35.541 3093-24931/? I/OMXCodec: [OMX.google.vorbis.decoder] allocating 4 buffers of size 32768 on output port
09-03 23:00:35.541 3093-24931/? I/OMXCodec: [OMX.google.vorbis.decoder] End Of Stream
09-03 23:00:35.541 3093-3093/? I/SoundExtractor: extract() reached EOS
09-03 23:00:35.541 3093-3093/? I/OMXCodec: [OMX.google.vorbis.decoder] stop mState=4
09-03 23:00:35.541 3093-3093/? I/OMXCodec: [OMX.google.vorbis.decoder] stop() sendCommand(2769, OMX_CommandStateSet, OMX_StateIdle)
09-03 23:00:35.541 3093-24931/? I/OMXCodec: [OMX.google.vorbis.decoder] Now Idle. Component sends idle done Event 
09-03 23:00:35.541 3093-3093/? I/OMXCodec: [OMX.google.vorbis.decoder] stopOmxComponent_l() mstate = 1
09-03 23:00:35.541 3093-3093/? I/OggExtractor: OggSource::stop() mExtractor ref count = 1
09-03 23:00:35.541 3093-3093/? I/OggExtractor: OggSource::~OggSource() mExtractor !mStarted ref count = 1
09-03 23:00:35.541 3093-3093/? I/OggExtractor: ~OggSource --
09-03 23:00:35.541 3093-3093/? I/OggExtractor: ~OggExtractor ++
09-03 23:00:35.541 3093-3093/? I/OggExtractor: ~MyOggExtractor ++ 
09-03 23:00:35.541 3093-3093/? I/OggExtractor: ~MyOggExtractor --
09-03 23:00:35.541 3093-3093/? I/OggExtractor: ~OggExtractor --
09-03 23:00:35.541 16838-24932/? D/AllShare(ASF-DMC): NetworkStatusListener.getNetworkInfo - finding NetworkInterface wlan0... rmnet_data6
09-03 23:00:35.541 16838-24932/? D/AllShare(ASF-DMC): NetworkStatusListener.getNetworkInfo - finding NetworkInterface wlan0... rmnet_data5
09-03 23:00:35.541 16838-24932/? D/AllShare(ASF-DMC): NetworkStatusListener.getNetworkInfo - finding NetworkInterface wlan0... rmnet_data7
09-03 23:00:35.541 16838-24932/? D/AllShare(ASF-DMC): NetworkStatusListener.getNetworkInfo - finding NetworkInterface wlan0... rmnet_data0
09-03 23:00:35.541 16838-24932/? D/AllShare(ASF-DMC): NetworkStatusListener.getNetworkInfo - finding NetworkInterface wlan0... rmnet_data1
09-03 23:00:35.541 16838-24932/? D/AllShare(ASF-DMC): NetworkStatusListener.getNetworkInfo - finding NetworkInterface wlan0... rmnet_data3
09-03 23:00:35.541 16838-24932/? D/AllShare(ASF-DMC): NetworkStatusListener.getNetworkInfo - finding NetworkInterface wlan0... rmnet_data2
09-03 23:00:35.541 16838-24932/? D/AllShare(ASF-DMC): NetworkStatusListener.getNetworkInfo - finding NetworkInterface wlan0... rmnet_data4
09-03 23:00:35.541 16838-24932/? D/AllShare(ASF-DMC): NetworkStatusListener.getNetworkInfo - finding NetworkInterface wlan0... ip6tnl0
09-03 23:00:35.541 16838-24932/? I/AllShare(ASF-DMC): NetworkStatusListener.getNetworkInfo - NetworkInterface found wlan0 == wlan0
09-03 23:00:35.541 16838-24932/? I/AllShare(ASF-DMC): NetworkStatusListener.getNetworkInfo - InetAddress found 2601:644:401:84e2:fedb:b3ff:fee7:4a45%5 in wlan0
09-03 23:00:35.541 16838-24932/? D/AllShare(ASF-DMC): NetworkStatusListener.getNetworkInfo - skip...this is IPv6: 2601:644:401:84e2:fedb:b3ff:fee7:4a45%5 of false||true ||true
09-03 23:00:35.541 16838-24932/? I/AllShare(ASF-DMC): NetworkStatusListener.getNetworkInfo - InetAddress found fe80::fedb:b3ff:fee7:4a45%wlan0 in wlan0
09-03 23:00:35.541 16838-24932/? D/AllShare(ASF-DMC): NetworkStatusListener.getNetworkInfo - skip...this is IPv6: fe80::fedb:b3ff:fee7:4a45%wlan0 of false||true ||true
09-03 23:00:35.541 16838-24932/? I/AllShare(ASF-DMC): NetworkStatusListener.getNetworkInfo - InetAddress found 2601:644:401:84e2:1437:b80f:db2e:8189%5 in wlan0
09-03 23:00:35.541 16838-24932/? D/AllShare(ASF-DMC): NetworkStatusListener.getNetworkInfo - skip...this is IPv6: 2601:644:401:84e2:1437:b80f:db2e:8189%5 of false||true ||true
09-03 23:00:35.541 16838-24932/? I/AllShare(ASF-DMC): NetworkStatusListener.getNetworkInfo - InetAddress found 10.0.0.4 in wlan0
09-03 23:00:35.541 16838-24932/? I/AllShare(ASF-DMC): NetworkStatusListener.getNetworkInfo - this is IPv4 we want: 10.0.0.4 in wlan0
09-03 23:00:35.541 16838-24932/? D/AllShare(ASF-DMC): NetworkStatusListener.notifyNICAdded - ip: 10.0.0.4, subnet mask: 255.255.255.0
09-03 23:00:35.541 16838-24932/? I/AllShare(ASF_DMC): [JNI] JavaNotifyNICAdded: 122: Enter JavaNotifyNICAdded
09-03 23:00:35.541 16838-24932/? V/AllShare(ASF_DMC): [NETWORK_LAYER] OnNetworkChanged: 205: ServerManager::OnNetworkChanged:NIC_ADDED
09-03 23:00:35.541 3071-3071/? D/libEGL: eglInitialize EGLDisplay = 0x7ffb5b6848
09-03 23:00:35.541 16838-24932/? D/AllShare(ASF_DMC): [NETWORK_LAYER] Start: 141: TCPServer Started: 10.0.0.4:8187
09-03 23:00:35.541 16838-24932/? D/AllShare(ASF_DMC): [NETWORK_LAYER] Start: 85: listen_address [10.0.0.4]
09-03 23:00:35.541 16838-24932/? D/AllShare(ASF_DMC): [NETWORK_LAYER] Start: 112: New MulticastServer::Start() : 239.255.255.250:1900 Started
09-03 23:00:35.541 16838-24932/? D/AllShare(ASF_DMC): [NETWORK_LAYER] Start: 102: UDPServer Started:10.0.0.4:3942
09-03 23:00:35.541 16838-24932/? V/AllShare(ASF_DMC): [NETWORK_LAYER] NotifyNICIfEvent: 1124: 2 event listeners are notified!!!
09-03 23:00:35.541 16838-24906/? D/AllShare(ASF_DMC): [NETWORK_LAYER] NotifyNICEventByID: 1204: Notifying NIC Change 0 for wlan0 listener_id 0
09-03 23:00:35.541 16838-24932/? D/AllShare(ASF-DMC): DeviceSubscriber.eventNotifyReceived - receive system event: com.sec.android.allshare.event.EVENT_WIFI_ENABLED
09-03 23:00:35.541 16838-24906/? D/AllShare(ASF_DMC): [CP_DISCOVERY] OnNetworkChanged: 53: Received NIC change event [0] for [wlan0]
09-03 23:00:35.541 16838-24905/? D/AllShare(ASF_DMC): [NETWORK_LAYER] NotifyNICEventByID: 1204: Notifying NIC Change 0 for wlan0 listener_id 1
09-03 23:00:35.541 16838-24906/? V/AllShare(ASF_DMC): [CP_DISCOVERY] Rescan: 449: Sending Rescan.
09-03 23:00:35.541 16838-24932/? D/AllShare(ASF-DMC): NetworkStatusListener.notifyNICRemoved - NIC: p2p-wlan0-0
09-03 23:00:35.541 16838-24932/? I/AllShare(ASF_DMC): [JNI] JavaNotifyNICRemoved: 137: Enter JavaNotifyNICRemoved
09-03 23:00:35.541 16838-24905/? D/AllShare(ASF_DMC): [STREAMING] OnNetworkChanged: 155: NW event arrived for interface name wlan0
09-03 23:00:35.541 16838-24932/? I/AllShare(ASF_DMC): [NETWORK_LAYER] NotifyNICRemoved: 1078: Interface [p2p-wlan0-0] is already removed!!
09-03 23:00:35.541 16838-24932/? D/AllShare(ASF-DMC): DeviceSubscriber.eventNotifyReceived - receive system event: com.sec.android.allshare.event.EVENT_WIFI_P2P_DISABLED
09-03 23:00:35.551 626-24893/? V/MediaPlayer: decode(69, 0, 4705)
09-03 23:00:35.551 626-24889/? D/GlLayer: setHoverScrollFlexibleHeightMargin264
09-03 23:00:35.551 626-24889/? D/GlHoverController: onMessage msg = 3
09-03 23:00:35.551 626-24889/? D/GlHoverController: removeHoverView removed message = 0
09-03 23:00:35.551 3093-5635/? I/OggExtractor: OggSource::OggSource() mExtractor ref count = 4
09-03 23:00:35.551 3093-5635/? I/OMXCodec: Attempting to allocate OMX node 'OMX.google.vorbis.decoder'
09-03 23:00:35.551 3093-5635/? I/OMXCodec: Successfully allocated OMX node 'OMX.google.vorbis.decoder'
09-03 23:00:35.551 3093-5635/? I/OMXCodec: >>>UHQA initOutputFormat 16
09-03 23:00:35.551 3093-5635/? I/OMXCodec: [OMX.google.vorbis.decoder] OMXCodec::start mState=1
09-03 23:00:35.551 3093-5635/? I/OMXCodec: [OMX.google.vorbis.decoder] allocating 4 buffers of size 8192 on input port
09-03 23:00:35.551 3093-5635/? I/OMXCodec: [OMX.google.vorbis.decoder] allocating 4 buffers of size 32768 on output port
09-03 23:00:35.551 3093-24934/? I/OMXCodec: [OMX.google.vorbis.decoder] Now Idle. Component sends idle done Event 
09-03 23:00:35.551 3093-24934/? I/OMXCodec: [OMX.google.vorbis.decoder] End Of Stream
09-03 23:00:35.551 3093-24934/? I/OMXCodec: [OMX.google.vorbis.decoder] 0onCmdComplete  mState =  7
09-03 23:00:35.551 3093-24934/? I/OMXCodec: [OMX.google.vorbis.decoder] PORT_DISABLED(1)
09-03 23:00:35.551 3093-24934/? I/OMXCodec: >>>UHQA initOutputFormat 16
09-03 23:00:35.551 3093-24934/? I/OMXCodec: [OMX.google.vorbis.decoder] allocating 4 buffers of size 32768 on output port
09-03 23:00:35.551 3093-5635/? I/SoundExtractor: extract() reached EOS
09-03 23:00:35.551 3093-5635/? I/OMXCodec: [OMX.google.vorbis.decoder] stop mState=4
09-03 23:00:35.551 3093-5635/? I/OMXCodec: [OMX.google.vorbis.decoder] stop() sendCommand(2770, OMX_CommandStateSet, OMX_StateIdle)
09-03 23:00:35.551 3093-24934/? I/OMXCodec: [OMX.google.vorbis.decoder] Now Idle. Component sends idle done Event 
09-03 23:00:35.561 3093-5635/? I/OMXCodec: [OMX.google.vorbis.decoder] stopOmxComponent_l() mstate = 1
09-03 23:00:35.561 3093-5635/? I/OggExtractor: OggSource::stop() mExtractor ref count = 1
09-03 23:00:35.561 3093-5635/? I/OggExtractor: OggSource::~OggSource() mExtractor !mStarted ref count = 1
09-03 23:00:35.561 3093-5635/? I/OggExtractor: ~OggSource --
09-03 23:00:35.561 3093-5635/? I/OggExtractor: ~OggExtractor ++
09-03 23:00:35.561 3093-5635/? I/OggExtractor: ~MyOggExtractor ++ 
09-03 23:00:35.561 3093-5635/? I/OggExtractor: ~MyOggExtractor --
09-03 23:00:35.561 3093-5635/? I/OggExtractor: ~OggExtractor --
09-03 23:00:35.571 3633-4468/? D/InputReader: Input event(3): value=0 when=153672671561000
09-03 23:00:35.571 3633-4468/? D/InputReader: Input event(3): value=0 when=153672671561000
09-03 23:00:35.571 3633-4468/? I/InputReader: Touch event's action is 0x1 (deviceType=0) [pCnt=1, s=] when=153672671561000
09-03 23:00:35.571 3633-4467/? I/InputDispatcher: Delivering touch to (626): action: 0x1, toolType: 1
09-03 23:00:35.581 626-626/? D/ViewRootImpl: ViewPostImeInputStage processPointer 1
09-03 23:00:35.581 626-626/? E/AlbumViewState: cannot start anmation to PhotoView. bitmap is null
09-03 23:00:35.581 3633-5273/? V/AudioService: AudioService playSoundEffect Type : 10, volume : -1.0
09-03 23:00:35.581 3633-4960/? V/AudioService: received MSG_PLAY_SOUND_EFFECT onPlaySoundEffect start
09-03 23:00:35.581 3093-5633/? I/APM::AudioPolicyManager: getSituationVolume: isBTConnected:0 isHeadConnected:0
09-03 23:00:35.581 626-626/? V/StateManager: startState class com.sec.samsung.gallery.view.photosplitview.PhotoSplitViewState
09-03 23:00:35.581 626-626/? I/Gallery_Performance: AlbumViewState onPause Start
09-03 23:00:35.581 626-626/? I/GlLayer: pause = com.sec.samsung.gallery.glview.composeView.GlComposeAlbumView@1bb693f, state = 1
09-03 23:00:35.581 626-626/? I/Gallery_Performance: AlbumViewState onPause End
09-03 23:00:35.581 626-626/? I/Gallery_Performance: PhotoSplitViewState onCreate Start
09-03 23:00:35.581 626-626/? D/ComposeViewDataLoader: checkIncreaseAlbumSet start
09-03 23:00:35.581 626-626/? I/Gallery_Performance: PhotoSplitViewState onCreate End
09-03 23:00:35.581 626-626/? I/Gallery_Performance: PhotoSplitViewState onResume Start
09-03 23:00:35.581 626-626/? D/GlComposeBaseView: GlComposeBaseView = com.sec.samsung.gallery.glview.composeView.GlComposeAlbumPhotoView@ba010d4
09-03 23:00:35.581 626-626/? D/GlComposeBaseView: GlComposeBaseView = com.sec.samsung.gallery.glview.composeView.GlComposeSplitView@3ff27d
09-03 23:00:35.581 3093-6337/? W/AudioPolicyIntefaceImpl: Skipped to add effects on session 1117
09-03 23:00:35.581 3093-6337/? I/APM::AudioPolicyManager: startOutput() output 4, stream 1, session 1117
09-03 23:00:35.581 3633-3706/? V/BroadcastQueue: [background] Process cur broadcast BroadcastRecord{ba54726 u0 com.samsung.android.providers.context.log.action.USE_APP_FEATURE_SURVEY qIdx=4}, state= (APP_RECEIVE) DELIVERED for app ProcessRecord{5e94ccc 5869:com.samsung.android.providers.context/u0a380}
09-03 23:00:35.591 626-626/? I/GlRootView: attachLayer = com.sec.samsung.gallery.glview.composeView.GlComposeAlbumView@1bb693f, new = com.sec.samsung.gallery.glview.composeView.GlComposeSplitView@3ff27d, type = 1
09-03 23:00:35.591 626-626/? I/GlRootView: exit attachLayer
09-03 23:00:35.591 626-24936/? D/ComposeViewDataLoader: checkIncreaseAlbumSet start
09-03 23:00:35.591 626-24936/? D/ComposeViewDataLoader: loadSet done old = 13, new = 13
09-03 23:00:35.591 626-24936/? D/ComposeViewDataLoader: loadCoveritems count =0, updS = 7, updE = 0
09-03 23:00:35.591 626-24936/? D/ComposeViewDataLoader: loadCoveritems count =0, updS = 7, updE = 0
09-03 23:00:35.591 3633-5254/? V/BroadcastQueue: [background] Process cur broadcast BroadcastRecord{e710f67 u0 com.samsung.android.providers.context.log.action.USE_APP_FEATURE_SURVEY qIdx=4}, state= (APP_RECEIVE) DELIVERED for app ProcessRecord{5e94ccc 5869:com.samsung.android.providers.context/u0a380}
09-03 23:00:35.591 3093-3727/? D/audio_hw_primary: out_set_parameters: enter: kvpairs: routing=2
09-03 23:00:35.591 3093-3727/? I/audio_hw_primary: out_set_parameters adev->out_device:2
09-03 23:00:35.591 3093-3727/? I/audio_hw_primary: is_voice_wakeup : ret =  1  , wakeup_baby_cry_enabled = 0  ,  wakeup_mic_enabled = 1 
09-03 23:00:35.591 3093-3727/? I/audio_hw_primary: get_scenario : scenario_type = 36
09-03 23:00:35.591 3093-3727/? I/audio_hw_primary: get_input_snd_device_id device:0xc
09-03 23:00:35.591 3093-3727/? V/audio_hw_primary: select_devices output_scenario:0 input_scenario:36 out_snd_device 0x2 in_snd_device:0xc
09-03 23:00:35.591 3093-3727/? I/audio_hw_primary: select_devices - do not update mixer_path
09-03 23:00:35.591 3093-3727/? D/AudioFlinger: setCurDevice() 0x2
09-03 23:00:35.591 626-24938/? E/NFC: isAndroidBeamAllowed - Begin
09-03 23:00:35.591 626-24938/? I/NFC: showMsg is false
09-03 23:00:35.591 3633-3648/? D/SecContentProvider: query(), uri = 15 selection = isAndroidBeamAllowed
09-03 23:00:35.601 626-626/? I/Gallery_Performance: PhotoSplitViewState onResume End
09-03 23:00:35.601 626-24889/? I/GlRootView: enter replaceLayer = com.sec.samsung.gallery.glview.composeView.GlComposeAlbumView@1bb693f, new = com.sec.samsung.gallery.glview.composeView.GlComposeSplitView@3ff27d, type = 1
09-03 23:00:35.601 626-24889/? I/GlLayer: pause = com.sec.samsung.gallery.glview.composeView.GlComposeAlbumView@1bb693f, state = 2
09-03 23:00:35.601 626-24898/? D/CpuBoostScrollCmd: Scroll Boost Release
09-03 23:00:35.601 626-24889/? I/GlLayer: destroy = com.sec.samsung.gallery.glview.composeView.GlComposeAlbumView@1bb693f, state = 2
09-03 23:00:35.601 626-24889/? D/GlComposeView: setAdapter = com.sec.samsung.gallery.view.adapter.ComposeAlbumSetAdapter@2a7202f, new = null
09-03 23:00:35.601 626-626/? I/InjectionManager: dispatchCreateOptionsMenu :com.sec.android.gallery3d.app.GalleryActivity
09-03 23:00:35.601 626-626/? I/InjectionManager: dispatchPrepareOptionsMenu :com.sec.android.gallery3d.app.GalleryActivity
09-03 23:00:35.601 626-24889/? D/GlRootView: isWideMode : false
09-03 23:00:35.601 626-24889/? I/GlLayer: create = com.sec.samsung.gallery.glview.composeView.GlComposeSplitView@3ff27d, state = 0
09-03 23:00:35.601 626-24889/? E/PositionControllerAlbumPhoto: resetAttributes :: mTitleCanvsH : 160 mTitleCanvsW:0
09-03 23:00:35.601 626-24889/? D/GlLayer: setHoverScrollFlexibleHeightMargin264
09-03 23:00:35.601 626-24889/? I/GlLayer: create = com.sec.samsung.gallery.glview.composeView.GlComposeAlbumPhotoView@ba010d4, state = 0
09-03 23:00:35.601 626-24889/? E/PositionControllerAlbumPhoto: resetAttributes :: mTitleCanvsH : 128 mTitleCanvsW:0
09-03 23:00:35.601 626-24889/? D/GlLayer: setHoverScrollFlexibleHeightMargin228
09-03 23:00:35.601 626-24889/? D/PhotoSplitViewState: onViewInitialize
09-03 23:00:35.601 626-24889/? D/GlComposeView: setAdapter = null, new = com.sec.samsung.gallery.view.adapter.ComposePhotoViewAlbumSetAdapter@2e150ca
09-03 23:00:35.601 626-24889/? D/ComposeViewDataLoader: applyViewListener = com.sec.samsung.gallery.glview.composeView.GlComposeView$2@6c9223b, count = -1, notiCount = -1
09-03 23:00:35.601 626-24889/? D/GlComposeView: onSizeChanged= 13
09-03 23:00:35.601 626-24889/? D/GlComposeView: setAdapter = null, new = com.sec.samsung.gallery.view.adapter.ComposeMediaItemAdapter@b3bd58
09-03 23:00:35.601 626-24889/? I/GlLayer: resume = com.sec.samsung.gallery.glview.composeView.GlComposeSplitView@3ff27d, state = 1
09-03 23:00:35.601 626-24889/? I/GlRootView: exit replaceLayer
09-03 23:00:35.611 626-626/? I/AllShare(ASF-API): L-d140909 / AllShareConnector.Subscriber onServiceConnected to gallery3d
09-03 23:00:35.611 626-626/? D/AllShare(ASF-API): L-d140909 / AllShareConnector.onConnected to gallery3d
09-03 23:00:35.611 626-626/? I/NearbyClient: ServiceProvider Created : ENABLED
09-03 23:00:35.611 626-626/? D/NearbyClient: setDeviceFinderEventListener. provider and imageviewer
09-03 23:00:35.611 3633-4604/? V/BroadcastQueue: [background] Process cur broadcast BroadcastRecord{97f2114 u0 com.samsung.android.providers.context.log.action.USE_APP_FEATURE_SURVEY qIdx=4}, state= (APP_RECEIVE) DELIVERED for app ProcessRecord{5e94ccc 5869:com.samsung.android.providers.context/u0a380}
09-03 23:00:35.611 626-626/? D/NearbyClient: refresh device list
09-03 23:00:35.611 626-626/? I/AllShare(ASF-API): L-d140909 / MediaDeviceFinderImpl.refresh
09-03 23:00:35.611 16838-16851/? I/AllShare(ASF_DMC): [JNI] rescanDeviceByAppID: 469: Meet unregister app id when rescan !
09-03 23:00:35.611 16838-16851/? D/AllShare(ASF_DMC): [CP_DISCOVERY] Rescan: 443: Rescan already in progress for [ssdp:all]
09-03 23:00:35.611 16838-16851/? I/AllShare(ASF_DMC): [CP_DISCOVERY] Rescan: 341: Rescan failed.
09-03 23:00:35.611 626-626/? I/AllShare(ASF-API): L-d140909 / MediaDeviceFinderImpl.getDevices - type[DEVICE_PROVIDER], domain[LOCAL_NETWORK]
09-03 23:00:35.611 16838-16850/? V/AllShare(ASF_DMC): [CP_DISCOVERY] GetDeviceList: 165: interesting device list empty
09-03 23:00:35.611 16838-16850/? I/AllShare(ASF_DMC): [JNI] getDeviceList: 398: getDeviceListFromGenericCP Failed,  [-1020] - can't find device
09-03 23:00:35.611 16838-16850/? I/AllShare(ASF_DMC): [JNI] getDeviceListJNI: 308: pDeviceList == NULL
09-03 23:00:35.611 16838-16850/? W/AllShare(ASF-DMC): DeviceListManagerWrapper.getDeviceList - Get device list with type[2] failed
09-03 23:00:35.611 626-626/? I/AllShare(ASF-API): L-d140909 / MediaDeviceFinderImpl.getDevices - type[DEVICE_IMAGEVIEWER], domain[LOCAL_NETWORK]
09-03 23:00:35.611 16838-17035/? V/AllShare(ASF_DMC): [CP_DISCOVERY] GetDeviceList: 165: interesting device list empty
09-03 23:00:35.611 16838-17035/? I/AllShare(ASF_DMC): [JNI] getDeviceList: 398: getDeviceListFromGenericCP Failed,  [-1020] - can't find device
09-03 23:00:35.611 16838-17035/? I/AllShare(ASF_DMC): [JNI] getDeviceListJNI: 308: pDeviceList == NULL
09-03 23:00:35.611 16838-17035/? W/AllShare(ASF-DMC): DeviceListManagerWrapper.getDeviceList - Get device list with type[1] failed
09-03 23:00:35.611 626-626/? D/NearbyClient: device count : 0 Provider : 0 ImageViewer : 0
09-03 23:00:35.611 626-24938/? E/NFC: isAndroidBeamAllowed - Begin
09-03 23:00:35.611 626-24938/? I/NFC: showMsg is false
09-03 23:00:35.611 3633-5842/? D/SecContentProvider: query(), uri = 15 selection = isAndroidBeamAllowed
09-03 23:00:35.621 16838-24911/? V/AllShare(ASF_DMC): [CP_DISCOVERY] SendDeviceDescriptionRequest: 379: Making description request for [uuid:a784f457-142a-cad5-fcc0-ecd2a10ca09b+wlan0]
09-03 23:00:35.621 3633-3649/? V/BroadcastQueue: [background] Process cur broadcast BroadcastRecord{ad5dbd u0 com.samsung.android.providers.context.log.action.REPORT_APP_STATUS_SURVEY qIdx=4}, state= (APP_RECEIVE) DELIVERED for app ProcessRecord{5e94ccc 5869:com.samsung.android.providers.context/u0a380}
09-03 23:00:35.621 16838-24911/? D/AllShare(ASF_DMC): [CP_DISCOVERY] OnUDPRequestReceived: 203: Recv M-SEARCH res from NEW dev [uuid:a784f457-142a-cad5-fcc0-ecd2a10ca09b+wlan0] client_ip = [10.0.0.1] Interface ip [10.0.0.4]
09-03 23:00:35.621 626-24936/? D/ComposeViewDataLoader: loadCoveritems count =0, updS = 5, updE = 0
09-03 23:00:35.621 626-24937/? D/ComposeViewDataLoader: applyViewListener = null, count = 100, notiCount = -1
09-03 23:00:35.621 626-24937/? D/GlComposeView: onSizeChanged= 100
09-03 23:00:35.621 626-24937/? D/GlComposeView: onContentChanged=0,end=39
09-03 23:00:35.621 3633-4944/? D/NetworkPolicy: isUidForegroundLocked: 10003, mScreenOn: true, uidstate: 16, mProxSensorScreenOff: false
09-03 23:00:35.631 3633-4944/? V/NetworkPolicy: getFirewallRuleWifi UID:10003 policy:0
09-03 23:00:35.631 626-24889/? W/PositionControllerAlbumPhoto: update left albumType : -2
09-03 23:00:35.641 16838-24915/? V/AllShare(ASF_DMC): [CP_DISCOVERY] PopulateServiceDescription: 350: Sent request for 1 services
09-03 23:00:35.651 626-24889/? W/PositionControllerAlbumPhoto: update left albumType : -2
09-03 23:00:35.651 626-24889/? W/PositionControllerAlbumPhoto: update left albumType : -2
09-03 23:00:35.651 626-24889/? W/PositionControllerAlbumPhoto: update left albumType : -2
09-03 23:00:35.651 626-24889/? W/PositionControllerAlbumPhoto: update left albumType : -2
09-03 23:00:35.651 16838-24915/? I/AllShare(ASF_DMC): [CP_DISCOVERY] OnResponseReceived: 183: service description received
09-03 23:00:35.651 16838-24915/? V/AllShare(ASF_DMC): [CP_DISCOVERY] ServiceDescriptionReceived: 550: All services available for device uuid:a784f457-142a-cad5-fcc0-ecd2a10ca09b+wlan0 
09-03 23:00:35.671 626-24889/? D/GlComposePhotoView: updateSize = 100
09-03 23:00:35.671 3093-3624/? I/APM::AudioPolicyManager: stopOutput() output 4, stream 1, session 1117
09-03 23:00:35.681 626-626/? D/PhotoViewEventHandle: onAlbumClick: 2-th album selected
09-03 23:00:35.681 626-626/? D/PhotoViewEventHandle: onAlbumClick: 2-th album selected
09-03 23:00:35.691 626-626/? I/InjectionManager: dispatchCreateOptionsMenu :com.sec.android.gallery3d.app.GalleryActivity
09-03 23:00:35.691 626-626/? I/InjectionManager: dispatchPrepareOptionsMenu :com.sec.android.gallery3d.app.GalleryActivity
09-03 23:00:35.721 3633-7848/? D/SSRM:n: SIOP:: AP = 380, PST = 345 (W:10), CP = 246, CUR = -142, LCD = 132
09-03 23:00:35.751 3633-3633/? D/CustomFrequencyManagerService: releaseDVFSLockLocked : Getting Lock type frm List : DVFS_MIN_LIMIT  frequency : 1800000  uid : 1000  pid : 3633  tag : ACTIVITY_RESUME_BOOSTER@9
09-03 23:00:35.761 7191-15294/? D/MSF.C.NetConnTag: [E]netRecv ssoSeq:-1545117036 uin:*6071 cmd:-316037937 -1545116684
09-03 23:00:35.771 11193-11222/? D/Q.msg.TroopMsgProxy: [E]insertToList MessageRecord=friendUin:0694senderuin:1732,istroop:1,msgType:-1000,time:1472968817,shmsgseq:72237
09-03 23:00:35.821 3633-3633/? D/LightsService: [api] [SvcLED] turnOff:: id = 6 (uid: 1000 pid: 3633) 
09-03 23:00:35.821 3633-3633/? D/EdgeLight: Turning off
09-03 23:00:35.821 3633-3633/? D/LightsService: [SvcLED] setSvcLedStateLocked:: SvcLEDState : 0x0 -> 0x0 | SvcLED(id=6) set Off
09-03 23:00:35.821 3633-3720/? D/LightsService: [SvcLED] handleForcedSvcLEDTask()
09-03 23:00:35.821 3633-3720/? D/LightsService: [SvcLED]  setSvcLedLightLocked :: Current SvcLED(id=5) maintains its priority right
09-03 23:00:35.831 5169-5169/? D/PhoneStatusBar: removeNotification key=0|com.tencent.mobileqq|121|null|10247 old=StatusBarNotification(pkg=com.tencent.mobileqq user=UserHandle{0} id=121 tag=null score=0 key=0|com.tencent.mobileqq|121|null|10247: Notification(pri=0 contentView=com.tencent.mobileqq/0x10900a3 vibrate=null sound=null tick defaults=0x0 flags=0x11 color=0x00000000 vis=PRIVATE secFlags=0x0 secPriority=0))
09-03 23:00:35.831 5169-5169/? D/PhoneStatusBar: setAreThereNotifications: N=3 any=true clearable=true
09-03 23:00:35.831 3633-5273/? D/ApplicationPolicy: isStatusBarNotificationAllowedAsUser: packageName = com.tencent.mobileqq,userId = 0
09-03 23:00:35.841 3633-3633/? D/LightsService: [api] [SvcLED] turnOff:: id = 6 (uid: 1000 pid: 3633) 
09-03 23:00:35.841 3633-3633/? D/LightsService: [SvcLED] setSvcLedStateLocked:: SvcLEDState : 0x0 -> 0x0 | SvcLED(id=6) set Off
09-03 23:00:35.841 3633-3720/? D/LightsService: [SvcLED] handleForcedSvcLEDTask()
09-03 23:00:35.841 3633-3633/? D/EdgeLight: Turning on edge light for notification (NotificationRecord(0x07478775: pkg=com.tencent.mobileqq user=UserHandle{0} id=121 tag=null score=0 key=0|com.tencent.mobileqq|121|null|10247: Notification(pri=0 contentView=null vibrate=null sound=null tick defaults=0x0 flags=0x11 color=0x00000000 vis=PRIVATE secFlags=0x0 secPriority=0))) with color=ff00ff00
09-03 23:00:35.841 3633-3720/? D/LightsService: [SvcLED]  setSvcLedLightLocked :: Current SvcLED(id=5) maintains its priority right
09-03 23:00:35.851 3633-4604/? D/AudioService: getStreamVolume 2 index 50
09-03 23:00:35.851 5169-5169/? W/ResourcesManager: getTopLevelResources: /data/app/com.tencent.mobileqq-1/base.apk / 1.0 running in com.android.systemui rsrc of package com.tencent.mobileqq
09-03 23:00:35.881 3633-3706/? V/BroadcastQueue: [background] Process cur broadcast BroadcastRecord{9b9077b u0 android.intent.action.BADGE_COUNT_UPDATE qIdx=4}, state= (APP_RECEIVE) DELIVERED for app ProcessRecord{a7f162c 16737:com.sec.android.provider.badge/u0a76}
09-03 23:00:35.881 5169-5169/? W/ResourcesManager: getTopLevelResources: /data/app/com.tencent.mobileqq-1/base.apk / 1.0 running in com.android.systemui rsrc of package com.tencent.mobileqq
09-03 23:00:35.881 16737-16737/? D/Badge::BadgeCountReceiver: badge intent : Intent { act=android.intent.action.BADGE_COUNT_UPDATE flg=0x10 cmp=com.sec.android.provider.badge/.BadgeCountReceiver bqHint=4 (has extras) }
09-03 23:00:35.891 16737-16737/? D/Badge::BadgeCountReceiver: packageName: com.tencent.mobileqq, className: com.tencent.mobileqq.activity.SplashActivity, count: 12
09-03 23:00:35.901 16737-16737/? D/MethodReflector: notifyChange is called
09-03 23:00:35.901 13291-13291/? D/Launcher.Model: reloadBadges entered.
09-03 23:00:35.901 5169-5169/? D/KnoxNotification: ----- inflateViews : modified publicViewLocal -----
09-03 23:00:35.901 13291-13291/? D/Launcher.Model: reloadBadges entered.
09-03 23:00:35.901 16737-16737/? D/BadgeProvider: sendNotify entered. [uri] : content://com.sec.badge/apps
09-03 23:00:35.901 16737-16737/? D/BadgeProvider: sendNotify, [notify] : null
09-03 23:00:35.901 16737-16737/? D/BadgeProvider: update, getCallingPackage() : com.sec.android.provider.badge
09-03 23:00:35.901 16737-16737/? D/BadgeProvider: update, [uri] : content://com.sec.badge/apps
09-03 23:00:35.901 16737-16737/? D/BadgeProvider: update, [uri.query] : null
09-03 23:00:35.901 16737-16737/? D/BadgeProvider: update, [BadgeCount] : badgecount=12
09-03 23:00:35.901 16737-16737/? D/BadgeProvider: update, [UpdateCount] : 1
09-03 23:00:35.911 16737-16747/? D/BadgeProvider: query, [selection] : null
09-03 23:00:35.911 5169-5169/? D/KnoxNotification: ----- inflateViews : modified KnoxViewLocal -----
09-03 23:00:35.911 13291-13370/? D/BadgeCache: 1. updateBadgeCounts: com.samsung.android.email.ui = 0
09-03 23:00:35.911 13291-13370/? D/BadgeCache: 1. updateBadgeCounts: com.android.mms = 0
09-03 23:00:35.911 13291-13370/? D/BadgeCache: 1. updateBadgeCounts: com.samsung.android.app.sreminder = 1
09-03 23:00:35.911 13291-13370/? D/BadgeCache: 2. updateBadgeCounts: com.samsung.android.app.sreminder/.phone.cardlist.SReminderActivity = 1
09-03 23:00:35.911 13291-13370/? D/BadgeCache: 1. updateBadgeCounts: com.samsung.android.sm = 0
09-03 23:00:35.911 13291-13370/? D/BadgeCache: 1. updateBadgeCounts: com.tencent.mm = 0
09-03 23:00:35.911 13291-13370/? D/BadgeCache: 1. updateBadgeCounts: com.tencent.mobileqq = 12
09-03 23:00:35.911 13291-13370/? D/BadgeCache: 2. updateBadgeCounts: com.tencent.mobileqq/.activity.SplashActivity = 12
09-03 23:00:35.911 13291-13370/? D/BadgeCache: 1. updateBadgeCounts: com.android.contacts = 0
09-03 23:00:35.911 13291-13370/? D/BadgeCache: 1. updateBadgeCounts: com.eg.android.AlipayGphone = 0
09-03 23:00:35.911 13291-13370/? D/BadgeCache: 1. updateBadgeCounts: com.autonavi.minimap = 0
09-03 23:00:35.911 13291-13370/? D/BadgeCache: 1. updateBadgeCounts: com.sina.weibo = 0
09-03 23:00:35.911 13291-13370/? D/BadgeCache: 1. updateBadgeCounts: com.android.settings = 0
09-03 23:00:35.911 13291-13370/? D/BadgeCache: 1. updateBadgeCounts: com.samsung.android.email.provider = 0
09-03 23:00:35.911 13291-13370/? D/BadgeCache: 1. updateBadgeCounts: com.android.settings = 0
09-03 23:00:35.911 13291-13370/? D/BadgeCache: 1. updateBadgeCounts: com.samsung.android.voc = 0
09-03 23:00:35.921 5169-5169/? W/ResourcesManager: getTopLevelResources: /data/app/com.tencent.mobileqq-1/base.apk / 1.0 running in com.android.systemui rsrc of package com.tencent.mobileqq
09-03 23:00:35.921 13291-13370/? D/Launcher.Model: reloadBadges, origCallbacks : java.lang.ref.WeakReference@d1c0312
09-03 23:00:35.921 5169-5169/? D/PhoneStatusBar: setAreThereNotifications: N=4 any=true clearable=true
09-03 23:00:35.931 13291-13291/? D/Launcher.Model: reloadBadges, bindBadgeUpdated !
09-03 23:00:35.931 13291-13291/? I/Launcher.Workspace: isBadgeUpdate : true
09-03 23:00:35.931 13291-13291/? D/capture: currentOrientation: 1 mMainHomeScreenshot: true mMainHomeScreenshotLand: true
09-03 23:00:35.941 3633-4468/? D/InputReader: Input event(3): value=1 when=153673048897000
09-03 23:00:35.941 3633-4468/? D/InputReader: Input event(3): value=1 when=153673048897000
09-03 23:00:35.941 3633-4468/? I/InputReader: Touch event's action is 0x0 (deviceType=0) [pCnt=1, s=0.11845 ] when=153673048897000
09-03 23:00:35.941 3633-4468/? D/InputReader: lastThreadEndTime = 153672671744317, currentThreadStartTime = 153672671747442, diff = 0
09-03 23:00:35.941 3633-4467/? I/InputDispatcher: Delivering touch to (19026): action: 0x4, toolType: 1
09-03 23:00:35.941 3633-4467/? I/InputDispatcher: Delivering touch to (626): action: 0x0, toolType: 1
09-03 23:00:35.951 626-626/? D/ViewRootImpl: ViewPostImeInputStage processPointer 0
09-03 23:00:35.951 19026-19026/? D/AutoHideHelper: ###check Single invalid
09-03 23:00:35.951 16737-16747/? D/BadgeProvider: query, [selection] : null
09-03 23:00:35.951 13291-13370/? D/BadgeCache: 1. updateBadgeCounts: com.samsung.android.email.ui = 0
09-03 23:00:35.951 13291-13370/? D/BadgeCache: 1. updateBadgeCounts: com.android.mms = 0
09-03 23:00:35.951 13291-13370/? D/BadgeCache: 1. updateBadgeCounts: com.samsung.android.app.sreminder = 1
09-03 23:00:35.951 13291-13370/? D/BadgeCache: 2. updateBadgeCounts: com.samsung.android.app.sreminder/.phone.cardlist.SReminderActivity = 1
09-03 23:00:35.951 13291-13370/? D/BadgeCache: 1. updateBadgeCounts: com.samsung.android.sm = 0
09-03 23:00:35.951 13291-13370/? D/BadgeCache: 1. updateBadgeCounts: com.tencent.mm = 0
09-03 23:00:35.951 13291-13370/? D/BadgeCache: 1. updateBadgeCounts: com.tencent.mobileqq = 12
09-03 23:00:35.951 13291-13370/? D/BadgeCache: 2. updateBadgeCounts: com.tencent.mobileqq/.activity.SplashActivity = 12
09-03 23:00:35.951 13291-13370/? D/BadgeCache: 1. updateBadgeCounts: com.android.contacts = 0
09-03 23:00:35.951 13291-13370/? D/BadgeCache: 1. updateBadgeCounts: com.eg.android.AlipayGphone = 0
09-03 23:00:35.951 13291-13370/? D/BadgeCache: 1. updateBadgeCounts: com.autonavi.minimap = 0
09-03 23:00:35.951 13291-13370/? D/BadgeCache: 1. updateBadgeCounts: com.sina.weibo = 0
09-03 23:00:35.951 13291-13370/? D/BadgeCache: 1. updateBadgeCounts: com.android.settings = 0
09-03 23:00:35.951 13291-13370/? D/BadgeCache: 1. updateBadgeCounts: com.samsung.android.email.provider = 0
09-03 23:00:35.951 13291-13370/? D/BadgeCache: 1. updateBadgeCounts: com.android.settings = 0
09-03 23:00:35.951 13291-13370/? D/BadgeCache: 1. updateBadgeCounts: com.samsung.android.voc = 0
09-03 23:00:35.961 3633-5127/? D/CustomFrequencyManagerService: acquireDVFSLockLocked : type : DVFS_MIN_LIMIT  frequency : 800000  uid : 1000  pid : 3633  pkgName : GALLERY_LIST_SCROLL@363
09-03 23:00:35.961 626-24898/? D/CpuBoostScrollCmd: Scroll Boost CPU Clock
09-03 23:00:35.961 626-24889/? D/GlHoverController: onMessage msg = 3
09-03 23:00:35.961 626-24889/? D/GlHoverController: removeHoverView removed message = 0
09-03 23:00:35.991 3633-4467/? D/PowerManagerService: [api] userActivityFromNative : 530 (event: 2 flags: 0) eventTime = 153673095
09-03 23:00:36.031 5248-5248/? D/Recents: onTaskStackChanged
09-03 23:00:36.041 626-24937/? D/GlComposeView: onContentChanged=40,end=83
09-03 23:00:36.091 3633-4468/? D/InputReader: Input event(3): value=0 when=153673198916000
09-03 23:00:36.091 3633-4468/? D/InputReader: Input event(3): value=0 when=153673198916000
09-03 23:00:36.091 3633-4468/? I/InputReader: Touch event's action is 0x1 (deviceType=0) [pCnt=1, s=] when=153673198916000
09-03 23:00:36.091 3633-4467/? I/InputDispatcher: Delivering touch to (626): action: 0x1, toolType: 1
09-03 23:00:36.101 3633-7848/? D/CustomFrequencyManagerService: acquireDVFSLockLocked : type : DVFS_MIN_LIMIT  frequency : 800000  uid : 1000  pid : 3633  pkgName : GESTURE_DETECTED@CPU_MIN@34
09-03 23:00:36.101 3633-7848/? D/CustomFrequencyManagerService: releaseDVFSLockLocked : Getting Lock type frm List : DVFS_MIN_LIMIT  frequency : 800000  uid : 1000  pid : 3633  tag : GESTURE_DETECTED@CPU_MIN@34
09-03 23:00:36.101 3633-7848/? D/CustomFrequencyManagerService: acquireDVFSLockLocked : type : DVFS_MIN_LIMIT  frequency : 800000  uid : 1000  pid : 3633  pkgName : GESTURE_DETECTED@CPU_MIN@34
09-03 23:00:36.111 626-24937/? D/GlComposeView: onContentChanged=84,end=95
09-03 23:00:36.111 626-626/? D/ViewRootImpl: ViewPostImeInputStage processPointer 1
09-03 23:00:36.111 626-626/? D/GlBoundaryAnim: startFling = 12800.0, mDec = -56.0
09-03 23:00:36.111 3633-5273/? D/CustomFrequencyManagerService: releaseDVFSLockLocked : Getting Lock type frm List : DVFS_MIN_LIMIT  frequency : 800000  uid : 1000  pid : 3633  tag : GALLERY_LIST_SCROLL@363
09-03 23:00:36.111 626-24898/? D/CpuBoostScrollCmd: Scroll Boost Release
09-03 23:00:36.121 3633-5617/? D/CustomFrequencyManagerService: acquireDVFSLockLocked : type : DVFS_MIN_LIMIT  frequency : 800000  uid : 1000  pid : 3633  pkgName : GALLERY_LIST_SCROLL@363
09-03 23:00:36.121 626-24898/? D/CpuBoostScrollCmd: Scroll Boost CPU Clock
09-03 23:00:36.131 626-24937/? D/GlComposeView: onContentChanged=96,end=99
09-03 23:00:36.481 3633-4435/? I/TLC_TIMA_PKM_measure_kernel: TIMA: response_id = 3
09-03 23:00:36.481 3633-4435/? I/TLC_TIMA_PKM_measure_kernel: TIMA: response ret = 0, result_ondemand = MSG=Kernel Verification Success;
09-03 23:00:36.501 3633-4435/? D/TimaService: TIMA MEASUREMENT Result: TIMA_STATUS=0;MSG=Kernel Verification Success;
09-03 23:00:36.501 3633-4435/? D/TimaService: TIMA MEASUREMENT success status: TIMA_STATUS=0;MSG=Kernel Verification Success;
09-03 23:00:36.621 3633-5411/? E/Watchdog: !@Sync 5105 [09-03 23:00:36.632]
09-03 23:00:36.771 626-24889/? D/GlBoundaryAnim: applyTransform stopped by end of boundeffect
09-03 23:00:36.771 3633-5617/? D/CustomFrequencyManagerService: releaseDVFSLockLocked : Getting Lock type frm List : DVFS_MIN_LIMIT  frequency : 800000  uid : 1000  pid : 3633  tag : GALLERY_LIST_SCROLL@363
09-03 23:00:36.771 626-24898/? D/CpuBoostScrollCmd: Scroll Boost Release
09-03 23:00:36.931 13291-13291/? D/capture: canCapture isWorkspaceLocked() = false isVisible : true
09-03 23:00:36.931 13291-13291/? D/capture: canCapture mWorkspace.getState()() = NORMAL isTouchActive : false isPageMoving : false
09-03 23:00:36.931 13291-13291/? D/capture: canCapture getCurrentPage()() = 1 getHomeScreenIndex() : 1
09-03 23:00:36.931 13291-13291/? D/capture: canCapture isPause : true
09-03 23:00:37.551 16838-24907/? V/AllShare(ASF_DMC): [CP_DISCOVERY] RescanTimerExpiredCallBack: 310: Creating new thread for invalid device removal. timer_id: 2
09-03 23:00:37.711 3633-5551/? D/BatteryService: !@BatteryListener : batteryPropertiesChanged!
09-03 23:00:37.711 3633-5551/? D/BatteryService: level:61, scale:100, status:2, health:2, present:true, voltage: 3931, temperature: 255, technology: Li-ion, AC powered:false, USB powered:true, POGO powered:false, Wireless powered:false, icon:17303413, invalid charger:0, maxChargingCurrent:0
09-03 23:00:37.711 3633-5551/? D/BatteryService: online:4, current avg:-123, charge type:1, power sharing:false, high voltage charger:false, capacity:280000, batterySWSelfDischarging:false, current_now:123
09-03 23:00:37.711 3633-3633/? D/BatteryService: Sending ACTION_BATTERY_CHANGED.
09-03 23:00:37.711 3633-3633/? I/MotionRecognitionService: Plugged
09-03 23:00:37.711 3633-3633/? D/MotionRecognitionService:   cableConnection= 1
09-03 23:00:37.711 3633-3633/? D/MotionRecognitionService: setPowerConnected | current backoffstate  = 1024 , state =1024
09-03 23:00:37.711 3633-3633/? D/MotionRecognitionService: skip setTransmitPower. 
09-03 23:00:37.711 5169-5169/? D/KeyguardUpdateMonitor: received broadcast android.intent.action.BATTERY_CHANGED
09-03 23:00:37.711 5169-5169/? D/PowerUI: priorPlugType = 2 mPlugType =  2
09-03 23:00:37.711 5199-5199/? D/CommonServiceConfiguration: getStringValueSetting
09-03 23:00:37.721 5169-5169/? D/PowerUI.Notification: showChargingNotice oldChargingType : 1 currentChargingType : 1 oldChargingTime : 8504000 mChargingTime : 8504000
09-03 23:00:37.721 5169-5169/? D/KeyguardUpdateMonitor: handleBatteryUpdate
09-03 23:00:37.721 5169-5169/? D/PowerUI.Notification: There is no change about charging status, so return!
09-03 23:00:37.721 5169-5169/? D/BatteryMeterView: ACTION_BATTERY_CHANGED : level:61 status:2 health:2
09-03 23:00:37.721 5199-5199/? D/BatteryMonitor: new battery level: 61
09-03 23:00:37.731 5169-5169/? D/BatteryMeterView: ACTION_BATTERY_CHANGED : level:61 status:2 health:2
09-03 23:00:37.731 5169-5169/? D/CoverUpdateMonitor: received broadcast android.intent.action.BATTERY_CHANGED
09-03 23:00:38.641 3093-3727/? I/audio_hw_primary: do_out_standby +
09-03 23:00:38.661 3093-3727/? D/audio_hw_primary: output_devices devices:0
09-03 23:00:38.661 3093-3727/? D/audio_hw_primary: output_devices devices:0
09-03 23:00:38.661 3093-3727/? I/audio_hw_primary: is_voice_wakeup : ret =  1  , wakeup_baby_cry_enabled = 0  ,  wakeup_mic_enabled = 1 
09-03 23:00:38.661 3093-3727/? I/audio_hw_primary: get_scenario : scenario_type = 36
09-03 23:00:38.661 3093-3727/? I/audio_hw_primary: get_input_snd_device_id device:0xc
09-03 23:00:38.661 3093-3727/? V/audio_hw_primary: select_devices output_scenario:-1 input_scenario:36 out_snd_device 0x0 in_snd_device:0xc
09-03 23:00:38.661 3093-3727/? I/audio_hw_primary: set_spk_rx_mute mute(1), rx val=0
09-03 23:00:38.661 3093-3727/? I/audio_route: > audio_route_reset :
09-03 23:00:38.661 3093-3727/? I/audio_route: > audio_route_apply_path : "voice_control-mic"
09-03 23:00:38.661 3093-3727/? V/audio_hw_primary: select_devices() input_route "voice_control-mic" 
09-03 23:00:38.661 3093-3727/? I/audio_route: > audio_route_apply_path : "gain-voice_control-mic"
09-03 23:00:38.661 3093-3727/? V/audio_hw_primary: select_devices() input_gain "gain-voice_control-mic" 
09-03 23:00:38.661 3093-3727/? I/audio_route: > audio_route_update_mixer : +
09-03 23:00:38.661 3093-3727/? I/audio_route: > audio_route_update_mixer : changed(7) -
09-03 23:00:38.661 3093-3727/? V/audio_hw_primary: select_devices : set seamless_buf_offset
09-03 23:00:38.661 3093-3727/? I/audio_route: > audio_values_apply_path : "seamless_buf_offset"
09-03 23:00:38.671 3093-3727/? I/audio_hw_primary: select_devices - 
09-03 23:00:38.671 3093-3727/? I/audio_hw_primary: do_out_standby -
09-03 23:00:38.801 3633-3633/? D/CustomFrequencyManagerService: releaseDVFSLockLocked : Getting Lock type frm List : DVFS_MIN_LIMIT  frequency : 800000  uid : 1000  pid : 3633  tag : GESTURE_DETECTED@CPU_MIN@34
09-03 23:00:39.111 5169-5363/? D/NetworkController.MobileSignalController(0/4): onSignalStrengthsChanged signalStrength=SignalStrength: 99 99 -120 -160 -120 -1 -1 18 -109 -12 24 -1 2147483647 0x2000 gsm|lte level=2
09-03 23:00:39.111 5169-5363/? D/NetworkController.MobileSignalController(0/4): getMobileIconGroup(): 13
09-03 23:00:39.111 5169-5363/? D/NetworkController.MobileSignalController(0/4): updateCMCCMobileIconGroup(): 13
09-03 23:00:41.261 3633-7848/? D/ConnectivityService: returning getNetworkInfo for network type 1 : [type: WIFI[] - WIFI, state: CONNECTED/CONNECTED, reason: (unspecified), extra: "HOME-E0A8", roaming: false, failover: false, isAvailable: true]
09-03 23:00:41.261 5169-5363/? D/NetworkController.MobileSignalController(0/4): onSignalStrengthsChanged signalStrength=SignalStrength: 99 99 -120 -160 -120 -1 -1 18 -109 -13 34 -1 2147483647 0x2000 gsm|lte level=2
09-03 23:00:41.261 5169-5363/? D/NetworkController.MobileSignalController(0/4): getMobileIconGroup(): 13
09-03 23:00:41.261 5169-5363/? D/NetworkController.MobileSignalController(0/4): updateCMCCMobileIconGroup(): 13
09-03 23:00:42.491 16116-16137/? I/ReschedulableTimer: [#CMH#] ReschedulableTimer started 
09-03 23:00:43.801 11193-27600/? D/QPSingleUpdEngine: [E]Engine started
09-03 23:00:43.801 11193-27600/? I/QPSingleUpdEngine: [E]updateFileDirInit
09-03 23:00:43.811 11193-27600/? D/QPSingleUpdEngine: [E]Begin Request
09-03 23:00:43.811 11193-27600/? D/QPSingleUpdEngine: [E]getBaseInfo
09-03 23:00:43.811 11193-16976/? D/QPSingleUpdEngine: [E]Engine started
09-03 23:00:43.811 11193-16976/? I/QPSingleUpdEngine: [E]updateFileDirInit
09-03 23:00:43.821 11193-16976/? D/QPSingleUpdEngine: [E]Begin Request
09-03 23:00:43.821 11193-16976/? D/QPSingleUpdEngine: [E]getBaseInfo
09-03 23:00:43.831 11193-16976/? D/QPSingleUpdEngine: [E]1014206071read---->readphonenumberflag = 0
09-03 23:00:43.831 11193-16976/? D/QPSingleUpdEngine: [E]1014206071read---->encodephonenumber = 
09-03 23:00:43.831 11193-27600/? D/QPSingleUpdEngine: [E]1014206071read---->readphonenumberflag = 0
09-03 23:00:43.831 11193-27600/? D/QPSingleUpdEngine: [E]1014206071read---->encodephonenumber = 
