09-03 22:50:44.201 626-22534/? I/GlLayer: destroy = com.sec.samsung.gallery.glview.composeView.GlComposeAlbumView@afd791e, state = 2
09-03 22:50:44.201 626-22534/? D/GlComposeView: setAdapter = com.sec.samsung.gallery.view.adapter.ComposeAlbumSetAdapter@86c2ecd, new = null
09-03 22:50:44.201 3633-3648/? D/CustomFrequencyManagerService: releaseDVFSLockLocked : Getting Lock type frm List : DVFS_MIN_LIMIT  frequency : 800000  uid : 1000  pid : 3633  tag : GALLERY_LIST_SCROLL@255
09-03 22:50:44.201 626-626/? I/InjectionManager: dispatchCreateOptionsMenu :com.sec.android.gallery3d.app.GalleryActivity
09-03 22:50:44.201 626-626/? I/InjectionManager: dispatchPrepareOptionsMenu :com.sec.android.gallery3d.app.GalleryActivity
09-03 22:50:44.201 626-22543/? D/CpuBoostScrollCmd: Scroll Boost Release
09-03 22:50:44.201 626-22534/? D/GlRootView: isWideMode : false
09-03 22:50:44.201 626-22534/? I/GlLayer: create = com.sec.samsung.gallery.glview.composeView.GlComposeSplitView@87c8800, state = 0
09-03 22:50:44.201 626-22583/? E/NFC: isAndroidBeamAllowed - Begin
09-03 22:50:44.201 626-22583/? I/NFC: showMsg is false
09-03 22:50:44.201 3093-3727/? D/audio_hw_primary: out_set_parameters: enter: kvpairs: routing=2
09-03 22:50:44.201 3093-3727/? I/audio_hw_primary: out_set_parameters adev->out_device:2
09-03 22:50:44.201 3093-3727/? I/audio_hw_primary: is_voice_wakeup : ret =  1  , wakeup_baby_cry_enabled = 0  ,  wakeup_mic_enabled = 1 
09-03 22:50:44.201 3093-3727/? I/audio_hw_primary: get_scenario : scenario_type = 36
09-03 22:50:44.201 3093-3727/? I/audio_hw_primary: get_input_snd_device_id device:0xc
09-03 22:50:44.201 3093-3727/? V/audio_hw_primary: select_devices output_scenario:0 input_scenario:36 out_snd_device 0x2 in_snd_device:0xc
09-03 22:50:44.201 3093-3727/? I/audio_hw_primary: select_devices - do not update mixer_path
09-03 22:50:44.201 3093-3727/? D/AudioFlinger: setCurDevice() 0x2
09-03 22:50:44.201 3633-5254/? D/SecContentProvider: query(), uri = 15 selection = isAndroidBeamAllowed
09-03 22:50:44.201 626-22534/? E/PositionControllerAlbumPhoto: resetAttributes :: mTitleCanvsH : 160 mTitleCanvsW:0
09-03 22:50:44.201 626-22534/? D/GlLayer: setHoverScrollFlexibleHeightMargin264
09-03 22:50:44.201 626-22534/? I/GlLayer: create = com.sec.samsung.gallery.glview.composeView.GlComposeAlbumPhotoView@e714e83, state = 0
09-03 22:50:44.201 3633-5273/? V/BroadcastQueue: [background] Process cur broadcast BroadcastRecord{7d6afdc u0 com.samsung.android.providers.context.log.action.REPORT_APP_STATUS_SURVEY qIdx=4}, state= (APP_RECEIVE) DELIVERED for app ProcessRecord{5e94ccc 5869:com.samsung.android.providers.context/u0a380}
09-03 22:50:44.201 626-22534/? E/PositionControllerAlbumPhoto: resetAttributes :: mTitleCanvsH : 128 mTitleCanvsW:0
09-03 22:50:44.201 626-22534/? D/GlLayer: setHoverScrollFlexibleHeightMargin228
09-03 22:50:44.201 626-22534/? D/PhotoSplitViewState: onViewInitialize
09-03 22:50:44.201 626-22534/? D/GlComposeView: setAdapter = null, new = com.sec.samsung.gallery.view.adapter.ComposePhotoViewAlbumSetAdapter@577648a
09-03 22:50:44.201 626-22534/? D/ComposeViewDataLoader: applyViewListener = com.sec.samsung.gallery.glview.composeView.GlComposeView$2@1340afb, count = -1, notiCount = -1
09-03 22:50:44.201 626-22534/? D/GlComposeView: onSizeChanged= 13
09-03 22:50:44.211 626-22534/? D/GlComposeView: setAdapter = null, new = com.sec.samsung.gallery.view.adapter.ComposeMediaItemAdapter@7a35718
09-03 22:50:44.211 626-22534/? I/GlLayer: resume = com.sec.samsung.gallery.glview.composeView.GlComposeSplitView@87c8800, state = 1
09-03 22:50:44.211 626-22534/? I/GlRootView: exit replaceLayer
09-03 22:50:44.211 626-22583/? E/NFC: isAndroidBeamAllowed - Begin
09-03 22:50:44.211 626-22583/? I/NFC: showMsg is false
09-03 22:50:44.211 3633-5127/? D/SecContentProvider: query(), uri = 15 selection = isAndroidBeamAllowed
09-03 22:50:44.211 626-22534/? W/PositionControllerAlbumPhoto: update left albumType : -2
09-03 22:50:44.221 626-22534/? W/PositionControllerAlbumPhoto: update left albumType : -2
09-03 22:50:44.221 626-22534/? W/PositionControllerAlbumPhoto: update left albumType : -2
09-03 22:50:44.221 626-22534/? W/PositionControllerAlbumPhoto: update left albumType : -2
09-03 22:50:44.221 626-22534/? W/PositionControllerAlbumPhoto: update left albumType : -2
09-03 22:50:44.221 626-22582/? D/ComposeViewDataLoader: applyViewListener = null, count = 100, notiCount = -1
09-03 22:50:44.221 626-22581/? D/ComposeViewDataLoader: loadCoveritems count =0, updS = 5, updE = 0
09-03 22:50:44.221 626-22582/? D/GlComposeView: onSizeChanged= 100
09-03 22:50:44.221 626-22582/? D/GlComposeView: onContentChanged=0,end=39
09-03 22:50:44.231 626-22534/? D/GlComposePhotoView: updateSize = 100
09-03 22:50:44.251 3633-3633/? D/CustomFrequencyManagerService: releaseDVFSLockLocked : Getting Lock type frm List : DVFS_MIN_LIMIT  frequency : 1800000  uid : 1000  pid : 3633  tag : ACTIVITY_RESUME_BOOSTER@9
09-03 22:50:44.261 626-626/? D/PhotoViewEventHandle: onAlbumClick: 2-th album selected
09-03 22:50:44.261 626-626/? I/InjectionManager: dispatchCreateOptionsMenu :com.sec.android.gallery3d.app.GalleryActivity
09-03 22:50:44.271 626-626/? I/InjectionManager: dispatchPrepareOptionsMenu :com.sec.android.gallery3d.app.GalleryActivity
09-03 22:50:44.281 3093-3624/? I/APM::AudioPolicyManager: stopOutput() output 4, stream 1, session 1036
09-03 22:50:44.281 626-626/? D/PhotoViewEventHandle: onAlbumClick: 2-th album selected
09-03 22:50:44.541 5248-5248/? D/Recents: onTaskStackChanged
09-03 22:50:44.681 3633-5126/? D/BatteryService: !@BatteryListener : batteryPropertiesChanged!
09-03 22:50:44.681 3633-5126/? D/BatteryService: level:60, scale:100, status:2, health:2, present:true, voltage: 3909, temperature: 258, technology: Li-ion, AC powered:false, USB powered:true, POGO powered:false, Wireless powered:false, icon:17303413, invalid charger:0, maxChargingCurrent:0
09-03 22:50:44.681 3633-5126/? D/BatteryService: online:4, current avg:-77, charge type:1, power sharing:false, high voltage charger:false, capacity:280000, batterySWSelfDischarging:false, current_now:26
09-03 22:50:44.681 3633-3633/? D/BatteryService: Sending ACTION_BATTERY_CHANGED.
09-03 22:50:44.681 3633-3633/? I/MotionRecognitionService: Plugged
09-03 22:50:44.681 3633-3633/? D/MotionRecognitionService:   cableConnection= 1
09-03 22:50:44.681 3633-3633/? D/MotionRecognitionService: setPowerConnected | current backoffstate  = 1024 , state =1024
09-03 22:50:44.681 3633-3633/? D/MotionRecognitionService: skip setTransmitPower. 
09-03 22:50:44.691 5169-5169/? D/KeyguardUpdateMonitor: received broadcast android.intent.action.BATTERY_CHANGED
09-03 22:50:44.691 5169-5169/? D/PowerUI: priorPlugType = 2 mPlugType =  2
09-03 22:50:44.691 5169-5169/? D/PowerUI.Notification: showChargingNotice oldChargingType : 1 currentChargingType : 1 oldChargingTime : 8709000 mChargingTime : 8709000
09-03 22:50:44.691 5199-5199/? D/CommonServiceConfiguration: getStringValueSetting
09-03 22:50:44.691 5169-5169/? D/PowerUI.Notification: There is no change about charging status, so return!
09-03 22:50:44.691 5169-5169/? D/KeyguardUpdateMonitor: handleBatteryUpdate
09-03 22:50:44.701 5199-5199/? D/BatteryMonitor: new battery level: 60
09-03 22:50:44.701 3633-4468/? D/InputReader: Input event(3): value=1 when=153081809536000
09-03 22:50:44.701 3633-4468/? D/InputReader: Input event(3): value=1 when=153081809536000
09-03 22:50:44.701 3633-4468/? I/InputReader: Touch event's action is 0x0 (deviceType=0) [pCnt=1, s=0.11668 ] when=153081809536000
09-03 22:50:44.701 3633-4468/? D/InputReader: lastThreadEndTime = 153081280213744, currentThreadStartTime = 153081280215535, diff = 0
09-03 22:50:44.711 3633-4467/? I/InputDispatcher: Delivering touch to (19026): action: 0x4, toolType: 1
09-03 22:50:44.711 3633-4467/? I/InputDispatcher: Delivering touch to (626): action: 0x0, toolType: 1
09-03 22:50:44.711 626-626/? D/ViewRootImpl: ViewPostImeInputStage processPointer 0
09-03 22:50:44.711 19026-19026/? D/AutoHideHelper: ###check Single invalid
09-03 22:50:44.711 3633-5127/? D/CustomFrequencyManagerService: acquireDVFSLockLocked : type : DVFS_MIN_LIMIT  frequency : 800000  uid : 1000  pid : 3633  pkgName : GALLERY_LIST_SCROLL@255
09-03 22:50:44.711 626-22543/? D/CpuBoostScrollCmd: Scroll Boost CPU Clock
09-03 22:50:44.711 5169-5169/? D/BatteryMeterView: ACTION_BATTERY_CHANGED : level:60 status:2 health:2
09-03 22:50:44.711 5169-5169/? D/BatteryMeterView: ACTION_BATTERY_CHANGED : level:60 status:2 health:2
09-03 22:50:44.711 5169-5169/? D/CoverUpdateMonitor: received broadcast android.intent.action.BATTERY_CHANGED
09-03 22:50:44.721 626-22534/? D/GlHoverController: onMessage msg = 3
09-03 22:50:44.721 626-22534/? D/GlHoverController: removeHoverView removed message = 0
09-03 22:50:44.781 626-22582/? D/GlComposeView: onContentChanged=40,end=79
09-03 22:50:44.811 3633-3706/? I/ProcessStatsService: Prepared write state in 17ms
09-03 22:50:44.831 626-22582/? D/GlComposeView: onContentChanged=80,end=83
09-03 22:50:44.861 626-22582/? D/GlComposeView: onContentChanged=84,end=87
09-03 22:50:44.881 626-22582/? D/GlComposeView: onContentChanged=88,end=91
09-03 22:50:44.931 626-22582/? D/GlComposeView: onContentChanged=92,end=95
09-03 22:50:44.961 3633-4468/? D/InputReader: Input event(3): value=0 when=153082064700000
09-03 22:50:44.961 3633-4468/? D/InputReader: Input event(3): value=0 when=153082064700000
09-03 22:50:44.961 3633-4468/? I/InputReader: Touch event's action is 0x1 (deviceType=0) [pCnt=1, s=] when=153082064700000
09-03 22:50:44.961 3633-4467/? I/InputDispatcher: Delivering touch to (626): action: 0x1, toolType: 1
09-03 22:50:44.961 626-626/? D/ViewRootImpl: ViewPostImeInputStage processPointer 1
09-03 22:50:44.961 3633-7848/? D/CustomFrequencyManagerService: acquireDVFSLockLocked : type : DVFS_MIN_LIMIT  frequency : 800000  uid : 1000  pid : 3633  pkgName : GESTURE_DETECTED@CPU_MIN@34
09-03 22:50:44.961 3633-4941/? D/CustomFrequencyManagerService: releaseDVFSLockLocked : Getting Lock type frm List : DVFS_MIN_LIMIT  frequency : 800000  uid : 1000  pid : 3633  tag : GALLERY_LIST_SCROLL@255
09-03 22:50:44.961 3633-7848/? D/CustomFrequencyManagerService: releaseDVFSLockLocked : Getting Lock type frm List : DVFS_MIN_LIMIT  frequency : 800000  uid : 1000  pid : 3633  tag : GESTURE_DETECTED@CPU_MIN@34
09-03 22:50:44.961 626-22543/? D/CpuBoostScrollCmd: Scroll Boost Release
09-03 22:50:44.961 3633-7848/? D/CustomFrequencyManagerService: acquireDVFSLockLocked : type : DVFS_MIN_LIMIT  frequency : 800000  uid : 1000  pid : 3633  pkgName : GESTURE_DETECTED@CPU_MIN@34
09-03 22:50:45.181 5169-5363/? D/NetworkController.MobileSignalController(0/4): onSignalStrengthsChanged signalStrength=SignalStrength: 99 99 -120 -160 -120 -1 -1 19 -107 -13 2 -1 2147483647 0x2000 gsm|lte level=2
09-03 22:50:45.181 5169-5363/? D/NetworkController.MobileSignalController(0/4): getMobileIconGroup(): 13
09-03 22:50:45.181 5169-5363/? D/NetworkController.MobileSignalController(0/4): updateCMCCMobileIconGroup(): 13
09-03 22:50:45.241 3633-4468/? D/InputReader: Input event(3): value=1 when=153082345256000
09-03 22:50:45.241 3633-4468/? D/InputReader: Input event(3): value=1 when=153082345256000
09-03 22:50:45.241 3633-4468/? I/InputReader: Touch event's action is 0x0 (deviceType=0) [pCnt=1, s=0.11669 ] when=153082345256000
09-03 22:50:45.241 3633-4468/? D/InputReader: lastThreadEndTime = 153082064924786, currentThreadStartTime = 153082064928828, diff = 0
09-03 22:50:45.241 3633-4467/? I/InputDispatcher: Delivering touch to (19026): action: 0x4, toolType: 1
09-03 22:50:45.241 3633-4467/? I/InputDispatcher: Delivering touch to (626): action: 0x0, toolType: 1
09-03 22:50:45.241 19026-19026/? D/AutoHideHelper: ###check Single invalid
09-03 22:50:45.241 626-626/? D/ViewRootImpl: ViewPostImeInputStage processPointer 0
09-03 22:50:45.251 3633-5126/? D/CustomFrequencyManagerService: acquireDVFSLockLocked : type : DVFS_MIN_LIMIT  frequency : 800000  uid : 1000  pid : 3633  pkgName : GALLERY_LIST_SCROLL@255
09-03 22:50:45.251 626-22543/? D/CpuBoostScrollCmd: Scroll Boost CPU Clock
09-03 22:50:45.251 626-22534/? D/GlHoverController: onMessage msg = 3
09-03 22:50:45.251 626-22534/? D/GlHoverController: removeHoverView removed message = 0
09-03 22:50:45.371 626-22582/? D/GlComposeView: onContentChanged=96,end=99
09-03 22:50:45.571 3633-3633/? D/CustomFrequencyManagerService: releaseDVFSLockLocked : Getting Lock type frm List : DVFS_MIN_LIMIT  frequency : 800000  uid : 1000  pid : 3633  tag : GESTURE_DETECTED@CPU_MIN@34
09-03 22:50:45.601 3633-4468/? D/InputReader: Input event(3): value=0 when=153082704992000
09-03 22:50:45.601 3633-4468/? D/InputReader: Input event(3): value=0 when=153082704992000
09-03 22:50:45.601 3633-4468/? I/InputReader: Touch event's action is 0x1 (deviceType=0) [pCnt=1, s=] when=153082704992000
09-03 22:50:45.601 3633-4467/? I/InputDispatcher: Delivering touch to (626): action: 0x1, toolType: 1
09-03 22:50:45.601 626-626/? D/ViewRootImpl: ViewPostImeInputStage processPointer 1
09-03 22:50:45.601 3633-3648/? D/CustomFrequencyManagerService: releaseDVFSLockLocked : Getting Lock type frm List : DVFS_MIN_LIMIT  frequency : 800000  uid : 1000  pid : 3633  tag : GALLERY_LIST_SCROLL@255
09-03 22:50:45.601 626-22543/? D/CpuBoostScrollCmd: Scroll Boost Release
09-03 22:50:45.871 3633-4468/? D/InputReader: Input event(3): value=1 when=153082973988000
09-03 22:50:45.871 3633-4468/? D/InputReader: Input event(3): value=1 when=153082973988000
09-03 22:50:45.871 3633-4468/? I/InputReader: Touch event's action is 0x0 (deviceType=0) [pCnt=1, s=0.11670 ] when=153082973988000
09-03 22:50:45.871 3633-4468/? D/InputReader: lastThreadEndTime = 153082705239328, currentThreadStartTime = 153082705243786, diff = 0
09-03 22:50:45.871 3633-4467/? I/InputDispatcher: Delivering touch to (19026): action: 0x4, toolType: 1
09-03 22:50:45.871 3633-4467/? I/InputDispatcher: Delivering touch to (626): action: 0x0, toolType: 1
09-03 22:50:45.871 626-626/? D/ViewRootImpl: ViewPostImeInputStage processPointer 0
09-03 22:50:45.871 19026-19026/? D/AutoHideHelper: ###check Single invalid
09-03 22:50:45.871 626-22534/? D/GlHoverController: onMessage msg = 3
09-03 22:50:45.871 3633-5622/? D/CustomFrequencyManagerService: acquireDVFSLockLocked : type : DVFS_MIN_LIMIT  frequency : 800000  uid : 1000  pid : 3633  pkgName : GALLERY_LIST_SCROLL@255
09-03 22:50:45.871 626-22534/? D/GlHoverController: removeHoverView removed message = 0
09-03 22:50:45.881 626-22543/? D/CpuBoostScrollCmd: Scroll Boost CPU Clock
09-03 22:50:46.061 16838-22552/? V/AllShare(ASF_DMC): [CP_DISCOVERY] RescanTimerExpiredCallBack: 310: Creating new thread for invalid device removal. timer_id: 2
09-03 22:50:46.221 3633-4468/? D/InputReader: Input event(3): value=0 when=153083321623000
09-03 22:50:46.221 3633-4468/? D/InputReader: Input event(3): value=0 when=153083321623000
09-03 22:50:46.221 3633-4468/? I/InputReader: Touch event's action is 0x1 (deviceType=0) [pCnt=1, s=] when=153083321623000
09-03 22:50:46.221 3633-4467/? I/InputDispatcher: Delivering touch to (626): action: 0x1, toolType: 1
09-03 22:50:46.221 626-626/? D/ViewRootImpl: ViewPostImeInputStage processPointer 1
09-03 22:50:46.221 3633-5126/? D/CustomFrequencyManagerService: releaseDVFSLockLocked : Getting Lock type frm List : DVFS_MIN_LIMIT  frequency : 800000  uid : 1000  pid : 3633  tag : GALLERY_LIST_SCROLL@255
09-03 22:50:46.221 626-22543/? D/CpuBoostScrollCmd: Scroll Boost Release
09-03 22:50:46.471 3633-4468/? D/InputReader: Input event(3): value=1 when=153083578325000
09-03 22:50:46.471 3633-4468/? D/InputReader: Input event(3): value=1 when=153083578325000
09-03 22:50:46.471 3633-4468/? I/InputReader: Touch event's action is 0x0 (deviceType=0) [pCnt=1, s=0.11671 ] when=153083578325000
09-03 22:50:46.471 3633-4468/? D/InputReader: lastThreadEndTime = 153083321883953, currentThreadStartTime = 153083321888036, diff = 0
09-03 22:50:46.471 3633-4467/? I/InputDispatcher: Delivering touch to (19026): action: 0x4, toolType: 1
09-03 22:50:46.471 3633-4467/? I/InputDispatcher: Delivering touch to (626): action: 0x0, toolType: 1
09-03 22:50:46.471 626-626/? D/ViewRootImpl: ViewPostImeInputStage processPointer 0
09-03 22:50:46.471 19026-19026/? D/AutoHideHelper: ###check Single invalid
09-03 22:50:46.481 3633-5549/? D/CustomFrequencyManagerService: acquireDVFSLockLocked : type : DVFS_MIN_LIMIT  frequency : 800000  uid : 1000  pid : 3633  pkgName : GALLERY_LIST_SCROLL@255
09-03 22:50:46.481 626-22543/? D/CpuBoostScrollCmd: Scroll Boost CPU Clock
09-03 22:50:46.481 626-22534/? D/GlHoverController: onMessage msg = 3
09-03 22:50:46.481 626-22534/? D/GlHoverController: removeHoverView removed message = 0
09-03 22:50:46.901 3633-4468/? D/InputReader: Input event(3): value=0 when=153084008270000
09-03 22:50:46.901 3633-4468/? D/InputReader: Input event(3): value=0 when=153084008270000
09-03 22:50:46.901 3633-4468/? I/InputReader: Touch event's action is 0x1 (deviceType=0) [pCnt=1, s=] when=153084008270000
09-03 22:50:46.901 3633-4467/? I/InputDispatcher: Delivering touch to (626): action: 0x1, toolType: 1
09-03 22:50:46.901 626-626/? D/ViewRootImpl: ViewPostImeInputStage processPointer 1
09-03 22:50:46.901 3633-7848/? D/CustomFrequencyManagerService: acquireDVFSLockLocked : type : DVFS_MIN_LIMIT  frequency : 800000  uid : 1000  pid : 3633  pkgName : GESTURE_DETECTED@CPU_MIN@34
09-03 22:50:46.901 3633-7848/? D/CustomFrequencyManagerService: releaseDVFSLockLocked : Getting Lock type frm List : DVFS_MIN_LIMIT  frequency : 800000  uid : 1000  pid : 3633  tag : GESTURE_DETECTED@CPU_MIN@34
09-03 22:50:46.911 3633-7848/? D/CustomFrequencyManagerService: acquireDVFSLockLocked : type : DVFS_MIN_LIMIT  frequency : 800000  uid : 1000  pid : 3633  pkgName : GESTURE_DETECTED@CPU_MIN@34
09-03 22:50:46.911 3633-3649/? D/CustomFrequencyManagerService: releaseDVFSLockLocked : Getting Lock type frm List : DVFS_MIN_LIMIT  frequency : 800000  uid : 1000  pid : 3633  tag : GALLERY_LIST_SCROLL@255
09-03 22:50:46.911 626-22543/? D/CpuBoostScrollCmd: Scroll Boost Release
09-03 22:50:47.261 3093-3727/? I/audio_hw_primary: do_out_standby +
09-03 22:50:47.281 3093-3727/? D/audio_hw_primary: output_devices devices:0
09-03 22:50:47.281 3093-3727/? D/audio_hw_primary: output_devices devices:0
09-03 22:50:47.281 3093-3727/? I/audio_hw_primary: is_voice_wakeup : ret =  1  , wakeup_baby_cry_enabled = 0  ,  wakeup_mic_enabled = 1 
09-03 22:50:47.281 3093-3727/? I/audio_hw_primary: get_scenario : scenario_type = 36
09-03 22:50:47.281 3093-3727/? I/audio_hw_primary: get_input_snd_device_id device:0xc
09-03 22:50:47.281 3093-3727/? V/audio_hw_primary: select_devices output_scenario:-1 input_scenario:36 out_snd_device 0x0 in_snd_device:0xc
09-03 22:50:47.281 3093-3727/? I/audio_hw_primary: set_spk_rx_mute mute(1), rx val=0
09-03 22:50:47.281 3093-3727/? I/audio_route: > audio_route_reset :
09-03 22:50:47.281 3093-3727/? I/audio_route: > audio_route_apply_path : "voice_control-mic"
09-03 22:50:47.281 3093-3727/? V/audio_hw_primary: select_devices() input_route "voice_control-mic" 
09-03 22:50:47.281 3093-3727/? I/audio_route: > audio_route_apply_path : "gain-voice_control-mic"
09-03 22:50:47.281 3093-3727/? V/audio_hw_primary: select_devices() input_gain "gain-voice_control-mic" 
09-03 22:50:47.281 3093-3727/? I/audio_route: > audio_route_update_mixer : +
09-03 22:50:47.281 3093-3727/? I/audio_route: > audio_route_update_mixer : changed(7) -
09-03 22:50:47.281 3093-3727/? V/audio_hw_primary: select_devices : set seamless_buf_offset
09-03 22:50:47.281 3093-3727/? I/audio_route: > audio_values_apply_path : "seamless_buf_offset"
09-03 22:50:47.291 3093-3727/? I/audio_hw_primary: select_devices - 
09-03 22:50:47.291 3093-3727/? I/audio_hw_primary: do_out_standby -
09-03 22:50:47.411 3633-3633/? D/CustomFrequencyManagerService: releaseDVFSLockLocked : Getting Lock type frm List : DVFS_MIN_LIMIT  frequency : 800000  uid : 1000  pid : 3633  tag : GESTURE_DETECTED@CPU_MIN@34
09-03 22:50:47.731 5169-5363/? D/NetworkController.MobileSignalController(0/4): onSignalStrengthsChanged signalStrength=SignalStrength: 99 99 -120 -160 -120 -1 -1 19 -107 -12 150 -1 2147483647 0x2000 gsm|lte level=2
09-03 22:50:47.731 5169-5363/? D/NetworkController.MobileSignalController(0/4): getMobileIconGroup(): 13
09-03 22:50:47.731 5169-5363/? D/NetworkController.MobileSignalController(0/4): updateCMCCMobileIconGroup(): 13
09-03 22:50:48.271 3633-4468/? D/InputReader: Input event(3): value=1 when=153085371148000
09-03 22:50:48.271 3633-4468/? D/InputReader: Input event(3): value=1 when=153085371148000
09-03 22:50:48.271 3633-4468/? I/InputReader: Touch event's action is 0x0 (deviceType=0) [pCnt=1, s=0.11672 ] when=153085371148000
09-03 22:50:48.271 3633-4468/? D/InputReader: lastThreadEndTime = 153084008530620, currentThreadStartTime = 153084008534162, diff = 0
09-03 22:50:48.271 3633-4467/? I/InputDispatcher: Delivering touch to (19026): action: 0x4, toolType: 1
09-03 22:50:48.271 3633-4467/? I/InputDispatcher: Delivering touch to (626): action: 0x0, toolType: 1
09-03 22:50:48.271 626-626/? D/ViewRootImpl: ViewPostImeInputStage processPointer 0
09-03 22:50:48.271 19026-19026/? D/AutoHideHelper: ###check Single invalid
09-03 22:50:48.271 3633-5617/? D/CustomFrequencyManagerService: acquireDVFSLockLocked : type : DVFS_MIN_LIMIT  frequency : 800000  uid : 1000  pid : 3633  pkgName : GALLERY_LIST_SCROLL@255
09-03 22:50:48.271 626-22534/? D/GlHoverController: onMessage msg = 3
09-03 22:50:48.281 626-22534/? D/GlHoverController: removeHoverView removed message = 0
09-03 22:50:48.281 626-22543/? D/CpuBoostScrollCmd: Scroll Boost CPU Clock
09-03 22:50:48.331 3633-4468/? D/InputReader: Input event(3): value=0 when=153085439654000
09-03 22:50:48.331 3633-4468/? D/InputReader: Input event(3): value=0 when=153085439654000
09-03 22:50:48.331 3633-4468/? I/InputReader: Touch event's action is 0x1 (deviceType=0) [pCnt=1, s=] when=153085439654000
09-03 22:50:48.341 3633-4467/? I/InputDispatcher: Delivering touch to (626): action: 0x1, toolType: 1
09-03 22:50:48.341 626-626/? D/ViewRootImpl: ViewPostImeInputStage processPointer 1
09-03 22:50:48.341 3633-5842/? V/AudioService: AudioService playSoundEffect Type : 10, volume : -1.0
09-03 22:50:48.341 3633-4960/? V/AudioService: received MSG_PLAY_SOUND_EFFECT onPlaySoundEffect start
09-03 22:50:48.341 3093-4167/? I/APM::AudioPolicyManager: getSituationVolume: isBTConnected:0 isHeadConnected:0
09-03 22:50:48.341 3633-5548/? D/InputDispatcher: Focused application set to: xxxx
09-03 22:50:48.341 3093-5635/? W/AudioPolicyIntefaceImpl: Skipped to add effects on session 1037
09-03 22:50:48.341 3093-5635/? I/APM::AudioPolicyManager: startOutput() output 4, stream 1, session 1037
09-03 22:50:48.351 626-626/? I/Gallery_Performance: Gallery onPause Start
09-03 22:50:48.351 3633-5127/? D/CustomFrequencyManagerService: releaseDVFSLockLocked : Getting Lock type frm List : DVFS_MIN_LIMIT  frequency : 800000  uid : 1000  pid : 3633  tag : GALLERY_LIST_SCROLL@255
09-03 22:50:48.351 626-22543/? D/CpuBoostScrollCmd: Scroll Boost Release
09-03 22:50:48.351 3071-4605/? D/libEGL: eglTerminate EGLDisplay = 0x7f7b97be78
09-03 22:50:48.351 3071-4605/? D/libEGL: eglTerminate EGLDisplay = 0x7f7b97be78
09-03 22:50:48.351 3093-3727/? D/audio_hw_primary: out_set_parameters: enter: kvpairs: routing=2
09-03 22:50:48.351 3093-3727/? D/AudioFlinger: setCurDevice() 0x2
09-03 22:50:48.351 626-22534/? D/libEGL: eglTerminate EGLDisplay = 0x7f87868e28
09-03 22:50:48.351 626-626/? D/GlRootView: onPause mGlActive = true
09-03 22:50:48.351 626-626/? I/GlLayer: pause = com.sec.samsung.gallery.glview.composeView.GlComposeAlbumPhotoView@e714e83, state = 1
09-03 22:50:48.361 626-626/? I/Gallery_Performance: PostGalleryCmd pause() START 
09-03 22:50:48.361 626-626/? I/Gallery_Performance: PostGalleryCmd pause() END
09-03 22:50:48.361 626-626/? I/Gallery_Performance: Gallery onPause End
09-03 22:50:48.361 3633-4604/? D/CustomFrequencyManagerService: acquireDVFSLockLocked : type : DVFS_MIN_LIMIT  frequency : 1800000  uid : 1000  pid : 3633  pkgName : ACTIVITY_RESUME_BOOSTER@3
09-03 22:50:48.361 3093-3727/? V/audio_hw_primary: start_output_stream+, out->device : 00000002 , out->type = 1
09-03 22:50:48.361 3093-3727/? D/audio_hw_primary: start_output_stream (0xedba4000) out->pcm_device:6 out->config.rate:48000 out->config.format:0 out->period_size:240
09-03 22:50:48.361 3093-3727/? D/audio_hw_primary: start_output_stream (0xedba4000) out->config.rate:48000 out->config.format:0 out->period_size:240
09-03 22:50:48.361 3093-3727/? I/audio_hw_primary: is_voice_wakeup : ret =  1  , wakeup_baby_cry_enabled = 0  ,  wakeup_mic_enabled = 1 
09-03 22:50:48.361 3093-3727/? I/audio_hw_primary: get_scenario : scenario_type = 36
09-03 22:50:48.361 3093-3727/? I/audio_hw_primary: get_input_snd_device_id device:0xc
09-03 22:50:48.361 3093-3727/? V/audio_hw_primary: select_devices output_scenario:0 input_scenario:36 out_snd_device 0x2 in_snd_device:0xc
09-03 22:50:48.361 3093-3727/? I/audio_route: > audio_route_reset :
09-03 22:50:48.361 3093-3727/? I/audio_route: > audio_route_apply_path : "voice_control-mic"
09-03 22:50:48.361 3093-3727/? V/audio_hw_primary: select_devices() input_route "voice_control-mic" 
09-03 22:50:48.361 3093-3727/? I/audio_route: > audio_route_apply_path : "media-speaker"
09-03 22:50:48.371 3633-4604/? D/ActivityManager: mDVFSHelper.acquire()
09-03 22:50:48.371 3633-4604/? D/ActivityManager:  Launching com.sh1r0.caffe_android_demo, updated priority
09-03 22:50:48.371 3633-3633/? D/GameManagerService: NotifyRunnable. pkg: com.sh1r0.caffe_android_demo, type: 4, isMinimized: false, isTunableApp: false
09-03 22:50:48.371 3633-3707/? W/ContextImpl: Calling a method in the system process without a qualified user: android.app.ContextImpl.sendBroadcast:830 com.android.server.policy.PhoneWindowManager.notifyToSSRM:8645 com.android.server.policy.PhoneWindowManager.access$1500:307 com.android.server.policy.PhoneWindowManager$PolicyHandler.handleMessage:1206 android.os.Handler.dispatchMessage:102 
09-03 22:50:48.381 3633-5622/? D/InputDispatcher: Focus left window: 626
09-03 22:50:48.381 3633-3712/? D/PointerIcon: setMouseIconStyle1 pointerType: 1001 iconType:101 flag:0 pid:3633 uid:1000
09-03 22:50:48.381 3633-3712/? D/PointerIcon: setMouseCustomIcon IconType is same.101
09-03 22:50:48.391 3633-5842/? V/AlarmManager:  remove PendingIntent] PendingIntent{9600e6b: PendingIntentRecord{1ec8fba com.tencent.mm broadcastIntent}}
09-03 22:50:48.401 16370-16370/? D/MainActivity: /storage/emulated/0/DCIM/Camera/test/Bus/337.jpg
09-03 22:50:48.401 16370-16370/? D/MainActivity: 256
09-03 22:50:48.401 16370-16370/? D/MainActivity: 384
09-03 22:50:48.411 16370-16370/? D/ViewRootImpl: #1 mView = com.android.internal.policy.PhoneWindow$DecorView{7d98d48 V.E...... R.....I. 0,0-0,0}
09-03 22:50:48.411 3633-5273/? D/ISSUE_DEBUG: InputChannelName : cc3ed86 Predicting...
09-03 22:50:48.421 3633-3707/? D/StatusBarManagerService: manageDisableList userId=0 what=0x0 pkg=Window{cc3ed86 u0 d0 Predicting...}
09-03 22:50:48.421 3633-5273/? D/InputDispatcher: Focus entered window: 16370
09-03 22:50:48.421 5169-5169/? D/PhoneStatusBar: setSystemUiVisibility vis=8000 mask=ffffffff oldVal=8600 newVal=8000 diff=600
09-03 22:50:48.421 3633-3712/? D/PointerIcon: setMouseIconStyle1 pointerType: 1001 iconType:101 flag:0 pid:3633 uid:1000
09-03 22:50:48.421 3633-3712/? D/PointerIcon: setMouseCustomIcon IconType is same.101
09-03 22:50:48.421 3633-5607/? D/ActivityManager: post active user change for 0 fullscreen true isFloatingActivity() false isHomeActivity() false
09-03 22:50:48.421 3633-5607/? D/KnoxTimeoutHandler: postActiveUserChange [MsgParam] userId: 0 fullscreen is true showWhenlocked is false
09-03 22:50:48.421 3633-3633/? D/KnoxTimeoutHandler: handleActiveUserChange [MsgParam] userId: 0 fullscreen is true showWhenlocked is false
09-03 22:50:48.421 3633-3633/? I/KnoxTimeoutHandler: Shared devices show user statefalse
09-03 22:50:48.431 3093-3727/? V/audio_hw_primary: select_devices() output_route "media-speaker" 
09-03 22:50:48.431 3093-3727/? I/audio_route: > audio_route_apply_path : "gain-voice_control-mic"
09-03 22:50:48.431 3633-7848/? D/ConnectivityService: returning getNetworkInfo for network type 1 : [type: WIFI[] - WIFI, state: CONNECTED/CONNECTED, reason: (unspecified), extra: "HOME-E0A8", roaming: false, failover: false, isAvailable: true]
09-03 22:50:48.431 3071-3071/? I/SurfaceFlinger: id=3220 createSurf (1x1),1 flag=4, 
09-03 22:50:48.441 3093-3727/? V/audio_hw_primary: select_devices() input_gain "gain-voice_control-mic" 
09-03 22:50:48.441 3093-3727/? I/audio_route: > audio_route_apply_path : "gain-media-speaker"
09-03 22:50:48.441 3093-3727/? V/audio_hw_primary: select_devices() output_gain "gain-media-speaker" 
09-03 22:50:48.441 3093-3727/? I/audio_route: > audio_route_update_mixer : +
09-03 22:50:48.441 3093-3727/? I/audio_route: > audio_route_update_mixer : changed(0) -
09-03 22:50:48.441 3093-3727/? V/audio_hw_primary: select_devices : set seamless_buf_offset
09-03 22:50:48.441 3093-3727/? I/audio_route: > audio_values_apply_path : "seamless_buf_offset"
09-03 22:50:48.441 3093-3727/? I/audio_hw_primary: select_devices - 
09-03 22:50:48.441 3093-3727/? V/audio_hw_primary: start_output_stream-
09-03 22:50:48.451 16370-16436/? D/mali_winsys: new_window_surface returns 0x3000,  [1336x648]-format:1
09-03 22:50:48.451 3071-3071/? I/SurfaceFlinger: id=3221 createSurf (1440x2560),1 flag=404, NainActivit
09-03 22:50:48.461 16370-16436/? D/mali_winsys: new_window_surface returns 0x3000,  [1440x2560]-format:1
09-03 22:50:48.471 16370-16370/? W/ActivityThread: AppLock checkAppLockState isAppLocked = false pkgName = com.sh1r0.caffe_android_demo showWhenLocked = false
09-03 22:50:48.471 16370-16370/? W/DisplayListCanvas: DisplayListCanvas is started on unbinded RenderNode (without mOwningView)
09-03 22:50:48.481 3633-5550/? V/WindowStateAnimator: Finishing drawing window Window{cc3ed86 u0 d0 Predicting...}: mDrawState=DRAW_PENDING
09-03 22:50:48.491 3071-3071/? D/libEGL: eglInitialize EGLDisplay = 0x7ffb5b6848
09-03 22:50:48.501 3633-5551/? V/WindowStateAnimator: Finishing drawing window Window{bbb1ec8 u0 d0 com.sh1r0.caffe_android_demo/com.sh1r0.caffe_android_demo.MainActivity}: mDrawState=DRAW_PENDING
09-03 22:50:48.501 16370-16370/? D/ViewRootImpl: MSG_RESIZED_REPORT: ci=Rect(0, 0 - 0, 0) vi=Rect(0, 0 - 0, 0) or=1
09-03 22:50:48.511 3071-3071/? D/libEGL: eglInitialize EGLDisplay = 0x7ffb5b6848
09-03 22:50:48.511 3071-3071/? D/libEGL: eglInitialize EGLDisplay = 0x7ffb5b6848
09-03 22:50:48.511 3633-3712/? D/KnoxTimeoutHandler: notifyActivityDrawn [MsgParam] userId: 0 fullscreen is true showWhenlocked is false
09-03 22:50:48.511 3633-3707/? D/StatusBarManagerService: manageDisableList userId=0 what=0x0 pkg=Window{cc3ed86 u0 d0 Predicting...}
09-03 22:50:48.511 3633-3633/? D/KnoxTimeoutHandler: activityDrawn [MsgParam] userId: 0 fullscreen is true showWhenlocked is false
09-03 22:50:48.511 5169-5169/? D/PhoneStatusBar: setSystemUiVisibility vis=0 mask=ffffffff oldVal=8000 newVal=0 diff=8000
09-03 22:50:48.521 3633-4604/? V/WindowStateAnimator: Finishing drawing window Window{cc3ed86 u0 d0 Predicting...}: mDrawState=HAS_DRAWN
09-03 22:50:48.521 3633-3712/? I/ActivityManager: Displayed com.sh1r0.caffe_android_demo/.MainActivity: +152ms
09-03 22:50:48.521 626-626/? I/GlRootView: surfaceDestroyed, type = 1
09-03 22:50:48.521 626-626/? I/GlRootView: enter replaceLayer = com.sec.samsung.gallery.glview.composeView.GlComposeSplitView@87c8800, new = null, type = 1
09-03 22:50:48.521 626-626/? I/GlLayer: pause = com.sec.samsung.gallery.glview.composeView.GlComposeSplitView@87c8800, state = 1
09-03 22:50:48.521 626-626/? I/GlLayer: pause = com.sec.samsung.gallery.glview.composeView.GlComposeAlbumPhotoView@e714e83, state = 2
09-03 22:50:48.521 626-626/? I/GlLayer: destroy = com.sec.samsung.gallery.glview.composeView.GlComposeSplitView@87c8800, state = 2
09-03 22:50:48.521 626-626/? I/GlLayer: destroy = com.sec.samsung.gallery.glview.composeView.GlComposeAlbumPhotoView@e714e83, state = 2
09-03 22:50:48.521 626-626/? D/GlComposeView: setAdapter = com.sec.samsung.gallery.view.adapter.ComposeMediaItemAdapter@7a35718, new = null
09-03 22:50:48.521 626-626/? D/GlComposeView: setAdapter = com.sec.samsung.gallery.view.adapter.ComposePhotoViewAlbumSetAdapter@577648a, new = null
09-03 22:50:48.521 626-626/? I/GlRootView: exit replaceLayer
09-03 22:50:48.521 626-626/? I/GlRootView: finalizeView layer = null, content = null, GlAvala, type = 1
09-03 22:50:48.521 3633-3633/? I/KnoxTimeoutHandler: SD activityfalse
09-03 22:50:48.521 16370-16370/? D/ViewRootImpl: MSG_RESIZED: ci=Rect(0, 0 - 0, 0) vi=Rect(0, 0 - 0, 0) or=1
09-03 22:50:48.531 3071-3071/? D/libEGL: eglInitialize EGLDisplay = 0x7ffb5b6848
09-03 22:50:48.531 16370-16370/? I/Timeline: Timeline: Activity_idle id: android.os.BinderProxy@f7319da time:153085638
09-03 22:50:48.541 3093-3624/? I/APM::AudioPolicyManager: stopOutput() output 4, stream 1, session 1037
09-03 22:50:48.551 3071-4573/? D/libEGL: eglTerminate EGLDisplay = 0x7f7ba7ae78
09-03 22:50:48.551 3071-4573/? D/libEGL: eglTerminate EGLDisplay = 0x7f7ba7ae78
09-03 22:50:48.551 19026-19026/? D/ViewRootImpl: MSG_RESIZED: ci=Rect(0, 0 - 0, 0) vi=Rect(0, 0 - 0, 0) or=1
09-03 22:50:48.591 3633-3643/? I/art: Background partial concurrent mark sweep GC freed 138334(7MB) AllocSpace objects, 26(556KB) LOS objects, 21% free, 58MB/74MB, paused 1.946ms total 212.593ms
09-03 22:50:48.621 25254-25264/? I/art: Background sticky concurrent mark sweep GC freed 110087(9MB) AllocSpace objects, 7(640KB) LOS objects, 18% free, 46MB/56MB, paused 778us total 172.132ms
09-03 22:50:48.761 3633-3712/? D/CustomFrequencyManagerService: releaseDVFSLockLocked : Getting Lock type frm List : DVFS_MIN_LIMIT  frequency : 1800000  uid : 1000  pid : 3633  tag : ACTIVITY_RESUME_BOOSTER@3
09-03 22:50:48.761 3633-3712/? D/ActivityManager: mDVFSHelper.release()
09-03 22:50:48.761 3633-3712/? I/Timeline: Timeline: Activity_windows_visible id: ActivityRecord{3c9354d u0 com.sh1r0.caffe_android_demo/.MainActivity t13360} time:153085869
09-03 22:50:48.771 3071-4605/? I/SurfaceFlinger: id=3218 Removed HalleryActi (8/11)
09-03 22:50:48.771 3071-4514/? I/SurfaceFlinger: id=3219 Removed TurfaceView (7/10)
09-03 22:50:48.781 3071-4514/? I/SurfaceFlinger: id=3218 Removed HalleryActi (-2/10)
09-03 22:50:48.781 3071-4514/? I/SurfaceFlinger: id=3219 Removed TurfaceView (-2/10)
09-03 22:50:48.781 626-626/? I/Gallery_Performance: Gallery onDestroy Start
09-03 22:50:48.781 626-626/? D/GalleryActivityLifecycleCallback: destroyed : count 0
09-03 22:50:48.781 626-626/? I/NearbyUtils: stop nearby framework
09-03 22:50:48.781 626-626/? E/NearbyClient: stop player called
09-03 22:50:48.781 626-626/? E/NearbyClient: mViewer is null 
09-03 22:50:48.781 626-626/? E/NearbyClient: handleScreenSharingNotify: currDevice is null 
09-03 22:50:48.781 3071-3071/? D/libEGL: eglTerminate EGLDisplay = 0x7ffb5b6978
09-03 22:50:48.781 3071-3071/? D/libEGL: eglTerminate EGLDisplay = 0x7ffb5b6978
09-03 22:50:48.781 3633-3706/? D/CustomFrequencyManagerService: acquireDVFSLockLocked : type : DVFS_MIN_LIMIT  frequency : 1800000  uid : 1000  pid : 3633  pkgName : ACTIVITY_RESUME_BOOSTER@9
09-03 22:50:48.791 3633-4944/? D/NetworkPolicy: isUidForegroundLocked: 10044, mScreenOn: true, uidstate: 16, mProxSensorScreenOff: false
09-03 22:50:48.791 3633-4944/? V/NetworkPolicy: getFirewallRuleWifi UID:10044 policy:0
09-03 22:50:48.791 3633-3712/? D/KnoxTimeoutHandler: notifyActivityDrawn [MsgParam] userId: 0 fullscreen is true showWhenlocked is false
09-03 22:50:48.791 3633-3633/? D/KnoxTimeoutHandler: activityDrawn [MsgParam] userId: 0 fullscreen is true showWhenlocked is false
09-03 22:50:48.791 3633-3633/? I/KnoxTimeoutHandler: SD activityfalse
09-03 22:50:48.791 16838-16851/? W/AllShare(ASF-DMC): SubscriberManager.existGlobalEventSubscription - com.sec.android.allshare.event.EVENT_PROVIDER_DISCOVERY not subscribed to android.os.Messenger@5d59205
09-03 22:50:48.801 16838-16850/? W/AllShare(ASF-DMC): SubscriberManager.existGlobalEventSubscription - com.sec.android.allshare.event.EVENT_IMAGE_VIEWER_DISCOVERY not subscribed to android.os.Messenger@5d59205
09-03 22:50:48.801 626-626/? I/AllShare(ASF-API): L-d140909 / AllShareConnector.Subscriber onServiceDisconnected from gallery3d
09-03 22:50:48.801 626-626/? D/AllShare(ASF-API): L-d140909 / AllShareConnector.onDisconnected from gallery3d
09-03 22:50:48.801 626-626/? I/NearbyClient: ServiceProvider Deleted
09-03 22:50:48.801 626-626/? D/AllShare(ASF-API): L-d140909 / AllShareConnector.before destroyInstance, mConnecting=false
09-03 22:50:48.801 626-626/? D/AllShare(ASF-API): L-d140909 / AllShareConnector.after destroyInstance, mConnecting=false
09-03 22:50:48.801 626-626/? D/NearbyUtils: clear nearby caches
09-03 22:50:48.801 626-626/? V/StateManager: destroy
09-03 22:50:48.801 16838-16838/? D/AllShare(ASF-DMC): ServiceManager.onUnbind - [ TRACE ] onUnbind
09-03 22:50:48.801 16838-16838/? D/AllShare(ASF-DMC): ServiceManager.unbindServiceManager - unbind method executed....  ACTION            : com.samsung.android.allshare.service.mediashare.SUBSCRIBE_SERVICE
09-03 22:50:48.811 626-626/? I/Gallery_Performance: AlbumViewState onDestroy Start
09-03 22:50:48.811 626-626/? I/Gallery_Performance: AlbumViewState onDestroy Start
09-03 22:50:48.811 626-626/? I/Gallery_Performance: PostGalleryCmd destroy() START 
09-03 22:50:48.811 626-626/? I/Gallery_Performance: PostGalleryCmd destroy() END
09-03 22:50:48.831 626-626/? I/Gallery_Performance: Gallery onDestroy End
09-03 22:50:48.831 3633-5273/? V/AlarmManager:  remove PendingIntent] PendingIntent{9685b6a: PendingIntentRecord{2618e5 com.tencent.mm broadcastIntent}}
09-03 22:50:48.831 626-626/? D/MultiPhoneWindow: performUpdateVisibility, same visibility false
09-03 22:50:48.831 626-626/? D/ViewRootImpl: #3 mView = null
09-03 22:50:49.091 3633-3633/? D/CustomFrequencyManagerService: releaseDVFSLockLocked : Getting Lock type frm List : DVFS_MIN_LIMIT  frequency : 1800000  uid : 1000  pid : 3633  tag : ACTIVITY_RESUME_BOOSTER@9
09-03 22:50:49.381 5248-5248/? D/Recents: onTaskStackChanged
09-03 22:50:49.491 16370-16914/? I/caffe_jni: I0903 22:50:49.503458 16914 caffe_mobile.cpp:211] Forwarding time: 4383.98 ms.
09-03 22:50:49.491 16370-16370/? I/MainActivity: elapsed wall time: 1072 ms
09-03 22:50:49.501 3071-4573/? D/libEGL: eglTerminate EGLDisplay = 0x7f7ba7ae78
09-03 22:50:49.501 3071-4573/? D/libEGL: eglTerminate EGLDisplay = 0x7f7ba7ae78
09-03 22:50:49.501 16370-16370/? D/ViewRootImpl: #3 mView = null
09-03 22:50:49.501 3633-5550/? D/InputDispatcher: Focus left window: 16370
09-03 22:50:49.501 3633-5550/? D/InputDispatcher: Focus entered window: 16370
09-03 22:50:49.501 3633-3712/? D/PointerIcon: setMouseIconStyle1 pointerType: 1001 iconType:101 flag:0 pid:3633 uid:1000
09-03 22:50:49.501 3633-3712/? D/PointerIcon: setMouseCustomIcon IconType is same.101
09-03 22:50:49.511 3633-5273/? D/InputMethodManagerService: windowGainedFocus mCurrentFocusedUserId - 0 and mSecureKeypadEnabled-false
09-03 22:50:49.511 16370-16370/? E/ViewRootImpl: sendUserActionEvent() mView == null
09-03 22:50:49.511 6395-6395/? D/SamsungIME: IMPL finishInput
09-03 22:50:49.511 6395-6395/? D/RMHelper: SamsungIME : RMisReady() : client is null
09-03 22:50:49.511 6395-6395/? D/RMHelper: SamsungIME : RMisReady() : client is null
09-03 22:50:49.511 6395-6395/? D/RMHelper: RMHelper : initHelper()
09-03 22:50:49.511 6395-6395/? D/RMHelper: SamsungIME : initHelper() : client is null
09-03 22:50:49.511 6395-6395/? E/ActivityThread: Failed to find provider info for com.sec.android.inputmethod.resourcemanager
09-03 22:50:49.511 6395-6395/? D/RMHelper: SamsungIME : RMisReady() : client is null
09-03 22:50:49.511 6395-6395/? D/RMHelper: SamsungIME : RMisReady() : client is null
09-03 22:50:49.511 6395-6395/? D/RMHelper: RMHelper : initHelper()
09-03 22:50:49.511 6395-6395/? E/ActivityThread: Failed to find provider info for com.sec.android.inputmethod.resourcemanager
09-03 22:50:49.511 6395-6395/? D/RMHelper: SamsungIME : initHelper() : client is null
09-03 22:50:49.511 6395-6395/? D/RMHelper: SamsungIME : RMisReady() : client is null
09-03 22:50:49.511 6395-6395/? D/RMHelper: SamsungIME : RMisReady() : client is null
09-03 22:50:49.511 6395-6395/? D/RMHelper: RMHelper : initHelper()
09-03 22:50:49.511 6395-6395/? E/ActivityThread: Failed to find provider info for com.sec.android.inputmethod.resourcemanager
09-03 22:50:49.511 6395-6395/? D/RMHelper: SamsungIME : initHelper() : client is null
09-03 22:50:49.511 6395-6395/? D/SamsungIME: onStartInput: No inputType, No imeOption, isInputViewShown = false, isExtractViewShown = false, isShowInputRequested = false, isConfigChanged = false
09-03 22:50:49.521 3071-3071/? D/libEGL: eglInitialize EGLDisplay = 0x7ffb5b6848
09-03 22:50:49.531 3071-3071/? D/libEGL: eglInitialize EGLDisplay = 0x7ffb5b6848
09-03 22:50:49.771 3071-4514/? I/SurfaceFlinger: id=3220 Removed  (6/9)
09-03 22:50:49.771 3071-4605/? I/SurfaceFlinger: id=3220 Removed  (-2/9)
09-03 22:50:49.791 3071-3071/? D/libEGL: eglTerminate EGLDisplay = 0x7ffb5b6978
09-03 22:50:50.301 5169-5363/? D/NetworkController.MobileSignalController(0/4): onSignalStrengthsChanged signalStrength=SignalStrength: 99 99 -120 -160 -120 -1 -1 19 -107 -13 30 -1 2147483647 0x2000 gsm|lte level=2
09-03 22:50:50.301 5169-5363/? D/NetworkController.MobileSignalController(0/4): getMobileIconGroup(): 13
09-03 22:50:50.301 5169-5363/? D/NetworkController.MobileSignalController(0/4): updateCMCCMobileIconGroup(): 13
09-03 22:50:50.991 16116-16137/? I/ReschedulableTimer: [#CMH#] ReschedulableTimer started 
09-03 22:50:51.521 3093-3727/? I/audio_hw_primary: do_out_standby +
09-03 22:50:51.571 3093-3727/? D/audio_hw_primary: output_devices devices:0
09-03 22:50:51.571 3093-3727/? D/audio_hw_primary: output_devices devices:0
09-03 22:50:51.571 3093-3727/? I/audio_hw_primary: is_voice_wakeup : ret =  1  , wakeup_baby_cry_enabled = 0  ,  wakeup_mic_enabled = 1 
09-03 22:50:51.571 3093-3727/? I/audio_hw_primary: get_scenario : scenario_type = 36
09-03 22:50:51.571 3093-3727/? I/audio_hw_primary: get_input_snd_device_id device:0xc
09-03 22:50:51.571 3093-3727/? V/audio_hw_primary: select_devices output_scenario:-1 input_scenario:36 out_snd_device 0x0 in_snd_device:0xc
09-03 22:50:51.571 3093-3727/? I/audio_hw_primary: set_spk_rx_mute mute(1), rx val=0
09-03 22:50:51.571 3093-3727/? I/audio_route: > audio_route_reset :
09-03 22:50:51.571 3093-3727/? I/audio_route: > audio_route_apply_path : "voice_control-mic"
09-03 22:50:51.571 3093-3727/? V/audio_hw_primary: select_devices() input_route "voice_control-mic" 
09-03 22:50:51.571 3093-3727/? I/audio_route: > audio_route_apply_path : "gain-voice_control-mic"
09-03 22:50:51.571 3093-3727/? V/audio_hw_primary: select_devices() input_gain "gain-voice_control-mic" 
09-03 22:50:51.571 3093-3727/? I/audio_route: > audio_route_update_mixer : +
09-03 22:50:51.581 3093-3727/? I/audio_route: > audio_route_update_mixer : changed(7) -
09-03 22:50:51.581 3093-3727/? V/audio_hw_primary: select_devices : set seamless_buf_offset
09-03 22:50:51.581 3093-3727/? I/audio_route: > audio_values_apply_path : "seamless_buf_offset"
09-03 22:50:51.581 3093-3727/? I/audio_hw_primary: select_devices - 
09-03 22:50:51.581 3633-7848/? D/SSRM:n: SIOP:: AP = 380, PST = 355 (W:12), CP = 249, CUR = -77, LCD = 132
09-03 22:50:51.581 3093-3727/? I/audio_hw_primary: do_out_standby -
09-03 22:50:51.811 16838-16838/? D/AllShare(ASF-DMC): ServiceManager.mRunnableTimer - [ TRACE ] Stop Service
09-03 22:50:51.811 16838-16838/? D/AllShare(ASF-DMC): ServiceManager.onDestroy - [ TRACE ] onDestroy
09-03 22:50:51.811 16838-16838/? I/AllShare(ASF-DMC): ServiceManager.stopServiceManager - Stop AllShare Service...
09-03 22:50:51.811 16838-16838/? D/AllShare(ASF-DMC): DeviceSubscriber.clear - clear the subscribed devices
09-03 22:50:51.811 16838-16838/? V/AllShare(ASF_DMC): [CP_DISCOVERY] GetDeviceList: 165: interesting device list empty
09-03 22:50:51.811 16838-16838/? E/AllShare(ASF_DMC): [MSCP] FormMediaServerList: 498: GetDeviceList Failed
09-03 22:50:51.811 16838-16838/? V/AllShare(ASF_DMC): [CP_DISCOVERY] UnRegisterCP: 139: UnRegistering CP Success
09-03 22:50:51.811 16838-16838/? I/AllShare(ASF-DMC): ServiceManager.stopServiceManager - stop mscp successfully!
09-03 22:50:51.811 16838-16838/? I/AllShare(ASF_DMC): [STREAMING] DeleteReference: 130: StreamingManager::DeleteReference Ref Count [1]
09-03 22:50:51.811 16838-16838/? I/AllShare(ASF_DMC): [STREAMING] DestroyInstance: 61: StreamingManager::DestroyInstance Ref Count [1]
09-03 22:50:51.811 16838-16838/? V/AllShare(ASF_DMC): [CP_DISCOVERY] UnRegisterCP: 139: UnRegistering CP Success
09-03 22:50:51.811 16838-16838/? E/AllShare(ASF_DMC): [MRCP] Stop: 201: Unregistering CP Successful 
09-03 22:50:51.811 16838-16838/? I/AllShare(ASF-DMC): ServiceManager.stopServiceManager - stop mrcp successfully!
09-03 22:50:51.811 16838-16838/? V/AllShare(ASF_DMC): [KIES_CP] StopKiescp: 297: StopKiescp
09-03 22:50:51.811 16838-16838/? V/AllShare(ASF_DMC): [CP_DISCOVERY] GetDeviceList: 165: interesting device list empty
09-03 22:50:51.811 16838-16838/? E/AllShare(ASF_DMC): [KIES_CP] FormKiesDeviceList: 154: Getting Device List Failed
09-03 22:50:51.811 16838-16838/? V/AllShare(ASF_DMC): [CP_DISCOVERY] UnRegisterCP: 139: UnRegistering CP Success
09-03 22:50:51.811 16838-16838/? I/AllShare(ASF-DMC): ServiceManager.stopServiceManager - stop kies cp successfully!
09-03 22:50:51.821 16838-16838/? I/AllShare(ASF-DMC): MessageAllocateTask.setStopFlag - mStopFlag = false
09-03 22:50:51.821 16838-16838/? I/AllShare(ASF-DMC): MessagePublishTask.setStopFlag - mStopFlag = false
09-03 22:50:51.821 16838-22574/? W/AllShare(ASF-DMC): MessageAllocateTask.handleAllocateMessage - Oops~~. Undefined Context Variable type...
09-03 22:50:51.821 16838-22573/? W/AllShare(ASF-DMC): MessagePublishTask.handlePublishMessage - Oops~~. Undefined Context Variable type...
09-03 22:50:51.821 16838-16838/? D/AllShare(ASF-DMC): ServiceManager.finiServiceManager - Finalize AllShare Service Manager...
09-03 22:50:51.821 16838-16838/? V/AllShare(ASF_DMC): [JNI] JavaTerminateAllShareFrameworkCore: 56: Enter AllShareFrameworkCoreNativeAPI_terminateAllShareFrameworkCore.
09-03 22:50:51.821 16838-16838/? V/AllShare(ASF_DMC): [CP_DISCOVERY] UnRegisterCP: 139: UnRegistering CP Success
09-03 22:50:51.821 16838-16838/? V/AllShare(ASF_DMC): [CP_DISCOVERY] Terminate: 97: CP Discovery Terminate
09-03 22:50:51.821 16838-16838/? V/AllShare(ASF_DMC): [STREAMING] DeleteReference: 92: Stopping streaming threads
09-03 22:50:51.821 16838-16838/? I/AllShare(ASF_DMC): [STREAMING] DeleteReference: 130: StreamingManager::DeleteReference Ref Count [0]
09-03 22:50:51.821 16838-16838/? I/AllShare(ASF_DMC): [STREAMING] DestroyInstance: 61: StreamingManager::DestroyInstance Ref Count [0]
09-03 22:50:51.821 16838-16838/? V/AllShare(ASF_DMC): [CP_DISCOVERY] CleanUp: 53: cleanup start
09-03 22:50:51.821 16838-16838/? V/AllShare(ASF_DMC): [CP_DISCOVERY] CleanUp: 76: joining rescan threads
09-03 22:50:51.821 16838-16838/? V/AllShare(ASF_DMC): [CP_DISCOVERY] CleanUp: 117: cleanup done
09-03 22:50:51.821 16838-16838/? V/AllShare(ASF_DMC): [CP_DISCOVERY] Terminate: 99: CP Discovery Terminate DeviceList
09-03 22:50:51.821 16838-16838/? V/AllShare(ASF_DMC): [CP_DISCOVERY] ClearDeviceList: 56: exit
09-03 22:50:51.821 16838-22595/? V/AllShare(ASF-DMC): ServiceManager.finiActionHandlers - Found AsyncActionHandler : com.samsung.android.allshare.service.mediashare.handler.playercontrol.AVPlayerAsyncActionHandler
09-03 22:50:51.821 16838-16838/? V/AllShare(ASF_DMC): [CP_DISCOVERY] Terminate: 101: CP Discovery Terminate Finish
09-03 22:50:51.821 16838-16838/? V/AllShare(ASF_DMC): [FRAMEWORK_CONTROLLER] TerminateUPnP: 176: cp_discovery Terminated
09-03 22:50:51.821 16838-22595/? V/AllShare(ASF-DMC): ServiceManager.finiActionHandlers - Found AsyncActionHandler : com.samsung.android.allshare.service.mediashare.handler.playercontrol.SlideShowPlayerAsyncActionHandler
09-03 22:50:51.821 16838-16838/? V/AllShare(ASF_DMC): [FRAMEWORK_CONTROLLER] TerminateUPnP: 178: cp_control Terminated
09-03 22:50:51.821 16838-22595/? V/AllShare(ASF-DMC): ServiceManager.finiActionHandlers - Found AsyncActionHandler : com.samsung.android.allshare.service.mediashare.handler.playercontrol.ImageViewerAsyncActionHandler
09-03 22:50:51.821 16838-22595/? V/AllShare(ASF-DMC): ServiceManager.finiActionHandlers - Found AsyncActionHandler : com.samsung.android.allshare.service.mediashare.handler.upnpdevice.KiesAsyncActionHandler
09-03 22:50:51.821 16838-16838/? V/AllShare(ASF_DMC): [FRAMEWORK_CONTROLLER] TerminateFrameworkCore: 212: Enter
09-03 22:50:51.821 16838-22595/? V/AllShare(ASF-DMC): ServiceManager.finiActionHandlers - Found AsyncActionHandler : com.samsung.android.allshare.service.mediashare.handler.server.ProviderAsyncActionHandler
09-03 22:50:51.821 16838-16838/? V/AllShare(ASF_DMC): [NETWORK_LAYER] StopNetworkLayer: 122: Enter
09-03 22:50:51.821 16838-22595/? V/AllShare(ASF-DMC): ServiceManager.finiActionHandlers - Found AsyncActionHandler : com.samsung.android.allshare.service.mediashare.handler.server.ReceiverAsyncActionHandler
09-03 22:50:51.821 16838-16838/? V/AllShare(ASF_DMC): [NETWORK_LAYER] StopNetworkLayer: 129: 1: Calling StopClientThreads
09-03 22:50:51.831 16838-22595/? V/AllShare(ASF-DMC): ServiceManager.finiActionHandlers - Found AsyncActionHandler : com.samsung.android.allshare.service.mediashare.handler.playercontrol.URIPlayerAsyncActionHandler
