09-03 23:00:22.811 16838-16838/? D/AllShare(ASF-DMC): DeviceSubscriber.clear - clear the subscribed devices
09-03 23:00:22.821 16838-16838/? V/AllShare(ASF_DMC): [CP_DISCOVERY] GetDeviceList: 165: interesting device list empty
09-03 23:00:22.821 16838-16838/? E/AllShare(ASF_DMC): [MSCP] FormMediaServerList: 498: GetDeviceList Failed
09-03 23:00:22.821 16838-16838/? V/AllShare(ASF_DMC): [CP_DISCOVERY] UnRegisterCP: 139: UnRegistering CP Success
09-03 23:00:22.821 16838-16838/? I/AllShare(ASF-DMC): ServiceManager.stopServiceManager - stop mscp successfully!
09-03 23:00:22.821 16838-16838/? I/AllShare(ASF_DMC): [STREAMING] DeleteReference: 130: StreamingManager::DeleteReference Ref Count [1]
09-03 23:00:22.821 16838-16838/? I/AllShare(ASF_DMC): [STREAMING] DestroyInstance: 61: StreamingManager::DestroyInstance Ref Count [1]
09-03 23:00:22.821 16838-16838/? V/AllShare(ASF_DMC): [CP_DISCOVERY] UnRegisterCP: 139: UnRegistering CP Success
09-03 23:00:22.821 16838-16838/? E/AllShare(ASF_DMC): [MRCP] Stop: 201: Unregistering CP Successful 
09-03 23:00:22.821 16838-16838/? I/AllShare(ASF-DMC): ServiceManager.stopServiceManager - stop mrcp successfully!
09-03 23:00:22.821 16838-16838/? V/AllShare(ASF_DMC): [KIES_CP] StopKiescp: 297: StopKiescp
09-03 23:00:22.821 16838-16838/? V/AllShare(ASF_DMC): [CP_DISCOVERY] GetDeviceList: 165: interesting device list empty
09-03 23:00:22.821 16838-16838/? E/AllShare(ASF_DMC): [KIES_CP] FormKiesDeviceList: 154: Getting Device List Failed
09-03 23:00:22.821 16838-16838/? V/AllShare(ASF_DMC): [CP_DISCOVERY] UnRegisterCP: 139: UnRegistering CP Success
09-03 23:00:22.821 16838-16838/? I/AllShare(ASF-DMC): ServiceManager.stopServiceManager - stop kies cp successfully!
09-03 23:00:22.821 3633-3707/? D/StatusBarManagerService: manageDisableList userId=0 what=0x0 pkg=Window{38e4d22 u0 d0 com.sec.android.gallery3d/com.sec.android.gallery3d.app.GalleryActivity}
09-03 23:00:22.821 3633-3712/? D/KnoxTimeoutHandler: notifyActivityDrawn [MsgParam] userId: 0 fullscreen is true showWhenlocked is false
09-03 23:00:22.821 3633-3633/? D/KnoxTimeoutHandler: activityDrawn [MsgParam] userId: 0 fullscreen is true showWhenlocked is false
09-03 23:00:22.821 5169-5169/? D/PhoneStatusBar: setSystemUiVisibility vis=8600 mask=ffffffff oldVal=600 newVal=8600 diff=8000
09-03 23:00:22.821 3633-3712/? I/ActivityManager: Displayed com.sec.android.gallery3d/.app.GalleryActivity: +150ms
09-03 23:00:22.821 3633-3712/? D/WindowAnimator: Skip setting animation background if there is an exiting window only.
09-03 23:00:22.821 3633-7848/? D/ConnectivityService: returning getNetworkInfo for network type 1 : [type: WIFI[] - WIFI, state: CONNECTED/CONNECTED, reason: (unspecified), extra: "HOME-E0A8", roaming: false, failover: false, isAvailable: true]
09-03 23:00:22.821 16838-16838/? I/AllShare(ASF-DMC): MessageAllocateTask.setStopFlag - mStopFlag = false
09-03 23:00:22.821 16838-16838/? I/AllShare(ASF-DMC): MessagePublishTask.setStopFlag - mStopFlag = false
09-03 23:00:22.821 16838-24746/? W/AllShare(ASF-DMC): MessageAllocateTask.handleAllocateMessage - Oops~~. Undefined Context Variable type...
09-03 23:00:22.821 16838-24745/? W/AllShare(ASF-DMC): MessagePublishTask.handlePublishMessage - Oops~~. Undefined Context Variable type...
09-03 23:00:22.821 3633-3633/? I/KnoxTimeoutHandler: SD activityfalse
09-03 23:00:22.821 16838-16838/? D/AllShare(ASF-DMC): ServiceManager.finiServiceManager - Finalize AllShare Service Manager...
09-03 23:00:22.821 16838-16838/? V/AllShare(ASF_DMC): [JNI] JavaTerminateAllShareFrameworkCore: 56: Enter AllShareFrameworkCoreNativeAPI_terminateAllShareFrameworkCore.
09-03 23:00:22.821 16838-16838/? V/AllShare(ASF_DMC): [CP_DISCOVERY] UnRegisterCP: 139: UnRegistering CP Success
09-03 23:00:22.821 16838-16838/? V/AllShare(ASF_DMC): [CP_DISCOVERY] Terminate: 97: CP Discovery Terminate
09-03 23:00:22.821 3633-3707/? W/ContextImpl: Calling a method in the system process without a qualified user: android.app.ContextImpl.sendBroadcast:830 com.android.server.policy.PhoneWindowManager.notifyToSSRM:8645 com.android.server.policy.PhoneWindowManager.access$1500:307 com.android.server.policy.PhoneWindowManager$PolicyHandler.handleMessage:1206 android.os.Handler.dispatchMessage:102 
09-03 23:00:22.821 16838-16838/? V/AllShare(ASF_DMC): [STREAMING] DeleteReference: 92: Stopping streaming threads
09-03 23:00:22.821 16838-16838/? I/AllShare(ASF_DMC): [STREAMING] DeleteReference: 130: StreamingManager::DeleteReference Ref Count [0]
09-03 23:00:22.821 16838-16838/? I/AllShare(ASF_DMC): [STREAMING] DestroyInstance: 61: StreamingManager::DestroyInstance Ref Count [0]
09-03 23:00:22.821 16838-16838/? V/AllShare(ASF_DMC): [CP_DISCOVERY] CleanUp: 53: cleanup start
09-03 23:00:22.821 16838-16838/? V/AllShare(ASF_DMC): [CP_DISCOVERY] CleanUp: 76: joining rescan threads
09-03 23:00:22.821 16838-16838/? V/AllShare(ASF_DMC): [CP_DISCOVERY] CleanUp: 117: cleanup done
09-03 23:00:22.821 16838-16838/? V/AllShare(ASF_DMC): [CP_DISCOVERY] Terminate: 99: CP Discovery Terminate DeviceList
09-03 23:00:22.821 16838-24778/? V/AllShare(ASF-DMC): ServiceManager.finiActionHandlers - Found AsyncActionHandler : com.samsung.android.allshare.service.mediashare.handler.playercontrol.AVPlayerAsyncActionHandler
09-03 23:00:22.821 16838-16838/? V/AllShare(ASF_DMC): [CP_DISCOVERY] ClearDeviceList: 56: exit
09-03 23:00:22.821 16838-16838/? V/AllShare(ASF_DMC): [CP_DISCOVERY] Terminate: 101: CP Discovery Terminate Finish
09-03 23:00:22.821 16838-16838/? V/AllShare(ASF_DMC): [FRAMEWORK_CONTROLLER] TerminateUPnP: 176: cp_discovery Terminated
09-03 23:00:22.821 16838-24778/? V/AllShare(ASF-DMC): ServiceManager.finiActionHandlers - Found AsyncActionHandler : com.samsung.android.allshare.service.mediashare.handler.playercontrol.SlideShowPlayerAsyncActionHandler
09-03 23:00:22.821 16838-24778/? V/AllShare(ASF-DMC): ServiceManager.finiActionHandlers - Found AsyncActionHandler : com.samsung.android.allshare.service.mediashare.handler.playercontrol.ImageViewerAsyncActionHandler
09-03 23:00:22.821 16838-16838/? V/AllShare(ASF_DMC): [FRAMEWORK_CONTROLLER] TerminateUPnP: 178: cp_control Terminated
09-03 23:00:22.821 16838-16838/? V/AllShare(ASF_DMC): [FRAMEWORK_CONTROLLER] TerminateFrameworkCore: 212: Enter
09-03 23:00:22.821 16838-16838/? V/AllShare(ASF_DMC): [NETWORK_LAYER] StopNetworkLayer: 122: Enter
09-03 23:00:22.821 16838-16838/? V/AllShare(ASF_DMC): [NETWORK_LAYER] StopNetworkLayer: 129: 1: Calling StopClientThreads
09-03 23:00:22.821 16838-24778/? V/AllShare(ASF-DMC): ServiceManager.finiActionHandlers - Found AsyncActionHandler : com.samsung.android.allshare.service.mediashare.handler.upnpdevice.KiesAsyncActionHandler
09-03 23:00:22.821 16838-24778/? V/AllShare(ASF-DMC): ServiceManager.finiActionHandlers - Found AsyncActionHandler : com.samsung.android.allshare.service.mediashare.handler.server.ProviderAsyncActionHandler
09-03 23:00:22.821 16838-24778/? V/AllShare(ASF-DMC): ServiceManager.finiActionHandlers - Found AsyncActionHandler : com.samsung.android.allshare.service.mediashare.handler.server.ReceiverAsyncActionHandler
09-03 23:00:22.821 16838-24778/? V/AllShare(ASF-DMC): ServiceManager.finiActionHandlers - Found AsyncActionHandler : com.samsung.android.allshare.service.mediashare.handler.playercontrol.URIPlayerAsyncActionHandler
09-03 23:00:22.821 16838-24778/? V/AllShare(ASF-DMC): ServiceManager.finiActionHandlers - Found AsyncActionHandler : com.samsung.android.allshare.service.mediashare.handler.playercontrol.PlaylistPlayerAsyncActionHandler
09-03 23:00:22.821 16838-24778/? V/AllShare(ASF-DMC): ServiceManager.finiActionHandlers - Found AsyncActionHandler : com.samsung.android.allshare.service.mediashare.handler.playercontrol.ViewControllerAsyncActionHandler
09-03 23:00:22.821 16838-24778/? V/AllShare(ASF-DMC): ServiceManager.finiActionHandlers - Found SyncActionHandler : com.samsung.android.allshare.service.mediashare.handler.playercontrol.ImageViewerSyncActionHandler
09-03 23:00:22.821 16838-24778/? V/AllShare(ASF-DMC): ServiceManager.finiActionHandlers - Found SyncActionHandler : com.samsung.android.allshare.service.mediashare.handler.devicefinder.DeviceFinderDeviceSyncActionHandler
09-03 23:00:22.821 16838-24778/? V/AllShare(ASF-DMC): ServiceManager.finiActionHandlers - Found SyncActionHandler : com.samsung.android.allshare.service.mediashare.handler.playercontrol.AVPlayerSyncActionHandler
09-03 23:00:22.821 16838-24778/? V/AllShare(ASF-DMC): ServiceManager.finiActionHandlers - Found SyncActionHandler : com.samsung.android.allshare.service.mediashare.handler.playercontrol.PlaylistPlayerSyncActionHandler
09-03 23:00:22.821 16838-24778/? V/AllShare(ASF-DMC): ServiceManager.finiActionHandlers - Found SyncActionHandler : com.samsung.android.allshare.service.mediashare.handler.download.DownloadSyncActionHandler
09-03 23:00:22.821 16838-24778/? D/AllShare(ASF-DMC): ServiceManager.finiActionHandlers - Finalize Action Handler : com.samsung.android.allshare.service.mediashare.handler.playercontrol.AVPlayerAsyncActionHandler
09-03 23:00:22.821 16838-24778/? D/AllShare(ASF-DMC): ServiceManager.finiActionHandlers - Finalize Action Handler : com.samsung.android.allshare.service.mediashare.handler.playercontrol.SlideShowPlayerAsyncActionHandler
09-03 23:00:22.821 16838-24778/? D/AllShare(ASF-DMC): ServiceManager.finiActionHandlers - Finalize Action Handler : com.samsung.android.allshare.service.mediashare.handler.playercontrol.ImageViewerAsyncActionHandler
09-03 23:00:22.821 16838-24778/? D/AllShare(ASF-DMC): ServiceManager.finiActionHandlers - Finalize Action Handler : com.samsung.android.allshare.service.mediashare.handler.upnpdevice.KiesAsyncActionHandler
09-03 23:00:22.821 16838-24778/? D/AllShare(ASF-DMC): ServiceManager.finiActionHandlers - Finalize Action Handler : com.samsung.android.allshare.service.mediashare.handler.server.ProviderAsyncActionHandler
09-03 23:00:22.821 16838-24778/? D/AllShare(ASF-DMC): ServiceManager.finiActionHandlers - Finalize Action Handler : com.samsung.android.allshare.service.mediashare.handler.server.ReceiverAsyncActionHandler
09-03 23:00:22.821 16838-24778/? D/AllShare(ASF-DMC): ServiceManager.finiActionHandlers - Finalize Action Handler : com.samsung.android.allshare.service.mediashare.handler.playercontrol.URIPlayerAsyncActionHandler
09-03 23:00:22.821 16838-24778/? D/AllShare(ASF-DMC): ServiceManager.finiActionHandlers - Finalize Action Handler : com.samsung.android.allshare.service.mediashare.handler.playercontrol.PlaylistPlayerAsyncActionHandler
09-03 23:00:22.821 16838-24778/? D/AllShare(ASF-DMC): ServiceManager.finiActionHandlers - Finalize Action Handler : com.samsung.android.allshare.service.mediashare.handler.playercontrol.ViewControllerAsyncActionHandler
09-03 23:00:22.821 16838-24778/? D/AllShare(ASF-DMC): ServiceManager.finiActionHandlers - Finalize Action Handler : com.samsung.android.allshare.service.mediashare.handler.playercontrol.ImageViewerSyncActionHandler
09-03 23:00:22.821 16838-24778/? D/AllShare(ASF-DMC): ServiceManager.finiActionHandlers - Finalize Action Handler : com.samsung.android.allshare.service.mediashare.handler.devicefinder.DeviceFinderDeviceSyncActionHandler
09-03 23:00:22.821 16838-24778/? D/AllShare(ASF-DMC): ServiceManager.finiActionHandlers - Finalize Action Handler : com.samsung.android.allshare.service.mediashare.handler.playercontrol.AVPlayerSyncActionHandler
09-03 23:00:22.821 16838-24778/? D/AllShare(ASF-DMC): ServiceManager.finiActionHandlers - Finalize Action Handler : com.samsung.android.allshare.service.mediashare.handler.playercontrol.PlaylistPlayerSyncActionHandler
09-03 23:00:22.821 16838-24778/? D/AllShare(ASF-DMC): ServiceManager.finiActionHandlers - Finalize Action Handler : com.samsung.android.allshare.service.mediashare.handler.download.DownloadSyncActionHandler
09-03 23:00:22.821 16838-16838/? V/AllShare(ASF_DMC): [NETWORK_LAYER] StopNetworkLayer: 133: 2: StopClientThreads done
09-03 23:00:22.821 16838-16838/? V/AllShare(ASF_DMC): [NETWORK_LAYER] StopNetworkLayer: 140: 3: Calling StopServerThreads
09-03 23:00:22.821 16838-16838/? V/AllShare(ASF_DMC): [NETWORK_LAYER] __stop_server_sockets: 36: StopServerSockets
09-03 23:00:22.821 16838-16838/? D/AllShare(ASF_DMC): [NETWORK_LAYER] Stop: 128: Leaving multicast group at interface [wlan0]
09-03 23:00:22.821 16838-24738/? E/AllShare(ASF_DMC): [NETWORK_LAYER] handle_accept: 187: [TCPServer::handle_accept] Acceptor closed [Operation Canceled]
09-03 23:00:22.831 3093-3624/? I/APM::AudioPolicyManager: stopOutput() output 4, stream 1, session 1110
09-03 23:00:22.831 16838-16838/? V/AllShare(ASF_DMC): [NETWORK_LAYER] __stop_server_sockets: 45: StopServerSockets return
09-03 23:00:22.831 16838-24740/? E/AllShare(ASF_DMC): [NETWORK_LAYER] receive_handler: 264: [Multicast Server::receive_handler] Canceled [Operation Canceled]
09-03 23:00:22.831 6395-6395/? D/SamsungIME: IMPL finishInput
09-03 23:00:22.831 6395-6395/? E/ActivityThread: Failed to find provider info for com.sec.android.inputmethod.resourcemanager
09-03 23:00:22.831 6395-6395/? D/RMHelper: SamsungIME : RMisReady() : client is null
09-03 23:00:22.831 6395-6395/? E/ActivityThread: Failed to find provider info for com.sec.android.inputmethod.resourcemanager
09-03 23:00:22.831 6395-6395/? D/RMHelper: SamsungIME : RMisReady() : client is null
09-03 23:00:22.831 6395-6395/? E/ActivityThread: Failed to find provider info for com.sec.android.inputmethod.resourcemanager
09-03 23:00:22.831 6395-6395/? D/RMHelper: RMHelper : initHelper()
09-03 23:00:22.831 6395-6395/? D/RMHelper: SamsungIME : initHelper() : client is null
09-03 23:00:22.831 6395-6395/? D/RMHelper: SamsungIME : RMisReady() : client is null
09-03 23:00:22.831 6395-6395/? D/RMHelper: SamsungIME : RMisReady() : client is null
09-03 23:00:22.831 6395-6395/? D/RMHelper: RMHelper : initHelper()
09-03 23:00:22.831 6395-6395/? D/RMHelper: SamsungIME : initHelper() : client is null
09-03 23:00:22.831 6395-6395/? D/RMHelper: SamsungIME : RMisReady() : client is null
09-03 23:00:22.831 6395-6395/? D/RMHelper: SamsungIME : RMisReady() : client is null
09-03 23:00:22.831 6395-6395/? D/RMHelper: RMHelper : initHelper()
09-03 23:00:22.831 3633-3712/? D/WindowAnimator: Skip setting animation background if there is an exiting window only.
09-03 23:00:22.831 6395-6395/? D/RMHelper: SamsungIME : initHelper() : client is null
09-03 23:00:22.831 6395-6395/? D/SamsungIME: onStartInput: No inputType, No imeOption, isInputViewShown = false, isExtractViewShown = false, isShowInputRequested = false, isConfigChanged = false
09-03 23:00:22.831 19026-19026/? D/ViewRootImpl: MSG_RESIZED: ci=Rect(0, 0 - 0, 0) vi=Rect(0, 0 - 0, 0) or=1
09-03 23:00:22.831 16838-16838/? E/AllShare(ASF_DMC): [NETWORK_LAYER] Reset: 231: [TCPServer::Reset] ref reset
09-03 23:00:22.831 16838-16838/? V/AllShare(ASF_DMC): [NETWORK_LAYER] StopNetworkLayer: 149: 4: Calling Stopcallback handler threads
09-03 23:00:22.841 3633-5551/? V/WindowStateAnimator: Finishing drawing window Window{38e4d22 u0 d0 com.sec.android.gallery3d/com.sec.android.gallery3d.app.GalleryActivity}: mDrawState=HAS_DRAWN
09-03 23:00:22.841 16838-16838/? V/AllShare(ASF_DMC): [NETWORK_LAYER] StopNetworkLayer: 153: Exit
09-03 23:00:22.841 16838-16838/? V/AllShare(ASF_DMC): [FRAMEWORK_CONTROLLER] TerminateFrameworkCore: 222: StopNetworkLayer finished
09-03 23:00:22.841 16838-16838/? V/AllShare(ASF_DMC): [FRAMEWORK_CONTROLLER] TerminateFrameworkCore: 226: StopFrameworkCore finished
09-03 23:00:22.841 16838-16838/? V/AllShare(ASF_DMC): [FRAMEWORK_CONTROLLER] TerminateFrameworkCore: 230: TerminateUPnP finished
09-03 23:00:22.841 16838-16838/? V/AllShare(ASF_DMC): [FRAMEWORK_CONTROLLER] TerminateFrameworkCore: 234: Timer Terminate finished
09-03 23:00:22.841 16838-16838/? V/AllShare(ASF_DMC): [NETWORK_LAYER] TerminateNetworkLayer: 62: Enter
09-03 23:00:22.841 16838-16838/? V/AllShare(ASF_DMC): [NETWORK_LAYER] TerminateNetworkLayer: 66: NetworkInterface Destroyed
09-03 23:00:22.841 16838-16838/? V/AllShare(ASF_DMC): [NETWORK_LAYER] TerminateNetworkLayer: 73: ServerManager Destroyed
09-03 23:00:22.841 16838-16838/? V/AllShare(ASF_DMC): [NETWORK_LAYER] TerminateNetworkLayer: 77: CallBackHandler Destroyed, Exit
09-03 23:00:22.841 16838-16838/? V/AllShare(ASF_DMC): [FRAMEWORK_CONTROLLER] TerminateFrameworkCore: 240: Exit
09-03 23:00:22.841 5169-5169/? D/PanelView: updateQsState
09-03 23:00:22.841 5169-5169/? D/KeyguardSwipeHelper: reset()
09-03 23:00:22.841 5169-5169/? D/KeyguardUnlockEventHandler: reset()
09-03 23:00:22.841 5169-5169/? D/KeyguardSwipeHelper: resetChildViewVI()
09-03 23:00:22.851 3633-3712/? D/WindowAnimator: Skip setting animation background if there is an exiting window only.
09-03 23:00:22.851 3071-3071/? D/libEGL: eglInitialize EGLDisplay = 0x7ffb5b6848
09-03 23:00:22.861 3633-3712/? D/WindowAnimator: Skip setting animation background if there is an exiting window only.
09-03 23:00:22.881 626-626/? I/Timeline: Timeline: Activity_idle id: android.os.BinderProxy@52b6464 time:153659981
09-03 23:00:22.881 3071-3071/? D/libEGL: eglInitialize EGLDisplay = 0x7ffb5b6848
09-03 23:00:22.881 3633-3712/? D/WindowAnimator: Skip setting animation background if there is an exiting window only.
09-03 23:00:22.901 3071-3071/? D/libEGL: eglInitialize EGLDisplay = 0x7ffb5b6848
09-03 23:00:22.901 3633-3712/? D/WindowAnimator: Skip setting animation background if there is an exiting window only.
09-03 23:00:22.911 3633-3712/? D/WindowAnimator: Skip setting animation background if there is an exiting window only.
09-03 23:00:22.931 3633-3712/? D/WindowAnimator: Skip setting animation background if there is an exiting window only.
09-03 23:00:22.951 3633-3712/? D/WindowAnimator: Skip setting animation background if there is an exiting window only.
09-03 23:00:22.961 3633-3712/? D/WindowAnimator: Skip setting animation background if there is an exiting window only.
09-03 23:00:22.981 3633-3712/? D/WindowAnimator: Skip setting animation background if there is an exiting window only.
09-03 23:00:23.001 3633-3712/? D/WindowAnimator: Skip setting animation background if there is an exiting window only.
09-03 23:00:23.011 3633-3712/? D/WindowAnimator: Skip setting animation background if there is an exiting window only.
09-03 23:00:23.031 3633-3712/? D/WindowAnimator: Skip setting animation background if there is an exiting window only.
09-03 23:00:23.051 3633-3712/? D/WindowAnimator: Skip setting animation background if there is an exiting window only.
09-03 23:00:23.061 3633-3712/? D/CustomFrequencyManagerService: releaseDVFSLockLocked : Getting Lock type frm List : DVFS_MIN_LIMIT  frequency : 1800000  uid : 1000  pid : 3633  tag : ACTIVITY_RESUME_BOOSTER@3
09-03 23:00:23.071 3633-3712/? D/ActivityManager: mDVFSHelper.release()
09-03 23:00:23.071 3633-3712/? I/Timeline: Timeline: Activity_windows_visible id: ActivityRecord{bb5941 u0 com.sec.android.gallery3d/.app.GalleryActivity t13362} time:153660170
09-03 23:00:23.071 3633-3706/? D/CustomFrequencyManagerService: acquireDVFSLockLocked : type : DVFS_MIN_LIMIT  frequency : 1800000  uid : 1000  pid : 3633  pkgName : ACTIVITY_RESUME_BOOSTER@9
09-03 23:00:23.071 3071-4573/? I/SurfaceFlinger: id=3320 Removed NainActivit (3/10)
09-03 23:00:23.071 3071-3299/? I/SurfaceFlinger: id=3320 Removed NainActivit (-2/10)
09-03 23:00:23.071 3633-3712/? D/KnoxTimeoutHandler: notifyActivityDrawn [MsgParam] userId: 0 fullscreen is true showWhenlocked is false
09-03 23:00:23.071 3633-3633/? D/KnoxTimeoutHandler: activityDrawn [MsgParam] userId: 0 fullscreen is true showWhenlocked is false
09-03 23:00:23.071 3633-3633/? I/KnoxTimeoutHandler: SD activityfalse
09-03 23:00:23.081 3071-3071/? D/libEGL: eglTerminate EGLDisplay = 0x7ffb5b6978
09-03 23:00:23.091 626-626/? I/GLIdleTimerCmd: MSG_RUN_LISTENER
09-03 23:00:23.091 626-24780/? V/MediaPlayer: decode(47, 1302088, 9022)
09-03 23:00:23.091 626-626/? I/Gallery_Performance: PostGalleryCmd create() START
09-03 23:00:23.091 3633-3648/? D/WifiDisplayAdapter: getWifiDisplayStatusLocked: result=WifiDisplayStatus{featureState=2, scanState=0, activeDisplayState=0, activeDisplay=null, displays=[], sessionInfo=WifiDisplaySessionInfo: Client/Owner: Client GroupId:  Passphrase:  SessionId: 0 IP Address: , connectedState=-1, networkQoS=0}
09-03 23:00:23.091 626-24781/? W/ResourcesManager: getTopLevelResources: /system/priv-app/SecSettings2/SecSettings2.apk / 1.0 running in com.sec.android.gallery3d rsrc of package com.android.settings
09-03 23:00:23.091 3093-6337/? I/OggExtractor: OggSource::OggSource() mExtractor ref count = 4
09-03 23:00:23.091 3093-6337/? I/OMXCodec: Attempting to allocate OMX node 'OMX.google.vorbis.decoder'
09-03 23:00:23.091 3093-6337/? I/OMXCodec: Successfully allocated OMX node 'OMX.google.vorbis.decoder'
09-03 23:00:23.091 3093-6337/? I/OMXCodec: >>>UHQA initOutputFormat 16
09-03 23:00:23.091 3093-6337/? I/OMXCodec: [OMX.google.vorbis.decoder] OMXCodec::start mState=1
09-03 23:00:23.091 3093-6337/? I/OMXCodec: [OMX.google.vorbis.decoder] allocating 4 buffers of size 8192 on input port
09-03 23:00:23.091 3093-6337/? I/OMXCodec: [OMX.google.vorbis.decoder] allocating 4 buffers of size 32768 on output port
09-03 23:00:23.091 3093-24783/? I/OMXCodec: [OMX.google.vorbis.decoder] Now Idle. Component sends idle done Event 
09-03 23:00:23.091 626-24781/? D/ResourcesManager: For user 0 new overlays fetched [/data/app/se.thegreen.GoldKeyPad.common-1/base.apk, /data/app/se.thegreen.GoldKeyPad.settings-1/base.apk, /data/app/se.thegreen.GoldKeyPad.touchwiz-1/base.apk]
09-03 23:00:23.101 3093-24783/? I/OMXCodec: [OMX.google.vorbis.decoder] 0onCmdComplete  mState =  7
09-03 23:00:23.101 3093-24783/? I/OMXCodec: [OMX.google.vorbis.decoder] PORT_DISABLED(1)
09-03 23:00:23.101 3093-24783/? I/OMXCodec: >>>UHQA initOutputFormat 16
09-03 23:00:23.101 3093-24783/? I/OMXCodec: [OMX.google.vorbis.decoder] allocating 4 buffers of size 32768 on output port
09-03 23:00:23.101 626-24781/? E/NFC: isAndroidBeamAllowed - Begin
09-03 23:00:23.101 626-24781/? I/NFC: showMsg is false
09-03 23:00:23.101 3633-4604/? D/SecContentProvider: query(), uri = 15 selection = isAndroidBeamAllowed
09-03 23:00:23.101 626-626/? V/AllShare(ASF-API): L-d140909 / ServiceConnector.createServiceProvider of com.samsung.android.allshare.media
09-03 23:00:23.101 626-626/? I/AllShare(ASF-API): L-d140909 / ServiceConnector.ALLSHARE_CONFIG : DMC_ONLY
09-03 23:00:23.101 3633-4941/? D/CustomFrequencyManagerService: acquireDVFSLockLocked : type : DVFS_MIN_LIMIT  frequency : 800000  uid : 1000  pid : 3633  pkgName : GALLERY_LIST_SCROLL@355
09-03 23:00:23.101 626-24785/? D/CpuBoostScrollCmd: Scroll Boost CPU Clock
09-03 23:00:23.101 3633-4468/? D/InputReader: Input event(3): value=1 when=153660206148000
09-03 23:00:23.101 3633-4468/? D/InputReader: Input event(3): value=1 when=153660206148000
09-03 23:00:23.101 3633-4468/? I/InputReader: Touch event's action is 0x0 (deviceType=0) [pCnt=1, s=0.11836 ] when=153660206148000
09-03 23:00:23.101 3633-4468/? D/InputReader: lastThreadEndTime = 153659747031186, currentThreadStartTime = 153659747035728, diff = 0
09-03 23:00:23.101 3633-4467/? I/InputDispatcher: Delivering touch to (19026): action: 0x4, toolType: 1
09-03 23:00:23.101 3633-4467/? I/InputDispatcher: Delivering touch to (626): action: 0x0, toolType: 1
09-03 23:00:23.101 19026-19026/? D/AutoHideHelper: ###check Single invalid
09-03 23:00:23.101 3093-24783/? I/OMXCodec: [OMX.google.vorbis.decoder] End Of Stream
09-03 23:00:23.111 3093-6337/? I/SoundExtractor: extract() reached EOS
09-03 23:00:23.111 3093-6337/? I/OMXCodec: [OMX.google.vorbis.decoder] stop mState=4
09-03 23:00:23.111 3093-6337/? I/OMXCodec: [OMX.google.vorbis.decoder] stop() sendCommand(2751, OMX_CommandStateSet, OMX_StateIdle)
09-03 23:00:23.111 3093-24783/? I/OMXCodec: [OMX.google.vorbis.decoder] Now Idle. Component sends idle done Event 
09-03 23:00:23.111 3093-6337/? I/OMXCodec: [OMX.google.vorbis.decoder] stopOmxComponent_l() mstate = 1
09-03 23:00:23.111 3093-6337/? I/OggExtractor: OggSource::stop() mExtractor ref count = 1
09-03 23:00:23.111 3093-6337/? I/OggExtractor: OggSource::~OggSource() mExtractor !mStarted ref count = 1
09-03 23:00:23.111 3093-6337/? I/OggExtractor: ~OggSource --
09-03 23:00:23.111 3093-6337/? I/OggExtractor: ~OggExtractor ++
09-03 23:00:23.111 3093-6337/? I/OggExtractor: ~MyOggExtractor ++ 
09-03 23:00:23.111 3093-6337/? I/OggExtractor: ~MyOggExtractor --
09-03 23:00:23.111 3093-6337/? I/OggExtractor: ~OggExtractor --
09-03 23:00:23.111 626-24780/? V/MediaPlayer: decode(50, 1311164, 7581)
09-03 23:00:23.111 3093-5633/? I/OggExtractor: OggSource::OggSource() mExtractor ref count = 4
09-03 23:00:23.111 3093-5633/? I/OMXCodec: Attempting to allocate OMX node 'OMX.google.vorbis.decoder'
09-03 23:00:23.111 16838-16838/? D/AllShare(ASF-DMC): ServiceManager.onCreate - [ TRACE ] onCreate
09-03 23:00:23.111 3093-5633/? I/OMXCodec: Successfully allocated OMX node 'OMX.google.vorbis.decoder'
09-03 23:00:23.111 3093-5633/? I/OMXCodec: >>>UHQA initOutputFormat 16
09-03 23:00:23.111 3093-5633/? I/OMXCodec: [OMX.google.vorbis.decoder] OMXCodec::start mState=1
09-03 23:00:23.111 3093-5633/? I/OMXCodec: [OMX.google.vorbis.decoder] allocating 4 buffers of size 8192 on input port
09-03 23:00:23.111 3093-5633/? I/OMXCodec: [OMX.google.vorbis.decoder] allocating 4 buffers of size 32768 on output port
09-03 23:00:23.111 3093-24788/? I/OMXCodec: [OMX.google.vorbis.decoder] Now Idle. Component sends idle done Event 
09-03 23:00:23.111 626-626/? V/AllShare(ASF-API): L-d140909 / AllShareConnector.gallery3d : bindAllShareService...
09-03 23:00:23.121 16838-16838/? D/AllShare(ASF-DMC): ServiceManager.onStartCommand - [ TRACE ] onStartCommand
09-03 23:00:23.121 16838-16838/? D/AllShare(ASF-DMC): ServiceManager.startServiceManager - Start AllShare Service...
09-03 23:00:23.121 16838-16838/? D/AllShare(ASF-DMC): ServiceManager.initServiceManager - Initialize AllShare ServiceManager...
09-03 23:00:23.121 626-24781/? E/NFC: isAndroidBeamAllowed - Begin
09-03 23:00:23.121 626-24781/? I/NFC: showMsg is false
09-03 23:00:23.121 3093-24788/? I/OMXCodec: [OMX.google.vorbis.decoder] 0onCmdComplete  mState =  7
09-03 23:00:23.121 3093-24788/? I/OMXCodec: [OMX.google.vorbis.decoder] PORT_DISABLED(1)
09-03 23:00:23.121 3093-24788/? I/OMXCodec: >>>UHQA initOutputFormat 16
09-03 23:00:23.121 3093-24788/? I/OMXCodec: [OMX.google.vorbis.decoder] allocating 4 buffers of size 32768 on output port
09-03 23:00:23.121 3633-5126/? D/SecContentProvider: query(), uri = 15 selection = isAndroidBeamAllowed
09-03 23:00:23.121 16838-16838/? D/AllShare(ASF-DMC): DownloadManager.init - app max memory: 256MB
09-03 23:00:23.121 16838-16838/? D/AllShare(ASF-DMC): DownloadManager.init - max thumbnail number: 2048
09-03 23:00:23.121 16838-16838/? V/AllShare(ASF_DMC): [JNI] JavaInitializeAllShareFrameworkCore: 43: Enter AllShareFrameworkCoreNativeAPI_initializeAllShareFrameworkCore.
09-03 23:00:23.121 16838-16838/? V/AllShare(ASF_DMC): [NETWORK_LAYER] InitializeNetworkLayer: 33: Enter
09-03 23:00:23.121 16838-16838/? V/AllShare(ASF_DMC): [NETWORK_LAYER] InitializeNetworkLayer: 56: Exit
09-03 23:00:23.121 3093-24788/? I/OMXCodec: [OMX.google.vorbis.decoder] End Of Stream
09-03 23:00:23.121 16838-16838/? V/AllShare(ASF_DMC): [NETWORK_LAYER] StartNetworkLayer: 84: Enter
09-03 23:00:23.121 3093-5633/? I/SoundExtractor: extract() reached EOS
09-03 23:00:23.121 3093-5633/? I/OMXCodec: [OMX.google.vorbis.decoder] stop mState=4
09-03 23:00:23.121 3093-5633/? I/OMXCodec: [OMX.google.vorbis.decoder] stop() sendCommand(2752, OMX_CommandStateSet, OMX_StateIdle)
09-03 23:00:23.121 3093-24788/? I/OMXCodec: [OMX.google.vorbis.decoder] Now Idle. Component sends idle done Event 
09-03 23:00:23.121 626-626/? I/Gallery_Performance: PostGalleryCmd create() END
09-03 23:00:23.121 626-626/? D/ViewRootImpl: ViewPostImeInputStage processPointer 0
09-03 23:00:23.121 3093-5633/? I/OMXCodec: [OMX.google.vorbis.decoder] stopOmxComponent_l() mstate = 1
09-03 23:00:23.121 3093-5633/? I/OggExtractor: OggSource::stop() mExtractor ref count = 1
09-03 23:00:23.121 3093-5633/? I/OggExtractor: OggSource::~OggSource() mExtractor !mStarted ref count = 1
09-03 23:00:23.121 3633-5842/? D/CustomFrequencyManagerService: releaseDVFSLockLocked : Getting Lock type frm List : DVFS_MIN_LIMIT  frequency : 800000  uid : 1000  pid : 3633  tag : GALLERY_LIST_SCROLL@355
09-03 23:00:23.121 3093-5633/? I/OggExtractor: ~OggSource --
09-03 23:00:23.121 3093-5633/? I/OggExtractor: ~OggExtractor ++
09-03 23:00:23.121 3093-5633/? I/OggExtractor: ~MyOggExtractor ++ 
09-03 23:00:23.121 3093-5633/? I/OggExtractor: ~MyOggExtractor --
09-03 23:00:23.121 3093-5633/? I/OggExtractor: ~OggExtractor --
09-03 23:00:23.131 626-626/? I/Gallery_Performance: PostGalleryCmd resume() START 
09-03 23:00:23.131 626-24785/? D/CpuBoostScrollCmd: Scroll Boost Release
09-03 23:00:23.131 626-24780/? V/MediaPlayer: decode(52, 1311164, 7581)
09-03 23:00:23.131 3633-5126/? D/CustomFrequencyManagerService: acquireDVFSLockLocked : type : DVFS_MIN_LIMIT  frequency : 800000  uid : 1000  pid : 3633  pkgName : GALLERY_LIST_SCROLL@355
09-03 23:00:23.131 16838-16838/? V/AllShare(ASF_DMC): [NETWORK_LAYER] StartNetworkLayer: 116: Exit
09-03 23:00:23.131 16838-16838/? V/AllShare(ASF_DMC): [CP_DISCOVERY] Rescan: 449: Sending Rescan.
09-03 23:00:23.131 16838-16838/? E/AllShare(ASF_DMC): [CP_DISCOVERY] Rescan: 498: SendMulticastPacket failed with error 1
09-03 23:00:23.131 16838-16838/? I/AllShare(ASF_DMC): [CP_DISCOVERY] Init: 210: Rescan failed.
09-03 23:00:23.131 16838-16838/? V/AllShare(ASF_DMC): [CP_DISCOVERY] Initialize: 90: CP Discovery Initialization SuccessFul
09-03 23:00:23.131 16838-16838/? V/AllShare(ASF_DMC): [CP_DISCOVERY] Rescan: 449: Sending Rescan.
09-03 23:00:23.131 16838-16838/? E/AllShare(ASF_DMC): [CP_DISCOVERY] Rescan: 498: SendMulticastPacket failed with error 1
09-03 23:00:23.131 16838-16838/? I/AllShare(ASF_DMC): [CP_DISCOVERY] AddDeviceChangeListener: 720: Rescan failed. 
09-03 23:00:23.131 16838-16838/? V/AllShare(ASF_DMC): [CP_DISCOVERY] RegisterCP: 132: Registering CP Success
09-03 23:00:23.131 16838-16838/? V/AllShare(ASF_DMC): [CP_DISCOVERY] DisableAutoRescan: 248: Auto rescan already stopped 
09-03 23:00:23.131 16838-16838/? I/AllShare(ASF_DMC): [JNI] JavaInitializeAllShareFrameworkCore: 47: AllShareInitialize error code: 0
09-03 23:00:23.131 3633-3706/? V/BroadcastQueue: [background] Process cur broadcast BroadcastRecord{18755b8 u0 com.samsung.android.providers.context.log.action.REPORT_APP_STATUS_SURVEY qIdx=4}, state= (APP_RECEIVE) DELIVERED for app ProcessRecord{5e94ccc 5869:com.samsung.android.providers.context/u0a380}
09-03 23:00:23.131 16838-16838/? I/AllShare(ASF-DMC): ServiceManager.initServiceManager - Initialized AllShare ServiceManager...taking msec of 13
09-03 23:00:23.131 626-24785/? D/CpuBoostScrollCmd: Scroll Boost CPU Clock
09-03 23:00:23.131 3093-4168/? I/OggExtractor: OggSource::OggSource() mExtractor ref count = 4
09-03 23:00:23.131 3633-5550/? D/CustomFrequencyManagerService: releaseDVFSLockLocked : Getting Lock type frm List : DVFS_MIN_LIMIT  frequency : 800000  uid : 1000  pid : 3633  tag : GALLERY_LIST_SCROLL@355
09-03 23:00:23.131 3093-4168/? I/OMXCodec: Attempting to allocate OMX node 'OMX.google.vorbis.decoder'
09-03 23:00:23.131 3093-4168/? I/OMXCodec: Successfully allocated OMX node 'OMX.google.vorbis.decoder'
09-03 23:00:23.131 3093-4168/? I/OMXCodec: >>>UHQA initOutputFormat 16
09-03 23:00:23.131 3093-4168/? I/OMXCodec: [OMX.google.vorbis.decoder] OMXCodec::start mState=1
09-03 23:00:23.131 3093-4168/? I/OMXCodec: [OMX.google.vorbis.decoder] allocating 4 buffers of size 8192 on input port
09-03 23:00:23.131 3093-4168/? I/OMXCodec: [OMX.google.vorbis.decoder] allocating 4 buffers of size 32768 on output port
09-03 23:00:23.131 16838-16838/? I/AllShare(ASF-DMC): ServiceManager.startServiceManager - screen is on, turn on MCAST
09-03 23:00:23.131 16838-16838/? I/AllShare(ASF_DMC): [JNI] JavaSetScreenStatus: 103: Enter AllShareFrameworkCoreNativeAPI_setScreenStatus, j_on_off=1
09-03 23:00:23.131 16838-16838/? V/AllShare(ASF_DMC): [NETWORK_LAYER] ConfigureMulticastSupport: 620: Enabling udp servers!!!
09-03 23:00:23.131 3633-5549/? D/CustomFrequencyManagerService: acquireDVFSLockLocked : type : DVFS_MIN_LIMIT  frequency : 800000  uid : 1000  pid : 3633  pkgName : GALLERY_LIST_SCROLL@355
09-03 23:00:23.131 16838-16838/? V/AllShare(ASF_DMC): [CP_DISCOVERY] DisableAutoRescan: 244: Auto rescan stopped 
09-03 23:00:23.131 626-24785/? D/CpuBoostScrollCmd: Scroll Boost CPU Clock
09-03 23:00:23.131 3093-24814/? I/OMXCodec: [OMX.google.vorbis.decoder] Now Idle. Component sends idle done Event 
09-03 23:00:23.131 3633-4944/? D/NetworkPolicy: isUidForegroundLocked: 10003, mScreenOn: true, uidstate: 2, mProxSensorScreenOff: false
09-03 23:00:23.131 3633-4944/? V/NetworkPolicy: getFirewallRuleWifi UID:10003 policy:0
09-03 23:00:23.141 3093-24814/? I/OMXCodec: [OMX.google.vorbis.decoder] 0onCmdComplete  mState =  7
09-03 23:00:23.141 3093-24814/? I/OMXCodec: [OMX.google.vorbis.decoder] PORT_DISABLED(1)
09-03 23:00:23.141 3093-24814/? I/OMXCodec: >>>UHQA initOutputFormat 16
09-03 23:00:23.141 3093-24814/? I/OMXCodec: [OMX.google.vorbis.decoder] allocating 4 buffers of size 32768 on output port
09-03 23:00:23.141 16838-16838/? D/AllShare(ASF-DMC): ServiceManager.checkDeviceName - set default MOBILE Device
09-03 23:00:23.141 626-626/? I/Gallery_Performance: PostGalleryCmd resume() END
09-03 23:00:23.141 3633-4604/? D/CustomFrequencyManagerService: releaseDVFSLockLocked : Getting Lock type frm List : DVFS_MIN_LIMIT  frequency : 800000  uid : 1000  pid : 3633  tag : GALLERY_LIST_SCROLL@355
09-03 23:00:23.141 16116-16134/? I/SystemBroadcastReceiver: [#CMH#] Received broadcast 
09-03 23:00:23.141 16116-16134/? I/PolicyManager: [#CMH#] onReceive action = AUTO_EVENT_STATE_CHANGED
09-03 23:00:23.141 16116-16134/? I/SystemBroadcastReceiver: [#CMH#] onReceive completed 
09-03 23:00:23.141 626-24775/? D/GlComposeView: TransAnimation for the root object is stopped by layoutChange
09-03 23:00:23.141 626-24785/? D/CpuBoostScrollCmd: Scroll Boost Release
09-03 23:00:23.141 626-626/? I/InjectionManager: dispatchCreateOptionsMenu :com.sec.android.gallery3d.app.GalleryActivity
09-03 23:00:23.141 626-626/? I/InjectionManager: dispatchPrepareOptionsMenu :com.sec.android.gallery3d.app.GalleryActivity
09-03 23:00:23.141 16838-16838/? I/AllShare(ASF-DMC): ServiceManager.startServiceManager - startMRCP wifiMac : FC:DB:B3:E7:4A:45
09-03 23:00:23.141 16838-16838/? V/AllShare(ASF_DMC): [MRCP] StartMrcp: 601: initializing Mac Address for Screen Sharing
09-03 23:00:23.141 16838-16838/? V/AllShare(ASF_DMC): [CP_DISCOVERY] Rescan: 449: Sending Rescan.
09-03 23:00:23.141 16838-16838/? E/AllShare(ASF_DMC): [CP_DISCOVERY] Rescan: 498: SendMulticastPacket failed with error 1
09-03 23:00:23.141 16838-16838/? I/AllShare(ASF_DMC): [CP_DISCOVERY] AddDeviceChangeListener: 720: Rescan failed. 
09-03 23:00:23.141 16838-16838/? V/AllShare(ASF_DMC): [CP_DISCOVERY] RegisterCP: 132: Registering CP Success
09-03 23:00:23.141 16838-16838/? V/AllShare(ASF_DMC): [MRCP] Start: 70: MRCP Started
09-03 23:00:23.141 16838-16838/? I/AllShare(ASF-DMC): ServiceManager.startServiceManager - start MRCP successfully
09-03 23:00:23.141 3093-24814/? I/OMXCodec: [OMX.google.vorbis.decoder] End Of Stream
09-03 23:00:23.141 16838-16838/? V/AllShare(ASF_DMC): [CP_DISCOVERY] Rescan: 449: Sending Rescan.
09-03 23:00:23.141 16838-16838/? E/AllShare(ASF_DMC): [CP_DISCOVERY] Rescan: 498: SendMulticastPacket failed with error 1
09-03 23:00:23.141 16838-16838/? I/AllShare(ASF_DMC): [CP_DISCOVERY] AddDeviceChangeListener: 720: Rescan failed. 
09-03 23:00:23.141 16838-16838/? V/AllShare(ASF_DMC): [CP_DISCOVERY] RegisterCP: 132: Registering CP Success
09-03 23:00:23.141 16838-16838/? V/AllShare(ASF_DMC): [MSCP] Start: 79: MediaServer CP Started
09-03 23:00:23.141 16838-16838/? I/AllShare(ASF-DMC): ServiceManager.startServiceManager - start MSCP successfully
09-03 23:00:23.141 16838-16838/? V/AllShare(ASF_DMC): [CP_DISCOVERY] Rescan: 449: Sending Rescan.
09-03 23:00:23.141 16838-16838/? E/AllShare(ASF_DMC): [CP_DISCOVERY] Rescan: 498: SendMulticastPacket failed with error 1
09-03 23:00:23.141 16838-16838/? I/AllShare(ASF_DMC): [CP_DISCOVERY] AddDeviceChangeListener: 720: Rescan failed. 
09-03 23:00:23.141 16838-16838/? V/AllShare(ASF_DMC): [CP_DISCOVERY] RegisterCP: 132: Registering CP Success
09-03 23:00:23.141 16838-16838/? V/AllShare(ASF_DMC): [KIES_CP] Start: 75: Kiescp started
09-03 23:00:23.141 16838-16838/? I/AllShare(ASF-DMC): ServiceManager.startServiceManager - start kies cp successfully!
09-03 23:00:23.141 16838-16838/? I/AllShare(ASF-DMC): ServiceManager.startServiceManager - Started AllShare Service...taking msec of 16
09-03 23:00:23.141 3093-4168/? I/SoundExtractor: extract() reached EOS
09-03 23:00:23.141 3093-4168/? I/OMXCodec: [OMX.google.vorbis.decoder] stop mState=4
09-03 23:00:23.141 3093-4168/? I/OMXCodec: [OMX.google.vorbis.decoder] stop() sendCommand(2753, OMX_CommandStateSet, OMX_StateIdle)
09-03 23:00:23.141 16838-16838/? D/AllShare(ASF-DMC): ServiceManager.onBind - [ TRACE ] onBind
09-03 23:00:23.141 3093-24814/? I/OMXCodec: [OMX.google.vorbis.decoder] Now Idle. Component sends idle done Event 
09-03 23:00:23.141 16838-16838/? I/AllShare(ASF-DMC): ServiceManager.startServiceManager - AllShare Service is ALREADY running...
09-03 23:00:23.141 16838-16838/? D/AllShare(ASF-DMC): ServiceManager.bindServiceManager - SubscriberID : com.sec.android.gallery3d
09-03 23:00:23.151 3093-4168/? I/OMXCodec: [OMX.google.vorbis.decoder] stopOmxComponent_l() mstate = 1
09-03 23:00:23.151 3093-4168/? I/OggExtractor: OggSource::stop() mExtractor ref count = 1
09-03 23:00:23.151 3093-4168/? I/OggExtractor: OggSource::~OggSource() mExtractor !mStarted ref count = 1
09-03 23:00:23.151 3093-4168/? I/OggExtractor: ~OggSource --
09-03 23:00:23.151 3093-4168/? I/OggExtractor: ~OggExtractor ++
09-03 23:00:23.151 3093-4168/? I/OggExtractor: ~MyOggExtractor ++ 
09-03 23:00:23.151 3093-4168/? I/OggExtractor: ~MyOggExtractor --
09-03 23:00:23.151 3093-4168/? I/OggExtractor: ~OggExtractor --
09-03 23:00:23.151 3071-3071/? D/libEGL: eglInitialize EGLDisplay = 0x7ffb5b6848
09-03 23:00:23.151 626-24780/? V/MediaPlayer: decode(53, 1311164, 7581)
09-03 23:00:23.151 3093-4167/? I/OggExtractor: OggSource::OggSource() mExtractor ref count = 4
09-03 23:00:23.151 3093-4167/? I/OMXCodec: Attempting to allocate OMX node 'OMX.google.vorbis.decoder'
09-03 23:00:23.151 3093-4167/? I/OMXCodec: Successfully allocated OMX node 'OMX.google.vorbis.decoder'
09-03 23:00:23.151 3093-4167/? I/OMXCodec: >>>UHQA initOutputFormat 16
09-03 23:00:23.151 3093-4167/? I/OMXCodec: [OMX.google.vorbis.decoder] OMXCodec::start mState=1
09-03 23:00:23.151 3093-4167/? I/OMXCodec: [OMX.google.vorbis.decoder] allocating 4 buffers of size 8192 on input port
09-03 23:00:23.151 3093-4167/? I/OMXCodec: [OMX.google.vorbis.decoder] allocating 4 buffers of size 32768 on output port
09-03 23:00:23.151 3093-24816/? I/OMXCodec: [OMX.google.vorbis.decoder] Now Idle. Component sends idle done Event 
09-03 23:00:23.161 626-24775/? D/GlLayer: setHoverScrollFlexibleHeightMargin264
09-03 23:00:23.161 626-24775/? D/GlHoverController: onMessage msg = 3
09-03 23:00:23.161 626-24775/? D/GlHoverController: removeHoverView removed message = 0
09-03 23:00:23.161 3093-24816/? I/OMXCodec: [OMX.google.vorbis.decoder] 0onCmdComplete  mState =  7
09-03 23:00:23.161 3093-24816/? I/OMXCodec: [OMX.google.vorbis.decoder] PORT_DISABLED(1)
09-03 23:00:23.161 626-626/? D/AllShare(ASF-API): L-d140909 / AllShareConnector.gallery3d : onReceive AllShare Service Start message...^^
09-03 23:00:23.161 626-626/? I/AllShare(ASF-API): L-d140909 / AllShareConnector.gallery3d is Already trying to connecting...wait..
09-03 23:00:23.161 3093-24816/? I/OMXCodec: >>>UHQA initOutputFormat 16
09-03 23:00:23.161 3093-24816/? I/OMXCodec: [OMX.google.vorbis.decoder] allocating 4 buffers of size 32768 on output port
09-03 23:00:23.161 16838-16838/? V/AllShare(ASF-DMC): SystemEventMonitor.checkWifiState - WIFI STATE: CONNECTED
09-03 23:00:23.161 16838-24817/? D/AllShare(ASF-DMC): NetworkStatusListener.notifyNICAdded - NIC: wlan0
09-03 23:00:23.161 16838-16838/? V/AllShare(ASF-DMC): SystemEventMonitor.checkP2PState - WIFI P2P STATE: DISCONNECTED
09-03 23:00:23.161 3093-24816/? I/OMXCodec: [OMX.google.vorbis.decoder] End Of Stream
09-03 23:00:23.161 3093-4167/? I/SoundExtractor: extract() reached EOS
09-03 23:00:23.161 3093-4167/? I/OMXCodec: [OMX.google.vorbis.decoder] stop mState=4
09-03 23:00:23.161 3093-4167/? I/OMXCodec: [OMX.google.vorbis.decoder] stop() sendCommand(2754, OMX_CommandStateSet, OMX_StateIdle)
09-03 23:00:23.161 3093-24816/? I/OMXCodec: [OMX.google.vorbis.decoder] Now Idle. Component sends idle done Event 
09-03 23:00:23.161 3093-4167/? I/OMXCodec: [OMX.google.vorbis.decoder] stopOmxComponent_l() mstate = 1
09-03 23:00:23.161 3093-4167/? I/OggExtractor: OggSource::stop() mExtractor ref count = 1
09-03 23:00:23.161 3093-4167/? I/OggExtractor: OggSource::~OggSource() mExtractor !mStarted ref count = 1
09-03 23:00:23.161 3093-4167/? I/OggExtractor: ~OggSource --
09-03 23:00:23.161 3093-4167/? I/OggExtractor: ~OggExtractor ++
09-03 23:00:23.161 3093-4167/? I/OggExtractor: ~MyOggExtractor ++ 
09-03 23:00:23.161 3093-4167/? I/OggExtractor: ~MyOggExtractor --
09-03 23:00:23.161 3093-4167/? I/OggExtractor: ~OggExtractor --
09-03 23:00:23.161 16838-24817/? D/AllShare(ASF-DMC): NetworkStatusListener.getNetworkInfo - finding NetworkInterface wlan0... rmnet_data6
09-03 23:00:23.161 16838-24817/? D/AllShare(ASF-DMC): NetworkStatusListener.getNetworkInfo - finding NetworkInterface wlan0... rmnet_data5
09-03 23:00:23.161 16838-24817/? D/AllShare(ASF-DMC): NetworkStatusListener.getNetworkInfo - finding NetworkInterface wlan0... rmnet_data7
09-03 23:00:23.161 16838-24817/? D/AllShare(ASF-DMC): NetworkStatusListener.getNetworkInfo - finding NetworkInterface wlan0... rmnet_data0
09-03 23:00:23.161 16838-24817/? D/AllShare(ASF-DMC): NetworkStatusListener.getNetworkInfo - finding NetworkInterface wlan0... rmnet_data1
09-03 23:00:23.161 16838-24817/? D/AllShare(ASF-DMC): NetworkStatusListener.getNetworkInfo - finding NetworkInterface wlan0... rmnet_data3
09-03 23:00:23.161 16838-24817/? D/AllShare(ASF-DMC): NetworkStatusListener.getNetworkInfo - finding NetworkInterface wlan0... rmnet_data2
09-03 23:00:23.161 16838-24817/? D/AllShare(ASF-DMC): NetworkStatusListener.getNetworkInfo - finding NetworkInterface wlan0... rmnet_data4
09-03 23:00:23.161 16838-24817/? D/AllShare(ASF-DMC): NetworkStatusListener.getNetworkInfo - finding NetworkInterface wlan0... ip6tnl0
09-03 23:00:23.161 16838-24817/? I/AllShare(ASF-DMC): NetworkStatusListener.getNetworkInfo - NetworkInterface found wlan0 == wlan0
09-03 23:00:23.161 16838-24817/? I/AllShare(ASF-DMC): NetworkStatusListener.getNetworkInfo - InetAddress found 2601:644:401:84e2:fedb:b3ff:fee7:4a45%5 in wlan0
09-03 23:00:23.161 16838-24817/? D/AllShare(ASF-DMC): NetworkStatusListener.getNetworkInfo - skip...this is IPv6: 2601:644:401:84e2:fedb:b3ff:fee7:4a45%5 of false||true ||true
09-03 23:00:23.161 16838-24817/? I/AllShare(ASF-DMC): NetworkStatusListener.getNetworkInfo - InetAddress found fe80::fedb:b3ff:fee7:4a45%wlan0 in wlan0
09-03 23:00:23.161 16838-24817/? D/AllShare(ASF-DMC): NetworkStatusListener.getNetworkInfo - skip...this is IPv6: fe80::fedb:b3ff:fee7:4a45%wlan0 of false||true ||true
09-03 23:00:23.161 16838-24817/? I/AllShare(ASF-DMC): NetworkStatusListener.getNetworkInfo - InetAddress found 2601:644:401:84e2:1437:b80f:db2e:8189%5 in wlan0
09-03 23:00:23.161 16838-24817/? D/AllShare(ASF-DMC): NetworkStatusListener.getNetworkInfo - skip...this is IPv6: 2601:644:401:84e2:1437:b80f:db2e:8189%5 of false||true ||true
09-03 23:00:23.161 16838-24817/? I/AllShare(ASF-DMC): NetworkStatusListener.getNetworkInfo - InetAddress found 10.0.0.4 in wlan0
09-03 23:00:23.161 16838-24817/? I/AllShare(ASF-DMC): NetworkStatusListener.getNetworkInfo - this is IPv4 we want: 10.0.0.4 in wlan0
09-03 23:00:23.161 16838-24817/? D/AllShare(ASF-DMC): NetworkStatusListener.notifyNICAdded - ip: 10.0.0.4, subnet mask: 255.255.255.0
09-03 23:00:23.161 16838-24817/? I/AllShare(ASF_DMC): [JNI] JavaNotifyNICAdded: 122: Enter JavaNotifyNICAdded
09-03 23:00:23.161 16838-24817/? V/AllShare(ASF_DMC): [NETWORK_LAYER] OnNetworkChanged: 205: ServerManager::OnNetworkChanged:NIC_ADDED
09-03 23:00:23.161 626-24780/? V/MediaPlayer: decode(55, 1318796, 5467)
09-03 23:00:23.161 16838-24817/? D/AllShare(ASF_DMC): [NETWORK_LAYER] Start: 141: TCPServer Started: 10.0.0.4:8187
09-03 23:00:23.161 16838-24817/? D/AllShare(ASF_DMC): [NETWORK_LAYER] Start: 85: listen_address [10.0.0.4]
09-03 23:00:23.181 16838-24817/? D/AllShare(ASF_DMC): [NETWORK_LAYER] Start: 112: New MulticastServer::Start() : 239.255.255.250:1900 Started
09-03 23:00:23.181 16838-24817/? D/AllShare(ASF_DMC): [NETWORK_LAYER] Start: 102: UDPServer Started:10.0.0.4:3942
09-03 23:00:23.181 16838-24817/? V/AllShare(ASF_DMC): [NETWORK_LAYER] NotifyNICIfEvent: 1124: 2 event listeners are notified!!!
09-03 23:00:23.181 16838-24791/? D/AllShare(ASF_DMC): [NETWORK_LAYER] NotifyNICEventByID: 1204: Notifying NIC Change 0 for wlan0 listener_id 0
09-03 23:00:23.181 16838-24817/? D/AllShare(ASF-DMC): DeviceSubscriber.eventNotifyReceived - receive system event: com.sec.android.allshare.event.EVENT_WIFI_ENABLED
09-03 23:00:23.181 16838-24791/? D/AllShare(ASF_DMC): [CP_DISCOVERY] OnNetworkChanged: 53: Received NIC change event [0] for [wlan0]
09-03 23:00:23.181 16838-24791/? V/AllShare(ASF_DMC): [CP_DISCOVERY] Rescan: 449: Sending Rescan.
09-03 23:00:23.181 16838-24817/? D/AllShare(ASF-DMC): NetworkStatusListener.notifyNICRemoved - NIC: p2p-wlan0-0
09-03 23:00:23.181 16838-24817/? I/AllShare(ASF_DMC): [JNI] JavaNotifyNICRemoved: 137: Enter JavaNotifyNICRemoved
09-03 23:00:23.181 16838-24790/? D/AllShare(ASF_DMC): [NETWORK_LAYER] NotifyNICEventByID: 1204: Notifying NIC Change 0 for wlan0 listener_id 1
09-03 23:00:23.181 16838-24817/? I/AllShare(ASF_DMC): [NETWORK_LAYER] NotifyNICRemoved: 1078: Interface [p2p-wlan0-0] is already removed!!
09-03 23:00:23.181 16838-24790/? D/AllShare(ASF_DMC): [STREAMING] OnNetworkChanged: 155: NW event arrived for interface name wlan0
09-03 23:00:23.181 16838-24817/? D/AllShare(ASF-DMC): DeviceSubscriber.eventNotifyReceived - receive system event: com.sec.android.allshare.event.EVENT_WIFI_P2P_DISABLED
09-03 23:00:23.181 3093-5635/? I/OggExtractor: OggSource::OggSource() mExtractor ref count = 4
09-03 23:00:23.181 3633-4468/? D/InputReader: Input event(3): value=0 when=153660275543000
09-03 23:00:23.181 3633-4468/? D/InputReader: Input event(3): value=0 when=153660275543000
09-03 23:00:23.181 3633-4468/? I/InputReader: Touch event's action is 0x1 (deviceType=0) [pCnt=1, s=] when=153660275543000
09-03 23:00:23.181 3633-4467/? I/InputDispatcher: Delivering touch to (626): action: 0x1, toolType: 1
09-03 23:00:23.181 3093-5635/? I/OMXCodec: Attempting to allocate OMX node 'OMX.google.vorbis.decoder'
09-03 23:00:23.181 3093-5635/? I/OMXCodec: Successfully allocated OMX node 'OMX.google.vorbis.decoder'
09-03 23:00:23.181 3093-5635/? I/OMXCodec: >>>UHQA initOutputFormat 16
09-03 23:00:23.181 3093-5635/? I/OMXCodec: [OMX.google.vorbis.decoder] OMXCodec::start mState=1
09-03 23:00:23.181 3093-5635/? I/OMXCodec: [OMX.google.vorbis.decoder] allocating 4 buffers of size 8192 on input port
09-03 23:00:23.181 3093-5635/? I/OMXCodec: [OMX.google.vorbis.decoder] allocating 4 buffers of size 32768 on output port
09-03 23:00:23.181 3093-24819/? I/OMXCodec: [OMX.google.vorbis.decoder] Now Idle. Component sends idle done Event 
09-03 23:00:23.181 3093-24819/? I/OMXCodec: [OMX.google.vorbis.decoder] 0onCmdComplete  mState =  7
09-03 23:00:23.181 3093-24819/? I/OMXCodec: [OMX.google.vorbis.decoder] PORT_DISABLED(1)
09-03 23:00:23.181 3093-24819/? I/OMXCodec: >>>UHQA initOutputFormat 16
09-03 23:00:23.181 3093-24819/? I/OMXCodec: [OMX.google.vorbis.decoder] allocating 4 buffers of size 32768 on output port
09-03 23:00:23.181 3093-24819/? I/OMXCodec: [OMX.google.vorbis.decoder] End Of Stream
09-03 23:00:23.181 3093-5635/? I/SoundExtractor: extract() reached EOS
09-03 23:00:23.181 3093-5635/? I/OMXCodec: [OMX.google.vorbis.decoder] stop mState=4
09-03 23:00:23.181 3093-5635/? I/OMXCodec: [OMX.google.vorbis.decoder] stop() sendCommand(2755, OMX_CommandStateSet, OMX_StateIdle)
09-03 23:00:23.181 3093-24819/? I/OMXCodec: [OMX.google.vorbis.decoder] Now Idle. Component sends idle done Event 
09-03 23:00:23.181 3093-5635/? I/OMXCodec: [OMX.google.vorbis.decoder] stopOmxComponent_l() mstate = 1
09-03 23:00:23.181 3093-5635/? I/OggExtractor: OggSource::stop() mExtractor ref count = 1
09-03 23:00:23.181 3093-5635/? I/OggExtractor: OggSource::~OggSource() mExtractor !mStarted ref count = 1
09-03 23:00:23.181 3093-5635/? I/OggExtractor: ~OggSource --
09-03 23:00:23.181 3093-5635/? I/OggExtractor: ~OggExtractor ++
09-03 23:00:23.181 3093-5635/? I/OggExtractor: ~MyOggExtractor ++ 
09-03 23:00:23.181 3093-5635/? I/OggExtractor: ~MyOggExtractor --
09-03 23:00:23.181 3093-5635/? I/OggExtractor: ~OggExtractor --
09-03 23:00:23.181 626-24780/? V/MediaPlayer: decode(69, 0, 4705)
09-03 23:00:23.181 3093-3093/? I/OggExtractor: OggSource::OggSource() mExtractor ref count = 4
09-03 23:00:23.181 3093-3093/? I/OMXCodec: Attempting to allocate OMX node 'OMX.google.vorbis.decoder'
09-03 23:00:23.181 3093-3093/? I/OMXCodec: Successfully allocated OMX node 'OMX.google.vorbis.decoder'
09-03 23:00:23.181 3093-3093/? I/OMXCodec: >>>UHQA initOutputFormat 16
09-03 23:00:23.181 3093-3093/? I/OMXCodec: [OMX.google.vorbis.decoder] OMXCodec::start mState=1
09-03 23:00:23.181 3093-3093/? I/OMXCodec: [OMX.google.vorbis.decoder] allocating 4 buffers of size 8192 on input port
