09-03 23:00:27.801 626-626/? W/ResourcesManager: getTopLevelResources: /system/priv-app/SecGallery2015/SecGallery2015.apk / 1.0 running in com.sec.android.gallery3d rsrc of package com.sec.android.gallery3d
09-03 23:00:27.801 3633-5617/? D/InputDispatcher: Focused application set to: xxxx
09-03 23:00:27.801 3633-5617/? D/InputDispatcher: Focus left window: 23255
09-03 23:00:27.801 626-24839/? V/MediaPlayer: decode(27, 8743096, 5795)
09-03 23:00:27.801 3633-4944/? D/NetworkPolicy: isUidForegroundLocked: 10044, mScreenOn: true, uidstate: 2, mProxSensorScreenOff: false
09-03 23:00:27.801 626-626/? I/VerificationLog: onCreate
09-03 23:00:27.801 3633-4944/? V/NetworkPolicy: getFirewallRuleWifi UID:10044 policy:0
09-03 23:00:27.801 626-626/? I/Gallery_Performance: Gallery onCreate Start
09-03 23:00:27.801 3093-3093/? D/OggExtractor:  correct time not found. Let's use approximate value
09-03 23:00:27.801 3093-3093/? I/OggExtractor: OggSource::OggSource() mExtractor ref count = 4
09-03 23:00:27.801 3633-3712/? D/PointerIcon: setMouseIconStyle1 pointerType: 1001 iconType:101 flag:0 pid:3633 uid:1000
09-03 23:00:27.801 3633-3712/? D/PointerIcon: setMouseCustomIcon IconType is same.101
09-03 23:00:27.801 3633-4944/? V/NetworkPolicy: getFirewallRuleWifi UID:10044 policy:0
09-03 23:00:27.811 626-626/? D/GalleryActivityLifecycleCallback: created : count 1
09-03 23:00:27.811 3093-3093/? I/OMXCodec: Attempting to allocate OMX node 'OMX.google.vorbis.decoder'
09-03 23:00:27.811 3093-3093/? I/OMXCodec: Successfully allocated OMX node 'OMX.google.vorbis.decoder'
09-03 23:00:27.811 3093-3093/? I/OMXCodec: >>>UHQA initOutputFormat 16
09-03 23:00:27.811 3093-3093/? I/OMXCodec: [OMX.google.vorbis.decoder] OMXCodec::start mState=1
09-03 23:00:27.811 3093-3093/? I/OMXCodec: [OMX.google.vorbis.decoder] allocating 4 buffers of size 8192 on input port
09-03 23:00:27.811 3093-3093/? I/OMXCodec: [OMX.google.vorbis.decoder] allocating 4 buffers of size 32768 on output port
09-03 23:00:27.811 3093-24841/? I/OMXCodec: [OMX.google.vorbis.decoder] Now Idle. Component sends idle done Event 
09-03 23:00:27.811 3093-24841/? I/OMXCodec: [OMX.google.vorbis.decoder] 0onCmdComplete  mState =  7
09-03 23:00:27.811 3093-24841/? I/OMXCodec: [OMX.google.vorbis.decoder] PORT_DISABLED(1)
09-03 23:00:27.811 3093-24841/? I/OMXCodec: >>>UHQA initOutputFormat 16
09-03 23:00:27.811 3093-24841/? I/OMXCodec: [OMX.google.vorbis.decoder] allocating 4 buffers of size 32768 on output port
09-03 23:00:27.811 3093-24841/? I/OMXCodec: [OMX.google.vorbis.decoder] End Of Stream
09-03 23:00:27.811 3093-3093/? I/SoundExtractor: extract() reached EOS
09-03 23:00:27.811 3093-3093/? I/OMXCodec: [OMX.google.vorbis.decoder] stop mState=4
09-03 23:00:27.811 3093-3093/? I/OMXCodec: [OMX.google.vorbis.decoder] stop() sendCommand(2757, OMX_CommandStateSet, OMX_StateIdle)
09-03 23:00:27.811 3093-24841/? I/OMXCodec: [OMX.google.vorbis.decoder] Now Idle. Component sends idle done Event 
09-03 23:00:27.811 3093-3093/? I/OMXCodec: [OMX.google.vorbis.decoder] stopOmxComponent_l() mstate = 1
09-03 23:00:27.811 3093-3093/? I/OggExtractor: OggSource::stop() mExtractor ref count = 1
09-03 23:00:27.811 3093-3093/? I/OggExtractor: OggSource::~OggSource() mExtractor !mStarted ref count = 1
09-03 23:00:27.811 3093-3093/? I/OggExtractor: ~OggSource --
09-03 23:00:27.811 3093-3093/? I/OggExtractor: ~OggExtractor ++
09-03 23:00:27.811 3093-3093/? I/OggExtractor: ~MyOggExtractor ++ 
09-03 23:00:27.811 3093-3093/? I/OggExtractor: ~MyOggExtractor --
09-03 23:00:27.811 3093-3093/? I/OggExtractor: ~OggExtractor --
09-03 23:00:27.821 3093-3727/? D/AudioFlinger: mixer(0xede40000) throttle end: throttle time(4)
09-03 23:00:27.831 3633-3706/? V/BroadcastQueue: [background] Process cur broadcast BroadcastRecord{ddd358a u0 com.samsung.android.providers.context.log.action.USE_APP_FEATURE_SURVEY qIdx=4}, state= (APP_RECEIVE) DELIVERED for app ProcessRecord{5e94ccc 5869:com.samsung.android.providers.context/u0a380}
09-03 23:00:27.841 626-626/? V/StateManager: startState class com.sec.samsung.gallery.view.albumview.AlbumViewState
09-03 23:00:27.841 626-626/? I/Gallery_Performance: AlbumViewState onCreate Start
09-03 23:00:27.841 626-626/? D/AlbumViewState: onCreate  = null
09-03 23:00:27.841 626-626/? I/Gallery_Performance: AlbumViewState onCreate End
09-03 23:00:27.851 626-626/? V/GalleryActivity: convertFromTranslucent() : config={1 1.0 themeSeq = 0 showBtnBg = 0 310mcc260mnc en_US ldltr sw360dp w360dp h616dp 640dpi nrml long port finger -keyb/v/h -nav/h mkbd/h s.20}
09-03 23:00:27.851 626-626/? I/Gallery_Performance: Gallery onCreate End 
09-03 23:00:27.851 626-626/? D/Activity: performCreate Call Injection manager
09-03 23:00:27.851 23255-23255/? V/ActivityThread: updateVisibility : ActivityRecord{add85af token=android.os.BinderProxy@f7319da {com.sh1r0.caffe_android_demo/com.sh1r0.caffe_android_demo.MainActivity}} show : false
09-03 23:00:27.851 626-626/? I/InjectionManager: dispatchOnViewCreated > Target : com.sec.android.gallery3d.app.GalleryActivity isFragment :false
09-03 23:00:27.851 626-626/? I/VerificationLog: onResume
09-03 23:00:27.851 626-626/? I/Gallery_Performance: Gallery onResume Start
09-03 23:00:27.851 626-626/? I/GLIdleTimerCmd: ADD_GL_IDLE_LISTENER
09-03 23:00:27.861 3071-3299/? D/libEGL: eglTerminate EGLDisplay = 0x7f825fee78
09-03 23:00:27.861 3071-3299/? D/libEGL: eglTerminate EGLDisplay = 0x7f825fee78
09-03 23:00:27.861 3633-3706/? V/BroadcastQueue: [background] Process cur broadcast BroadcastRecord{29c595c u0 com.samsung.android.providers.context.log.action.REPORT_APP_STATUS_SURVEY qIdx=4}, state= (APP_RECEIVE) DELIVERED for app ProcessRecord{5e94ccc 5869:com.samsung.android.providers.context/u0a380}
09-03 23:00:27.861 626-626/? I/Gallery_Performance: AlbumViewState onResume Start
09-03 23:00:27.861 626-626/? D/AlbumViewState: onResume
09-03 23:00:27.861 626-626/? I/GLIdleTimerCmd: ADD_GL_IDLE_LISTENER
09-03 23:00:27.861 626-626/? D/GlComposeBaseView: GlComposeBaseView = com.sec.samsung.gallery.glview.composeView.GlComposeAlbumView@bfc5ee
09-03 23:00:27.861 626-626/? D/GlComposeView: getLogExtra() : no match viewBytFilterType!!!
09-03 23:00:27.861 626-626/? D/GlComposeView: getLogExtra() : no match viewBytFilterType!!!
09-03 23:00:27.861 626-626/? I/GlRootView: attachLayer = null, new = com.sec.samsung.gallery.glview.composeView.GlComposeAlbumView@bfc5ee, type = 1
09-03 23:00:27.861 626-626/? I/GlRootView: exit attachLayer
09-03 23:00:27.861 626-24843/? D/ComposeViewDataLoader: checkIncreaseAlbumSet start
09-03 23:00:27.861 626-24843/? D/ComposeViewDataLoader: loadSet done old = 0, new = 13
09-03 23:00:27.861 626-24843/? D/ComposeViewDataLoader: loadCoveritems count =3, updS = 0, updE = 2
09-03 23:00:27.871 626-626/? I/Gallery_Performance: AlbumViewState onResume End
09-03 23:00:27.871 626-626/? D/GlRootView: onResume mGlActive = false
09-03 23:00:27.871 626-626/? D/GlRootView: onResume mGlActive = false
09-03 23:00:27.871 626-24843/? I/GlRootView: attachLayer = null, new = com.sec.samsung.gallery.glview.composeView.GlComposeAlbumView@bfc5ee, type = 1
09-03 23:00:27.871 626-626/? I/Gallery_Performance: Gallery onResume End 
09-03 23:00:27.871 626-626/? I/VerificationLog: Executed
09-03 23:00:27.871 626-24843/? I/GlRootView: exit attachLayer
09-03 23:00:27.871 626-24843/? D/ComposeViewDataLoader: loadCoveritems count =3, updS = 3, updE = 5
09-03 23:00:27.871 626-24843/? D/ComposeViewDataLoader: loadCoveritems count =3, updS = 6, updE = 8
09-03 23:00:27.871 626-24843/? D/ComposeViewDataLoader: loadCoveritems count =3, updS = 9, updE = 11
09-03 23:00:27.871 626-24843/? D/ComposeViewDataLoader: loadCoveritems count =1, updS = 12, updE = 12
09-03 23:00:27.871 626-24843/? D/ComposeViewDataLoader: loadCoveritems count =0, updS = 12, updE = 0
09-03 23:00:27.871 3633-5842/? V/BroadcastQueue: [background] Process cur broadcast BroadcastRecord{8f44465 u0 com.samsung.android.providers.context.log.action.USE_APP_FEATURE_SURVEY qIdx=4}, state= (APP_RECEIVE) DELIVERED for app ProcessRecord{5e94ccc 5869:com.samsung.android.providers.context/u0a380}
09-03 23:00:27.871 3093-3624/? I/APM::AudioPolicyManager: stopOutput() output 4, stream 1, session 1113
09-03 23:00:27.871 626-626/? D/SecWifiDisplayUtil: Metadata value : SecSettings2
09-03 23:00:27.871 626-626/? D/ViewRootImpl: #1 mView = com.android.internal.policy.MultiPhoneWindow$MultiPhoneDecorView{b728308 I.E...... R.....I. 0,0-0,0}
09-03 23:00:27.881 3633-3649/? D/ISSUE_DEBUG: InputChannelName : 31ae5eb com.sec.android.gallery3d/com.sec.android.gallery3d.app.GalleryActivity
09-03 23:00:27.881 3633-4604/? D/ActivityManager: post active user change for 0 fullscreen true isFloatingActivity() false isHomeActivity() false
09-03 23:00:27.881 3633-4604/? D/KnoxTimeoutHandler: postActiveUserChange [MsgParam] userId: 0 fullscreen is true showWhenlocked is false
09-03 23:00:27.881 3633-3633/? D/KnoxTimeoutHandler: handleActiveUserChange [MsgParam] userId: 0 fullscreen is true showWhenlocked is false
09-03 23:00:27.881 3633-3633/? I/KnoxTimeoutHandler: Shared devices show user statefalse
09-03 23:00:27.881 626-626/? W/ActivityThread: AppLock checkAppLockState isAppLocked = false pkgName = com.sec.android.gallery3d showWhenLocked = false
09-03 23:00:27.881 626-626/? D/MultiPhoneWindow: performUpdateVisibility, same visibility false
09-03 23:00:27.891 3071-3071/? I/SurfaceFlinger: id=3325 createSurf (1x1),1 flag=4, HalleryActi
09-03 23:00:27.891 3633-3707/? D/StatusBarManagerService: manageDisableList userId=0 what=0x0 pkg=Window{31ae5eb u0 d0 com.sec.android.gallery3d/com.sec.android.gallery3d.app.GalleryActivity}
09-03 23:00:27.891 5169-5169/? D/PhoneStatusBar: setSystemUiVisibility vis=600 mask=ffffffff oldVal=0 newVal=600 diff=600
09-03 23:00:27.901 3633-4941/? D/InputDispatcher: Focus entered window: 626
09-03 23:00:27.901 3633-3712/? D/PointerIcon: setMouseIconStyle1 pointerType: 1001 iconType:101 flag:0 pid:3633 uid:1000
09-03 23:00:27.901 3633-3712/? D/PointerIcon: setMouseCustomIcon IconType is same.101
09-03 23:00:27.901 626-677/? D/mali_winsys: new_window_surface returns 0x3000,  [1440x2560]-format:1
09-03 23:00:27.901 3071-3071/? I/SurfaceFlinger: id=3326 createSurf (1440x2560),3 flag=404, TurfaceView
09-03 23:00:27.911 626-626/? I/GlRootView: surfaceCreated, type = 1
09-03 23:00:27.911 626-626/? I/GlRootView: surfaceChanged, type = 1
09-03 23:00:27.911 626-24842/? D/libEGL: eglInitialize EGLDisplay = 0x7f8757ee28
09-03 23:00:27.911 3633-5842/? V/WindowStateAnimator: Finishing drawing window Window{2bc2763 u0 d0 SurfaceView}: mDrawState=DRAW_PENDING
                                                      
                                                      [ 09-03 23:00:27.911   626:24842 D/         ]
                                                      ro.exynos.dss isEnabled: 0
09-03 23:00:27.911 626-24842/? D/mali_winsys: new_window_surface returns 0x3000,  [1440x2560]-format:1
09-03 23:00:27.911 626-24842/? I/LibGLRootView: onSurfaceCreated = com.google.android.gles_jni.GLImpl@a30c7b4, rootView type = 1
09-03 23:00:27.911 626-24842/? D/GlRootView: initializeGL = false, force = true, type = 1
09-03 23:00:27.911 626-24842/? I/LibGLRootView: onSurfaceChanged: 1440x2560, gl10: com.google.android.gles_jni.GLImpl@a30c7b4, rootView type = 1
09-03 23:00:27.911 626-24842/? D/GlRootView: initializeGL = true, force = false, type = 1
09-03 23:00:27.911 626-24842/? I/GlRootView: enter replaceLayer = null, new = com.sec.samsung.gallery.glview.composeView.GlComposeAlbumView@bfc5ee, type = 1
09-03 23:00:27.911 626-24842/? D/GlRootView: isWideMode : false
09-03 23:00:27.911 626-24842/? I/GlLayer: create = com.sec.samsung.gallery.glview.composeView.GlComposeAlbumView@bfc5ee, state = 0
09-03 23:00:27.911 3633-5617/? V/WindowStateAnimator: Finishing drawing window Window{2bc2763 u0 d0 SurfaceView}: mDrawState=READY_TO_SHOW
09-03 23:00:27.911 626-626/? W/DisplayListCanvas: DisplayListCanvas is started on unbinded RenderNode (without mOwningView)
09-03 23:00:27.911 626-24842/? D/GlLayer: setHoverScrollFlexibleHeightMargin264
09-03 23:00:27.911 626-24842/? D/AlbumViewState: initialzieView = com.sec.samsung.gallery.glview.composeView.GlComposeAlbumView@bfc5ee
09-03 23:00:27.911 626-24842/? D/GlComposeView: setAdapter = null, new = com.sec.samsung.gallery.view.adapter.ComposeAlbumSetAdapter@cd60fdd
09-03 23:00:27.911 626-24842/? D/ComposeViewDataLoader: applyViewListener = com.sec.samsung.gallery.glview.composeView.GlComposeView$2@1e84752, count = -1, notiCount = -1
09-03 23:00:27.911 626-24842/? D/GlComposeView: onSizeChanged= 13
09-03 23:00:27.911 626-24842/? I/GlLayer: resume = com.sec.samsung.gallery.glview.composeView.GlComposeAlbumView@bfc5ee, state = 1
09-03 23:00:27.911 626-24842/? I/GlRootView: exit replaceLayer
09-03 23:00:27.911 626-24842/? I/GlRootView: renderLogic is changed : 0 -> 2
09-03 23:00:27.911 626-24842/? I/GlRootView: procSurfaceChanged = 1440, height = 2560, type = 1
09-03 23:00:27.911 626-24842/? D/GlRootView: isWideMode : false
09-03 23:00:27.911 626-24842/? D/GlComposeView: TransAnimation for the root object is stopped by layoutChange
09-03 23:00:27.911 626-24842/? D/GlLayer: setHoverScrollFlexibleHeightMargin264
09-03 23:00:27.911 626-24843/? D/ComposeViewDataLoader: loadCoveritems count =0, updS = 7, updE = 0
09-03 23:00:27.921 626-24842/? D/Gallery_Performance: Elapsed time to complete first display : Activity = 119, Application = 2852937
09-03 23:00:27.931 3633-4941/? V/WindowStateAnimator: Finishing drawing window Window{31ae5eb u0 d0 com.sec.android.gallery3d/com.sec.android.gallery3d.app.GalleryActivity}: mDrawState=DRAW_PENDING
09-03 23:00:27.931 626-626/? I/InjectionManager: dispatchCreateOptionsMenu :com.sec.android.gallery3d.app.GalleryActivity
09-03 23:00:27.931 626-626/? I/InjectionManager: dispatchPrepareOptionsMenu :com.sec.android.gallery3d.app.GalleryActivity
09-03 23:00:27.931 626-626/? I/InjectionManager: dispatchPrepareOptionsMenu :com.sec.android.gallery3d.app.GalleryActivity
09-03 23:00:27.931 626-626/? D/ViewRootImpl: MSG_RESIZED_REPORT: ci=Rect(0, 0 - 0, 0) vi=Rect(0, 0 - 0, 0) or=1
09-03 23:00:27.931 3633-5273/? D/InputMethodManagerService: windowGainedFocus mCurrentFocusedUserId - 0 and mSecureKeypadEnabled-false
09-03 23:00:27.931 3633-3712/? D/KnoxTimeoutHandler: notifyActivityDrawn [MsgParam] userId: 0 fullscreen is true showWhenlocked is false
09-03 23:00:27.931 3633-3707/? D/StatusBarManagerService: manageDisableList userId=0 what=0x0 pkg=Window{31ae5eb u0 d0 com.sec.android.gallery3d/com.sec.android.gallery3d.app.GalleryActivity}
09-03 23:00:27.931 3633-3633/? D/KnoxTimeoutHandler: activityDrawn [MsgParam] userId: 0 fullscreen is true showWhenlocked is false
09-03 23:00:27.931 3071-3071/? D/libEGL: eglInitialize EGLDisplay = 0x7ffb5b6848
09-03 23:00:27.931 5169-5169/? D/PhoneStatusBar: setSystemUiVisibility vis=8600 mask=ffffffff oldVal=600 newVal=8600 diff=8000
09-03 23:00:27.931 3071-3071/? D/libEGL: eglInitialize EGLDisplay = 0x7ffb5b6848
09-03 23:00:27.931 3633-3712/? I/ActivityManager: Displayed com.sec.android.gallery3d/.app.GalleryActivity: +142ms
09-03 23:00:27.941 19026-19026/? D/ViewRootImpl: MSG_RESIZED: ci=Rect(0, 0 - 0, 0) vi=Rect(0, 0 - 0, 0) or=1
09-03 23:00:27.941 3633-3633/? I/KnoxTimeoutHandler: SD activityfalse
09-03 23:00:27.941 3633-7848/? D/ConnectivityService: returning getNetworkInfo for network type 1 : [type: WIFI[] - WIFI, state: CONNECTED/CONNECTED, reason: (unspecified), extra: "HOME-E0A8", roaming: false, failover: false, isAvailable: true]
09-03 23:00:27.941 3633-3707/? W/ContextImpl: Calling a method in the system process without a qualified user: android.app.ContextImpl.sendBroadcast:830 com.android.server.policy.PhoneWindowManager.notifyToSSRM:8645 com.android.server.policy.PhoneWindowManager.access$1500:307 com.android.server.policy.PhoneWindowManager$PolicyHandler.handleMessage:1206 android.os.Handler.dispatchMessage:102 
09-03 23:00:27.941 3633-3712/? D/WindowAnimator: Skip setting animation background if there is an exiting window only.
09-03 23:00:27.941 6395-6395/? D/SamsungIME: IMPL finishInput
09-03 23:00:27.941 6395-6395/? D/RMHelper: SamsungIME : RMisReady() : client is null
09-03 23:00:27.941 6395-6395/? D/RMHelper: SamsungIME : RMisReady() : client is null
09-03 23:00:27.941 6395-6395/? D/RMHelper: RMHelper : initHelper()
09-03 23:00:27.941 6395-6395/? E/ActivityThread: Failed to find provider info for com.sec.android.inputmethod.resourcemanager
09-03 23:00:27.941 6395-6395/? D/RMHelper: SamsungIME : initHelper() : client is null
09-03 23:00:27.941 6395-6395/? D/RMHelper: SamsungIME : RMisReady() : client is null
09-03 23:00:27.941 6395-6395/? D/RMHelper: SamsungIME : RMisReady() : client is null
09-03 23:00:27.941 6395-6395/? D/RMHelper: RMHelper : initHelper()
09-03 23:00:27.941 6395-6395/? D/RMHelper: SamsungIME : initHelper() : client is null
09-03 23:00:27.941 6395-6395/? E/ActivityThread: Failed to find provider info for com.sec.android.inputmethod.resourcemanager
09-03 23:00:27.941 6395-6395/? D/RMHelper: SamsungIME : RMisReady() : client is null
09-03 23:00:27.941 6395-6395/? E/ActivityThread: Failed to find provider info for com.sec.android.inputmethod.resourcemanager
09-03 23:00:27.941 6395-6395/? D/RMHelper: SamsungIME : RMisReady() : client is null
09-03 23:00:27.941 6395-6395/? D/RMHelper: RMHelper : initHelper()
09-03 23:00:27.941 6395-6395/? D/RMHelper: SamsungIME : initHelper() : client is null
09-03 23:00:27.941 6395-6395/? D/SamsungIME: onStartInput: No inputType, No imeOption, isInputViewShown = false, isExtractViewShown = false, isShowInputRequested = false, isConfigChanged = false
09-03 23:00:27.941 3633-5617/? V/WindowStateAnimator: Finishing drawing window Window{31ae5eb u0 d0 com.sec.android.gallery3d/com.sec.android.gallery3d.app.GalleryActivity}: mDrawState=HAS_DRAWN
09-03 23:00:27.951 3071-3071/? D/libEGL: eglInitialize EGLDisplay = 0x7ffb5b6848
09-03 23:00:27.951 3633-3712/? D/WindowAnimator: Skip setting animation background if there is an exiting window only.
09-03 23:00:27.961 5169-5169/? D/PanelView: updateQsState
09-03 23:00:27.961 5169-5169/? D/KeyguardSwipeHelper: reset()
09-03 23:00:27.961 5169-5169/? D/KeyguardUnlockEventHandler: reset()
09-03 23:00:27.961 5169-5169/? D/KeyguardSwipeHelper: resetChildViewVI()
09-03 23:00:27.971 3633-3712/? D/WindowAnimator: Skip setting animation background if there is an exiting window only.
09-03 23:00:27.981 3633-3712/? D/WindowAnimator: Skip setting animation background if there is an exiting window only.
09-03 23:00:27.991 626-626/? I/Timeline: Timeline: Activity_idle id: android.os.BinderProxy@45bccc0 time:153665096
09-03 23:00:28.001 3071-3071/? D/libEGL: eglInitialize EGLDisplay = 0x7ffb5b6848
09-03 23:00:28.001 3633-3712/? D/WindowAnimator: Skip setting animation background if there is an exiting window only.
09-03 23:00:28.021 3071-3071/? D/libEGL: eglInitialize EGLDisplay = 0x7ffb5b6848
09-03 23:00:28.021 3633-3712/? D/WindowAnimator: Skip setting animation background if there is an exiting window only.
09-03 23:00:28.031 3633-3712/? D/WindowAnimator: Skip setting animation background if there is an exiting window only.
09-03 23:00:28.051 3633-3712/? D/WindowAnimator: Skip setting animation background if there is an exiting window only.
09-03 23:00:28.071 3633-3712/? D/WindowAnimator: Skip setting animation background if there is an exiting window only.
09-03 23:00:28.081 3633-3712/? D/WindowAnimator: Skip setting animation background if there is an exiting window only.
09-03 23:00:28.101 3633-3712/? D/WindowAnimator: Skip setting animation background if there is an exiting window only.
09-03 23:00:28.121 3633-3712/? D/WindowAnimator: Skip setting animation background if there is an exiting window only.
09-03 23:00:28.131 3633-3712/? D/WindowAnimator: Skip setting animation background if there is an exiting window only.
09-03 23:00:28.151 3633-3712/? D/WindowAnimator: Skip setting animation background if there is an exiting window only.
09-03 23:00:28.171 3633-3712/? D/WindowAnimator: Skip setting animation background if there is an exiting window only.
09-03 23:00:28.191 3633-3712/? D/CustomFrequencyManagerService: releaseDVFSLockLocked : Getting Lock type frm List : DVFS_MIN_LIMIT  frequency : 1800000  uid : 1000  pid : 3633  tag : ACTIVITY_RESUME_BOOSTER@3
09-03 23:00:28.191 3633-3712/? D/ActivityManager: mDVFSHelper.release()
09-03 23:00:28.191 3633-3712/? I/Timeline: Timeline: Activity_windows_visible id: ActivityRecord{5ba9f7e u0 com.sec.android.gallery3d/.app.GalleryActivity t13362} time:153665292
09-03 23:00:28.191 3633-3706/? D/CustomFrequencyManagerService: acquireDVFSLockLocked : type : DVFS_MIN_LIMIT  frequency : 1800000  uid : 1000  pid : 3633  pkgName : ACTIVITY_RESUME_BOOSTER@9
09-03 23:00:28.191 3071-4605/? I/SurfaceFlinger: id=3324 Removed NainActivit (3/10)
09-03 23:00:28.191 3071-4514/? I/SurfaceFlinger: id=3324 Removed NainActivit (-2/10)
09-03 23:00:28.191 3633-3712/? D/KnoxTimeoutHandler: notifyActivityDrawn [MsgParam] userId: 0 fullscreen is true showWhenlocked is false
09-03 23:00:28.191 3633-3633/? D/KnoxTimeoutHandler: activityDrawn [MsgParam] userId: 0 fullscreen is true showWhenlocked is false
09-03 23:00:28.191 3633-3633/? I/KnoxTimeoutHandler: SD activityfalse
09-03 23:00:28.201 3633-4468/? D/InputReader: Input event(3): value=1 when=153665299961000
09-03 23:00:28.201 3633-4468/? D/InputReader: Input event(3): value=1 when=153665299961000
09-03 23:00:28.201 3633-4468/? I/InputReader: Touch event's action is 0x0 (deviceType=0) [pCnt=1, s=0.11840 ] when=153665299961000
09-03 23:00:28.201 3633-4468/? D/InputReader: lastThreadEndTime = 153664874672439, currentThreadStartTime = 153664874673605, diff = 0
09-03 23:00:28.201 3633-4467/? I/InputDispatcher: Delivering touch to (19026): action: 0x4, toolType: 1
09-03 23:00:28.201 3633-4467/? I/InputDispatcher: Delivering touch to (626): action: 0x0, toolType: 1
09-03 23:00:28.201 626-626/? D/ViewRootImpl: ViewPostImeInputStage processPointer 0
09-03 23:00:28.201 19026-19026/? D/AutoHideHelper: ###check Single invalid
09-03 23:00:28.201 3633-5550/? D/WifiDisplayAdapter: getWifiDisplayStatusLocked: result=WifiDisplayStatus{featureState=2, scanState=0, activeDisplayState=0, activeDisplay=null, displays=[], sessionInfo=WifiDisplaySessionInfo: Client/Owner: Client GroupId:  Passphrase:  SessionId: 0 IP Address: , connectedState=-1, networkQoS=0}
09-03 23:00:28.201 3071-3071/? D/libEGL: eglTerminate EGLDisplay = 0x7ffb5b6978
09-03 23:00:28.211 626-626/? I/GLIdleTimerCmd: MSG_RUN_LISTENER
09-03 23:00:28.211 3633-5550/? D/CustomFrequencyManagerService: acquireDVFSLockLocked : type : DVFS_MIN_LIMIT  frequency : 800000  uid : 1000  pid : 3633  pkgName : GALLERY_LIST_SCROLL@359
09-03 23:00:28.211 626-24845/? D/CpuBoostScrollCmd: Scroll Boost CPU Clock
09-03 23:00:28.211 626-24847/? V/MediaPlayer: decode(50, 1302088, 9022)
09-03 23:00:28.211 626-626/? I/Gallery_Performance: PostGalleryCmd create() START
09-03 23:00:28.211 3633-5254/? D/CustomFrequencyManagerService: releaseDVFSLockLocked : Getting Lock type frm List : DVFS_MIN_LIMIT  frequency : 800000  uid : 1000  pid : 3633  tag : GALLERY_LIST_SCROLL@359
09-03 23:00:28.211 626-24848/? W/ResourcesManager: getTopLevelResources: /system/priv-app/SecSettings2/SecSettings2.apk / 1.0 running in com.sec.android.gallery3d rsrc of package com.android.settings
09-03 23:00:28.211 626-626/? V/AllShare(ASF-API): L-d140909 / ServiceConnector.createServiceProvider of com.samsung.android.allshare.media
09-03 23:00:28.211 626-626/? I/AllShare(ASF-API): L-d140909 / ServiceConnector.ALLSHARE_CONFIG : DMC_ONLY
09-03 23:00:28.211 626-24848/? D/ResourcesManager: For user 0 new overlays fetched [/data/app/se.thegreen.GoldKeyPad.common-1/base.apk, /data/app/se.thegreen.GoldKeyPad.settings-1/base.apk, /data/app/se.thegreen.GoldKeyPad.touchwiz-1/base.apk]
09-03 23:00:28.221 3633-5607/? D/CustomFrequencyManagerService: acquireDVFSLockLocked : type : DVFS_MIN_LIMIT  frequency : 800000  uid : 1000  pid : 3633  pkgName : GALLERY_LIST_SCROLL@359
09-03 23:00:28.221 3093-5635/? I/OggExtractor: OggSource::OggSource() mExtractor ref count = 4
09-03 23:00:28.221 626-24845/? D/CpuBoostScrollCmd: Scroll Boost CPU Clock
09-03 23:00:28.221 3093-5635/? I/OMXCodec: Attempting to allocate OMX node 'OMX.google.vorbis.decoder'
09-03 23:00:28.221 3093-5635/? I/OMXCodec: Successfully allocated OMX node 'OMX.google.vorbis.decoder'
09-03 23:00:28.221 3093-5635/? I/OMXCodec: >>>UHQA initOutputFormat 16
09-03 23:00:28.221 3093-5635/? I/OMXCodec: [OMX.google.vorbis.decoder] OMXCodec::start mState=1
09-03 23:00:28.221 3093-5635/? I/OMXCodec: [OMX.google.vorbis.decoder] allocating 4 buffers of size 8192 on input port
09-03 23:00:28.221 3093-5635/? I/OMXCodec: [OMX.google.vorbis.decoder] allocating 4 buffers of size 32768 on output port
09-03 23:00:28.221 3093-24852/? I/OMXCodec: [OMX.google.vorbis.decoder] Now Idle. Component sends idle done Event 
09-03 23:00:28.221 3093-24852/? I/OMXCodec: [OMX.google.vorbis.decoder] 0onCmdComplete  mState =  7
09-03 23:00:28.221 3093-24852/? I/OMXCodec: [OMX.google.vorbis.decoder] PORT_DISABLED(1)
09-03 23:00:28.221 3093-24852/? I/OMXCodec: >>>UHQA initOutputFormat 16
09-03 23:00:28.221 3093-24852/? I/OMXCodec: [OMX.google.vorbis.decoder] allocating 4 buffers of size 32768 on output port
09-03 23:00:28.221 16838-16838/? D/AllShare(ASF-DMC): ServiceManager.onStartCommand - [ TRACE ] onStartCommand
09-03 23:00:28.221 16838-16838/? I/AllShare(ASF-DMC): ServiceManager.startServiceManager - AllShare Service is ALREADY running...
09-03 23:00:28.221 626-626/? V/AllShare(ASF-API): L-d140909 / AllShareConnector.gallery3d : bindAllShareService...
09-03 23:00:28.221 16838-16838/? D/AllShare(ASF-DMC): ServiceManager.onRebind - [ TRACE ] onRebind
09-03 23:00:28.221 626-24848/? E/NFC: isAndroidBeamAllowed - Begin
09-03 23:00:28.221 626-24848/? I/NFC: showMsg is false
09-03 23:00:28.231 3093-24852/? I/OMXCodec: [OMX.google.vorbis.decoder] End Of Stream
09-03 23:00:28.231 3633-5548/? D/SecContentProvider: query(), uri = 15 selection = isAndroidBeamAllowed
09-03 23:00:28.231 3093-5635/? I/SoundExtractor: extract() reached EOS
09-03 23:00:28.231 3093-5635/? I/OMXCodec: [OMX.google.vorbis.decoder] stop mState=4
09-03 23:00:28.231 3093-5635/? I/OMXCodec: [OMX.google.vorbis.decoder] stop() sendCommand(2758, OMX_CommandStateSet, OMX_StateIdle)
09-03 23:00:28.231 626-626/? I/Gallery_Performance: PostGalleryCmd create() END
09-03 23:00:28.231 626-626/? I/Gallery_Performance: PostGalleryCmd resume() START 
09-03 23:00:28.231 3093-24852/? I/OMXCodec: [OMX.google.vorbis.decoder] Now Idle. Component sends idle done Event 
09-03 23:00:28.231 3093-5635/? I/OMXCodec: [OMX.google.vorbis.decoder] stopOmxComponent_l() mstate = 1
09-03 23:00:28.231 3093-5635/? I/OggExtractor: OggSource::stop() mExtractor ref count = 1
09-03 23:00:28.231 3093-5635/? I/OggExtractor: OggSource::~OggSource() mExtractor !mStarted ref count = 1
09-03 23:00:28.231 3093-5635/? I/OggExtractor: ~OggSource --
09-03 23:00:28.231 3093-5635/? I/OggExtractor: ~OggExtractor ++
09-03 23:00:28.231 3093-5635/? I/OggExtractor: ~MyOggExtractor ++ 
09-03 23:00:28.231 3093-5635/? I/OggExtractor: ~MyOggExtractor --
09-03 23:00:28.231 3093-5635/? I/OggExtractor: ~OggExtractor --
09-03 23:00:28.231 3633-3706/? V/BroadcastQueue: [background] Process cur broadcast BroadcastRecord{7cbdeb7 u0 com.samsung.android.providers.context.log.action.REPORT_APP_STATUS_SURVEY qIdx=4}, state= (APP_RECEIVE) DELIVERED for app ProcessRecord{5e94ccc 5869:com.samsung.android.providers.context/u0a380}
09-03 23:00:28.231 3633-5127/? D/CustomFrequencyManagerService: releaseDVFSLockLocked : Getting Lock type frm List : DVFS_MIN_LIMIT  frequency : 800000  uid : 1000  pid : 3633  tag : GALLERY_LIST_SCROLL@359
09-03 23:00:28.231 626-24847/? V/MediaPlayer: decode(53, 1311164, 7581)
09-03 23:00:28.231 626-24845/? D/CpuBoostScrollCmd: Scroll Boost Release
09-03 23:00:28.241 3093-4168/? I/OggExtractor: OggSource::OggSource() mExtractor ref count = 4
09-03 23:00:28.241 3093-4168/? I/OMXCodec: Attempting to allocate OMX node 'OMX.google.vorbis.decoder'
09-03 23:00:28.241 3633-5622/? D/CustomFrequencyManagerService: acquireDVFSLockLocked : type : DVFS_MIN_LIMIT  frequency : 800000  uid : 1000  pid : 3633  pkgName : GALLERY_LIST_SCROLL@359
09-03 23:00:28.241 626-24845/? D/CpuBoostScrollCmd: Scroll Boost CPU Clock
09-03 23:00:28.241 3093-4168/? I/OMXCodec: Successfully allocated OMX node 'OMX.google.vorbis.decoder'
09-03 23:00:28.241 3093-4168/? I/OMXCodec: >>>UHQA initOutputFormat 16
09-03 23:00:28.241 3093-4168/? I/OMXCodec: [OMX.google.vorbis.decoder] OMXCodec::start mState=1
09-03 23:00:28.241 3093-4168/? I/OMXCodec: [OMX.google.vorbis.decoder] allocating 4 buffers of size 8192 on input port
09-03 23:00:28.241 3093-4168/? I/OMXCodec: [OMX.google.vorbis.decoder] allocating 4 buffers of size 32768 on output port
09-03 23:00:28.241 3093-24855/? I/OMXCodec: [OMX.google.vorbis.decoder] Now Idle. Component sends idle done Event 
09-03 23:00:28.241 3093-24855/? I/OMXCodec: [OMX.google.vorbis.decoder] 0onCmdComplete  mState =  7
09-03 23:00:28.241 3093-24855/? I/OMXCodec: [OMX.google.vorbis.decoder] PORT_DISABLED(1)
09-03 23:00:28.241 3093-24855/? I/OMXCodec: >>>UHQA initOutputFormat 16
09-03 23:00:28.241 3093-24855/? I/OMXCodec: [OMX.google.vorbis.decoder] allocating 4 buffers of size 32768 on output port
09-03 23:00:28.241 3633-4944/? D/NetworkPolicy: isUidForegroundLocked: 10003, mScreenOn: true, uidstate: 2, mProxSensorScreenOff: false
09-03 23:00:28.241 3633-4944/? V/NetworkPolicy: getFirewallRuleWifi UID:10003 policy:0
09-03 23:00:28.241 626-626/? I/Gallery_Performance: PostGalleryCmd resume() END
09-03 23:00:28.241 626-24848/? E/NFC: isAndroidBeamAllowed - Begin
09-03 23:00:28.241 626-24848/? I/NFC: showMsg is false
09-03 23:00:28.241 3633-5549/? D/CustomFrequencyManagerService: releaseDVFSLockLocked : Getting Lock type frm List : DVFS_MIN_LIMIT  frequency : 800000  uid : 1000  pid : 3633  tag : GALLERY_LIST_SCROLL@359
09-03 23:00:28.251 626-24842/? D/GlHoverController: onMessage msg = 3
09-03 23:00:28.251 3633-4604/? D/SecContentProvider: query(), uri = 15 selection = isAndroidBeamAllowed
09-03 23:00:28.251 626-24842/? D/GlHoverController: removeHoverView removed message = 0
09-03 23:00:28.251 626-24845/? D/CpuBoostScrollCmd: Scroll Boost Release
09-03 23:00:28.251 16116-16134/? I/SystemBroadcastReceiver: [#CMH#] Received broadcast 
09-03 23:00:28.251 626-24842/? D/GlComposeView: TransAnimation for the root object is stopped by layoutChange
09-03 23:00:28.251 626-626/? I/InjectionManager: dispatchCreateOptionsMenu :com.sec.android.gallery3d.app.GalleryActivity
09-03 23:00:28.251 626-626/? I/InjectionManager: dispatchPrepareOptionsMenu :com.sec.android.gallery3d.app.GalleryActivity
09-03 23:00:28.251 16116-16134/? I/PolicyManager: [#CMH#] onReceive action = AUTO_EVENT_STATE_CHANGED
09-03 23:00:28.251 16116-16134/? I/SystemBroadcastReceiver: [#CMH#] onReceive completed 
09-03 23:00:28.251 626-626/? I/AllShare(ASF-API): L-d140909 / AllShareConnector.Subscriber onServiceConnected to gallery3d
09-03 23:00:28.251 626-626/? D/AllShare(ASF-API): L-d140909 / AllShareConnector.onConnected to gallery3d
09-03 23:00:28.251 626-626/? I/NearbyClient: ServiceProvider Created : ENABLED
09-03 23:00:28.251 626-626/? D/NearbyClient: setDeviceFinderEventListener. provider and imageviewer
09-03 23:00:28.251 626-626/? D/NearbyClient: refresh device list
09-03 23:00:28.251 626-626/? I/AllShare(ASF-API): L-d140909 / MediaDeviceFinderImpl.refresh
09-03 23:00:28.251 16838-17249/? I/AllShare(ASF_DMC): [JNI] rescanDeviceByAppID: 469: Meet unregister app id when rescan !
09-03 23:00:28.251 16838-17249/? V/AllShare(ASF_DMC): [CP_DISCOVERY] Rescan: 449: Sending Rescan.
09-03 23:00:28.251 3093-24855/? I/OMXCodec: [OMX.google.vorbis.decoder] End Of Stream
09-03 23:00:28.251 626-626/? I/AllShare(ASF-API): L-d140909 / MediaDeviceFinderImpl.getDevices - type[DEVICE_PROVIDER], domain[LOCAL_NETWORK]
09-03 23:00:28.261 3093-4168/? I/SoundExtractor: extract() reached EOS
09-03 23:00:28.261 3093-4168/? I/OMXCodec: [OMX.google.vorbis.decoder] stop mState=4
09-03 23:00:28.261 3093-4168/? I/OMXCodec: [OMX.google.vorbis.decoder] stop() sendCommand(2759, OMX_CommandStateSet, OMX_StateIdle)
09-03 23:00:28.261 16838-16851/? V/AllShare(ASF_DMC): [CP_DISCOVERY] GetDeviceList: 165: interesting device list empty
09-03 23:00:28.261 16838-16851/? I/AllShare(ASF_DMC): [JNI] getDeviceList: 398: getDeviceListFromGenericCP Failed,  [-1020] - can't find device
09-03 23:00:28.261 16838-16851/? I/AllShare(ASF_DMC): [JNI] getDeviceListJNI: 308: pDeviceList == NULL
09-03 23:00:28.261 16838-16851/? W/AllShare(ASF-DMC): DeviceListManagerWrapper.getDeviceList - Get device list with type[2] failed
09-03 23:00:28.261 626-626/? I/AllShare(ASF-API): L-d140909 / MediaDeviceFinderImpl.getDevices - type[DEVICE_IMAGEVIEWER], domain[LOCAL_NETWORK]
09-03 23:00:28.261 3093-24855/? I/OMXCodec: [OMX.google.vorbis.decoder] Now Idle. Component sends idle done Event 
09-03 23:00:28.261 16838-17035/? V/AllShare(ASF_DMC): [CP_DISCOVERY] GetDeviceList: 165: interesting device list empty
09-03 23:00:28.261 16838-17035/? I/AllShare(ASF_DMC): [JNI] getDeviceList: 398: getDeviceListFromGenericCP Failed,  [-1020] - can't find device
09-03 23:00:28.261 16838-17035/? I/AllShare(ASF_DMC): [JNI] getDeviceListJNI: 308: pDeviceList == NULL
09-03 23:00:28.261 16838-17035/? W/AllShare(ASF-DMC): DeviceListManagerWrapper.getDeviceList - Get device list with type[1] failed
09-03 23:00:28.261 626-626/? D/NearbyClient: device count : 0 Provider : 0 ImageViewer : 0
09-03 23:00:28.261 3093-4168/? I/OMXCodec: [OMX.google.vorbis.decoder] stopOmxComponent_l() mstate = 1
09-03 23:00:28.261 3093-4168/? I/OggExtractor: OggSource::stop() mExtractor ref count = 1
09-03 23:00:28.261 3093-4168/? I/OggExtractor: OggSource::~OggSource() mExtractor !mStarted ref count = 1
09-03 23:00:28.261 3093-4168/? I/OggExtractor: ~OggSource --
09-03 23:00:28.261 3093-4168/? I/OggExtractor: ~OggExtractor ++
09-03 23:00:28.261 3093-4168/? I/OggExtractor: ~MyOggExtractor ++ 
09-03 23:00:28.261 3093-4168/? I/OggExtractor: ~MyOggExtractor --
09-03 23:00:28.261 3093-4168/? I/OggExtractor: ~OggExtractor --
09-03 23:00:28.261 626-24847/? V/MediaPlayer: decode(55, 1311164, 7581)
09-03 23:00:28.261 626-24842/? D/GlLayer: setHoverScrollFlexibleHeightMargin264
09-03 23:00:28.261 3093-3749/? I/OggExtractor: OggSource::OggSource() mExtractor ref count = 4
09-03 23:00:28.261 3093-3749/? I/OMXCodec: Attempting to allocate OMX node 'OMX.google.vorbis.decoder'
09-03 23:00:28.261 3093-3749/? I/OMXCodec: Successfully allocated OMX node 'OMX.google.vorbis.decoder'
09-03 23:00:28.261 3093-3749/? I/OMXCodec: >>>UHQA initOutputFormat 16
09-03 23:00:28.261 3093-3749/? I/OMXCodec: [OMX.google.vorbis.decoder] OMXCodec::start mState=1
09-03 23:00:28.261 3093-3749/? I/OMXCodec: [OMX.google.vorbis.decoder] allocating 4 buffers of size 8192 on input port
09-03 23:00:28.261 3093-3749/? I/OMXCodec: [OMX.google.vorbis.decoder] allocating 4 buffers of size 32768 on output port
09-03 23:00:28.261 3093-24858/? I/OMXCodec: [OMX.google.vorbis.decoder] Now Idle. Component sends idle done Event 
09-03 23:00:28.261 3633-4468/? D/InputReader: Input event(3): value=0 when=153665368923000
09-03 23:00:28.261 3633-4468/? D/InputReader: Input event(3): value=0 when=153665368923000
09-03 23:00:28.261 3633-4468/? I/InputReader: Touch event's action is 0x1 (deviceType=0) [pCnt=1, s=] when=153665368923000
09-03 23:00:28.261 3633-4467/? I/InputDispatcher: Delivering touch to (626): action: 0x1, toolType: 1
09-03 23:00:28.271 3093-24858/? I/OMXCodec: [OMX.google.vorbis.decoder] 0onCmdComplete  mState =  7
09-03 23:00:28.271 3093-24858/? I/OMXCodec: [OMX.google.vorbis.decoder] PORT_DISABLED(1)
09-03 23:00:28.271 3093-24858/? I/OMXCodec: >>>UHQA initOutputFormat 16
09-03 23:00:28.271 3093-24858/? I/OMXCodec: [OMX.google.vorbis.decoder] allocating 4 buffers of size 32768 on output port
09-03 23:00:28.271 3093-24858/? I/OMXCodec: [OMX.google.vorbis.decoder] End Of Stream
09-03 23:00:28.271 3093-3749/? I/SoundExtractor: extract() reached EOS
09-03 23:00:28.271 3093-3749/? I/OMXCodec: [OMX.google.vorbis.decoder] stop mState=4
09-03 23:00:28.271 3093-3749/? I/OMXCodec: [OMX.google.vorbis.decoder] stop() sendCommand(2760, OMX_CommandStateSet, OMX_StateIdle)
09-03 23:00:28.271 3093-24858/? I/OMXCodec: [OMX.google.vorbis.decoder] Now Idle. Component sends idle done Event 
09-03 23:00:28.271 3093-3749/? I/OMXCodec: [OMX.google.vorbis.decoder] stopOmxComponent_l() mstate = 1
09-03 23:00:28.271 3093-3749/? I/OggExtractor: OggSource::stop() mExtractor ref count = 1
09-03 23:00:28.271 3093-3749/? I/OggExtractor: OggSource::~OggSource() mExtractor !mStarted ref count = 1
09-03 23:00:28.271 3093-3749/? I/OggExtractor: ~OggSource --
09-03 23:00:28.271 3093-3749/? I/OggExtractor: ~OggExtractor ++
09-03 23:00:28.271 3093-3749/? I/OggExtractor: ~MyOggExtractor ++ 
09-03 23:00:28.271 3093-3749/? I/OggExtractor: ~MyOggExtractor --
09-03 23:00:28.271 3093-3749/? I/OggExtractor: ~OggExtractor --
09-03 23:00:28.271 3071-3071/? D/libEGL: eglInitialize EGLDisplay = 0x7ffb5b6848
09-03 23:00:28.271 626-24847/? V/MediaPlayer: decode(69, 1311164, 7581)
09-03 23:00:28.271 3093-6337/? I/OggExtractor: OggSource::OggSource() mExtractor ref count = 4
09-03 23:00:28.271 3093-6337/? I/OMXCodec: Attempting to allocate OMX node 'OMX.google.vorbis.decoder'
09-03 23:00:28.271 3093-6337/? I/OMXCodec: Successfully allocated OMX node 'OMX.google.vorbis.decoder'
09-03 23:00:28.271 3093-6337/? I/OMXCodec: >>>UHQA initOutputFormat 16
09-03 23:00:28.271 3093-6337/? I/OMXCodec: [OMX.google.vorbis.decoder] OMXCodec::start mState=1
09-03 23:00:28.271 3093-6337/? I/OMXCodec: [OMX.google.vorbis.decoder] allocating 4 buffers of size 8192 on input port
09-03 23:00:28.271 3093-6337/? I/OMXCodec: [OMX.google.vorbis.decoder] allocating 4 buffers of size 32768 on output port
09-03 23:00:28.271 3093-24860/? I/OMXCodec: [OMX.google.vorbis.decoder] Now Idle. Component sends idle done Event 
09-03 23:00:28.281 3093-24860/? I/OMXCodec: [OMX.google.vorbis.decoder] 0onCmdComplete  mState =  7
09-03 23:00:28.281 3093-24860/? I/OMXCodec: [OMX.google.vorbis.decoder] PORT_DISABLED(1)
09-03 23:00:28.281 3093-24860/? I/OMXCodec: >>>UHQA initOutputFormat 16
09-03 23:00:28.281 3093-24860/? I/OMXCodec: [OMX.google.vorbis.decoder] allocating 4 buffers of size 32768 on output port
09-03 23:00:28.281 3093-24860/? I/OMXCodec: [OMX.google.vorbis.decoder] End Of Stream
09-03 23:00:28.281 3093-6337/? I/SoundExtractor: extract() reached EOS
09-03 23:00:28.281 3093-6337/? I/OMXCodec: [OMX.google.vorbis.decoder] stop mState=4
09-03 23:00:28.281 3093-6337/? I/OMXCodec: [OMX.google.vorbis.decoder] stop() sendCommand(2761, OMX_CommandStateSet, OMX_StateIdle)
09-03 23:00:28.281 3093-24860/? I/OMXCodec: [OMX.google.vorbis.decoder] Now Idle. Component sends idle done Event 
09-03 23:00:28.281 3093-6337/? I/OMXCodec: [OMX.google.vorbis.decoder] stopOmxComponent_l() mstate = 1
09-03 23:00:28.281 3093-6337/? I/OggExtractor: OggSource::stop() mExtractor ref count = 1
09-03 23:00:28.281 3093-6337/? I/OggExtractor: OggSource::~OggSource() mExtractor !mStarted ref count = 1
09-03 23:00:28.281 3093-6337/? I/OggExtractor: ~OggSource --
09-03 23:00:28.281 3093-6337/? I/OggExtractor: ~OggExtractor ++
09-03 23:00:28.281 3093-6337/? I/OggExtractor: ~MyOggExtractor ++ 
09-03 23:00:28.281 3093-6337/? I/OggExtractor: ~MyOggExtractor --
09-03 23:00:28.281 3093-6337/? I/OggExtractor: ~OggExtractor --
09-03 23:00:28.281 626-24847/? V/MediaPlayer: decode(70, 1318796, 5467)
09-03 23:00:28.281 3093-4167/? I/OggExtractor: OggSource::OggSource() mExtractor ref count = 4
09-03 23:00:28.281 3093-4167/? I/OMXCodec: Attempting to allocate OMX node 'OMX.google.vorbis.decoder'
09-03 23:00:28.281 3093-4167/? I/OMXCodec: Successfully allocated OMX node 'OMX.google.vorbis.decoder'
09-03 23:00:28.281 3093-4167/? I/OMXCodec: >>>UHQA initOutputFormat 16
09-03 23:00:28.281 3093-4167/? I/OMXCodec: [OMX.google.vorbis.decoder] OMXCodec::start mState=1
09-03 23:00:28.281 3093-4167/? I/OMXCodec: [OMX.google.vorbis.decoder] allocating 4 buffers of size 8192 on input port
09-03 23:00:28.281 3093-4167/? I/OMXCodec: [OMX.google.vorbis.decoder] allocating 4 buffers of size 32768 on output port
09-03 23:00:28.281 3093-24862/? I/OMXCodec: [OMX.google.vorbis.decoder] Now Idle. Component sends idle done Event 
09-03 23:00:28.291 3093-24862/? I/OMXCodec: [OMX.google.vorbis.decoder] 0onCmdComplete  mState =  7
09-03 23:00:28.291 3093-24862/? I/OMXCodec: [OMX.google.vorbis.decoder] PORT_DISABLED(1)
09-03 23:00:28.291 3093-24862/? I/OMXCodec: >>>UHQA initOutputFormat 16
09-03 23:00:28.291 3093-24862/? I/OMXCodec: [OMX.google.vorbis.decoder] allocating 4 buffers of size 32768 on output port
09-03 23:00:28.291 3093-24862/? I/OMXCodec: [OMX.google.vorbis.decoder] End Of Stream
09-03 23:00:28.291 3093-4167/? I/SoundExtractor: extract() reached EOS
09-03 23:00:28.291 3093-4167/? I/OMXCodec: [OMX.google.vorbis.decoder] stop mState=4
09-03 23:00:28.291 3093-4167/? I/OMXCodec: [OMX.google.vorbis.decoder] stop() sendCommand(2762, OMX_CommandStateSet, OMX_StateIdle)
09-03 23:00:28.291 3093-24862/? I/OMXCodec: [OMX.google.vorbis.decoder] Now Idle. Component sends idle done Event 
09-03 23:00:28.291 3093-4167/? I/OMXCodec: [OMX.google.vorbis.decoder] stopOmxComponent_l() mstate = 1
09-03 23:00:28.291 3093-4167/? I/OggExtractor: OggSource::stop() mExtractor ref count = 1
09-03 23:00:28.291 3093-4167/? I/OggExtractor: OggSource::~OggSource() mExtractor !mStarted ref count = 1
09-03 23:00:28.291 3093-4167/? I/OggExtractor: ~OggSource --
09-03 23:00:28.291 3093-4167/? I/OggExtractor: ~OggExtractor ++
09-03 23:00:28.291 3093-4167/? I/OggExtractor: ~MyOggExtractor ++ 
09-03 23:00:28.291 3093-4167/? I/OggExtractor: ~MyOggExtractor --
09-03 23:00:28.291 3093-4167/? I/OggExtractor: ~OggExtractor --
09-03 23:00:28.291 626-24847/? V/MediaPlayer: decode(71, 0, 4705)
09-03 23:00:28.291 3093-5633/? I/OggExtractor: OggSource::OggSource() mExtractor ref count = 4
09-03 23:00:28.291 626-626/? D/ViewRootImpl: ViewPostImeInputStage processPointer 1
09-03 23:00:28.291 3093-5633/? I/OMXCodec: Attempting to allocate OMX node 'OMX.google.vorbis.decoder'
09-03 23:00:28.291 3633-5549/? V/AudioService: AudioService playSoundEffect Type : 10, volume : -1.0
09-03 23:00:28.291 626-626/? E/AlbumViewState: cannot start anmation to PhotoView. bitmap is null
09-03 23:00:28.291 3633-4960/? V/AudioService: received MSG_PLAY_SOUND_EFFECT onPlaySoundEffect start
09-03 23:00:28.291 3093-3093/? I/APM::AudioPolicyManager: getSituationVolume: isBTConnected:0 isHeadConnected:0
09-03 23:00:28.291 3093-5633/? I/OMXCodec: Successfully allocated OMX node 'OMX.google.vorbis.decoder'
09-03 23:00:28.291 3093-5633/? I/OMXCodec: >>>UHQA initOutputFormat 16
09-03 23:00:28.291 3093-5633/? I/OMXCodec: [OMX.google.vorbis.decoder] OMXCodec::start mState=1
09-03 23:00:28.291 3093-5633/? I/OMXCodec: [OMX.google.vorbis.decoder] allocating 4 buffers of size 8192 on input port
09-03 23:00:28.291 3093-5633/? I/OMXCodec: [OMX.google.vorbis.decoder] allocating 4 buffers of size 32768 on output port
09-03 23:00:28.291 626-626/? V/StateManager: startState class com.sec.samsung.gallery.view.photosplitview.PhotoSplitViewState
09-03 23:00:28.291 626-626/? I/Gallery_Performance: AlbumViewState onPause Start
09-03 23:00:28.291 3093-24864/? I/OMXCodec: [OMX.google.vorbis.decoder] Now Idle. Component sends idle done Event 
09-03 23:00:28.291 626-626/? I/GlLayer: pause = com.sec.samsung.gallery.glview.composeView.GlComposeAlbumView@bfc5ee, state = 1
09-03 23:00:28.291 626-626/? I/Gallery_Performance: AlbumViewState onPause End
09-03 23:00:28.291 626-626/? I/Gallery_Performance: PhotoSplitViewState onCreate Start
09-03 23:00:28.301 626-626/? D/ComposeViewDataLoader: checkIncreaseAlbumSet start
09-03 23:00:28.301 626-626/? I/Gallery_Performance: PhotoSplitViewState onCreate End
09-03 23:00:28.301 626-626/? I/Gallery_Performance: PhotoSplitViewState onResume Start
09-03 23:00:28.301 626-626/? D/GlComposeBaseView: GlComposeBaseView = com.sec.samsung.gallery.glview.composeView.GlComposeAlbumPhotoView@8681a9b
09-03 23:00:28.301 3093-3093/? W/AudioPolicyIntefaceImpl: Skipped to add effects on session 1114
09-03 23:00:28.301 3093-3093/? I/APM::AudioPolicyManager: startOutput() output 4, stream 1, session 1114
09-03 23:00:28.301 3633-3706/? V/BroadcastQueue: [background] Process cur broadcast BroadcastRecord{833c624 u0 com.samsung.android.providers.context.log.action.USE_APP_FEATURE_SURVEY qIdx=4}, state= (APP_RECEIVE) DELIVERED for app ProcessRecord{5e94ccc 5869:com.samsung.android.providers.context/u0a380}
09-03 23:00:28.301 626-626/? D/GlComposeBaseView: GlComposeBaseView = com.sec.samsung.gallery.glview.composeView.GlComposeSplitView@b50be38
09-03 23:00:28.301 3093-24864/? I/OMXCodec: [OMX.google.vorbis.decoder] End Of Stream
09-03 23:00:28.301 3093-24864/? I/OMXCodec: [OMX.google.vorbis.decoder] 0onCmdComplete  mState =  7
09-03 23:00:28.301 3093-24864/? I/OMXCodec: [OMX.google.vorbis.decoder] PORT_DISABLED(1)
09-03 23:00:28.301 3093-24864/? I/OMXCodec: >>>UHQA initOutputFormat 16
09-03 23:00:28.301 3093-24864/? I/OMXCodec: [OMX.google.vorbis.decoder] allocating 4 buffers of size 32768 on output port
09-03 23:00:28.301 3093-5633/? I/SoundExtractor: extract() reached EOS
09-03 23:00:28.301 3093-5633/? I/OMXCodec: [OMX.google.vorbis.decoder] stop mState=4
09-03 23:00:28.301 3093-5633/? I/OMXCodec: [OMX.google.vorbis.decoder] stop() sendCommand(2763, OMX_CommandStateSet, OMX_StateIdle)
09-03 23:00:28.301 3093-24864/? I/OMXCodec: [OMX.google.vorbis.decoder] Now Idle. Component sends idle done Event 
09-03 23:00:28.301 3093-5633/? I/OMXCodec: [OMX.google.vorbis.decoder] stopOmxComponent_l() mstate = 1
09-03 23:00:28.301 3093-5633/? I/OggExtractor: OggSource::stop() mExtractor ref count = 1
09-03 23:00:28.301 3093-5633/? I/OggExtractor: OggSource::~OggSource() mExtractor !mStarted ref count = 1
09-03 23:00:28.301 3093-5633/? I/OggExtractor: ~OggSource --
09-03 23:00:28.301 3093-5633/? I/OggExtractor: ~OggExtractor ++
09-03 23:00:28.301 3093-5633/? I/OggExtractor: ~MyOggExtractor ++ 
09-03 23:00:28.301 3093-5633/? I/OggExtractor: ~MyOggExtractor --
09-03 23:00:28.301 3093-5633/? I/OggExtractor: ~OggExtractor --
09-03 23:00:28.301 3633-5551/? V/BroadcastQueue: [background] Process cur broadcast BroadcastRecord{842858d u0 com.samsung.android.providers.context.log.action.USE_APP_FEATURE_SURVEY qIdx=4}, state= (APP_RECEIVE) DELIVERED for app ProcessRecord{5e94ccc 5869:com.samsung.android.providers.context/u0a380}
09-03 23:00:28.311 3093-3727/? D/audio_hw_primary: out_set_parameters: enter: kvpairs: routing=2
09-03 23:00:28.311 3093-3727/? I/audio_hw_primary: out_set_parameters adev->out_device:2
09-03 23:00:28.311 3093-3727/? I/audio_hw_primary: is_voice_wakeup : ret =  1  , wakeup_baby_cry_enabled = 0  ,  wakeup_mic_enabled = 1 
09-03 23:00:28.311 3093-3727/? I/audio_hw_primary: get_scenario : scenario_type = 36
09-03 23:00:28.311 3093-3727/? I/audio_hw_primary: get_input_snd_device_id device:0xc
09-03 23:00:28.311 3093-3727/? V/audio_hw_primary: select_devices output_scenario:0 input_scenario:36 out_snd_device 0x2 in_snd_device:0xc
09-03 23:00:28.311 3093-3727/? I/audio_hw_primary: select_devices - do not update mixer_path
09-03 23:00:28.311 3093-3727/? D/AudioFlinger: setCurDevice() 0x2
09-03 23:00:28.311 626-626/? I/GlRootView: attachLayer = com.sec.samsung.gallery.glview.composeView.GlComposeAlbumView@bfc5ee, new = com.sec.samsung.gallery.glview.composeView.GlComposeSplitView@b50be38, type = 1
09-03 23:00:28.311 626-626/? I/GlRootView: exit attachLayer
09-03 23:00:28.311 626-24866/? D/ComposeViewDataLoader: checkIncreaseAlbumSet start
09-03 23:00:28.311 626-24866/? D/ComposeViewDataLoader: loadSet done old = 13, new = 13
09-03 23:00:28.311 626-24866/? D/ComposeViewDataLoader: loadCoveritems count =0, updS = 7, updE = 0
09-03 23:00:28.311 626-24866/? D/ComposeViewDataLoader: loadCoveritems count =0, updS = 7, updE = 0
09-03 23:00:28.311 626-24868/? E/NFC: isAndroidBeamAllowed - Begin
09-03 23:00:28.311 626-24868/? I/NFC: showMsg is false
09-03 23:00:28.311 3633-3649/? D/SecContentProvider: query(), uri = 15 selection = isAndroidBeamAllowed
09-03 23:00:28.321 3633-5622/? V/BroadcastQueue: [background] Process cur broadcast BroadcastRecord{1120342 u0 com.samsung.android.providers.context.log.action.USE_APP_FEATURE_SURVEY qIdx=4}, state= (APP_RECEIVE) DELIVERED for app ProcessRecord{5e94ccc 5869:com.samsung.android.providers.context/u0a380}
09-03 23:00:28.321 626-626/? I/Gallery_Performance: PhotoSplitViewState onResume End
09-03 23:00:28.321 626-24845/? D/CpuBoostScrollCmd: Scroll Boost Release
09-03 23:00:28.321 626-24868/? E/NFC: isAndroidBeamAllowed - Begin
09-03 23:00:28.321 626-24868/? I/NFC: showMsg is false
09-03 23:00:28.331 3633-5622/? V/BroadcastQueue: [background] Process cur broadcast BroadcastRecord{8b5af53 u0 com.samsung.android.providers.context.log.action.REPORT_APP_STATUS_SURVEY qIdx=4}, state= (APP_RECEIVE) DELIVERED for app ProcessRecord{5e94ccc 5869:com.samsung.android.providers.context/u0a380}
09-03 23:00:28.331 3633-5607/? D/SecContentProvider: query(), uri = 15 selection = isAndroidBeamAllowed
09-03 23:00:28.331 626-24842/? I/GlRootView: enter replaceLayer = com.sec.samsung.gallery.glview.composeView.GlComposeAlbumView@bfc5ee, new = com.sec.samsung.gallery.glview.composeView.GlComposeSplitView@b50be38, type = 1
09-03 23:00:28.331 626-24842/? I/GlLayer: pause = com.sec.samsung.gallery.glview.composeView.GlComposeAlbumView@bfc5ee, state = 2
09-03 23:00:28.331 626-24842/? I/GlLayer: destroy = com.sec.samsung.gallery.glview.composeView.GlComposeAlbumView@bfc5ee, state = 2
