09-03 22:51:11.681 16838-16838/? I/AllShare(ASF-DMC): ServiceManager.startServiceManager - start kies cp successfully!
09-03 22:51:11.681 16838-16838/? I/AllShare(ASF-DMC): ServiceManager.startServiceManager - Started AllShare Service...taking msec of 36
09-03 22:51:11.681 16838-16838/? D/AllShare(ASF-DMC): ServiceManager.onBind - [ TRACE ] onBind
09-03 22:51:11.681 16838-16838/? I/AllShare(ASF-DMC): ServiceManager.startServiceManager - AllShare Service is ALREADY running...
09-03 22:51:11.681 16838-16838/? D/AllShare(ASF-DMC): ServiceManager.bindServiceManager - SubscriberID : com.sec.android.gallery3d
09-03 22:51:11.681 3093-5633/? I/OMXCodec: Successfully allocated OMX node 'OMX.google.vorbis.decoder'
09-03 22:51:11.681 3093-5633/? I/OMXCodec: >>>UHQA initOutputFormat 16
09-03 22:51:11.681 3093-5633/? I/OMXCodec: [OMX.google.vorbis.decoder] OMXCodec::start mState=1
09-03 22:51:11.681 3093-5633/? I/OMXCodec: [OMX.google.vorbis.decoder] allocating 4 buffers of size 8192 on input port
09-03 22:51:11.681 3093-5633/? I/OMXCodec: [OMX.google.vorbis.decoder] allocating 4 buffers of size 32768 on output port
09-03 22:51:11.691 626-22687/? D/GlLayer: setHoverScrollFlexibleHeightMargin264
09-03 22:51:11.691 3093-22729/? I/OMXCodec: [OMX.google.vorbis.decoder] Now Idle. Component sends idle done Event 
09-03 22:51:11.691 3633-4944/? D/NetworkPolicy: isUidForegroundLocked: 10003, mScreenOn: true, uidstate: 16, mProxSensorScreenOff: false
09-03 22:51:11.691 3633-4944/? V/NetworkPolicy: getFirewallRuleWifi UID:10003 policy:0
09-03 22:51:11.691 3093-22729/? I/OMXCodec: [OMX.google.vorbis.decoder] 0onCmdComplete  mState =  7
09-03 22:51:11.691 3093-22729/? I/OMXCodec: [OMX.google.vorbis.decoder] PORT_DISABLED(1)
09-03 22:51:11.691 3093-22729/? I/OMXCodec: >>>UHQA initOutputFormat 16
09-03 22:51:11.691 3093-22729/? I/OMXCodec: [OMX.google.vorbis.decoder] allocating 4 buffers of size 32768 on output port
09-03 22:51:11.691 16838-16838/? V/AllShare(ASF-DMC): SystemEventMonitor.checkWifiState - WIFI STATE: CONNECTED
09-03 22:51:11.691 16838-22730/? D/AllShare(ASF-DMC): NetworkStatusListener.notifyNICAdded - NIC: wlan0
09-03 22:51:11.691 16838-16838/? V/AllShare(ASF-DMC): SystemEventMonitor.checkP2PState - WIFI P2P STATE: DISCONNECTED
09-03 22:51:11.701 3093-22729/? I/OMXCodec: [OMX.google.vorbis.decoder] End Of Stream
09-03 22:51:11.701 626-626/? I/AllShare(ASF-API): L-d140909 / AllShareConnector.Subscriber onServiceConnected to gallery3d
09-03 22:51:11.701 626-626/? D/AllShare(ASF-API): L-d140909 / AllShareConnector.onConnected to gallery3d
09-03 22:51:11.701 626-626/? I/NearbyClient: ServiceProvider Created : ENABLED
09-03 22:51:11.701 626-626/? D/NearbyClient: setDeviceFinderEventListener. provider and imageviewer
09-03 22:51:11.701 16838-22730/? D/AllShare(ASF-DMC): NetworkStatusListener.getNetworkInfo - finding NetworkInterface wlan0... rmnet_data6
09-03 22:51:11.701 16838-22730/? D/AllShare(ASF-DMC): NetworkStatusListener.getNetworkInfo - finding NetworkInterface wlan0... rmnet_data5
09-03 22:51:11.701 16838-22730/? D/AllShare(ASF-DMC): NetworkStatusListener.getNetworkInfo - finding NetworkInterface wlan0... rmnet_data7
09-03 22:51:11.701 16838-22730/? D/AllShare(ASF-DMC): NetworkStatusListener.getNetworkInfo - finding NetworkInterface wlan0... rmnet_data0
09-03 22:51:11.701 16838-22730/? D/AllShare(ASF-DMC): NetworkStatusListener.getNetworkInfo - finding NetworkInterface wlan0... rmnet_data1
09-03 22:51:11.701 16838-22730/? D/AllShare(ASF-DMC): NetworkStatusListener.getNetworkInfo - finding NetworkInterface wlan0... rmnet_data3
09-03 22:51:11.701 16838-22730/? D/AllShare(ASF-DMC): NetworkStatusListener.getNetworkInfo - finding NetworkInterface wlan0... rmnet_data2
09-03 22:51:11.701 16838-22730/? D/AllShare(ASF-DMC): NetworkStatusListener.getNetworkInfo - finding NetworkInterface wlan0... rmnet_data4
09-03 22:51:11.701 16838-22730/? D/AllShare(ASF-DMC): NetworkStatusListener.getNetworkInfo - finding NetworkInterface wlan0... ip6tnl0
09-03 22:51:11.701 16838-22730/? I/AllShare(ASF-DMC): NetworkStatusListener.getNetworkInfo - NetworkInterface found wlan0 == wlan0
09-03 22:51:11.701 16838-22730/? I/AllShare(ASF-DMC): NetworkStatusListener.getNetworkInfo - InetAddress found 2601:644:401:84e2:fedb:b3ff:fee7:4a45%5 in wlan0
09-03 22:51:11.701 16838-22730/? D/AllShare(ASF-DMC): NetworkStatusListener.getNetworkInfo - skip...this is IPv6: 2601:644:401:84e2:fedb:b3ff:fee7:4a45%5 of false||true ||true
09-03 22:51:11.701 16838-22730/? I/AllShare(ASF-DMC): NetworkStatusListener.getNetworkInfo - InetAddress found fe80::fedb:b3ff:fee7:4a45%wlan0 in wlan0
09-03 22:51:11.701 16838-22730/? D/AllShare(ASF-DMC): NetworkStatusListener.getNetworkInfo - skip...this is IPv6: fe80::fedb:b3ff:fee7:4a45%wlan0 of false||true ||true
09-03 22:51:11.701 3093-5633/? I/SoundExtractor: extract() reached EOS
09-03 22:51:11.701 16838-22730/? I/AllShare(ASF-DMC): NetworkStatusListener.getNetworkInfo - InetAddress found 2601:644:401:84e2:1437:b80f:db2e:8189%5 in wlan0
09-03 22:51:11.701 16838-22730/? D/AllShare(ASF-DMC): NetworkStatusListener.getNetworkInfo - skip...this is IPv6: 2601:644:401:84e2:1437:b80f:db2e:8189%5 of false||true ||true
09-03 22:51:11.701 3093-5633/? I/OMXCodec: [OMX.google.vorbis.decoder] stop mState=4
09-03 22:51:11.701 16838-22730/? I/AllShare(ASF-DMC): NetworkStatusListener.getNetworkInfo - InetAddress found 10.0.0.4 in wlan0
09-03 22:51:11.701 16838-22730/? I/AllShare(ASF-DMC): NetworkStatusListener.getNetworkInfo - this is IPv4 we want: 10.0.0.4 in wlan0
09-03 22:51:11.701 3093-5633/? I/OMXCodec: [OMX.google.vorbis.decoder] stop() sendCommand(2594, OMX_CommandStateSet, OMX_StateIdle)
09-03 22:51:11.701 16838-22730/? D/AllShare(ASF-DMC): NetworkStatusListener.notifyNICAdded - ip: 10.0.0.4, subnet mask: 255.255.255.0
09-03 22:51:11.701 16838-22730/? I/AllShare(ASF_DMC): [JNI] JavaNotifyNICAdded: 122: Enter JavaNotifyNICAdded
09-03 22:51:11.701 16838-22730/? V/AllShare(ASF_DMC): [NETWORK_LAYER] OnNetworkChanged: 205: ServerManager::OnNetworkChanged:NIC_ADDED
09-03 22:51:11.701 3093-22729/? I/OMXCodec: [OMX.google.vorbis.decoder] Now Idle. Component sends idle done Event 
09-03 22:51:11.701 16838-22730/? D/AllShare(ASF_DMC): [NETWORK_LAYER] Start: 141: TCPServer Started: 10.0.0.4:8187
09-03 22:51:11.701 16838-22730/? D/AllShare(ASF_DMC): [NETWORK_LAYER] Start: 85: listen_address [10.0.0.4]
09-03 22:51:11.701 3093-5633/? I/OMXCodec: [OMX.google.vorbis.decoder] stopOmxComponent_l() mstate = 1
09-03 22:51:11.701 3093-5633/? I/OggExtractor: OggSource::stop() mExtractor ref count = 1
09-03 22:51:11.701 3093-5633/? I/OggExtractor: OggSource::~OggSource() mExtractor !mStarted ref count = 1
09-03 22:51:11.701 3093-5633/? I/OggExtractor: ~OggSource --
09-03 22:51:11.701 3093-5633/? I/OggExtractor: ~OggExtractor ++
09-03 22:51:11.701 3093-5633/? I/OggExtractor: ~MyOggExtractor ++ 
09-03 22:51:11.701 626-626/? D/NearbyClient: refresh device list
09-03 22:51:11.701 626-626/? I/AllShare(ASF-API): L-d140909 / MediaDeviceFinderImpl.refresh
09-03 22:51:11.701 3093-5633/? I/OggExtractor: ~MyOggExtractor --
09-03 22:51:11.701 3093-5633/? I/OggExtractor: ~OggExtractor --
09-03 22:51:11.701 16838-22730/? D/AllShare(ASF_DMC): [NETWORK_LAYER] Start: 112: New MulticastServer::Start() : 239.255.255.250:1900 Started
09-03 22:51:11.701 16838-22730/? D/AllShare(ASF_DMC): [NETWORK_LAYER] Start: 102: UDPServer Started:10.0.0.4:3942
09-03 22:51:11.701 16838-17249/? I/AllShare(ASF_DMC): [JNI] rescanDeviceByAppID: 469: Meet unregister app id when rescan !
09-03 22:51:11.701 16838-17249/? V/AllShare(ASF_DMC): [CP_DISCOVERY] Rescan: 449: Sending Rescan.
09-03 22:51:11.701 16838-22730/? V/AllShare(ASF_DMC): [NETWORK_LAYER] NotifyNICIfEvent: 1124: 2 event listeners are notified!!!
09-03 22:51:11.701 16838-22730/? D/AllShare(ASF-DMC): DeviceSubscriber.eventNotifyReceived - receive system event: com.sec.android.allshare.event.EVENT_WIFI_ENABLED
09-03 22:51:11.701 16838-22701/? D/AllShare(ASF_DMC): [NETWORK_LAYER] NotifyNICEventByID: 1204: Notifying NIC Change 0 for wlan0 listener_id 0
09-03 22:51:11.701 16838-22702/? D/AllShare(ASF_DMC): [NETWORK_LAYER] NotifyNICEventByID: 1204: Notifying NIC Change 0 for wlan0 listener_id 1
09-03 22:51:11.701 16838-22730/? D/AllShare(ASF-DMC): NetworkStatusListener.notifyNICRemoved - NIC: p2p-wlan0-0
09-03 22:51:11.701 16838-22702/? D/AllShare(ASF_DMC): [STREAMING] OnNetworkChanged: 155: NW event arrived for interface name wlan0
09-03 22:51:11.701 16838-22701/? D/AllShare(ASF_DMC): [CP_DISCOVERY] OnNetworkChanged: 53: Received NIC change event [0] for [wlan0]
09-03 22:51:11.701 16838-22730/? I/AllShare(ASF_DMC): [JNI] JavaNotifyNICRemoved: 137: Enter JavaNotifyNICRemoved
09-03 22:51:11.701 16838-22730/? I/AllShare(ASF_DMC): [NETWORK_LAYER] NotifyNICRemoved: 1078: Interface [p2p-wlan0-0] is already removed!!
09-03 22:51:11.701 16838-22701/? V/AllShare(ASF_DMC): [CP_DISCOVERY] Rescan: 449: Sending Rescan.
09-03 22:51:11.701 16838-22730/? D/AllShare(ASF-DMC): DeviceSubscriber.eventNotifyReceived - receive system event: com.sec.android.allshare.event.EVENT_WIFI_P2P_DISABLED
09-03 22:51:11.701 626-22691/? V/MediaPlayer: decode(69, 0, 4705)
09-03 22:51:11.701 626-626/? I/AllShare(ASF-API): L-d140909 / MediaDeviceFinderImpl.getDevices - type[DEVICE_PROVIDER], domain[LOCAL_NETWORK]
09-03 22:51:11.701 16838-16850/? V/AllShare(ASF_DMC): [CP_DISCOVERY] GetDeviceList: 165: interesting device list empty
09-03 22:51:11.701 16838-16850/? I/AllShare(ASF_DMC): [JNI] getDeviceList: 398: getDeviceListFromGenericCP Failed,  [-1020] - can't find device
09-03 22:51:11.701 16838-16850/? I/AllShare(ASF_DMC): [JNI] getDeviceListJNI: 308: pDeviceList == NULL
09-03 22:51:11.701 16838-16850/? W/AllShare(ASF-DMC): DeviceListManagerWrapper.getDeviceList - Get device list with type[2] failed
09-03 22:51:11.711 626-626/? I/AllShare(ASF-API): L-d140909 / MediaDeviceFinderImpl.getDevices - type[DEVICE_IMAGEVIEWER], domain[LOCAL_NETWORK]
09-03 22:51:11.711 16838-17035/? V/AllShare(ASF_DMC): [CP_DISCOVERY] GetDeviceList: 165: interesting device list empty
09-03 22:51:11.711 16838-17035/? I/AllShare(ASF_DMC): [JNI] getDeviceList: 398: getDeviceListFromGenericCP Failed,  [-1020] - can't find device
09-03 22:51:11.711 16838-17035/? I/AllShare(ASF_DMC): [JNI] getDeviceListJNI: 308: pDeviceList == NULL
09-03 22:51:11.711 16838-17035/? W/AllShare(ASF-DMC): DeviceListManagerWrapper.getDeviceList - Get device list with type[1] failed
09-03 22:51:11.711 626-626/? D/NearbyClient: device count : 0 Provider : 0 ImageViewer : 0
09-03 22:51:11.711 3093-3749/? I/OggExtractor: OggSource::OggSource() mExtractor ref count = 4
09-03 22:51:11.711 3093-3749/? I/OMXCodec: Attempting to allocate OMX node 'OMX.google.vorbis.decoder'
09-03 22:51:11.711 3093-3749/? I/OMXCodec: Successfully allocated OMX node 'OMX.google.vorbis.decoder'
09-03 22:51:11.711 3093-3749/? I/OMXCodec: >>>UHQA initOutputFormat 16
09-03 22:51:11.711 3093-3749/? I/OMXCodec: [OMX.google.vorbis.decoder] OMXCodec::start mState=1
09-03 22:51:11.711 3093-3749/? I/OMXCodec: [OMX.google.vorbis.decoder] allocating 4 buffers of size 8192 on input port
09-03 22:51:11.711 3093-3749/? I/OMXCodec: [OMX.google.vorbis.decoder] allocating 4 buffers of size 32768 on output port
09-03 22:51:11.711 3093-22732/? I/OMXCodec: [OMX.google.vorbis.decoder] Now Idle. Component sends idle done Event 
09-03 22:51:11.711 3093-22732/? I/OMXCodec: [OMX.google.vorbis.decoder] End Of Stream
09-03 22:51:11.711 3093-22732/? I/OMXCodec: [OMX.google.vorbis.decoder] 0onCmdComplete  mState =  7
09-03 22:51:11.711 3093-22732/? I/OMXCodec: [OMX.google.vorbis.decoder] PORT_DISABLED(1)
09-03 22:51:11.711 3093-22732/? I/OMXCodec: >>>UHQA initOutputFormat 16
09-03 22:51:11.711 3093-22732/? I/OMXCodec: [OMX.google.vorbis.decoder] allocating 4 buffers of size 32768 on output port
09-03 22:51:11.711 3093-3749/? I/SoundExtractor: extract() reached EOS
09-03 22:51:11.711 3093-3749/? I/OMXCodec: [OMX.google.vorbis.decoder] stop mState=4
09-03 22:51:11.711 3093-3749/? I/OMXCodec: [OMX.google.vorbis.decoder] stop() sendCommand(2595, OMX_CommandStateSet, OMX_StateIdle)
09-03 22:51:11.711 3093-22732/? I/OMXCodec: [OMX.google.vorbis.decoder] Now Idle. Component sends idle done Event 
09-03 22:51:11.711 3093-3749/? I/OMXCodec: [OMX.google.vorbis.decoder] stopOmxComponent_l() mstate = 1
09-03 22:51:11.711 3093-3749/? I/OggExtractor: OggSource::stop() mExtractor ref count = 1
09-03 22:51:11.711 3093-3749/? I/OggExtractor: OggSource::~OggSource() mExtractor !mStarted ref count = 1
09-03 22:51:11.711 3093-3749/? I/OggExtractor: ~OggSource --
09-03 22:51:11.711 3093-3749/? I/OggExtractor: ~OggExtractor ++
09-03 22:51:11.711 3093-3749/? I/OggExtractor: ~MyOggExtractor ++ 
09-03 22:51:11.711 3093-3749/? I/OggExtractor: ~MyOggExtractor --
09-03 22:51:11.711 3093-3749/? I/OggExtractor: ~OggExtractor --
09-03 22:51:11.741 16838-22708/? V/AllShare(ASF_DMC): [CP_DISCOVERY] SendDeviceDescriptionRequest: 379: Making description request for [uuid:a784f457-142a-cad5-fcc0-ecd2a10ca09b+wlan0]
09-03 22:51:11.741 16838-22708/? D/AllShare(ASF_DMC): [CP_DISCOVERY] OnUDPRequestReceived: 203: Recv M-SEARCH res from NEW dev [uuid:a784f457-142a-cad5-fcc0-ecd2a10ca09b+wlan0] client_ip = [10.0.0.1] Interface ip [10.0.0.4]
09-03 22:51:11.761 16838-22713/? V/AllShare(ASF_DMC): [CP_DISCOVERY] PopulateServiceDescription: 350: Sent request for 1 services
09-03 22:51:11.801 16838-22713/? I/AllShare(ASF_DMC): [CP_DISCOVERY] OnResponseReceived: 183: service description received
09-03 22:51:11.801 16838-22713/? V/AllShare(ASF_DMC): [CP_DISCOVERY] ServiceDescriptionReceived: 550: All services available for device uuid:a784f457-142a-cad5-fcc0-ecd2a10ca09b+wlan0 
09-03 22:51:11.901 3633-3633/? D/CustomFrequencyManagerService: releaseDVFSLockLocked : Getting Lock type frm List : DVFS_MIN_LIMIT  frequency : 1800000  uid : 1000  pid : 3633  tag : ACTIVITY_RESUME_BOOSTER@9
09-03 22:51:11.961 5169-5363/? D/NetworkController.MobileSignalController(0/4): onSignalStrengthsChanged signalStrength=SignalStrength: 99 99 -120 -160 -120 -1 -1 19 -106 -10 100 -1 2147483647 0x2000 gsm|lte level=2
09-03 22:51:11.961 5169-5363/? D/NetworkController.MobileSignalController(0/4): getMobileIconGroup(): 13
09-03 22:51:11.961 5169-5363/? D/NetworkController.MobileSignalController(0/4): updateCMCCMobileIconGroup(): 13
09-03 22:51:11.991 3633-4468/? D/InputReader: Input event(3): value=1 when=153109096996000
09-03 22:51:11.991 3633-4468/? D/InputReader: Input event(3): value=1 when=153109096996000
09-03 22:51:11.991 3633-4468/? I/InputReader: Touch event's action is 0x0 (deviceType=0) [pCnt=1, s=0.11681 ] when=153109096996000
09-03 22:51:11.991 3633-4468/? D/InputReader: lastThreadEndTime = 153108269578715, currentThreadStartTime = 153108269583257, diff = 0
09-03 22:51:11.991 3633-4467/? I/InputDispatcher: Delivering touch to (19026): action: 0x4, toolType: 1
09-03 22:51:11.991 3633-4467/? I/InputDispatcher: Delivering touch to (626): action: 0x0, toolType: 1
09-03 22:51:11.991 626-626/? D/ViewRootImpl: ViewPostImeInputStage processPointer 0
09-03 22:51:11.991 19026-19026/? D/AutoHideHelper: ###check Single invalid
09-03 22:51:12.001 3633-5622/? D/CustomFrequencyManagerService: acquireDVFSLockLocked : type : DVFS_MIN_LIMIT  frequency : 800000  uid : 1000  pid : 3633  pkgName : GALLERY_LIST_SCROLL@263
09-03 22:51:12.001 626-22687/? D/GlHoverController: onMessage msg = 3
09-03 22:51:12.001 626-22687/? D/GlHoverController: removeHoverView removed message = 0
09-03 22:51:12.001 626-22696/? D/CpuBoostScrollCmd: Scroll Boost CPU Clock
09-03 22:51:12.031 3633-4468/? D/InputReader: Input event(3): value=0 when=153109131276000
09-03 22:51:12.031 3633-4468/? D/InputReader: Input event(3): value=0 when=153109131276000
09-03 22:51:12.031 3633-4468/? I/InputReader: Touch event's action is 0x1 (deviceType=0) [pCnt=1, s=] when=153109131276000
09-03 22:51:12.031 3633-4467/? I/InputDispatcher: Delivering touch to (626): action: 0x1, toolType: 1
09-03 22:51:12.031 626-626/? D/ViewRootImpl: ViewPostImeInputStage processPointer 1
09-03 22:51:12.031 626-626/? E/AlbumViewState: cannot start anmation to PhotoView. bitmap is null
09-03 22:51:12.031 3633-5617/? V/AudioService: AudioService playSoundEffect Type : 10, volume : -1.0
09-03 22:51:12.031 3633-4960/? V/AudioService: received MSG_PLAY_SOUND_EFFECT onPlaySoundEffect start
09-03 22:51:12.031 3093-5635/? I/APM::AudioPolicyManager: getSituationVolume: isBTConnected:0 isHeadConnected:0
09-03 22:51:12.031 626-626/? V/StateManager: startState class com.sec.samsung.gallery.view.photosplitview.PhotoSplitViewState
09-03 22:51:12.031 626-626/? I/Gallery_Performance: AlbumViewState onPause Start
09-03 22:51:12.031 626-626/? I/GlLayer: pause = com.sec.samsung.gallery.glview.composeView.GlComposeAlbumView@245ae44, state = 1
09-03 22:51:12.031 626-626/? I/Gallery_Performance: AlbumViewState onPause End
09-03 22:51:12.031 626-626/? I/Gallery_Performance: PhotoSplitViewState onCreate Start
09-03 22:51:12.031 626-626/? D/ComposeViewDataLoader: checkIncreaseAlbumSet start
09-03 22:51:12.031 626-626/? I/Gallery_Performance: PhotoSplitViewState onCreate End
09-03 22:51:12.031 626-626/? I/Gallery_Performance: PhotoSplitViewState onResume Start
09-03 22:51:12.031 626-626/? D/GlComposeBaseView: GlComposeBaseView = com.sec.samsung.gallery.glview.composeView.GlComposeAlbumPhotoView@fc3625b
09-03 22:51:12.041 3633-3706/? V/BroadcastQueue: [background] Process cur broadcast BroadcastRecord{471e09a u0 com.samsung.android.providers.context.log.action.USE_APP_FEATURE_SURVEY qIdx=4}, state= (APP_RECEIVE) DELIVERED for app ProcessRecord{5e94ccc 5869:com.samsung.android.providers.context/u0a380}
09-03 22:51:12.041 626-626/? D/GlComposeBaseView: GlComposeBaseView = com.sec.samsung.gallery.glview.composeView.GlComposeSplitView@b8acaf8
09-03 22:51:12.041 3633-3648/? V/BroadcastQueue: [background] Process cur broadcast BroadcastRecord{807bdcb u0 com.samsung.android.providers.context.log.action.USE_APP_FEATURE_SURVEY qIdx=4}, state= (APP_RECEIVE) DELIVERED for app ProcessRecord{5e94ccc 5869:com.samsung.android.providers.context/u0a380}
09-03 22:51:12.051 3093-4168/? W/AudioPolicyIntefaceImpl: Skipped to add effects on session 1042
09-03 22:51:12.051 3093-4168/? I/APM::AudioPolicyManager: startOutput() output 4, stream 1, session 1042
09-03 22:51:12.051 3093-3727/? D/audio_hw_primary: out_set_parameters: enter: kvpairs: routing=2
09-03 22:51:12.051 3093-3727/? I/audio_hw_primary: out_set_parameters adev->out_device:2
09-03 22:51:12.051 3093-3727/? I/audio_hw_primary: is_voice_wakeup : ret =  1  , wakeup_baby_cry_enabled = 0  ,  wakeup_mic_enabled = 1 
09-03 22:51:12.051 3093-3727/? I/audio_hw_primary: get_scenario : scenario_type = 36
09-03 22:51:12.051 3093-3727/? I/audio_hw_primary: get_input_snd_device_id device:0xc
09-03 22:51:12.051 3093-3727/? V/audio_hw_primary: select_devices output_scenario:0 input_scenario:36 out_snd_device 0x2 in_snd_device:0xc
09-03 22:51:12.051 3093-3727/? I/audio_hw_primary: select_devices - do not update mixer_path
09-03 22:51:12.051 3093-3727/? D/AudioFlinger: setCurDevice() 0x2
09-03 22:51:12.051 626-626/? I/GlRootView: attachLayer = com.sec.samsung.gallery.glview.composeView.GlComposeAlbumView@245ae44, new = com.sec.samsung.gallery.glview.composeView.GlComposeSplitView@b8acaf8, type = 1
09-03 22:51:12.051 626-626/? I/GlRootView: exit attachLayer
09-03 22:51:12.051 626-22734/? D/ComposeViewDataLoader: checkIncreaseAlbumSet start
09-03 22:51:12.051 626-22734/? D/ComposeViewDataLoader: loadSet done old = 13, new = 13
09-03 22:51:12.051 626-22734/? D/ComposeViewDataLoader: loadCoveritems count =0, updS = 7, updE = 0
09-03 22:51:12.051 626-22734/? D/ComposeViewDataLoader: loadCoveritems count =0, updS = 7, updE = 0
09-03 22:51:12.061 626-22736/? E/NFC: isAndroidBeamAllowed - Begin
09-03 22:51:12.061 626-22736/? I/NFC: showMsg is false
09-03 22:51:12.061 3633-5617/? D/SecContentProvider: query(), uri = 15 selection = isAndroidBeamAllowed
09-03 22:51:12.061 3633-3648/? V/BroadcastQueue: [background] Process cur broadcast BroadcastRecord{d21d9a8 u0 com.samsung.android.providers.context.log.action.USE_APP_FEATURE_SURVEY qIdx=4}, state= (APP_RECEIVE) DELIVERED for app ProcessRecord{5e94ccc 5869:com.samsung.android.providers.context/u0a380}
09-03 22:51:12.071 626-22736/? E/NFC: isAndroidBeamAllowed - Begin
09-03 22:51:12.071 626-22736/? I/NFC: showMsg is false
09-03 22:51:12.071 3633-5273/? D/SecContentProvider: query(), uri = 15 selection = isAndroidBeamAllowed
09-03 22:51:12.081 626-626/? I/Gallery_Performance: PhotoSplitViewState onResume End
09-03 22:51:12.081 3633-5254/? D/CustomFrequencyManagerService: releaseDVFSLockLocked : Getting Lock type frm List : DVFS_MIN_LIMIT  frequency : 800000  uid : 1000  pid : 3633  tag : GALLERY_LIST_SCROLL@263
09-03 22:51:12.081 626-22687/? I/GlRootView: enter replaceLayer = com.sec.samsung.gallery.glview.composeView.GlComposeAlbumView@245ae44, new = com.sec.samsung.gallery.glview.composeView.GlComposeSplitView@b8acaf8, type = 1
09-03 22:51:12.081 626-22687/? I/GlLayer: pause = com.sec.samsung.gallery.glview.composeView.GlComposeAlbumView@245ae44, state = 2
09-03 22:51:12.081 626-22687/? I/GlLayer: destroy = com.sec.samsung.gallery.glview.composeView.GlComposeAlbumView@245ae44, state = 2
09-03 22:51:12.081 626-22687/? D/GlComposeView: setAdapter = com.sec.samsung.gallery.view.adapter.ComposeAlbumSetAdapter@70b886b, new = null
09-03 22:51:12.081 626-626/? I/InjectionManager: dispatchCreateOptionsMenu :com.sec.android.gallery3d.app.GalleryActivity
09-03 22:51:12.081 626-626/? I/InjectionManager: dispatchPrepareOptionsMenu :com.sec.android.gallery3d.app.GalleryActivity
09-03 22:51:12.081 626-22696/? D/CpuBoostScrollCmd: Scroll Boost Release
09-03 22:51:12.081 626-22687/? D/GlRootView: isWideMode : false
09-03 22:51:12.081 626-22687/? I/GlLayer: create = com.sec.samsung.gallery.glview.composeView.GlComposeSplitView@b8acaf8, state = 0
09-03 22:51:12.081 626-22687/? E/PositionControllerAlbumPhoto: resetAttributes :: mTitleCanvsH : 160 mTitleCanvsW:0
09-03 22:51:12.081 626-22687/? D/GlLayer: setHoverScrollFlexibleHeightMargin264
09-03 22:51:12.081 626-22687/? I/GlLayer: create = com.sec.samsung.gallery.glview.composeView.GlComposeAlbumPhotoView@fc3625b, state = 0
09-03 22:51:12.081 626-22687/? E/PositionControllerAlbumPhoto: resetAttributes :: mTitleCanvsH : 128 mTitleCanvsW:0
09-03 22:51:12.081 626-22687/? D/GlLayer: setHoverScrollFlexibleHeightMargin228
09-03 22:51:12.081 626-22687/? D/PhotoSplitViewState: onViewInitialize
09-03 22:51:12.081 3633-3706/? V/BroadcastQueue: [background] Process cur broadcast BroadcastRecord{7ab0cc1 u0 com.samsung.android.providers.context.log.action.REPORT_APP_STATUS_SURVEY qIdx=4}, state= (APP_RECEIVE) DELIVERED for app ProcessRecord{5e94ccc 5869:com.samsung.android.providers.context/u0a380}
09-03 22:51:12.081 626-22687/? D/GlComposeView: setAdapter = null, new = com.sec.samsung.gallery.view.adapter.ComposePhotoViewAlbumSetAdapter@589c1d3
09-03 22:51:12.081 626-22687/? D/ComposeViewDataLoader: applyViewListener = com.sec.samsung.gallery.glview.composeView.GlComposeView$2@e80110, count = -1, notiCount = -1
09-03 22:51:12.081 626-22687/? D/GlComposeView: onSizeChanged= 13
09-03 22:51:12.081 626-22687/? D/GlComposeView: setAdapter = null, new = com.sec.samsung.gallery.view.adapter.ComposeMediaItemAdapter@57b8409
09-03 22:51:12.081 626-22687/? I/GlLayer: resume = com.sec.samsung.gallery.glview.composeView.GlComposeSplitView@b8acaf8, state = 1
09-03 22:51:12.081 626-22687/? I/GlRootView: exit replaceLayer
09-03 22:51:12.091 626-22735/? D/ComposeViewDataLoader: applyViewListener = null, count = 100, notiCount = -1
09-03 22:51:12.091 626-22734/? D/ComposeViewDataLoader: loadCoveritems count =0, updS = 5, updE = 0
09-03 22:51:12.091 626-22735/? D/GlComposeView: onSizeChanged= 100
09-03 22:51:12.091 626-22735/? D/GlComposeView: onContentChanged=0,end=39
09-03 22:51:12.101 626-22687/? W/PositionControllerAlbumPhoto: update left albumType : -2
09-03 22:51:12.131 626-22687/? W/PositionControllerAlbumPhoto: update left albumType : -2
09-03 22:51:12.131 626-22687/? W/PositionControllerAlbumPhoto: update left albumType : -2
09-03 22:51:12.131 626-22687/? W/PositionControllerAlbumPhoto: update left albumType : -2
09-03 22:51:12.131 626-22687/? W/PositionControllerAlbumPhoto: update left albumType : -2
09-03 22:51:12.141 3093-3624/? I/APM::AudioPolicyManager: stopOutput() output 4, stream 1, session 1042
09-03 22:51:12.151 626-22687/? D/GlComposePhotoView: updateSize = 100
09-03 22:51:12.151 626-626/? D/PhotoViewEventHandle: onAlbumClick: 2-th album selected
09-03 22:51:12.151 626-626/? D/PhotoViewEventHandle: onAlbumClick: 2-th album selected
09-03 22:51:12.171 626-626/? I/InjectionManager: dispatchCreateOptionsMenu :com.sec.android.gallery3d.app.GalleryActivity
09-03 22:51:12.171 626-626/? I/InjectionManager: dispatchPrepareOptionsMenu :com.sec.android.gallery3d.app.GalleryActivity
09-03 22:51:12.191 5248-5248/? D/Recents: onTaskStackChanged
09-03 22:51:12.931 3633-4468/? D/InputReader: Input event(3): value=1 when=153110028938000
09-03 22:51:12.931 3633-4468/? D/InputReader: Input event(3): value=1 when=153110028938000
09-03 22:51:12.931 3633-4468/? I/InputReader: Touch event's action is 0x0 (deviceType=0) [pCnt=1, s=0.11682 ] when=153110028938000
09-03 22:51:12.931 3633-4468/? D/InputReader: lastThreadEndTime = 153109131581049, currentThreadStartTime = 153109131584507, diff = 0
09-03 22:51:12.931 3633-4467/? I/InputDispatcher: Delivering touch to (19026): action: 0x4, toolType: 1
09-03 22:51:12.931 3633-4467/? I/InputDispatcher: Delivering touch to (626): action: 0x0, toolType: 1
09-03 22:51:12.931 11193-27600/? D/QPSingleUpdEngine: [E]Engine started
09-03 22:51:12.931 11193-27600/? I/QPSingleUpdEngine: [E]updateFileDirInit
09-03 22:51:12.931 626-626/? D/ViewRootImpl: ViewPostImeInputStage processPointer 0
09-03 22:51:12.931 11193-27600/? D/QPSingleUpdEngine: [E]Begin Request
09-03 22:51:12.931 19026-19026/? D/AutoHideHelper: ###check Single invalid
09-03 22:51:12.931 11193-27600/? D/QPSingleUpdEngine: [E]getBaseInfo
09-03 22:51:12.931 11193-16976/? D/QPSingleUpdEngine: [E]Engine started
09-03 22:51:12.931 11193-16976/? I/QPSingleUpdEngine: [E]updateFileDirInit
09-03 22:51:12.931 11193-16976/? D/QPSingleUpdEngine: [E]Begin Request
09-03 22:51:12.931 11193-16976/? D/QPSingleUpdEngine: [E]getBaseInfo
09-03 22:51:12.931 3633-5548/? D/CustomFrequencyManagerService: acquireDVFSLockLocked : type : DVFS_MIN_LIMIT  frequency : 800000  uid : 1000  pid : 3633  pkgName : GALLERY_LIST_SCROLL@263
09-03 22:51:12.931 11193-27600/? D/QPSingleUpdEngine: [E]1014206071read---->readphonenumberflag = 0
09-03 22:51:12.931 11193-27600/? D/QPSingleUpdEngine: [E]1014206071read---->encodephonenumber = 
09-03 22:51:12.931 3633-5622/? D/ConnectivityService: returning getNetworkInfo for network type 1 : [type: WIFI[] - WIFI, state: CONNECTED/CONNECTED, reason: (unspecified), extra: "HOME-E0A8", roaming: false, failover: false, isAvailable: true]
09-03 22:51:12.941 626-22696/? D/CpuBoostScrollCmd: Scroll Boost CPU Clock
09-03 22:51:12.941 11193-16976/? D/QPSingleUpdEngine: [E]1014206071read---->readphonenumberflag = 0
09-03 22:51:12.941 11193-16976/? D/QPSingleUpdEngine: [E]1014206071read---->encodephonenumber = 
09-03 22:51:12.941 3633-4604/? D/ConnectivityService: returning getNetworkInfo for network type 0 : [type: MOBILE[] - MOBILE, state: DISCONNECTED/DISCONNECTED, reason: (unspecified), extra: (none), roaming: false, failover: false, isAvailable: true]
09-03 22:51:12.941 3633-5550/? D/ConnectivityService: returning getNetworkInfo for network type 1 : [type: WIFI[] - WIFI, state: CONNECTED/CONNECTED, reason: (unspecified), extra: "HOME-E0A8", roaming: false, failover: false, isAvailable: true]
09-03 22:51:12.941 626-22687/? D/GlHoverController: onMessage msg = 3
09-03 22:51:12.941 626-22687/? D/GlHoverController: removeHoverView removed message = 0
09-03 22:51:12.941 3633-5549/? D/ConnectivityService: returning getNetworkInfo for network type 0 : [type: MOBILE[] - MOBILE, state: DISCONNECTED/DISCONNECTED, reason: (unspecified), extra: (none), roaming: false, failover: false, isAvailable: true]
09-03 22:51:12.941 11193-16976/? W/System.err: java.lang.NullPointerException: Attempt to invoke virtual method 'int java.lang.String.length()' on a null object reference
09-03 22:51:12.941 11193-27600/? W/System.err: java.lang.NullPointerException: Attempt to invoke virtual method 'int java.lang.String.length()' on a null object reference
09-03 22:51:12.941 11193-16976/? W/System.err:     at org.json.JSONTokener.nextCleanInternal(JSONTokener.java:116)
09-03 22:51:12.941 11193-16976/? W/System.err:     at org.json.JSONTokener.nextValue(JSONTokener.java:94)
09-03 22:51:12.941 11193-16976/? W/System.err:     at org.json.JSONObject.<init>(JSONObject.java:156)
09-03 22:51:12.941 11193-16976/? W/System.err:     at 	at org.json.JSONObject.<init>(JSONObject.java:173)
09-03 22:51:12.941 11193-27600/? W/System.err:     at org.json.JSONTokener.nextCleanInternal(JSONTokener.java:116)
09-03 22:51:12.941 11193-16976/? W/System.err: com.tencent.mqpsdk.secsrv.MQPEmuDetectService.a(ProGuard:50)	at 
09-03 22:51:12.941 11193-27600/? W/System.err: org.json.JSONTokener.nextValue(JSONTokener.java:94)	at 
09-03 22:51:12.941 11193-16976/? W/System.err: com.tencent.msfmqpsdkbridge.MSFEmuDetectWrapper.a(ProGuard:65)	at 
09-03 22:51:12.941 11193-27600/? W/System.err: org.json.JSONObject.<init>(JSONObject.java:156)	at 
09-03 22:51:12.941 11193-16976/? W/System.err: com.tencent.qqprotect.singleupdate.QPSingleUpdEngine.a(ProGuard:341)	at 
09-03 22:51:12.941 11193-27600/? W/System.err: org.json.JSONObject.<init>(JSONObject.java:173)	at 
09-03 22:51:12.941 11193-16976/? W/System.err:     at com.tencent.qqprotect.singleupdate.QPSingleUpdEngine.a(ProGuard:407)
09-03 22:51:12.941 11193-27600/? W/System.err: com.tencent.mqpsdk.secsrv.MQPEmuDetectService.a(ProGuard:50)	at 
09-03 22:51:12.941 11193-16976/? W/System.err:     at com.tencent.qqprotect.singleupdate.QPSingleUpdEngine.a(ProGuard:145)
09-03 22:51:12.941 11193-27600/? W/System.err: com.tencent.msfmqpsdkbridge.MSFEmuDetectWrapper.a(ProGuard:65)	at 
09-03 22:51:12.941 11193-16976/? W/System.err: com.tencent.qqprotect.singleupdate.QPSingleUpdThread.run(ProGuard:21)	at 
09-03 22:51:12.941 11193-27600/? W/System.err: com.tencent.qqprotect.singleupdate.QPSingleUpdEngine.a(ProGuard:341)
09-03 22:51:12.941 11193-27600/? W/System.err:     at com.tencent.qqprotect.singleupdate.QPSingleUpdEngine.a(ProGuard:407)
09-03 22:51:12.941 11193-27600/? W/System.err:     at com.tencent.qqprotect.singleupdate.QPSingleUpdEngine.a(ProGuard:145)
09-03 22:51:12.941 11193-27600/? W/System.err:     at com.tencent.qqprotect.singleupdate.QPSingleUpdThread.run(ProGuard:21)
09-03 22:51:13.021 11193-16976/? D/QPSingleUpdEngine: [E]new = 2016-09-03 22:51:13.037
09-03 22:51:13.021 11193-16976/? D/QPSingleUpdEngine: [E]getBaseInfo___end
09-03 22:51:13.021 3080-3700/? D/EnterpriseController: netId is 0
09-03 22:51:13.021 3080-3700/? D/Netd: getNetworkForDns: using netid 613 for uid 10247
09-03 22:51:13.031 11193-16976/? D/QPSingleUpdEngine: [E]Start Create Socket!!!
09-03 22:51:13.031 11193-16976/? I/QPSingleUpdEngine: [E]Req/Rsp IOException read or write Error
09-03 22:51:13.031 11193-16976/? I/QPSingleUpdEngine: [E]fuck error!!!
09-03 22:51:13.031 11193-16976/? I/QPSingleUpdEngine: [E]QPSingleUpdThread.run() Exception 3 times!!!
09-03 22:51:13.031 11193-16976/? I/QPSingleUpdEngine: [E]QPSingleUpdThread.run() Exception !!!
09-03 22:51:13.031 11193-27600/? D/QPSingleUpdEngine: [E]new = 2016-09-03 22:51:13.049
09-03 22:51:13.031 11193-27600/? D/QPSingleUpdEngine: [E]getBaseInfo___end
09-03 22:51:13.031 11193-27600/? D/QPSingleUpdEngine: [E]Start Create Socket!!!
09-03 22:51:13.041 11193-27600/? I/QPSingleUpdEngine: [E]Req/Rsp IOException read or write Error
09-03 22:51:13.041 11193-27600/? I/QPSingleUpdEngine: [E]fuck error!!!
09-03 22:51:13.041 11193-27600/? I/QPSingleUpdEngine: [E]QPSingleUpdThread.run() Exception 3 times!!!
09-03 22:51:13.041 11193-27600/? I/QPSingleUpdEngine: [E]QPSingleUpdThread.run() Exception !!!
09-03 22:51:13.041 626-22735/? D/GlComposeView: onContentChanged=40,end=79
09-03 22:51:13.081 626-22735/? D/GlComposeView: onContentChanged=80,end=83
09-03 22:51:13.101 626-22735/? D/GlComposeView: onContentChanged=84,end=87
09-03 22:51:13.131 626-22735/? D/GlComposeView: onContentChanged=88,end=91
09-03 22:51:13.331 5169-5363/? D/NetworkController.MobileSignalController(0/4): onSignalStrengthsChanged signalStrength=SignalStrength: 99 99 -120 -160 -120 -1 -1 19 -106 -13 26 -1 2147483647 0x2000 gsm|lte level=2
09-03 22:51:13.331 5169-5363/? D/NetworkController.MobileSignalController(0/4): getMobileIconGroup(): 13
09-03 22:51:13.331 5169-5363/? D/NetworkController.MobileSignalController(0/4): updateCMCCMobileIconGroup(): 13
09-03 22:51:13.381 3633-4468/? D/InputReader: Input event(3): value=0 when=153110481130000
09-03 22:51:13.381 3633-4468/? D/InputReader: Input event(3): value=0 when=153110481130000
09-03 22:51:13.381 3633-4468/? I/InputReader: Touch event's action is 0x1 (deviceType=0) [pCnt=1, s=] when=153110481130000
09-03 22:51:13.381 3633-4467/? I/InputDispatcher: Delivering touch to (626): action: 0x1, toolType: 1
09-03 22:51:13.381 626-626/? D/ViewRootImpl: ViewPostImeInputStage processPointer 1
09-03 22:51:13.381 3633-5254/? D/CustomFrequencyManagerService: releaseDVFSLockLocked : Getting Lock type frm List : DVFS_MIN_LIMIT  frequency : 800000  uid : 1000  pid : 3633  tag : GALLERY_LIST_SCROLL@263
09-03 22:51:13.381 626-22696/? D/CpuBoostScrollCmd: Scroll Boost Release
09-03 22:51:13.711 16838-22703/? V/AllShare(ASF_DMC): [CP_DISCOVERY] RescanTimerExpiredCallBack: 310: Creating new thread for invalid device removal. timer_id: 2
09-03 22:51:13.711 16838-22703/? V/AllShare(ASF_DMC): [CP_DISCOVERY] RescanTimerExpiredCallBack: 310: Creating new thread for invalid device removal. timer_id: 3
09-03 22:51:14.281 3633-4468/? D/InputReader: Input event(3): value=1 when=153111386893000
09-03 22:51:14.281 3633-4468/? D/InputReader: Input event(3): value=1 when=153111386893000
09-03 22:51:14.281 3633-4468/? I/InputReader: Touch event's action is 0x0 (deviceType=0) [pCnt=1, s=0.11683 ] when=153111386893000
09-03 22:51:14.281 3633-4468/? D/InputReader: lastThreadEndTime = 153110481492091, currentThreadStartTime = 153110481497674, diff = 0
09-03 22:51:14.281 3633-4467/? I/InputDispatcher: Delivering touch to (19026): action: 0x4, toolType: 1
09-03 22:51:14.281 3633-4467/? I/InputDispatcher: Delivering touch to (626): action: 0x0, toolType: 1
09-03 22:51:14.281 626-626/? D/ViewRootImpl: ViewPostImeInputStage processPointer 0
09-03 22:51:14.291 19026-19026/? D/AutoHideHelper: ###check Single invalid
09-03 22:51:14.301 3633-5548/? D/CustomFrequencyManagerService: acquireDVFSLockLocked : type : DVFS_MIN_LIMIT  frequency : 800000  uid : 1000  pid : 3633  pkgName : GALLERY_LIST_SCROLL@263
09-03 22:51:14.301 626-22687/? D/GlHoverController: onMessage msg = 3
09-03 22:51:14.301 626-22687/? D/GlHoverController: removeHoverView removed message = 0
09-03 22:51:14.301 626-22696/? D/CpuBoostScrollCmd: Scroll Boost CPU Clock
09-03 22:51:14.381 626-22735/? D/GlComposeView: onContentChanged=92,end=95
09-03 22:51:14.411 626-22735/? D/GlComposeView: onContentChanged=96,end=99
09-03 22:51:14.791 3633-4468/? D/InputReader: Input event(3): value=0 when=153111897239000
09-03 22:51:14.791 3633-4468/? D/InputReader: Input event(3): value=0 when=153111897239000
09-03 22:51:14.791 3633-4468/? I/InputReader: Touch event's action is 0x1 (deviceType=0) [pCnt=1, s=] when=153111897239000
09-03 22:51:14.791 3633-4467/? I/InputDispatcher: Delivering touch to (626): action: 0x1, toolType: 1
09-03 22:51:14.791 626-626/? D/ViewRootImpl: ViewPostImeInputStage processPointer 1
09-03 22:51:14.791 3633-7848/? D/CustomFrequencyManagerService: acquireDVFSLockLocked : type : DVFS_MIN_LIMIT  frequency : 800000  uid : 1000  pid : 3633  pkgName : GESTURE_DETECTED@CPU_MIN@34
09-03 22:51:14.791 3633-7848/? D/CustomFrequencyManagerService: releaseDVFSLockLocked : Getting Lock type frm List : DVFS_MIN_LIMIT  frequency : 800000  uid : 1000  pid : 3633  tag : GESTURE_DETECTED@CPU_MIN@34
09-03 22:51:14.791 3633-5550/? D/CustomFrequencyManagerService: releaseDVFSLockLocked : Getting Lock type frm List : DVFS_MIN_LIMIT  frequency : 800000  uid : 1000  pid : 3633  tag : GALLERY_LIST_SCROLL@263
09-03 22:51:14.791 626-22696/? D/CpuBoostScrollCmd: Scroll Boost Release
09-03 22:51:14.791 3633-7848/? D/CustomFrequencyManagerService: acquireDVFSLockLocked : type : DVFS_MIN_LIMIT  frequency : 800000  uid : 1000  pid : 3633  pkgName : GESTURE_DETECTED@CPU_MIN@34
09-03 22:51:14.831 3633-5273/? D/BatteryService: !@BatteryListener : batteryPropertiesChanged!
09-03 22:51:14.831 3633-5273/? D/BatteryService: level:60, scale:100, status:2, health:2, present:true, voltage: 3916, temperature: 258, technology: Li-ion, AC powered:false, USB powered:true, POGO powered:false, Wireless powered:false, icon:17303413, invalid charger:0, maxChargingCurrent:0
09-03 22:51:14.831 3633-5273/? D/BatteryService: online:4, current avg:80, charge type:1, power sharing:false, high voltage charger:false, capacity:280000, batterySWSelfDischarging:false, current_now:-22
09-03 22:51:14.831 3633-3633/? D/BatteryService: Sending ACTION_BATTERY_CHANGED.
09-03 22:51:14.841 3633-3633/? I/MotionRecognitionService: Plugged
09-03 22:51:14.841 3633-3633/? D/MotionRecognitionService:   cableConnection= 1
09-03 22:51:14.841 3633-3633/? D/MotionRecognitionService: setPowerConnected | current backoffstate  = 1024 , state =1024
09-03 22:51:14.841 3633-3633/? D/MotionRecognitionService: skip setTransmitPower. 
09-03 22:51:14.841 5169-5169/? D/KeyguardUpdateMonitor: received broadcast android.intent.action.BATTERY_CHANGED
09-03 22:51:14.841 5169-5169/? D/KeyguardUpdateMonitor: handleBatteryUpdate
09-03 22:51:14.841 5199-5199/? D/CommonServiceConfiguration: getStringValueSetting
09-03 22:51:14.841 5169-5169/? D/PowerUI: priorPlugType = 2 mPlugType =  2
09-03 22:51:14.841 5169-5169/? D/PowerUI.Notification: showChargingNotice oldChargingType : 1 currentChargingType : 1 oldChargingTime : 8734000 mChargingTime : 8709000
09-03 22:51:14.841 5169-5169/? D/PowerUI.Notification: showChargingNotification()
09-03 22:51:14.851 5199-5199/? D/BatteryMonitor: new battery level: 60
09-03 22:51:14.851 3633-5548/? D/ApplicationPolicy: isStatusBarNotificationAllowedAsUser: packageName = com.android.systemui,userId = -1
09-03 22:51:14.861 5169-5169/? D/BatteryMeterView: ACTION_BATTERY_CHANGED : level:60 status:2 health:2
09-03 22:51:14.861 5169-5169/? D/BatteryMeterView: ACTION_BATTERY_CHANGED : level:60 status:2 health:2
09-03 22:51:14.861 5169-5169/? D/CoverUpdateMonitor: received broadcast android.intent.action.BATTERY_CHANGED
09-03 22:51:14.861 3633-3633/? D/MARsPolicyManager: NotificationListenerService OngoingNotificationPosted : com.android.systemui
09-03 22:51:14.881 5169-5169/? W/ResourcesManager: getTopLevelResources: /system/priv-app/SystemUI/SystemUI.apk / 1.0 running in com.android.systemui rsrc of package com.android.systemui
09-03 22:51:14.881 5169-5169/? D/PhoneStatusBar: setAreThereNotifications: N=2 any=true clearable=false
09-03 22:51:15.111 3093-3727/? I/audio_hw_primary: do_out_standby +
09-03 22:51:15.131 3093-3727/? D/audio_hw_primary: output_devices devices:0
09-03 22:51:15.131 3093-3727/? D/audio_hw_primary: output_devices devices:0
09-03 22:51:15.131 3093-3727/? I/audio_hw_primary: is_voice_wakeup : ret =  1  , wakeup_baby_cry_enabled = 0  ,  wakeup_mic_enabled = 1 
09-03 22:51:15.131 3093-3727/? I/audio_hw_primary: get_scenario : scenario_type = 36
09-03 22:51:15.131 3093-3727/? I/audio_hw_primary: get_input_snd_device_id device:0xc
09-03 22:51:15.131 3093-3727/? V/audio_hw_primary: select_devices output_scenario:-1 input_scenario:36 out_snd_device 0x0 in_snd_device:0xc
09-03 22:51:15.131 3093-3727/? I/audio_hw_primary: set_spk_rx_mute mute(1), rx val=0
09-03 22:51:15.131 3093-3727/? I/audio_route: > audio_route_reset :
09-03 22:51:15.131 3093-3727/? I/audio_route: > audio_route_apply_path : "voice_control-mic"
09-03 22:51:15.131 3093-3727/? V/audio_hw_primary: select_devices() input_route "voice_control-mic" 
09-03 22:51:15.131 3093-3727/? I/audio_route: > audio_route_apply_path : "gain-voice_control-mic"
09-03 22:51:15.131 3093-3727/? V/audio_hw_primary: select_devices() input_gain "gain-voice_control-mic" 
09-03 22:51:15.131 3093-3727/? I/audio_route: > audio_route_update_mixer : +
09-03 22:51:15.141 3093-3727/? I/audio_route: > audio_route_update_mixer : changed(7) -
09-03 22:51:15.141 3093-3727/? V/audio_hw_primary: select_devices : set seamless_buf_offset
09-03 22:51:15.141 3093-3727/? I/audio_route: > audio_values_apply_path : "seamless_buf_offset"
09-03 22:51:15.141 3093-3727/? I/audio_hw_primary: select_devices - 
09-03 22:51:15.141 3093-3727/? I/audio_hw_primary: do_out_standby -
09-03 22:51:15.301 3633-3633/? D/CustomFrequencyManagerService: releaseDVFSLockLocked : Getting Lock type frm List : DVFS_MIN_LIMIT  frequency : 800000  uid : 1000  pid : 3633  tag : GESTURE_DETECTED@CPU_MIN@34
09-03 22:51:15.851 3633-4468/? D/InputReader: Input event(3): value=1 when=153112953305000
09-03 22:51:15.851 3633-4468/? D/InputReader: Input event(3): value=1 when=153112953305000
09-03 22:51:15.851 3633-4468/? I/InputReader: Touch event's action is 0x0 (deviceType=0) [pCnt=1, s=0.11684 ] when=153112953305000
09-03 22:51:15.851 3633-4468/? D/InputReader: lastThreadEndTime = 153111897505258, currentThreadStartTime = 153111897508842, diff = 0
09-03 22:51:15.851 3633-4467/? I/InputDispatcher: Delivering touch to (19026): action: 0x4, toolType: 1
09-03 22:51:15.851 3633-4467/? I/InputDispatcher: Delivering touch to (626): action: 0x0, toolType: 1
09-03 22:51:15.851 19026-19026/? D/AutoHideHelper: ###check Single invalid
09-03 22:51:15.851 626-626/? D/ViewRootImpl: ViewPostImeInputStage processPointer 0
09-03 22:51:15.851 3633-5549/? D/CustomFrequencyManagerService: acquireDVFSLockLocked : type : DVFS_MIN_LIMIT  frequency : 800000  uid : 1000  pid : 3633  pkgName : GALLERY_LIST_SCROLL@263
09-03 22:51:15.851 626-22696/? D/CpuBoostScrollCmd: Scroll Boost CPU Clock
09-03 22:51:15.861 626-22687/? D/GlHoverController: onMessage msg = 3
09-03 22:51:15.861 626-22687/? D/GlHoverController: removeHoverView removed message = 0
09-03 22:51:15.881 5169-5363/? D/NetworkController.MobileSignalController(0/4): onSignalStrengthsChanged signalStrength=SignalStrength: 99 99 -120 -160 -120 -1 -1 19 -105 -10 150 -1 2147483647 0x3000 gsm|lte level=3
09-03 22:51:15.881 5169-5363/? D/NetworkController.MobileSignalController(0/4): getMobileIconGroup(): 13
09-03 22:51:15.881 5169-5363/? D/NetworkController.MobileSignalController(0/4): updateCMCCMobileIconGroup(): 13
09-03 22:51:15.881 5169-5169/? E/SignalClusterView: setSlotFocusVisible : subId 4
09-03 22:51:15.881 5169-5169/? E/SignalClusterView: setSlotFocusVisible : subId 4
09-03 22:51:15.891 5169-5363/? D/NetworkController.MobileSignalController(0/4): onSignalStrengthsChanged signalStrength=SignalStrength: 99 99 -120 -160 -120 -1 -1 19 -105 -10 150 -1 2147483647 0x3000 gsm|lte level=3
09-03 22:51:15.891 5169-5363/? D/NetworkController.MobileSignalController(0/4): getMobileIconGroup(): 13
09-03 22:51:15.891 5169-5363/? D/NetworkController.MobileSignalController(0/4): updateCMCCMobileIconGroup(): 13
09-03 22:51:16.241 3633-4468/? D/InputReader: Input event(3): value=0 when=153113347773000
09-03 22:51:16.241 3633-4468/? D/InputReader: Input event(3): value=0 when=153113347773000
09-03 22:51:16.241 3633-4468/? I/InputReader: Touch event's action is 0x1 (deviceType=0) [pCnt=1, s=] when=153113347773000
09-03 22:51:16.241 3633-4467/? I/InputDispatcher: Delivering touch to (626): action: 0x1, toolType: 1
09-03 22:51:16.241 626-626/? D/ViewRootImpl: ViewPostImeInputStage processPointer 1
09-03 22:51:16.241 3633-5617/? D/CustomFrequencyManagerService: releaseDVFSLockLocked : Getting Lock type frm List : DVFS_MIN_LIMIT  frequency : 800000  uid : 1000  pid : 3633  tag : GALLERY_LIST_SCROLL@263
09-03 22:51:16.251 626-22696/? D/CpuBoostScrollCmd: Scroll Boost Release
09-03 22:51:16.631 3633-4468/? D/InputReader: Input event(3): value=1 when=153113738778000
09-03 22:51:16.631 3633-4468/? D/InputReader: Input event(3): value=1 when=153113738778000
09-03 22:51:16.631 3633-4468/? I/InputReader: Touch event's action is 0x0 (deviceType=0) [pCnt=1, s=0.11685 ] when=153113738778000
09-03 22:51:16.631 3633-4468/? D/InputReader: lastThreadEndTime = 153113348067801, currentThreadStartTime = 153113348071759, diff = 0
09-03 22:51:16.631 3633-4467/? I/InputDispatcher: Delivering touch to (19026): action: 0x4, toolType: 1
09-03 22:51:16.631 3633-4467/? I/InputDispatcher: Delivering touch to (626): action: 0x0, toolType: 1
09-03 22:51:16.641 626-626/? D/ViewRootImpl: ViewPostImeInputStage processPointer 0
09-03 22:51:16.641 19026-19026/? D/AutoHideHelper: ###check Single invalid
09-03 22:51:16.641 3633-3648/? D/CustomFrequencyManagerService: acquireDVFSLockLocked : type : DVFS_MIN_LIMIT  frequency : 800000  uid : 1000  pid : 3633  pkgName : GALLERY_LIST_SCROLL@263
09-03 22:51:16.651 626-22696/? D/CpuBoostScrollCmd: Scroll Boost CPU Clock
09-03 22:51:16.651 626-22687/? D/GlHoverController: onMessage msg = 3
09-03 22:51:16.651 626-22687/? D/GlHoverController: removeHoverView removed message = 0
09-03 22:51:17.021 3633-4468/? D/InputReader: Input event(3): value=0 when=153114122316000
09-03 22:51:17.021 3633-4468/? D/InputReader: Input event(3): value=0 when=153114122316000
09-03 22:51:17.021 3633-4468/? I/InputReader: Touch event's action is 0x1 (deviceType=0) [pCnt=1, s=] when=153114122316000
09-03 22:51:17.021 3633-4467/? I/InputDispatcher: Delivering touch to (626): action: 0x1, toolType: 1
09-03 22:51:17.021 626-626/? D/ViewRootImpl: ViewPostImeInputStage processPointer 1
09-03 22:51:17.021 3633-7848/? D/CustomFrequencyManagerService: acquireDVFSLockLocked : type : DVFS_MIN_LIMIT  frequency : 800000  uid : 1000  pid : 3633  pkgName : GESTURE_DETECTED@CPU_MIN@34
09-03 22:51:17.021 626-626/? D/GlBoundaryAnim: startFling = 673.60004, mDec = -56.0
09-03 22:51:17.021 3633-7848/? D/CustomFrequencyManagerService: releaseDVFSLockLocked : Getting Lock type frm List : DVFS_MIN_LIMIT  frequency : 800000  uid : 1000  pid : 3633  tag : GESTURE_DETECTED@CPU_MIN@34
09-03 22:51:17.021 3633-7848/? D/CustomFrequencyManagerService: acquireDVFSLockLocked : type : DVFS_MIN_LIMIT  frequency : 800000  uid : 1000  pid : 3633  pkgName : GESTURE_DETECTED@CPU_MIN@34
09-03 22:51:17.021 3633-4604/? D/CustomFrequencyManagerService: releaseDVFSLockLocked : Getting Lock type frm List : DVFS_MIN_LIMIT  frequency : 800000  uid : 1000  pid : 3633  tag : GALLERY_LIST_SCROLL@263
09-03 22:51:17.021 626-22696/? D/CpuBoostScrollCmd: Scroll Boost Release
09-03 22:51:17.021 3633-5622/? D/CustomFrequencyManagerService: acquireDVFSLockLocked : type : DVFS_MIN_LIMIT  frequency : 800000  uid : 1000  pid : 3633  pkgName : GALLERY_LIST_SCROLL@263
09-03 22:51:17.021 626-22696/? D/CpuBoostScrollCmd: Scroll Boost CPU Clock
09-03 22:51:17.381 3633-7848/? D/ConnectivityService: returning getNetworkInfo for network type 1 : [type: WIFI[] - WIFI, state: CONNECTED/CONNECTED, reason: (unspecified), extra: "HOME-E0A8", roaming: false, failover: false, isAvailable: true]
09-03 22:51:17.521 3633-3633/? D/CustomFrequencyManagerService: releaseDVFSLockLocked : Getting Lock type frm List : DVFS_MIN_LIMIT  frequency : 800000  uid : 1000  pid : 3633  tag : GESTURE_DETECTED@CPU_MIN@34
09-03 22:51:18.011 3633-4468/? D/InputReader: Input event(3): value=1 when=153115117547000
09-03 22:51:18.011 3633-4468/? D/InputReader: Input event(3): value=1 when=153115117547000
09-03 22:51:18.011 3633-4468/? I/InputReader: Touch event's action is 0x0 (deviceType=0) [pCnt=1, s=0.11686 ] when=153115117547000
09-03 22:51:18.011 3633-4468/? D/InputReader: lastThreadEndTime = 153114122668634, currentThreadStartTime = 153114122671343, diff = 0
09-03 22:51:18.011 3633-4467/? I/InputDispatcher: Delivering touch to (19026): action: 0x4, toolType: 1
09-03 22:51:18.011 3633-4467/? I/InputDispatcher: Delivering touch to (626): action: 0x0, toolType: 1
09-03 22:51:18.011 3633-4467/? D/PowerManagerService: [api] userActivityFromNative : 340 (event: 2 flags: 0) eventTime = 153115117
09-03 22:51:18.011 19026-19026/? D/AutoHideHelper: ###check Single invalid
09-03 22:51:18.011 626-626/? D/ViewRootImpl: ViewPostImeInputStage processPointer 0
09-03 22:51:18.021 3633-5607/? D/CustomFrequencyManagerService: releaseDVFSLockLocked : Getting Lock type frm List : DVFS_MIN_LIMIT  frequency : 800000  uid : 1000  pid : 3633  tag : GALLERY_LIST_SCROLL@263
09-03 22:51:18.021 3633-4941/? D/CustomFrequencyManagerService: acquireDVFSLockLocked : type : DVFS_MIN_LIMIT  frequency : 800000  uid : 1000  pid : 3633  pkgName : GALLERY_LIST_SCROLL@263
09-03 22:51:18.021 626-22696/? D/CpuBoostScrollCmd: Scroll Boost CPU Clock
09-03 22:51:18.021 3633-5617/? D/CustomFrequencyManagerService: releaseDVFSLockLocked : Getting Lock type frm List : DVFS_MIN_LIMIT  frequency : 800000  uid : 1000  pid : 3633  tag : GALLERY_LIST_SCROLL@263
09-03 22:51:18.021 626-22696/? D/CpuBoostScrollCmd: Scroll Boost Release
09-03 22:51:18.031 626-22687/? D/GlHoverController: onMessage msg = 3
09-03 22:51:18.031 626-22687/? D/GlHoverController: removeHoverView removed message = 0
09-03 22:51:18.081 3633-4468/? D/InputReader: Input event(3): value=0 when=153115186578000
09-03 22:51:18.081 3633-4468/? D/InputReader: Input event(3): value=0 when=153115186578000
09-03 22:51:18.081 3633-4468/? I/InputReader: Touch event's action is 0x1 (deviceType=0) [pCnt=1, s=] when=153115186578000
09-03 22:51:18.081 3633-4467/? I/InputDispatcher: Delivering touch to (626): action: 0x1, toolType: 1
