09-03 22:51:33.251 11193-16976/? W/System.err: java.lang.NullPointerException: Attempt to invoke virtual method 'int java.lang.String.length()' on a null object reference
09-03 22:51:33.251 3633-3648/? D/ConnectivityService: returning getNetworkInfo for network type 0 : [type: MOBILE[] - MOBILE, state: DISCONNECTED/DISCONNECTED, reason: (unspecified), extra: (none), roaming: false, failover: false, isAvailable: true]
09-03 22:51:33.251 11193-16976/? W/System.err:     at org.json.JSONTokener.nextCleanInternal(JSONTokener.java:116)
09-03 22:51:33.251 11193-16976/? W/System.err:     at org.json.JSONTokener.nextValue(JSONTokener.java:94)
09-03 22:51:33.261 11193-27600/? W/System.err: java.lang.NullPointerException: Attempt to invoke virtual method 'int java.lang.String.length()' on a null object reference
09-03 22:51:33.261 11193-16976/? W/System.err:     at org.json.JSONObject.<init>(JSONObject.java:156)
09-03 22:51:33.261 11193-16976/? W/System.err:     at org.json.JSONObject.<init>(JSONObject.java:173)
09-03 22:51:33.261 11193-16976/? W/System.err:     at com.tencent.mqpsdk.secsrv.MQPEmuDetectService.a(ProGuard:50)
09-03 22:51:33.261 11193-16976/? W/System.err:     at com.tencent.msfmqpsdkbridge.MSFEmuDetectWrapper.a(ProGuard:65)
09-03 22:51:33.261 11193-16976/? W/System.err:     at com.tencent.qqprotect.singleupdate.QPSingleUpdEngine.a(ProGuard:341)
09-03 22:51:33.261 11193-16976/? W/System.err:     at 	at com.tencent.qqprotect.singleupdate.QPSingleUpdEngine.a(ProGuard:407)
09-03 22:51:33.261 11193-27600/? W/System.err:     at org.json.JSONTokener.nextCleanInternal(JSONTokener.java:116)
09-03 22:51:33.261 11193-16976/? W/System.err:     at com.tencent.qqprotect.singleupdate.QPSingleUpdEngine.a(ProGuard:145)
09-03 22:51:33.261 11193-16976/? W/System.err:     at com.tencent.qqprotect.singleupdate.QPSingleUpdThread.run(ProGuard:21)
09-03 22:51:33.261 11193-27600/? W/System.err: org.json.JSONTokener.nextValue(JSONTokener.java:94)
09-03 22:51:33.271 11193-27600/? W/System.err:     at org.json.JSONObject.<init>(JSONObject.java:156)
09-03 22:51:33.271 11193-27600/? W/System.err:     at org.json.JSONObject.<init>(JSONObject.java:173)
09-03 22:51:33.271 11193-27600/? W/System.err:     at com.tencent.mqpsdk.secsrv.MQPEmuDetectService.a(ProGuard:50)
09-03 22:51:33.271 11193-27600/? W/System.err:     at com.tencent.msfmqpsdkbridge.MSFEmuDetectWrapper.a(ProGuard:65)
09-03 22:51:33.271 11193-27600/? W/System.err:     at com.tencent.qqprotect.singleupdate.QPSingleUpdEngine.a(ProGuard:341)
09-03 22:51:33.271 11193-27600/? W/System.err:     at com.tencent.qqprotect.singleupdate.QPSingleUpdEngine.a(ProGuard:407)
09-03 22:51:33.271 11193-27600/? W/System.err:     at com.tencent.qqprotect.singleupdate.QPSingleUpdEngine.a(ProGuard:145)
09-03 22:51:33.271 11193-27600/? W/System.err:     at com.tencent.qqprotect.singleupdate.QPSingleUpdThread.run(ProGuard:21)
09-03 22:51:33.411 11193-16976/? D/QPSingleUpdEngine: [E]new = 2016-09-03 22:51:33.422
09-03 22:51:33.411 11193-16976/? D/QPSingleUpdEngine: [E]getBaseInfo___end
09-03 22:51:33.411 3080-3700/? D/EnterpriseController: netId is 0
09-03 22:51:33.411 3080-3700/? D/Netd: getNetworkForDns: using netid 613 for uid 10247
09-03 22:51:33.411 11193-16976/? D/QPSingleUpdEngine: [E]Start Create Socket!!!
09-03 22:51:33.421 11193-16976/? I/QPSingleUpdEngine: [E]Req/Rsp IOException read or write Error
09-03 22:51:33.421 11193-16976/? I/QPSingleUpdEngine: [E]fuck error!!!
09-03 22:51:33.421 11193-16976/? I/QPSingleUpdEngine: [E]QPSingleUpdThread.run() Exception 3 times!!!
09-03 22:51:33.421 11193-16976/? I/QPSingleUpdEngine: [E]QPSingleUpdThread.run() Exception !!!
09-03 22:51:33.421 11193-27600/? D/QPSingleUpdEngine: [E]new = 2016-09-03 22:51:33.439
09-03 22:51:33.421 11193-27600/? D/QPSingleUpdEngine: [E]getBaseInfo___end
09-03 22:51:33.431 11193-27600/? D/QPSingleUpdEngine: [E]Start Create Socket!!!
09-03 22:51:33.431 11193-27600/? I/QPSingleUpdEngine: [E]Req/Rsp IOException read or write Error
09-03 22:51:33.431 11193-27600/? I/QPSingleUpdEngine: [E]fuck error!!!
09-03 22:51:33.431 11193-27600/? I/QPSingleUpdEngine: [E]QPSingleUpdThread.run() Exception 3 times!!!
09-03 22:51:33.431 11193-27600/? I/QPSingleUpdEngine: [E]QPSingleUpdThread.run() Exception !!!
09-03 22:51:33.821 5169-5363/? D/NetworkController.MobileSignalController(0/4): onSignalStrengthsChanged signalStrength=SignalStrength: 99 99 -120 -160 -120 -1 -1 20 -105 -13 116 -1 2147483647 0x3000 gsm|lte level=3
09-03 22:51:33.821 5169-5363/? D/NetworkController.MobileSignalController(0/4): getMobileIconGroup(): 13
09-03 22:51:33.821 5169-5363/? D/NetworkController.MobileSignalController(0/4): updateCMCCMobileIconGroup(): 13
09-03 22:51:33.831 5169-5169/? E/SignalClusterView: setSlotFocusVisible : subId 4
09-03 22:51:33.831 5169-5169/? E/SignalClusterView: setSlotFocusVisible : subId 4
09-03 22:51:34.941 3633-3649/? D/BatteryService: !@BatteryListener : batteryPropertiesChanged!
09-03 22:51:34.941 3633-3649/? D/BatteryService: level:60, scale:100, status:2, health:2, present:true, voltage: 3947, temperature: 259, technology: Li-ion, AC powered:false, USB powered:true, POGO powered:false, Wireless powered:false, icon:17303413, invalid charger:0, maxChargingCurrent:0
09-03 22:51:34.941 3633-3649/? D/BatteryService: online:4, current avg:184, charge type:1, power sharing:false, high voltage charger:false, capacity:280000, batterySWSelfDischarging:false, current_now:177
09-03 22:51:34.941 3633-3633/? D/BatteryService: Sending ACTION_BATTERY_CHANGED.
09-03 22:51:34.951 3633-3633/? I/MotionRecognitionService: Plugged
09-03 22:51:34.951 3633-3633/? D/MotionRecognitionService:   cableConnection= 1
09-03 22:51:34.951 3633-3633/? D/MotionRecognitionService: setPowerConnected | current backoffstate  = 1024 , state =1024
09-03 22:51:34.951 3633-3633/? D/MotionRecognitionService: skip setTransmitPower. 
09-03 22:51:34.961 5169-5169/? D/KeyguardUpdateMonitor: received broadcast android.intent.action.BATTERY_CHANGED
09-03 22:51:34.961 5169-5169/? D/KeyguardUpdateMonitor: handleBatteryUpdate
09-03 22:51:34.961 5169-5169/? D/PowerUI: priorPlugType = 2 mPlugType =  2
09-03 22:51:34.961 5169-5169/? D/PowerUI.Notification: showChargingNotice oldChargingType : 1 currentChargingType : 1 oldChargingTime : 8709000 mChargingTime : 8709000
09-03 22:51:34.961 5199-5199/? D/CommonServiceConfiguration: getStringValueSetting
09-03 22:51:34.961 5169-5169/? D/PowerUI.Notification: There is no change about charging status, so return!
09-03 22:51:34.971 5199-5199/? D/BatteryMonitor: new battery level: 60
09-03 22:51:34.991 5169-5363/? D/NetworkController.MobileSignalController(0/4): onSignalStrengthsChanged signalStrength=SignalStrength: 99 99 -120 -160 -120 -1 -1 18 -105 -11 56 -1 2147483647 0x3000 gsm|lte level=3
09-03 22:51:35.001 5169-5363/? D/NetworkController.MobileSignalController(0/4): getMobileIconGroup(): 13
09-03 22:51:35.001 5169-5363/? D/NetworkController.MobileSignalController(0/4): updateCMCCMobileIconGroup(): 13
09-03 22:51:35.021 5169-5169/? D/BatteryMeterView: ACTION_BATTERY_CHANGED : level:60 status:2 health:2
09-03 22:51:35.021 5169-5169/? D/BatteryMeterView: ACTION_BATTERY_CHANGED : level:60 status:2 health:2
09-03 22:51:35.021 5169-5169/? D/CoverUpdateMonitor: received broadcast android.intent.action.BATTERY_CHANGED
09-03 22:51:36.381 5169-5363/? D/NetworkController.MobileSignalController(0/4): onSignalStrengthsChanged signalStrength=SignalStrength: 99 99 -120 -160 -120 -1 -1 20 -105 -14 -14 -1 2147483647 0x3000 gsm|lte level=3
09-03 22:51:36.381 5169-5363/? D/NetworkController.MobileSignalController(0/4): getMobileIconGroup(): 13
09-03 22:51:36.381 5169-5363/? D/NetworkController.MobileSignalController(0/4): updateCMCCMobileIconGroup(): 13
09-03 22:51:36.581 3633-5411/? E/Watchdog: !@Sync 5087 [09-03 22:51:36.593]
09-03 22:51:38.941 5169-5363/? D/NetworkController.MobileSignalController(0/4): onSignalStrengthsChanged signalStrength=SignalStrength: 99 99 -120 -160 -120 -1 -1 20 -105 -13 44 -1 2147483647 0x3000 gsm|lte level=3
09-03 22:51:38.941 5169-5363/? D/NetworkController.MobileSignalController(0/4): getMobileIconGroup(): 13
09-03 22:51:38.941 5169-5363/? D/NetworkController.MobileSignalController(0/4): updateCMCCMobileIconGroup(): 13
09-03 22:51:41.501 5169-5363/? D/NetworkController.MobileSignalController(0/4): onSignalStrengthsChanged signalStrength=SignalStrength: 99 99 -120 -160 -120 -1 -1 19 -105 -12 14 -1 2147483647 0x3000 gsm|lte level=3
09-03 22:51:41.501 5169-5363/? D/NetworkController.MobileSignalController(0/4): getMobileIconGroup(): 13
09-03 22:51:41.501 5169-5363/? D/NetworkController.MobileSignalController(0/4): updateCMCCMobileIconGroup(): 13
09-03 22:51:41.911 3633-7848/? D/SSRM:n: SIOP:: AP = 310, PST = 342 (W:26), CP = 248, CUR = 184, LCD = 132
09-03 22:51:42.091 3633-4468/? D/InputReader: Input event(3): value=1 when=153139191267000
09-03 22:51:42.091 3633-4468/? D/InputReader: Input event(3): value=1 when=153139191267000
09-03 22:51:42.091 3633-4468/? I/InputReader: Touch event's action is 0x0 (deviceType=0) [pCnt=1, s=0.11688 ] when=153139191267000
09-03 22:51:42.091 3633-4468/? D/InputReader: lastThreadEndTime = 153133684832060, currentThreadStartTime = 153133684852352, diff = 0
09-03 22:51:42.091 3633-4467/? I/InputDispatcher: Delivering touch to (5169): action: 0x4, toolType: 1
09-03 22:51:42.091 3633-4467/? I/InputDispatcher: Delivering touch to (19026): action: 0x4, toolType: 1
09-03 22:51:42.091 3633-4467/? I/InputDispatcher: Delivering touch to (16370): action: 0x0, toolType: 1
09-03 22:51:42.091 16370-16370/? D/ViewRootImpl: ViewPostImeInputStage processPointer 0
09-03 22:51:42.091 19026-19026/? D/AutoHideHelper: ###check Single invalid
09-03 22:51:42.171 3633-4468/? D/InputReader: Input event(3): value=0 when=153139271521000
09-03 22:51:42.171 3633-4468/? D/InputReader: Input event(3): value=0 when=153139271521000
09-03 22:51:42.171 3633-4468/? I/InputReader: Touch event's action is 0x1 (deviceType=0) [pCnt=1, s=] when=153139271521000
09-03 22:51:42.171 3633-4467/? I/InputDispatcher: Delivering touch to (16370): action: 0x1, toolType: 1
09-03 22:51:42.171 16370-16370/? D/ViewRootImpl: ViewPostImeInputStage processPointer 1
09-03 22:51:42.171 3633-5549/? V/AudioService: AudioService playSoundEffect Type : 0, volume : -1.0
09-03 22:51:42.171 3633-4960/? V/AudioService: received MSG_PLAY_SOUND_EFFECT onPlaySoundEffect start
09-03 22:51:42.171 3093-5635/? I/APM::AudioPolicyManager: getSituationVolume: isBTConnected:0 isHeadConnected:0
09-03 22:51:42.171 3093-6337/? W/AudioPolicyIntefaceImpl: Skipped to add effects on session 1044
09-03 22:51:42.171 3093-6337/? I/APM::AudioPolicyManager: startOutput() output 4, stream 1, session 1044
09-03 22:51:42.181 3093-3727/? D/audio_hw_primary: out_set_parameters: enter: kvpairs: routing=2
09-03 22:51:42.181 3093-3727/? D/AudioFlinger: setCurDevice() 0x2
09-03 22:51:42.181 3633-5126/? D/ActivityManager: AppLocked getMultiWindowStyle:null
09-03 22:51:42.181 3633-5126/? D/ActivityManager: AppLocked isLaunchedFromRecents:false hasMultiWindowStyle:false not normal : false
09-03 22:51:42.181 3633-5126/? D/GameManagerService: identifyGamePackage. com.sec.android.gallery3d
09-03 22:51:42.181 3633-5126/? D/MultiWindowPolicy: Gamemode - return 0,  when calling  identifyForegroundApp(com.sec.android.gallery3d)
09-03 22:51:42.181 3633-5126/? D/CustomFrequencyManagerService: acquireDVFSLockLocked : type : DVFS_MIN_LIMIT  frequency : 1800000  uid : 1000  pid : 3633  pkgName : ACTIVITY_RESUME_BOOSTER@3
09-03 22:51:42.191 3633-5126/? D/ActivityManager: mDVFSHelper.acquire()
09-03 22:51:42.191 3633-5126/? V/WindowManager: addAppToken: AppWindowToken{a522c69 token=Token{3888ef0 ActivityRecord{7fe5b33 u0 com.sec.android.gallery3d/.app.GalleryActivity t13360}}} to stack=1 task=13360 at 1
09-03 22:51:42.191 3093-3727/? V/audio_hw_primary: start_output_stream+, out->device : 00000002 , out->type = 1
09-03 22:51:42.191 3633-5126/? D/ActivityManager:  Launching com.sec.android.gallery3d, updated priority
09-03 22:51:42.191 3093-3727/? D/audio_hw_primary: start_output_stream (0xedba4000) out->pcm_device:6 out->config.rate:48000 out->config.format:0 out->period_size:240
09-03 22:51:42.191 3093-3727/? D/audio_hw_primary: start_output_stream (0xedba4000) out->config.rate:48000 out->config.format:0 out->period_size:240
09-03 22:51:42.191 3093-3727/? I/audio_hw_primary: is_voice_wakeup : ret =  1  , wakeup_baby_cry_enabled = 0  ,  wakeup_mic_enabled = 1 
09-03 22:51:42.191 3093-3727/? I/audio_hw_primary: get_scenario : scenario_type = 36
09-03 22:51:42.191 3093-3727/? I/audio_hw_primary: get_input_snd_device_id device:0xc
09-03 22:51:42.191 3093-3727/? V/audio_hw_primary: select_devices output_scenario:0 input_scenario:36 out_snd_device 0x2 in_snd_device:0xc
09-03 22:51:42.191 3093-3727/? I/audio_route: > audio_route_reset :
09-03 22:51:42.201 3093-3727/? I/audio_route: > audio_route_apply_path : "voice_control-mic"
09-03 22:51:42.201 3093-3727/? V/audio_hw_primary: select_devices() input_route "voice_control-mic" 
09-03 22:51:42.201 3093-3727/? I/audio_route: > audio_route_apply_path : "media-speaker"
09-03 22:51:42.201 3633-3633/? D/GameManagerService: NotifyRunnable. pkg: com.sec.android.gallery3d, type: 4, isMinimized: false, isTunableApp: false
09-03 22:51:42.201 626-626/? W/ResourcesManager: getTopLevelResources: /system/priv-app/SecGallery2015/SecGallery2015.apk / 1.0 running in com.sec.android.gallery3d rsrc of package com.sec.android.gallery3d
09-03 22:51:42.201 3633-5126/? D/InputDispatcher: Focused application set to: xxxx
09-03 22:51:42.211 3633-5126/? D/InputDispatcher: Focus left window: 16370
09-03 22:51:42.211 3633-4944/? D/NetworkPolicy: isUidForegroundLocked: 10044, mScreenOn: true, uidstate: 2, mProxSensorScreenOff: false
09-03 22:51:42.211 3633-4944/? V/NetworkPolicy: getFirewallRuleWifi UID:10044 policy:0
09-03 22:51:42.221 3633-3712/? D/PointerIcon: setMouseIconStyle1 pointerType: 1001 iconType:101 flag:0 pid:3633 uid:1000
09-03 22:51:42.221 3633-3712/? D/PointerIcon: setMouseCustomIcon IconType is same.101
09-03 22:51:42.221 626-22766/? V/MediaPlayer: decode(27, 8743096, 5795)
09-03 22:51:42.221 626-626/? I/VerificationLog: onCreate
09-03 22:51:42.221 626-626/? I/Gallery_Performance: Gallery onCreate Start
09-03 22:51:42.221 3633-4944/? V/NetworkPolicy: getFirewallRuleWifi UID:10044 policy:0
09-03 22:51:42.221 626-626/? D/GalleryActivityLifecycleCallback: created : count 1
09-03 22:51:42.221 3093-5635/? D/OggExtractor:  correct time not found. Let's use approximate value
09-03 22:51:42.221 3093-5635/? I/OggExtractor: OggSource::OggSource() mExtractor ref count = 4
09-03 22:51:42.231 3093-5635/? I/OMXCodec: Attempting to allocate OMX node 'OMX.google.vorbis.decoder'
09-03 22:51:42.231 3093-5635/? I/OMXCodec: Successfully allocated OMX node 'OMX.google.vorbis.decoder'
09-03 22:51:42.231 3093-5635/? I/OMXCodec: >>>UHQA initOutputFormat 16
09-03 22:51:42.231 3093-5635/? I/OMXCodec: [OMX.google.vorbis.decoder] OMXCodec::start mState=1
09-03 22:51:42.231 3093-5635/? I/OMXCodec: [OMX.google.vorbis.decoder] allocating 4 buffers of size 8192 on input port
09-03 22:51:42.231 3093-5635/? I/OMXCodec: [OMX.google.vorbis.decoder] allocating 4 buffers of size 32768 on output port
09-03 22:51:42.231 3093-22771/? I/OMXCodec: [OMX.google.vorbis.decoder] Now Idle. Component sends idle done Event 
09-03 22:51:42.231 3093-22771/? I/OMXCodec: [OMX.google.vorbis.decoder] 0onCmdComplete  mState =  7
09-03 22:51:42.231 3093-22771/? I/OMXCodec: [OMX.google.vorbis.decoder] PORT_DISABLED(1)
09-03 22:51:42.231 3093-22771/? I/OMXCodec: >>>UHQA initOutputFormat 16
09-03 22:51:42.231 3093-22771/? I/OMXCodec: [OMX.google.vorbis.decoder] allocating 4 buffers of size 32768 on output port
09-03 22:51:42.231 3093-22771/? I/OMXCodec: [OMX.google.vorbis.decoder] End Of Stream
09-03 22:51:42.231 3093-5635/? I/SoundExtractor: extract() reached EOS
09-03 22:51:42.231 3093-5635/? I/OMXCodec: [OMX.google.vorbis.decoder] stop mState=4
09-03 22:51:42.231 3093-5635/? I/OMXCodec: [OMX.google.vorbis.decoder] stop() sendCommand(2596, OMX_CommandStateSet, OMX_StateIdle)
09-03 22:51:42.231 3093-22771/? I/OMXCodec: [OMX.google.vorbis.decoder] Now Idle. Component sends idle done Event 
09-03 22:51:42.231 3093-5635/? I/OMXCodec: [OMX.google.vorbis.decoder] stopOmxComponent_l() mstate = 1
09-03 22:51:42.231 3093-5635/? I/OggExtractor: OggSource::stop() mExtractor ref count = 1
09-03 22:51:42.231 3093-5635/? I/OggExtractor: OggSource::~OggSource() mExtractor !mStarted ref count = 1
09-03 22:51:42.231 3093-5635/? I/OggExtractor: ~OggSource --
09-03 22:51:42.231 3093-5635/? I/OggExtractor: ~OggExtractor ++
09-03 22:51:42.231 3093-5635/? I/OggExtractor: ~MyOggExtractor ++ 
09-03 22:51:42.231 3093-5635/? I/OggExtractor: ~MyOggExtractor --
09-03 22:51:42.231 3093-5635/? I/OggExtractor: ~OggExtractor --
09-03 22:51:42.251 3633-3706/? V/BroadcastQueue: [background] Process cur broadcast BroadcastRecord{ab9778f u0 com.samsung.android.providers.context.log.action.USE_APP_FEATURE_SURVEY qIdx=4}, state= (APP_RECEIVE) DELIVERED for app ProcessRecord{5e94ccc 5869:com.samsung.android.providers.context/u0a380}
09-03 22:51:42.261 3633-7848/? D/ConnectivityService: returning getNetworkInfo for network type 1 : [type: WIFI[] - WIFI, state: CONNECTED/CONNECTED, reason: (unspecified), extra: "HOME-E0A8", roaming: false, failover: false, isAvailable: true]
09-03 22:51:42.261 3093-3727/? V/audio_hw_primary: select_devices() output_route "media-speaker" 
09-03 22:51:42.261 3093-3727/? I/audio_route: > audio_route_apply_path : "gain-voice_control-mic"
09-03 22:51:42.261 3093-3727/? V/audio_hw_primary: select_devices() input_gain "gain-voice_control-mic" 
09-03 22:51:42.261 3093-3727/? I/audio_route: > audio_route_apply_path : "gain-media-speaker"
09-03 22:51:42.271 3093-3727/? V/audio_hw_primary: select_devices() output_gain "gain-media-speaker" 
09-03 22:51:42.271 3093-3727/? I/audio_route: > audio_route_update_mixer : +
09-03 22:51:42.271 3093-3727/? I/audio_route: > audio_route_update_mixer : changed(0) -
09-03 22:51:42.271 3093-3727/? V/audio_hw_primary: select_devices : set seamless_buf_offset
09-03 22:51:42.271 3093-3727/? I/audio_route: > audio_values_apply_path : "seamless_buf_offset"
09-03 22:51:42.271 3093-3727/? I/audio_hw_primary: select_devices - 
09-03 22:51:42.271 3093-3727/? V/audio_hw_primary: start_output_stream-
09-03 22:51:42.271 3633-7848/? D/ConnectivityService: returning getNetworkInfo for network type 1 : [type: WIFI[] - WIFI, state: CONNECTED/CONNECTED, reason: (unspecified), extra: "HOME-E0A8", roaming: false, failover: false, isAvailable: true]
09-03 22:51:42.271 626-626/? V/StateManager: startState class com.sec.samsung.gallery.view.albumview.AlbumViewState
09-03 22:51:42.271 626-626/? I/Gallery_Performance: AlbumViewState onCreate Start
09-03 22:51:42.271 626-626/? D/AlbumViewState: onCreate  = null
09-03 22:51:42.271 626-626/? I/Gallery_Performance: AlbumViewState onCreate End
09-03 22:51:42.281 626-626/? V/GalleryActivity: convertFromTranslucent() : config={1 1.0 themeSeq = 0 showBtnBg = 0 310mcc260mnc en_US ldltr sw360dp w360dp h616dp 640dpi nrml long port finger -keyb/v/h -nav/h mkbd/h s.20}
09-03 22:51:42.281 626-626/? I/Gallery_Performance: Gallery onCreate End 
09-03 22:51:42.281 626-626/? D/Activity: performCreate Call Injection manager
09-03 22:51:42.281 16370-16370/? V/ActivityThread: updateVisibility : ActivityRecord{aa56ebf token=android.os.BinderProxy@f7319da {com.sh1r0.caffe_android_demo/com.sh1r0.caffe_android_demo.MainActivity}} show : false
09-03 22:51:42.281 626-626/? I/InjectionManager: dispatchOnViewCreated > Target : com.sec.android.gallery3d.app.GalleryActivity isFragment :false
09-03 22:51:42.281 626-626/? I/VerificationLog: onResume
09-03 22:51:42.281 626-626/? I/Gallery_Performance: Gallery onResume Start
09-03 22:51:42.281 626-626/? I/GLIdleTimerCmd: ADD_GL_IDLE_LISTENER
09-03 22:51:42.291 3633-3706/? V/BroadcastQueue: [background] Process cur broadcast BroadcastRecord{51201d9 u0 com.samsung.android.providers.context.log.action.REPORT_APP_STATUS_SURVEY qIdx=4}, state= (APP_RECEIVE) DELIVERED for app ProcessRecord{5e94ccc 5869:com.samsung.android.providers.context/u0a380}
09-03 22:51:42.291 626-626/? I/Gallery_Performance: AlbumViewState onResume Start
09-03 22:51:42.291 626-626/? D/AlbumViewState: onResume
09-03 22:51:42.291 626-626/? I/GLIdleTimerCmd: ADD_GL_IDLE_LISTENER
09-03 22:51:42.291 626-626/? D/GlComposeBaseView: GlComposeBaseView = com.sec.samsung.gallery.glview.composeView.GlComposeAlbumView@ad83059
09-03 22:51:42.291 626-626/? D/GlComposeView: getLogExtra() : no match viewBytFilterType!!!
09-03 22:51:42.291 626-626/? D/GlComposeView: getLogExtra() : no match viewBytFilterType!!!
09-03 22:51:42.301 626-626/? I/GlRootView: attachLayer = null, new = com.sec.samsung.gallery.glview.composeView.GlComposeAlbumView@ad83059, type = 1
09-03 22:51:42.301 626-626/? I/GlRootView: exit attachLayer
09-03 22:51:42.301 626-22773/? D/ComposeViewDataLoader: checkIncreaseAlbumSet start
09-03 22:51:42.301 626-22773/? D/ComposeViewDataLoader: loadSet done old = 0, new = 13
09-03 22:51:42.301 626-22773/? D/ComposeViewDataLoader: loadCoveritems count =3, updS = 0, updE = 2
09-03 22:51:42.301 3071-3297/? D/libEGL: eglTerminate EGLDisplay = 0x7f82840e78
09-03 22:51:42.301 3071-3297/? D/libEGL: eglTerminate EGLDisplay = 0x7f82840e78
09-03 22:51:42.301 626-626/? D/skia: ---- fAsset->read(0) returned 0
09-03 22:51:42.301 626-626/? D/skia: ---- fAsset->read(0) returned 0
09-03 22:51:42.301 626-626/? D/skia: ---- fAsset->read(0) returned 0
09-03 22:51:42.301 626-626/? D/skia: ---- fAsset->read(0) returned 0
09-03 22:51:42.301 3633-3706/? V/BroadcastQueue: [background] Process cur broadcast BroadcastRecord{c11179e u0 com.samsung.android.providers.context.log.action.USE_APP_FEATURE_SURVEY qIdx=4}, state= (APP_RECEIVE) DELIVERED for app ProcessRecord{5e94ccc 5869:com.samsung.android.providers.context/u0a380}
09-03 22:51:42.301 626-626/? I/Gallery_Performance: AlbumViewState onResume End
09-03 22:51:42.301 626-626/? D/GlRootView: onResume mGlActive = false
09-03 22:51:42.301 626-626/? D/GlRootView: onResume mGlActive = false
09-03 22:51:42.301 626-22773/? I/GlRootView: attachLayer = null, new = com.sec.samsung.gallery.glview.composeView.GlComposeAlbumView@ad83059, type = 1
09-03 22:51:42.301 626-22773/? I/GlRootView: exit attachLayer
09-03 22:51:42.301 626-626/? I/Gallery_Performance: Gallery onResume End 
09-03 22:51:42.301 626-626/? I/VerificationLog: Executed
09-03 22:51:42.301 626-22773/? D/ComposeViewDataLoader: loadCoveritems count =3, updS = 3, updE = 5
09-03 22:51:42.311 626-22773/? D/ComposeViewDataLoader: loadCoveritems count =3, updS = 6, updE = 8
09-03 22:51:42.311 626-22773/? D/ComposeViewDataLoader: loadCoveritems count =3, updS = 9, updE = 11
09-03 22:51:42.311 626-22773/? D/ComposeViewDataLoader: loadCoveritems count =1, updS = 12, updE = 12
09-03 22:51:42.311 626-626/? D/SecWifiDisplayUtil: Metadata value : SecSettings2
09-03 22:51:42.311 626-22773/? D/ComposeViewDataLoader: loadCoveritems count =0, updS = 12, updE = 0
09-03 22:51:42.311 626-626/? D/ViewRootImpl: #1 mView = com.android.internal.policy.MultiPhoneWindow$MultiPhoneDecorView{e648f64 I.E...... R.....I. 0,0-0,0}
09-03 22:51:42.311 3633-5551/? D/ISSUE_DEBUG: InputChannelName : d0fd24c com.sec.android.gallery3d/com.sec.android.gallery3d.app.GalleryActivity
09-03 22:51:42.311 3633-5550/? D/ActivityManager: post active user change for 0 fullscreen true isFloatingActivity() false isHomeActivity() false
09-03 22:51:42.311 3633-5550/? D/KnoxTimeoutHandler: postActiveUserChange [MsgParam] userId: 0 fullscreen is true showWhenlocked is false
09-03 22:51:42.311 3633-3633/? D/KnoxTimeoutHandler: handleActiveUserChange [MsgParam] userId: 0 fullscreen is true showWhenlocked is false
09-03 22:51:42.311 626-626/? W/ActivityThread: AppLock checkAppLockState isAppLocked = false pkgName = com.sec.android.gallery3d showWhenLocked = false
09-03 22:51:42.321 3633-3633/? I/KnoxTimeoutHandler: Shared devices show user statefalse
09-03 22:51:42.321 626-626/? D/MultiPhoneWindow: performUpdateVisibility, same visibility false
09-03 22:51:42.331 3071-3071/? I/SurfaceFlinger: id=3230 createSurf (1x1),1 flag=4, HalleryActi
09-03 22:51:42.331 3633-3707/? D/StatusBarManagerService: manageDisableList userId=0 what=0x0 pkg=Window{d0fd24c u0 d0 com.sec.android.gallery3d/com.sec.android.gallery3d.app.GalleryActivity}
09-03 22:51:42.331 5169-5169/? D/PhoneStatusBar: setSystemUiVisibility vis=600 mask=ffffffff oldVal=0 newVal=600 diff=600
09-03 22:51:42.341 3633-5607/? D/InputDispatcher: Focus entered window: 626
09-03 22:51:42.341 3633-3712/? D/PointerIcon: setMouseIconStyle1 pointerType: 1001 iconType:101 flag:0 pid:3633 uid:1000
09-03 22:51:42.341 3633-3712/? D/PointerIcon: setMouseCustomIcon IconType is same.101
09-03 22:51:42.341 626-677/? D/mali_winsys: new_window_surface returns 0x3000,  [1440x2560]-format:1
09-03 22:51:42.341 3071-3071/? I/SurfaceFlinger: id=3231 createSurf (1440x2560),3 flag=404, TurfaceView
09-03 22:51:42.341 626-626/? I/GlRootView: surfaceCreated, type = 1
09-03 22:51:42.341 626-626/? I/GlRootView: surfaceChanged, type = 1
09-03 22:51:42.341 626-22772/? D/libEGL: eglInitialize EGLDisplay = 0x7f87868e28
09-03 22:51:42.341 3633-3649/? V/WindowStateAnimator: Finishing drawing window Window{3f41ee4 u0 d0 SurfaceView}: mDrawState=DRAW_PENDING
                                                      
                                                      [ 09-03 22:51:42.341   626:22772 D/         ]
                                                      ro.exynos.dss isEnabled: 0
09-03 22:51:42.351 626-22772/? D/mali_winsys: new_window_surface returns 0x3000,  [1440x2560]-format:1
09-03 22:51:42.351 626-22772/? I/LibGLRootView: onSurfaceCreated = com.google.android.gles_jni.GLImpl@28d3dd0, rootView type = 1
09-03 22:51:42.351 626-22772/? D/GlRootView: initializeGL = false, force = true, type = 1
09-03 22:51:42.351 626-22772/? I/LibGLRootView: onSurfaceChanged: 1440x2560, gl10: com.google.android.gles_jni.GLImpl@28d3dd0, rootView type = 1
09-03 22:51:42.351 626-22772/? D/GlRootView: initializeGL = true, force = false, type = 1
09-03 22:51:42.351 626-22772/? I/GlRootView: enter replaceLayer = null, new = com.sec.samsung.gallery.glview.composeView.GlComposeAlbumView@ad83059, type = 1
09-03 22:51:42.351 626-22772/? D/GlRootView: isWideMode : false
09-03 22:51:42.351 626-22772/? I/GlLayer: create = com.sec.samsung.gallery.glview.composeView.GlComposeAlbumView@ad83059, state = 0
09-03 22:51:42.351 3633-5127/? V/WindowStateAnimator: Finishing drawing window Window{3f41ee4 u0 d0 SurfaceView}: mDrawState=READY_TO_SHOW
09-03 22:51:42.351 626-626/? W/DisplayListCanvas: DisplayListCanvas is started on unbinded RenderNode (without mOwningView)
09-03 22:51:42.351 3093-3624/? I/APM::AudioPolicyManager: stopOutput() output 4, stream 1, session 1044
09-03 22:51:42.351 626-22772/? D/GlLayer: setHoverScrollFlexibleHeightMargin264
09-03 22:51:42.351 626-22772/? D/AlbumViewState: initialzieView = com.sec.samsung.gallery.glview.composeView.GlComposeAlbumView@ad83059
09-03 22:51:42.351 626-22772/? D/GlComposeView: setAdapter = null, new = com.sec.samsung.gallery.view.adapter.ComposeAlbumSetAdapter@dd8e1c9
09-03 22:51:42.351 626-22772/? D/ComposeViewDataLoader: applyViewListener = com.sec.samsung.gallery.glview.composeView.GlComposeView$2@49990ce, count = -1, notiCount = -1
09-03 22:51:42.351 626-22772/? D/GlComposeView: onSizeChanged= 13
09-03 22:51:42.351 626-22772/? I/GlLayer: resume = com.sec.samsung.gallery.glview.composeView.GlComposeAlbumView@ad83059, state = 1
09-03 22:51:42.351 626-22772/? I/GlRootView: exit replaceLayer
09-03 22:51:42.351 626-22772/? I/GlRootView: renderLogic is changed : 0 -> 2
09-03 22:51:42.351 626-22772/? I/GlRootView: procSurfaceChanged = 1440, height = 2560, type = 1
09-03 22:51:42.351 626-22772/? D/GlRootView: isWideMode : false
09-03 22:51:42.351 626-22772/? D/GlComposeView: TransAnimation for the root object is stopped by layoutChange
09-03 22:51:42.351 626-22772/? D/GlLayer: setHoverScrollFlexibleHeightMargin264
09-03 22:51:42.351 626-22773/? D/ComposeViewDataLoader: loadCoveritems count =0, updS = 7, updE = 0
09-03 22:51:42.361 626-22772/? D/Gallery_Performance: Elapsed time to complete first display : Activity = 136, Application = 2327374
09-03 22:51:42.361 3633-5607/? V/WindowStateAnimator: Finishing drawing window Window{d0fd24c u0 d0 com.sec.android.gallery3d/com.sec.android.gallery3d.app.GalleryActivity}: mDrawState=DRAW_PENDING
09-03 22:51:42.371 626-626/? I/InjectionManager: dispatchCreateOptionsMenu :com.sec.android.gallery3d.app.GalleryActivity
09-03 22:51:42.371 626-626/? I/InjectionManager: dispatchPrepareOptionsMenu :com.sec.android.gallery3d.app.GalleryActivity
09-03 22:51:42.371 626-626/? I/InjectionManager: dispatchPrepareOptionsMenu :com.sec.android.gallery3d.app.GalleryActivity
09-03 22:51:42.371 626-626/? D/ViewRootImpl: MSG_RESIZED_REPORT: ci=Rect(0, 0 - 0, 0) vi=Rect(0, 0 - 0, 0) or=1
09-03 22:51:42.371 3633-5617/? D/InputMethodManagerService: windowGainedFocus mCurrentFocusedUserId - 0 and mSecureKeypadEnabled-false
09-03 22:51:42.371 3633-3707/? D/StatusBarManagerService: manageDisableList userId=0 what=0x0 pkg=Window{d0fd24c u0 d0 com.sec.android.gallery3d/com.sec.android.gallery3d.app.GalleryActivity}
09-03 22:51:42.371 3633-3712/? D/KnoxTimeoutHandler: notifyActivityDrawn [MsgParam] userId: 0 fullscreen is true showWhenlocked is false
09-03 22:51:42.371 3633-3633/? D/KnoxTimeoutHandler: activityDrawn [MsgParam] userId: 0 fullscreen is true showWhenlocked is false
09-03 22:51:42.371 5169-5169/? D/PhoneStatusBar: setSystemUiVisibility vis=8600 mask=ffffffff oldVal=600 newVal=8600 diff=8000
09-03 22:51:42.371 3633-3712/? I/ActivityManager: Displayed com.sec.android.gallery3d/.app.GalleryActivity: +175ms
09-03 22:51:42.371 3071-3071/? D/libEGL: eglInitialize EGLDisplay = 0x7ffb5b6848
09-03 22:51:42.371 3633-3633/? I/KnoxTimeoutHandler: SD activityfalse
09-03 22:51:42.371 3071-3071/? D/libEGL: eglInitialize EGLDisplay = 0x7ffb5b6848
09-03 22:51:42.371 3633-3707/? W/ContextImpl: Calling a method in the system process without a qualified user: android.app.ContextImpl.sendBroadcast:830 com.android.server.policy.PhoneWindowManager.notifyToSSRM:8645 com.android.server.policy.PhoneWindowManager.access$1500:307 com.android.server.policy.PhoneWindowManager$PolicyHandler.handleMessage:1206 android.os.Handler.dispatchMessage:102 
09-03 22:51:42.371 19026-19026/? D/ViewRootImpl: MSG_RESIZED: ci=Rect(0, 0 - 0, 0) vi=Rect(0, 0 - 0, 0) or=1
09-03 22:51:42.381 6395-6395/? D/SamsungIME: IMPL finishInput
09-03 22:51:42.381 6395-6395/? D/RMHelper: SamsungIME : RMisReady() : client is null
09-03 22:51:42.381 6395-6395/? D/RMHelper: SamsungIME : RMisReady() : client is null
09-03 22:51:42.381 6395-6395/? D/RMHelper: RMHelper : initHelper()
09-03 22:51:42.381 6395-6395/? E/ActivityThread: Failed to find provider info for com.sec.android.inputmethod.resourcemanager
09-03 22:51:42.381 6395-6395/? D/RMHelper: SamsungIME : initHelper() : client is null
09-03 22:51:42.381 6395-6395/? D/RMHelper: SamsungIME : RMisReady() : client is null
09-03 22:51:42.381 6395-6395/? D/RMHelper: SamsungIME : RMisReady() : client is null
09-03 22:51:42.381 6395-6395/? D/RMHelper: RMHelper : initHelper()
09-03 22:51:42.381 3633-3712/? D/WindowAnimator: Skip setting animation background if there is an exiting window only.
09-03 22:51:42.381 6395-6395/? E/ActivityThread: Failed to find provider info for com.sec.android.inputmethod.resourcemanager
09-03 22:51:42.381 6395-6395/? D/RMHelper: SamsungIME : initHelper() : client is null
09-03 22:51:42.381 6395-6395/? D/RMHelper: SamsungIME : RMisReady() : client is null
09-03 22:51:42.381 6395-6395/? D/RMHelper: SamsungIME : RMisReady() : client is null
09-03 22:51:42.381 6395-6395/? D/RMHelper: RMHelper : initHelper()
09-03 22:51:42.381 6395-6395/? D/RMHelper: SamsungIME : initHelper() : client is null
09-03 22:51:42.381 6395-6395/? E/ActivityThread: Failed to find provider info for com.sec.android.inputmethod.resourcemanager
09-03 22:51:42.381 6395-6395/? D/SamsungIME: onStartInput: No inputType, No imeOption, isInputViewShown = false, isExtractViewShown = false, isShowInputRequested = false, isConfigChanged = false
09-03 22:51:42.381 3633-5549/? V/WindowStateAnimator: Finishing drawing window Window{d0fd24c u0 d0 com.sec.android.gallery3d/com.sec.android.gallery3d.app.GalleryActivity}: mDrawState=HAS_DRAWN
09-03 22:51:42.381 5169-5169/? D/PanelView: updateQsState
09-03 22:51:42.381 5169-5169/? D/KeyguardSwipeHelper: reset()
09-03 22:51:42.381 5169-5169/? D/KeyguardUnlockEventHandler: reset()
09-03 22:51:42.381 5169-5169/? D/KeyguardSwipeHelper: resetChildViewVI()
09-03 22:51:42.391 3071-3071/? D/libEGL: eglInitialize EGLDisplay = 0x7ffb5b6848
09-03 22:51:42.391 3633-3712/? D/WindowAnimator: Skip setting animation background if there is an exiting window only.
09-03 22:51:42.401 3633-3712/? D/WindowAnimator: Skip setting animation background if there is an exiting window only.
09-03 22:51:42.421 3633-3712/? D/WindowAnimator: Skip setting animation background if there is an exiting window only.
09-03 22:51:42.421 626-626/? I/Timeline: Timeline: Activity_idle id: android.os.BinderProxy@7e35722 time:153139528
09-03 22:51:42.441 3071-3071/? D/libEGL: eglInitialize EGLDisplay = 0x7ffb5b6848
09-03 22:51:42.441 3633-3712/? D/WindowAnimator: Skip setting animation background if there is an exiting window only.
09-03 22:51:42.451 3071-3071/? D/libEGL: eglInitialize EGLDisplay = 0x7ffb5b6848
09-03 22:51:42.451 3633-3712/? D/WindowAnimator: Skip setting animation background if there is an exiting window only.
09-03 22:51:42.471 3633-3712/? D/WindowAnimator: Skip setting animation background if there is an exiting window only.
09-03 22:51:42.491 3633-3712/? D/WindowAnimator: Skip setting animation background if there is an exiting window only.
09-03 22:51:42.501 3633-3712/? D/WindowAnimator: Skip setting animation background if there is an exiting window only.
09-03 22:51:42.521 3633-3712/? D/WindowAnimator: Skip setting animation background if there is an exiting window only.
09-03 22:51:42.541 3633-3712/? D/WindowAnimator: Skip setting animation background if there is an exiting window only.
09-03 22:51:42.551 3633-3712/? D/WindowAnimator: Skip setting animation background if there is an exiting window only.
09-03 22:51:42.571 3633-3712/? D/WindowAnimator: Skip setting animation background if there is an exiting window only.
09-03 22:51:42.591 3633-3712/? D/WindowAnimator: Skip setting animation background if there is an exiting window only.
09-03 22:51:42.601 3633-3712/? D/WindowAnimator: Skip setting animation background if there is an exiting window only.
09-03 22:51:42.621 3633-3712/? D/CustomFrequencyManagerService: releaseDVFSLockLocked : Getting Lock type frm List : DVFS_MIN_LIMIT  frequency : 1800000  uid : 1000  pid : 3633  tag : ACTIVITY_RESUME_BOOSTER@3
09-03 22:51:42.621 3633-3712/? D/ActivityManager: mDVFSHelper.release()
09-03 22:51:42.621 3633-3712/? I/Timeline: Timeline: Activity_windows_visible id: ActivityRecord{7fe5b33 u0 com.sec.android.gallery3d/.app.GalleryActivity t13360} time:153139728
09-03 22:51:42.621 3633-3706/? D/CustomFrequencyManagerService: acquireDVFSLockLocked : type : DVFS_MIN_LIMIT  frequency : 1800000  uid : 1000  pid : 3633  pkgName : ACTIVITY_RESUME_BOOSTER@9
09-03 22:51:42.631 3071-3299/? I/SurfaceFlinger: id=3229 Removed NainActivit (2/10)
09-03 22:51:42.631 3071-3297/? I/SurfaceFlinger: id=3229 Removed NainActivit (-2/10)
09-03 22:51:42.631 3633-3712/? D/KnoxTimeoutHandler: notifyActivityDrawn [MsgParam] userId: 0 fullscreen is true showWhenlocked is false
09-03 22:51:42.631 3633-3633/? D/KnoxTimeoutHandler: activityDrawn [MsgParam] userId: 0 fullscreen is true showWhenlocked is false
09-03 22:51:42.631 3633-3633/? I/KnoxTimeoutHandler: SD activityfalse
09-03 22:51:42.641 3071-3071/? D/libEGL: eglTerminate EGLDisplay = 0x7ffb5b6978
09-03 22:51:42.641 626-626/? I/GLIdleTimerCmd: MSG_RUN_LISTENER
09-03 22:51:42.641 626-22776/? V/MediaPlayer: decode(46, 1302088, 9022)
09-03 22:51:42.651 626-626/? I/Gallery_Performance: PostGalleryCmd create() START
09-03 22:51:42.651 3633-5126/? D/WifiDisplayAdapter: getWifiDisplayStatusLocked: result=WifiDisplayStatus{featureState=2, scanState=0, activeDisplayState=0, activeDisplay=null, displays=[], sessionInfo=WifiDisplaySessionInfo: Client/Owner: Client GroupId:  Passphrase:  SessionId: 0 IP Address: , connectedState=-1, networkQoS=0}
09-03 22:51:42.651 3093-4168/? I/OggExtractor: OggSource::OggSource() mExtractor ref count = 4
09-03 22:51:42.651 3093-4168/? I/OMXCodec: Attempting to allocate OMX node 'OMX.google.vorbis.decoder'
09-03 22:51:42.651 626-22777/? W/ResourcesManager: getTopLevelResources: /system/priv-app/SecSettings2/SecSettings2.apk / 1.0 running in com.sec.android.gallery3d rsrc of package com.android.settings
09-03 22:51:42.651 3093-4168/? I/OMXCodec: Successfully allocated OMX node 'OMX.google.vorbis.decoder'
09-03 22:51:42.651 3093-4168/? I/OMXCodec: >>>UHQA initOutputFormat 16
09-03 22:51:42.651 3093-4168/? I/OMXCodec: [OMX.google.vorbis.decoder] OMXCodec::start mState=1
09-03 22:51:42.651 3093-4168/? I/OMXCodec: [OMX.google.vorbis.decoder] allocating 4 buffers of size 8192 on input port
09-03 22:51:42.651 3093-4168/? I/OMXCodec: [OMX.google.vorbis.decoder] allocating 4 buffers of size 32768 on output port
09-03 22:51:42.651 3093-22779/? I/OMXCodec: [OMX.google.vorbis.decoder] Now Idle. Component sends idle done Event 
09-03 22:51:42.661 626-22777/? D/ResourcesManager: For user 0 new overlays fetched [/data/app/se.thegreen.GoldKeyPad.common-1/base.apk, /data/app/se.thegreen.GoldKeyPad.settings-1/base.apk, /data/app/se.thegreen.GoldKeyPad.touchwiz-1/base.apk]
09-03 22:51:42.661 3093-22779/? I/OMXCodec: [OMX.google.vorbis.decoder] 0onCmdComplete  mState =  7
09-03 22:51:42.661 3093-22779/? I/OMXCodec: [OMX.google.vorbis.decoder] PORT_DISABLED(1)
09-03 22:51:42.661 3093-22779/? I/OMXCodec: >>>UHQA initOutputFormat 16
09-03 22:51:42.661 3093-22779/? I/OMXCodec: [OMX.google.vorbis.decoder] allocating 4 buffers of size 32768 on output port
09-03 22:51:42.661 626-626/? V/AllShare(ASF-API): L-d140909 / ServiceConnector.createServiceProvider of com.samsung.android.allshare.media
09-03 22:51:42.661 626-626/? I/AllShare(ASF-API): L-d140909 / ServiceConnector.ALLSHARE_CONFIG : DMC_ONLY
09-03 22:51:42.661 626-22777/? E/NFC: isAndroidBeamAllowed - Begin
09-03 22:51:42.661 626-22777/? I/NFC: showMsg is false
09-03 22:51:42.661 3633-5617/? D/CustomFrequencyManagerService: acquireDVFSLockLocked : type : DVFS_MIN_LIMIT  frequency : 800000  uid : 1000  pid : 3633  pkgName : GALLERY_LIST_SCROLL@267
09-03 22:51:42.661 3633-5551/? D/SecContentProvider: query(), uri = 15 selection = isAndroidBeamAllowed
09-03 22:51:42.671 626-22780/? D/CpuBoostScrollCmd: Scroll Boost CPU Clock
09-03 22:51:42.671 3093-22779/? I/OMXCodec: [OMX.google.vorbis.decoder] End Of Stream
09-03 22:51:42.671 3093-4168/? I/SoundExtractor: extract() reached EOS
09-03 22:51:42.671 3093-4168/? I/OMXCodec: [OMX.google.vorbis.decoder] stop mState=4
09-03 22:51:42.671 3093-4168/? I/OMXCodec: [OMX.google.vorbis.decoder] stop() sendCommand(2597, OMX_CommandStateSet, OMX_StateIdle)
09-03 22:51:42.671 3093-22779/? I/OMXCodec: [OMX.google.vorbis.decoder] Now Idle. Component sends idle done Event 
09-03 22:51:42.671 3093-4168/? I/OMXCodec: [OMX.google.vorbis.decoder] stopOmxComponent_l() mstate = 1
09-03 22:51:42.671 3093-4168/? I/OggExtractor: OggSource::stop() mExtractor ref count = 1
09-03 22:51:42.671 3093-4168/? I/OggExtractor: OggSource::~OggSource() mExtractor !mStarted ref count = 1
09-03 22:51:42.671 3093-4168/? I/OggExtractor: ~OggSource --
09-03 22:51:42.671 3093-4168/? I/OggExtractor: ~OggExtractor ++
09-03 22:51:42.671 3093-4168/? I/OggExtractor: ~MyOggExtractor ++ 
09-03 22:51:42.671 3093-4168/? I/OggExtractor: ~MyOggExtractor --
09-03 22:51:42.671 3093-4168/? I/OggExtractor: ~OggExtractor --
09-03 22:51:42.671 626-22776/? V/MediaPlayer: decode(50, 1311164, 7581)
09-03 22:51:42.681 3093-5633/? I/OggExtractor: OggSource::OggSource() mExtractor ref count = 4
09-03 22:51:42.681 3093-5633/? I/OMXCodec: Attempting to allocate OMX node 'OMX.google.vorbis.decoder'
09-03 22:51:42.681 16838-16838/? D/AllShare(ASF-DMC): ServiceManager.onCreate - [ TRACE ] onCreate
09-03 22:51:42.681 16838-16838/? D/AllShare(ASF-DMC): ServiceManager.onStartCommand - [ TRACE ] onStartCommand
09-03 22:51:42.681 16838-16838/? D/AllShare(ASF-DMC): ServiceManager.startServiceManager - Start AllShare Service...
09-03 22:51:42.681 16838-16838/? D/AllShare(ASF-DMC): ServiceManager.initServiceManager - Initialize AllShare ServiceManager...
09-03 22:51:42.681 3093-5633/? I/OMXCodec: Successfully allocated OMX node 'OMX.google.vorbis.decoder'
09-03 22:51:42.681 3093-5633/? I/OMXCodec: >>>UHQA initOutputFormat 16
09-03 22:51:42.681 3093-5633/? I/OMXCodec: [OMX.google.vorbis.decoder] OMXCodec::start mState=1
09-03 22:51:42.681 3093-5633/? I/OMXCodec: [OMX.google.vorbis.decoder] allocating 4 buffers of size 8192 on input port
09-03 22:51:42.681 3093-5633/? I/OMXCodec: [OMX.google.vorbis.decoder] allocating 4 buffers of size 32768 on output port
09-03 22:51:42.681 3093-22784/? I/OMXCodec: [OMX.google.vorbis.decoder] Now Idle. Component sends idle done Event 
09-03 22:51:42.681 626-626/? V/AllShare(ASF-API): L-d140909 / AllShareConnector.gallery3d : bindAllShareService...
09-03 22:51:42.681 5169-5363/? D/NetworkController.MobileSignalController(0/4): onSignalStrengthsChanged signalStrength=SignalStrength: 99 99 -120 -160 -120 -1 -1 19 -106 -13 0 -1 2147483647 0x2000 gsm|lte level=2
09-03 22:51:42.681 5169-5363/? D/NetworkController.MobileSignalController(0/4): getMobileIconGroup(): 13
09-03 22:51:42.681 5169-5363/? D/NetworkController.MobileSignalController(0/4): updateCMCCMobileIconGroup(): 13
09-03 22:51:42.681 5169-5169/? E/SignalClusterView: setSlotFocusVisible : subId 4
09-03 22:51:42.681 5169-5169/? E/SignalClusterView: setSlotFocusVisible : subId 4
09-03 22:51:42.681 3093-22784/? I/OMXCodec: [OMX.google.vorbis.decoder] 0onCmdComplete  mState =  7
09-03 22:51:42.681 3093-22784/? I/OMXCodec: [OMX.google.vorbis.decoder] PORT_DISABLED(1)
09-03 22:51:42.681 3093-22784/? I/OMXCodec: >>>UHQA initOutputFormat 16
09-03 22:51:42.681 3093-22784/? I/OMXCodec: [OMX.google.vorbis.decoder] allocating 4 buffers of size 32768 on output port
09-03 22:51:42.681 3093-22784/? I/OMXCodec: [OMX.google.vorbis.decoder] End Of Stream
09-03 22:51:42.681 3093-5633/? I/SoundExtractor: extract() reached EOS
09-03 22:51:42.681 3093-5633/? I/OMXCodec: [OMX.google.vorbis.decoder] stop mState=4
09-03 22:51:42.681 3093-5633/? I/OMXCodec: [OMX.google.vorbis.decoder] stop() sendCommand(2598, OMX_CommandStateSet, OMX_StateIdle)
09-03 22:51:42.681 3093-22784/? I/OMXCodec: [OMX.google.vorbis.decoder] Now Idle. Component sends idle done Event 
09-03 22:51:42.681 3093-5633/? I/OMXCodec: [OMX.google.vorbis.decoder] stopOmxComponent_l() mstate = 1
09-03 22:51:42.681 3093-5633/? I/OggExtractor: OggSource::stop() mExtractor ref count = 1
09-03 22:51:42.681 3093-5633/? I/OggExtractor: OggSource::~OggSource() mExtractor !mStarted ref count = 1
09-03 22:51:42.681 3093-5633/? I/OggExtractor: ~OggSource --
09-03 22:51:42.681 3093-5633/? I/OggExtractor: ~OggExtractor ++
09-03 22:51:42.681 3093-5633/? I/OggExtractor: ~MyOggExtractor ++ 
09-03 22:51:42.681 3093-5633/? I/OggExtractor: ~MyOggExtractor --
09-03 22:51:42.681 3093-5633/? I/OggExtractor: ~OggExtractor --
09-03 22:51:42.691 626-22776/? V/MediaPlayer: decode(52, 1311164, 7581)
09-03 22:51:42.691 626-22777/? E/NFC: isAndroidBeamAllowed - Begin
09-03 22:51:42.691 626-22777/? I/NFC: showMsg is false
09-03 22:51:42.691 3093-3093/? I/OggExtractor: OggSource::OggSource() mExtractor ref count = 4
09-03 22:51:42.691 3633-5617/? D/SecContentProvider: query(), uri = 15 selection = isAndroidBeamAllowed
09-03 22:51:42.691 3093-3093/? I/OMXCodec: Attempting to allocate OMX node 'OMX.google.vorbis.decoder'
09-03 22:51:42.691 16838-16838/? D/AllShare(ASF-DMC): DownloadManager.init - app max memory: 256MB
09-03 22:51:42.691 16838-16838/? D/AllShare(ASF-DMC): DownloadManager.init - max thumbnail number: 2048
09-03 22:51:42.691 16838-16838/? V/AllShare(ASF_DMC): [JNI] JavaInitializeAllShareFrameworkCore: 43: Enter AllShareFrameworkCoreNativeAPI_initializeAllShareFrameworkCore.
09-03 22:51:42.691 16838-16838/? V/AllShare(ASF_DMC): [NETWORK_LAYER] InitializeNetworkLayer: 33: Enter
09-03 22:51:42.691 626-626/? I/Gallery_Performance: PostGalleryCmd create() END
09-03 22:51:42.691 626-626/? I/Gallery_Performance: PostGalleryCmd resume() START 
09-03 22:51:42.691 3633-3648/? D/CustomFrequencyManagerService: releaseDVFSLockLocked : Getting Lock type frm List : DVFS_MIN_LIMIT  frequency : 800000  uid : 1000  pid : 3633  tag : GALLERY_LIST_SCROLL@267
09-03 22:51:42.691 16838-16838/? V/AllShare(ASF_DMC): [NETWORK_LAYER] InitializeNetworkLayer: 56: Exit
09-03 22:51:42.691 3633-5549/? D/CustomFrequencyManagerService: acquireDVFSLockLocked : type : DVFS_MIN_LIMIT  frequency : 800000  uid : 1000  pid : 3633  pkgName : GALLERY_LIST_SCROLL@267
09-03 22:51:42.691 3093-3093/? I/OMXCodec: Successfully allocated OMX node 'OMX.google.vorbis.decoder'
09-03 22:51:42.691 16838-16838/? V/AllShare(ASF_DMC): [NETWORK_LAYER] StartNetworkLayer: 84: Enter
09-03 22:51:42.691 3093-3093/? I/OMXCodec: >>>UHQA initOutputFormat 16
09-03 22:51:42.691 3093-3093/? I/OMXCodec: [OMX.google.vorbis.decoder] OMXCodec::start mState=1
09-03 22:51:42.691 3093-3093/? I/OMXCodec: [OMX.google.vorbis.decoder] allocating 4 buffers of size 8192 on input port
09-03 22:51:42.691 626-22780/? D/CpuBoostScrollCmd: Scroll Boost Release
09-03 22:51:42.691 3093-3093/? I/OMXCodec: [OMX.google.vorbis.decoder] allocating 4 buffers of size 32768 on output port
09-03 22:51:42.691 3093-22789/? I/OMXCodec: [OMX.google.vorbis.decoder] Now Idle. Component sends idle done Event 
09-03 22:51:42.691 626-22780/? D/CpuBoostScrollCmd: Scroll Boost CPU Clock
09-03 22:51:42.691 16838-16838/? V/AllShare(ASF_DMC): [NETWORK_LAYER] StartNetworkLayer: 116: Exit
09-03 22:51:42.691 16838-16838/? V/AllShare(ASF_DMC): [CP_DISCOVERY] Rescan: 449: Sending Rescan.
09-03 22:51:42.691 16838-16838/? E/AllShare(ASF_DMC): [CP_DISCOVERY] Rescan: 498: SendMulticastPacket failed with error 1
09-03 22:51:42.691 16838-16838/? I/AllShare(ASF_DMC): [CP_DISCOVERY] Init: 210: Rescan failed.
09-03 22:51:42.691 16838-16838/? V/AllShare(ASF_DMC): [CP_DISCOVERY] Initialize: 90: CP Discovery Initialization SuccessFul
09-03 22:51:42.691 16838-16838/? V/AllShare(ASF_DMC): [CP_DISCOVERY] Rescan: 449: Sending Rescan.
09-03 22:51:42.691 16838-16838/? E/AllShare(ASF_DMC): [CP_DISCOVERY] Rescan: 498: SendMulticastPacket failed with error 1
09-03 22:51:42.691 16838-16838/? I/AllShare(ASF_DMC): [CP_DISCOVERY] AddDeviceChangeListener: 720: Rescan failed. 
09-03 22:51:42.691 16838-16838/? V/AllShare(ASF_DMC): [CP_DISCOVERY] RegisterCP: 132: Registering CP Success
09-03 22:51:42.691 16838-16838/? V/AllShare(ASF_DMC): [CP_DISCOVERY] DisableAutoRescan: 248: Auto rescan already stopped 
09-03 22:51:42.691 16838-16838/? I/AllShare(ASF_DMC): [JNI] JavaInitializeAllShareFrameworkCore: 47: AllShareInitialize error code: 0
09-03 22:51:42.701 16838-16838/? I/AllShare(ASF-DMC): ServiceManager.initServiceManager - Initialized AllShare ServiceManager...taking msec of 19
09-03 22:51:42.701 3093-22789/? I/OMXCodec: [OMX.google.vorbis.decoder] 0onCmdComplete  mState =  7
09-03 22:51:42.701 3093-22789/? I/OMXCodec: [OMX.google.vorbis.decoder] PORT_DISABLED(1)
09-03 22:51:42.701 3093-22789/? I/OMXCodec: >>>UHQA initOutputFormat 16
09-03 22:51:42.701 3093-22789/? I/OMXCodec: [OMX.google.vorbis.decoder] allocating 4 buffers of size 32768 on output port
09-03 22:51:42.701 16838-16838/? I/AllShare(ASF-DMC): ServiceManager.startServiceManager - screen is on, turn on MCAST
09-03 22:51:42.701 16838-16838/? I/AllShare(ASF_DMC): [JNI] JavaSetScreenStatus: 103: Enter AllShareFrameworkCoreNativeAPI_setScreenStatus, j_on_off=1
09-03 22:51:42.701 16838-16838/? V/AllShare(ASF_DMC): [NETWORK_LAYER] ConfigureMulticastSupport: 620: Enabling udp servers!!!
09-03 22:51:42.701 16838-16838/? V/AllShare(ASF_DMC): [CP_DISCOVERY] DisableAutoRescan: 244: Auto rescan stopped 
09-03 22:51:42.701 3633-3706/? V/BroadcastQueue: [background] Process cur broadcast BroadcastRecord{d24d7b2 u0 com.samsung.android.providers.context.log.action.REPORT_APP_STATUS_SURVEY qIdx=4}, state= (APP_RECEIVE) DELIVERED for app ProcessRecord{5e94ccc 5869:com.samsung.android.providers.context/u0a380}
09-03 22:51:42.701 3093-22789/? I/OMXCodec: [OMX.google.vorbis.decoder] End Of Stream
09-03 22:51:42.701 3093-3093/? I/SoundExtractor: extract() reached EOS
09-03 22:51:42.701 3093-3093/? I/OMXCodec: [OMX.google.vorbis.decoder] stop mState=4
09-03 22:51:42.701 3093-3093/? I/OMXCodec: [OMX.google.vorbis.decoder] stop() sendCommand(2599, OMX_CommandStateSet, OMX_StateIdle)
09-03 22:51:42.701 3093-22789/? I/OMXCodec: [OMX.google.vorbis.decoder] Now Idle. Component sends idle done Event 
09-03 22:51:42.701 3093-3093/? I/OMXCodec: [OMX.google.vorbis.decoder] stopOmxComponent_l() mstate = 1
09-03 22:51:42.701 3093-3093/? I/OggExtractor: OggSource::stop() mExtractor ref count = 1
09-03 22:51:42.701 3093-3093/? I/OggExtractor: OggSource::~OggSource() mExtractor !mStarted ref count = 1
09-03 22:51:42.701 3093-3093/? I/OggExtractor: ~OggSource --
09-03 22:51:42.701 3093-3093/? I/OggExtractor: ~OggExtractor ++
09-03 22:51:42.701 3093-3093/? I/OggExtractor: ~MyOggExtractor ++ 
09-03 22:51:42.701 3093-3093/? I/OggExtractor: ~MyOggExtractor --
09-03 22:51:42.701 3093-3093/? I/OggExtractor: ~OggExtractor --
