09-03 23:11:40.431 626-28100/? D/PhotoSplitViewState: onViewInitialize
09-03 23:11:40.431 626-28100/? D/GlComposeView: setAdapter = null, new = com.sec.samsung.gallery.view.adapter.ComposePhotoViewAlbumSetAdapter@3357ccf
09-03 23:11:40.431 626-28100/? D/ComposeViewDataLoader: applyViewListener = com.sec.samsung.gallery.glview.composeView.GlComposeView$2@e7665c, count = -1, notiCount = -1
09-03 23:11:40.431 626-28100/? D/GlComposeView: onSizeChanged= 13
09-03 23:11:40.431 626-28100/? D/GlComposeView: setAdapter = null, new = com.sec.samsung.gallery.view.adapter.ComposeMediaItemAdapter@adecd65
09-03 23:11:40.431 626-28100/? I/GlLayer: resume = com.sec.samsung.gallery.glview.composeView.GlComposeSplitView@29395ad, state = 1
09-03 23:11:40.431 626-28100/? I/GlRootView: exit replaceLayer
09-03 23:11:40.441 626-28150/? E/NFC: isAndroidBeamAllowed - Begin
09-03 23:11:40.441 626-28150/? I/NFC: showMsg is false
09-03 23:11:40.441 3633-4604/? D/SecContentProvider: query(), uri = 15 selection = isAndroidBeamAllowed
09-03 23:11:40.441 626-28100/? W/PositionControllerAlbumPhoto: update left albumType : -2
09-03 23:11:40.451 626-28100/? W/PositionControllerAlbumPhoto: update left albumType : -2
09-03 23:11:40.451 626-28100/? W/PositionControllerAlbumPhoto: update left albumType : -2
09-03 23:11:40.451 626-28100/? W/PositionControllerAlbumPhoto: update left albumType : -2
09-03 23:11:40.451 626-28100/? W/PositionControllerAlbumPhoto: update left albumType : -2
09-03 23:11:40.451 3633-5842/? V/BroadcastQueue: [background] Process cur broadcast BroadcastRecord{7bcce50 u0 com.samsung.android.providers.context.log.action.REPORT_APP_STATUS_SURVEY qIdx=4}, state= (APP_RECEIVE) DELIVERED for app ProcessRecord{5e94ccc 5869:com.samsung.android.providers.context/u0a380}
09-03 23:11:40.471 626-626/? D/PhotoViewEventHandle: onAlbumClick: 2-th album selected
09-03 23:11:40.471 626-626/? I/InjectionManager: dispatchCreateOptionsMenu :com.sec.android.gallery3d.app.GalleryActivity
09-03 23:11:40.471 626-626/? I/InjectionManager: dispatchPrepareOptionsMenu :com.sec.android.gallery3d.app.GalleryActivity
09-03 23:11:40.471 626-28149/? D/ComposeViewDataLoader: applyViewListener = null, count = 100, notiCount = -1
09-03 23:11:40.471 626-28149/? D/GlComposeView: onSizeChanged= 100
09-03 23:11:40.471 626-28149/? D/GlComposeView: onContentChanged=0,end=39
09-03 23:11:40.471 626-28148/? D/ComposeViewDataLoader: loadCoveritems count =0, updS = 5, updE = 0
09-03 23:11:40.481 3093-3624/? I/APM::AudioPolicyManager: stopOutput() output 4, stream 1, session 1210
09-03 23:11:40.491 626-28100/? D/GlComposePhotoView: updateSize = 100
09-03 23:11:40.531 626-626/? D/PhotoViewEventHandle: onAlbumClick: 2-th album selected
09-03 23:11:40.731 3633-5842/? D/BatteryService: !@BatteryListener : batteryPropertiesChanged!
09-03 23:11:40.731 3633-5842/? D/BatteryService: level:62, scale:100, status:2, health:2, present:true, voltage: 3924, temperature: 257, technology: Li-ion, AC powered:false, USB powered:true, POGO powered:false, Wireless powered:false, icon:17303413, invalid charger:0, maxChargingCurrent:0
09-03 23:11:40.731 3633-5842/? D/BatteryService: online:4, current avg:118, charge type:1, power sharing:false, high voltage charger:false, capacity:280000, batterySWSelfDischarging:false, current_now:-207
09-03 23:11:40.731 3633-3633/? D/BatteryService: Sending ACTION_BATTERY_CHANGED.
09-03 23:11:40.731 3633-3633/? I/MotionRecognitionService: Plugged
09-03 23:11:40.731 3633-3633/? D/MotionRecognitionService:   cableConnection= 1
09-03 23:11:40.731 3633-3633/? D/MotionRecognitionService: setPowerConnected | current backoffstate  = 1024 , state =1024
09-03 23:11:40.731 3633-3633/? D/MotionRecognitionService: skip setTransmitPower. 
09-03 23:11:40.731 5169-5169/? D/KeyguardUpdateMonitor: received broadcast android.intent.action.BATTERY_CHANGED
09-03 23:11:40.731 5169-5169/? D/PowerUI: priorPlugType = 2 mPlugType =  2
09-03 23:11:40.731 5199-5199/? D/CommonServiceConfiguration: getStringValueSetting
09-03 23:11:40.731 5169-5169/? D/PowerUI.Notification: showChargingNotice oldChargingType : 1 currentChargingType : 1 oldChargingTime : 8209000 mChargingTime : 8209000
09-03 23:11:40.731 5169-5169/? D/KeyguardUpdateMonitor: handleBatteryUpdate
09-03 23:11:40.731 5169-5169/? D/PowerUI.Notification: There is no change about charging status, so return!
09-03 23:11:40.741 5199-5199/? D/BatteryMonitor: new battery level: 62
09-03 23:11:40.751 5169-5169/? D/BatteryMeterView: ACTION_BATTERY_CHANGED : level:62 status:2 health:2
09-03 23:11:40.751 5169-5169/? D/BatteryMeterView: ACTION_BATTERY_CHANGED : level:62 status:2 health:2
09-03 23:11:40.751 5169-5169/? D/CoverUpdateMonitor: received broadcast android.intent.action.BATTERY_CHANGED
09-03 23:11:41.391 3633-5126/? D/ConnectivityService: returning getNetworkInfo for network type 0 : [type: MOBILE[] - MOBILE, state: DISCONNECTED/DISCONNECTED, reason: (unspecified), extra: (none), roaming: false, failover: false, isAvailable: true]
09-03 23:11:41.391 3633-5549/? D/ConnectivityService: returning getNetworkInfo for network type 1 : [type: WIFI[] - WIFI, state: CONNECTED/CONNECTED, reason: (unspecified), extra: "HOME-E0A8", roaming: false, failover: false, isAvailable: true]
09-03 23:11:41.921 16838-28119/? V/AllShare(ASF_DMC): [CP_DISCOVERY] RescanTimerExpiredCallBack: 310: Creating new thread for invalid device removal. timer_id: 2
09-03 23:11:42.151 5169-5363/? D/NetworkController.MobileSignalController(0/4): onSignalStrengthsChanged signalStrength=SignalStrength: 99 99 -120 -160 -120 -1 -1 18 -110 -13 -2 -1 2147483647 0x2000 gsm|lte level=2
09-03 23:11:42.151 5169-5363/? D/NetworkController.MobileSignalController(0/4): getMobileIconGroup(): 13
09-03 23:11:42.151 5169-5363/? D/NetworkController.MobileSignalController(0/4): updateCMCCMobileIconGroup(): 13
09-03 23:11:42.751 11193-16976/? D/QPSingleUpdEngine: [E]Engine started
09-03 23:11:42.751 11193-16976/? I/QPSingleUpdEngine: [E]updateFileDirInit
09-03 23:11:42.751 11193-16976/? D/QPSingleUpdEngine: [E]Begin Request
09-03 23:11:42.751 11193-16976/? D/QPSingleUpdEngine: [E]getBaseInfo
09-03 23:11:42.761 11193-16976/? D/QPSingleUpdEngine: [E]1014206071read---->readphonenumberflag = 0
09-03 23:11:42.761 11193-16976/? D/QPSingleUpdEngine: [E]1014206071read---->encodephonenumber = 
09-03 23:11:42.761 3633-3648/? D/ConnectivityService: returning getNetworkInfo for network type 1 : [type: WIFI[] - WIFI, state: CONNECTED/CONNECTED, reason: (unspecified), extra: "HOME-E0A8", roaming: false, failover: false, isAvailable: true]
09-03 23:11:42.761 3633-5550/? D/ConnectivityService: returning getNetworkInfo for network type 0 : [type: MOBILE[] - MOBILE, state: DISCONNECTED/DISCONNECTED, reason: (unspecified), extra: (none), roaming: false, failover: false, isAvailable: true]
09-03 23:11:42.761 11193-16976/? W/System.err: java.lang.NullPointerException: Attempt to invoke virtual method 'int java.lang.String.length()' on a null object reference
09-03 23:11:42.761 11193-16976/? W/System.err:     at org.json.JSONTokener.nextCleanInternal(JSONTokener.java:116)
09-03 23:11:42.761 11193-16976/? W/System.err:     at org.json.JSONTokener.nextValue(JSONTokener.java:94)
09-03 23:11:42.761 11193-16976/? W/System.err:     at org.json.JSONObject.<init>(JSONObject.java:156)
09-03 23:11:42.761 11193-16976/? W/System.err:     at org.json.JSONObject.<init>(JSONObject.java:173)
09-03 23:11:42.761 11193-16976/? W/System.err:     at com.tencent.mqpsdk.secsrv.MQPEmuDetectService.a(ProGuard:50)
09-03 23:11:42.761 11193-16976/? W/System.err:     at com.tencent.msfmqpsdkbridge.MSFEmuDetectWrapper.a(ProGuard:65)
09-03 23:11:42.761 11193-16976/? W/System.err:     at com.tencent.qqprotect.singleupdate.QPSingleUpdEngine.a(ProGuard:341)
09-03 23:11:42.761 11193-16976/? W/System.err:     at com.tencent.qqprotect.singleupdate.QPSingleUpdEngine.a(ProGuard:407)
09-03 23:11:42.761 11193-16976/? W/System.err:     at com.tencent.qqprotect.singleupdate.QPSingleUpdEngine.a(ProGuard:145)
09-03 23:11:42.761 11193-16976/? W/System.err:     at com.tencent.qqprotect.singleupdate.QPSingleUpdThread.run(ProGuard:21)
09-03 23:11:42.781 11193-27600/? D/QPSingleUpdEngine: [E]Engine started
09-03 23:11:42.781 11193-27600/? I/QPSingleUpdEngine: [E]updateFileDirInit
09-03 23:11:42.781 11193-27600/? D/QPSingleUpdEngine: [E]Begin Request
09-03 23:11:42.781 11193-27600/? D/QPSingleUpdEngine: [E]getBaseInfo
09-03 23:11:42.781 11193-27600/? D/QPSingleUpdEngine: [E]1014206071read---->readphonenumberflag = 0
09-03 23:11:42.781 11193-27600/? D/QPSingleUpdEngine: [E]1014206071read---->encodephonenumber = 
09-03 23:11:42.781 3633-3649/? D/ConnectivityService: returning getNetworkInfo for network type 1 : [type: WIFI[] - WIFI, state: CONNECTED/CONNECTED, reason: (unspecified), extra: "HOME-E0A8", roaming: false, failover: false, isAvailable: true]
09-03 23:11:42.791 3633-5617/? D/ConnectivityService: returning getNetworkInfo for network type 0 : [type: MOBILE[] - MOBILE, state: DISCONNECTED/DISCONNECTED, reason: (unspecified), extra: (none), roaming: false, failover: false, isAvailable: true]
09-03 23:11:42.791 11193-27600/? W/System.err: java.lang.NullPointerException: Attempt to invoke virtual method 'int java.lang.String.length()' on a null object reference
09-03 23:11:42.791 11193-27600/? W/System.err:     at org.json.JSONTokener.nextCleanInternal(JSONTokener.java:116)
09-03 23:11:42.791 11193-27600/? W/System.err:     at org.json.JSONTokener.nextValue(JSONTokener.java:94)
09-03 23:11:42.791 11193-27600/? W/System.err:     at org.json.JSONObject.<init>(JSONObject.java:156)
09-03 23:11:42.791 11193-27600/? W/System.err:     at org.json.JSONObject.<init>(JSONObject.java:173)
09-03 23:11:42.791 11193-27600/? W/System.err:     at com.tencent.mqpsdk.secsrv.MQPEmuDetectService.a(ProGuard:50)
09-03 23:11:42.791 11193-27600/? W/System.err:     at com.tencent.msfmqpsdkbridge.MSFEmuDetectWrapper.a(ProGuard:65)
09-03 23:11:42.791 11193-27600/? W/System.err:     at com.tencent.qqprotect.singleupdate.QPSingleUpdEngine.a(ProGuard:341)
09-03 23:11:42.791 11193-27600/? W/System.err:     at com.tencent.qqprotect.singleupdate.QPSingleUpdEngine.a(ProGuard:407)
09-03 23:11:42.791 11193-27600/? W/System.err:     at com.tencent.qqprotect.singleupdate.QPSingleUpdEngine.a(ProGuard:145)
09-03 23:11:42.791 11193-27600/? W/System.err:     at com.tencent.qqprotect.singleupdate.QPSingleUpdThread.run(ProGuard:21)
09-03 23:11:42.891 3633-3648/? D/ConnectivityService: returning getNetworkInfo for network type 0 : [type: MOBILE[] - MOBILE, state: DISCONNECTED/DISCONNECTED, reason: (unspecified), extra: (none), roaming: false, failover: false, isAvailable: true]
09-03 23:11:42.891 3633-5254/? D/ConnectivityService: returning getNetworkInfo for network type 1 : [type: WIFI[] - WIFI, state: CONNECTED/CONNECTED, reason: (unspecified), extra: "HOME-E0A8", roaming: false, failover: false, isAvailable: true]
09-03 23:11:42.901 11193-16976/? D/QPSingleUpdEngine: [E]new = 2016-09-03 23:11:42.914
09-03 23:11:42.901 11193-16976/? D/QPSingleUpdEngine: [E]getBaseInfo___end
09-03 23:11:42.901 3080-3700/? D/EnterpriseController: netId is 0
09-03 23:11:42.901 3080-3700/? D/Netd: getNetworkForDns: using netid 613 for uid 10247
09-03 23:11:42.901 11193-16976/? D/QPSingleUpdEngine: [E]Start Create Socket!!!
09-03 23:11:42.901 11193-16976/? I/QPSingleUpdEngine: [E]Req/Rsp IOException read or write Error
09-03 23:11:42.901 11193-16976/? I/QPSingleUpdEngine: [E]fuck error!!!
09-03 23:11:42.901 11193-16976/? I/QPSingleUpdEngine: [E]QPSingleUpdThread.run() Exception 3 times!!!
09-03 23:11:42.901 11193-16976/? I/QPSingleUpdEngine: [E]QPSingleUpdThread.run() Exception !!!
09-03 23:11:42.921 11193-27600/? D/QPSingleUpdEngine: [E]new = 2016-09-03 23:11:42.938
09-03 23:11:42.921 11193-27600/? D/QPSingleUpdEngine: [E]getBaseInfo___end
09-03 23:11:42.921 11193-27600/? D/QPSingleUpdEngine: [E]Start Create Socket!!!
09-03 23:11:42.921 11193-27600/? I/QPSingleUpdEngine: [E]Req/Rsp IOException read or write Error
09-03 23:11:42.921 11193-27600/? I/QPSingleUpdEngine: [E]fuck error!!!
09-03 23:11:42.921 11193-27600/? I/QPSingleUpdEngine: [E]QPSingleUpdThread.run() Exception 3 times!!!
09-03 23:11:42.931 11193-27600/? I/QPSingleUpdEngine: [E]QPSingleUpdThread.run() Exception !!!
09-03 23:11:43.471 3093-3727/? I/audio_hw_primary: do_out_standby +
09-03 23:11:43.481 3093-3727/? D/audio_hw_primary: output_devices devices:0
09-03 23:11:43.481 3093-3727/? D/audio_hw_primary: output_devices devices:0
09-03 23:11:43.481 3093-3727/? I/audio_hw_primary: is_voice_wakeup : ret =  1  , wakeup_baby_cry_enabled = 0  ,  wakeup_mic_enabled = 1 
09-03 23:11:43.481 3093-3727/? I/audio_hw_primary: get_scenario : scenario_type = 36
09-03 23:11:43.481 3093-3727/? I/audio_hw_primary: get_input_snd_device_id device:0xc
09-03 23:11:43.481 3093-3727/? V/audio_hw_primary: select_devices output_scenario:-1 input_scenario:36 out_snd_device 0x0 in_snd_device:0xc
09-03 23:11:43.481 3093-3727/? I/audio_hw_primary: set_spk_rx_mute mute(1), rx val=0
09-03 23:11:43.481 3093-3727/? I/audio_route: > audio_route_reset :
09-03 23:11:43.481 3093-3727/? I/audio_route: > audio_route_apply_path : "voice_control-mic"
09-03 23:11:43.481 3093-3727/? V/audio_hw_primary: select_devices() input_route "voice_control-mic" 
09-03 23:11:43.481 3093-3727/? I/audio_route: > audio_route_apply_path : "gain-voice_control-mic"
09-03 23:11:43.481 3093-3727/? V/audio_hw_primary: select_devices() input_gain "gain-voice_control-mic" 
09-03 23:11:43.481 3093-3727/? I/audio_route: > audio_route_update_mixer : +
09-03 23:11:43.481 3093-3727/? I/audio_route: > audio_route_update_mixer : changed(7) -
09-03 23:11:43.481 3093-3727/? V/audio_hw_primary: select_devices : set seamless_buf_offset
09-03 23:11:43.481 3093-3727/? I/audio_route: > audio_values_apply_path : "seamless_buf_offset"
09-03 23:11:43.481 3093-3727/? I/audio_hw_primary: select_devices - 
09-03 23:11:43.481 3093-3727/? I/audio_hw_primary: do_out_standby -
09-03 23:11:43.891 3633-4468/? D/InputReader: Input event(3): value=1 when=154340996101000
09-03 23:11:43.891 3633-4468/? D/InputReader: Input event(3): value=1 when=154340996101000
09-03 23:11:43.891 3633-4468/? I/InputReader: Touch event's action is 0x0 (deviceType=0) [pCnt=1, s=0.11972 ] when=154340996101000
09-03 23:11:43.891 3633-4468/? D/InputReader: lastThreadEndTime = 154337488463634, currentThreadStartTime = 154337488466593, diff = 0
09-03 23:11:43.891 3633-4467/? I/InputDispatcher: Delivering touch to (19026): action: 0x4, toolType: 1
09-03 23:11:43.891 3633-4467/? I/InputDispatcher: Delivering touch to (626): action: 0x0, toolType: 1
09-03 23:11:43.891 626-626/? D/ViewRootImpl: ViewPostImeInputStage processPointer 0
09-03 23:11:43.891 19026-19026/? D/AutoHideHelper: ###check Single invalid
09-03 23:11:44.021 3633-4468/? D/InputReader: Input event(3): value=0 when=154341122531000
09-03 23:11:44.021 3633-4468/? D/InputReader: Input event(3): value=0 when=154341122531000
09-03 23:11:44.021 3633-4468/? I/InputReader: Touch event's action is 0x1 (deviceType=0) [pCnt=1, s=] when=154341122531000
09-03 23:11:44.021 3633-4467/? I/InputDispatcher: Delivering touch to (626): action: 0x1, toolType: 1
09-03 23:11:44.021 626-626/? D/ViewRootImpl: ViewPostImeInputStage processPointer 1
09-03 23:11:44.021 3633-5842/? V/AudioService: AudioService playSoundEffect Type : 0, volume : -1.0
09-03 23:11:44.021 3633-4960/? V/AudioService: received MSG_PLAY_SOUND_EFFECT onPlaySoundEffect start
09-03 23:11:44.021 3093-3093/? I/APM::AudioPolicyManager: getSituationVolume: isBTConnected:0 isHeadConnected:0
09-03 23:11:44.031 626-626/? I/InjectionManager: dispatchOptionsItemSelected :com.sec.android.gallery3d.app.GalleryActivity
09-03 23:11:44.031 626-626/? V/StateManager: finishState com.sec.samsung.gallery.view.photosplitview.PhotoSplitViewState@7f40519
09-03 23:11:44.031 626-626/? I/GlLayer: pause = com.sec.samsung.gallery.glview.composeView.GlComposeAlbumPhotoView@b1c82c4, state = 1
09-03 23:11:44.031 3093-5633/? W/AudioPolicyIntefaceImpl: Skipped to add effects on session 1211
09-03 23:11:44.031 3093-5633/? I/APM::AudioPolicyManager: startOutput() output 4, stream 1, session 1211
09-03 23:11:44.041 626-626/? I/Gallery_Performance: AlbumViewState onResume Start
09-03 23:11:44.041 626-626/? D/AlbumViewState: onResume
09-03 23:11:44.041 626-626/? I/GLIdleTimerCmd: ADD_GL_IDLE_LISTENER
09-03 23:11:44.041 626-626/? D/GlComposeBaseView: GlComposeBaseView = com.sec.samsung.gallery.glview.composeView.GlComposeAlbumView@dd537bf
09-03 23:11:44.041 626-626/? D/GlComposeView: getLogExtra() : no match viewBytFilterType!!!
09-03 23:11:44.041 626-626/? D/GlComposeView: getLogExtra() : no match viewBytFilterType!!!
09-03 23:11:44.041 626-626/? I/GlRootView: attachLayer = com.sec.samsung.gallery.glview.composeView.GlComposeSplitView@29395ad, new = com.sec.samsung.gallery.glview.composeView.GlComposeAlbumView@dd537bf, type = 1
09-03 23:11:44.041 626-626/? I/GlRootView: exit attachLayer
09-03 23:11:44.041 626-28158/? D/ComposeViewDataLoader: checkIncreaseAlbumSet start
09-03 23:11:44.041 626-28158/? D/ComposeViewDataLoader: loadSet done old = 13, new = 13
09-03 23:11:44.041 626-28158/? D/ComposeViewDataLoader: loadCoveritems count =0, updS = 12, updE = 0
09-03 23:11:44.041 626-28158/? D/ComposeViewDataLoader: loadCoveritems count =0, updS = 12, updE = 0
09-03 23:11:44.041 3093-3727/? D/audio_hw_primary: out_set_parameters: enter: kvpairs: routing=2
09-03 23:11:44.041 3093-3727/? D/AudioFlinger: setCurDevice() 0x2
09-03 23:11:44.041 626-626/? I/Gallery_Performance: AlbumViewState onResume End
09-03 23:11:44.041 626-626/? I/InjectionManager: dispatchCreateOptionsMenu :com.sec.android.gallery3d.app.GalleryActivity
09-03 23:11:44.041 626-626/? I/InjectionManager: dispatchPrepareOptionsMenu :com.sec.android.gallery3d.app.GalleryActivity
09-03 23:11:44.041 626-28100/? I/GlRootView: enter replaceLayer = com.sec.samsung.gallery.glview.composeView.GlComposeSplitView@29395ad, new = com.sec.samsung.gallery.glview.composeView.GlComposeAlbumView@dd537bf, type = 1
09-03 23:11:44.041 626-28100/? I/GlLayer: pause = com.sec.samsung.gallery.glview.composeView.GlComposeSplitView@29395ad, state = 1
09-03 23:11:44.041 626-28100/? I/GlLayer: pause = com.sec.samsung.gallery.glview.composeView.GlComposeAlbumPhotoView@b1c82c4, state = 2
09-03 23:11:44.041 626-28100/? I/GlLayer: destroy = com.sec.samsung.gallery.glview.composeView.GlComposeSplitView@29395ad, state = 2
09-03 23:11:44.041 626-28100/? I/GlLayer: destroy = com.sec.samsung.gallery.glview.composeView.GlComposeAlbumPhotoView@b1c82c4, state = 2
09-03 23:11:44.041 626-28100/? D/GlComposeView: setAdapter = com.sec.samsung.gallery.view.adapter.ComposeMediaItemAdapter@adecd65, new = null
09-03 23:11:44.051 626-28100/? D/GlComposeView: setAdapter = com.sec.samsung.gallery.view.adapter.ComposePhotoViewAlbumSetAdapter@3357ccf, new = null
09-03 23:11:44.051 626-28100/? D/GlRootView: isWideMode : false
09-03 23:11:44.051 626-28100/? I/GlLayer: create = com.sec.samsung.gallery.glview.composeView.GlComposeAlbumView@dd537bf, state = 0
09-03 23:11:44.051 3633-3706/? V/BroadcastQueue: [background] Process cur broadcast BroadcastRecord{4206849 u0 com.samsung.android.providers.context.log.action.USE_APP_FEATURE_SURVEY qIdx=4}, state= (APP_RECEIVE) DELIVERED for app ProcessRecord{5e94ccc 5869:com.samsung.android.providers.context/u0a380}
09-03 23:11:44.051 3093-3727/? V/audio_hw_primary: start_output_stream+, out->device : 00000002 , out->type = 1
09-03 23:11:44.051 626-28100/? D/GlLayer: setHoverScrollFlexibleHeightMargin264
09-03 23:11:44.051 626-28100/? D/AlbumViewState: initialzieView = com.sec.samsung.gallery.glview.composeView.GlComposeAlbumView@dd537bf
09-03 23:11:44.051 626-28100/? D/GlComposeView: setAdapter = null, new = com.sec.samsung.gallery.view.adapter.ComposeAlbumSetAdapter@e3238e7
09-03 23:11:44.051 626-28100/? D/ComposeViewDataLoader: applyViewListener = com.sec.samsung.gallery.glview.composeView.GlComposeView$2@1983e51, count = -1, notiCount = -1
09-03 23:11:44.051 626-28100/? D/GlComposeView: onSizeChanged= 13
09-03 23:11:44.051 626-28100/? I/GlLayer: resume = com.sec.samsung.gallery.glview.composeView.GlComposeAlbumView@dd537bf, state = 1
09-03 23:11:44.051 626-28100/? I/GlRootView: exit replaceLayer
09-03 23:11:44.051 626-28158/? D/ComposeViewDataLoader: loadCoveritems count =0, updS = 7, updE = 0
09-03 23:11:44.061 3093-3727/? D/audio_hw_primary: start_output_stream (0xedba4000) out->pcm_device:6 out->config.rate:48000 out->config.format:0 out->period_size:240
09-03 23:11:44.061 3093-3727/? D/audio_hw_primary: start_output_stream (0xedba4000) out->config.rate:48000 out->config.format:0 out->period_size:240
09-03 23:11:44.061 3093-3727/? I/audio_hw_primary: is_voice_wakeup : ret =  1  , wakeup_baby_cry_enabled = 0  ,  wakeup_mic_enabled = 1 
09-03 23:11:44.061 3093-3727/? I/audio_hw_primary: get_scenario : scenario_type = 36
09-03 23:11:44.061 3093-3727/? I/audio_hw_primary: get_input_snd_device_id device:0xc
09-03 23:11:44.061 3093-3727/? V/audio_hw_primary: select_devices output_scenario:0 input_scenario:36 out_snd_device 0x2 in_snd_device:0xc
09-03 23:11:44.061 3093-3727/? I/audio_route: > audio_route_reset :
09-03 23:11:44.061 3093-3727/? I/audio_route: > audio_route_apply_path : "voice_control-mic"
09-03 23:11:44.061 3093-3727/? V/audio_hw_primary: select_devices() input_route "voice_control-mic" 
09-03 23:11:44.061 3093-3727/? I/audio_route: > audio_route_apply_path : "media-speaker"
09-03 23:11:44.061 626-626/? I/InjectionManager: dispatchCreateOptionsMenu :com.sec.android.gallery3d.app.GalleryActivity
09-03 23:11:44.061 626-626/? I/InjectionManager: dispatchPrepareOptionsMenu :com.sec.android.gallery3d.app.GalleryActivity
09-03 23:11:44.121 3093-3727/? V/audio_hw_primary: select_devices() output_route "media-speaker" 
09-03 23:11:44.121 3093-3727/? I/audio_route: > audio_route_apply_path : "gain-voice_control-mic"
09-03 23:11:44.121 3093-3727/? V/audio_hw_primary: select_devices() input_gain "gain-voice_control-mic" 
09-03 23:11:44.121 3093-3727/? I/audio_route: > audio_route_apply_path : "gain-media-speaker"
09-03 23:11:44.131 3093-3727/? V/audio_hw_primary: select_devices() output_gain "gain-media-speaker" 
09-03 23:11:44.131 3093-3727/? I/audio_route: > audio_route_update_mixer : +
09-03 23:11:44.131 3093-3727/? I/audio_route: > audio_route_update_mixer : changed(0) -
09-03 23:11:44.131 3093-3727/? V/audio_hw_primary: select_devices : set seamless_buf_offset
09-03 23:11:44.131 3093-3727/? I/audio_route: > audio_values_apply_path : "seamless_buf_offset"
09-03 23:11:44.131 3093-3727/? I/audio_hw_primary: select_devices - 
09-03 23:11:44.131 3093-3727/? V/audio_hw_primary: start_output_stream-
09-03 23:11:44.161 3093-3727/? D/AudioFlinger: mixer(0xede40000) throttle end: throttle time(10)
09-03 23:11:44.221 3093-3624/? I/APM::AudioPolicyManager: stopOutput() output 4, stream 1, session 1211
09-03 23:11:44.391 3633-5127/? D/ConnectivityService: returning getNetworkInfo for network type 0 : [type: MOBILE[] - MOBILE, state: DISCONNECTED/DISCONNECTED, reason: (unspecified), extra: (none), roaming: false, failover: false, isAvailable: true]
09-03 23:11:44.391 3633-5550/? D/ConnectivityService: returning getNetworkInfo for network type 1 : [type: WIFI[] - WIFI, state: CONNECTED/CONNECTED, reason: (unspecified), extra: "HOME-E0A8", roaming: false, failover: false, isAvailable: true]
09-03 23:11:44.641 626-626/? I/GLIdleTimerCmd: MSG_RUN_LISTENER
09-03 23:11:44.641 626-28162/? W/ResourcesManager: getTopLevelResources: /system/priv-app/SecSettings2/SecSettings2.apk / 1.0 running in com.sec.android.gallery3d rsrc of package com.android.settings
09-03 23:11:44.651 626-28162/? D/ResourcesManager: For user 0 new overlays fetched [/data/app/se.thegreen.GoldKeyPad.common-1/base.apk, /data/app/se.thegreen.GoldKeyPad.settings-1/base.apk, /data/app/se.thegreen.GoldKeyPad.touchwiz-1/base.apk]
09-03 23:11:44.651 626-28162/? E/NFC: isAndroidBeamAllowed - Begin
09-03 23:11:44.651 626-28162/? I/NFC: showMsg is false
09-03 23:11:44.651 3633-5842/? D/SecContentProvider: query(), uri = 15 selection = isAndroidBeamAllowed
09-03 23:11:44.651 626-28100/? D/GlComposeView: TransAnimation for the root object is stopped by layoutChange
09-03 23:11:44.651 626-626/? I/InjectionManager: dispatchCreateOptionsMenu :com.sec.android.gallery3d.app.GalleryActivity
09-03 23:11:44.651 626-626/? I/InjectionManager: dispatchPrepareOptionsMenu :com.sec.android.gallery3d.app.GalleryActivity
09-03 23:11:44.661 626-28162/? E/NFC: isAndroidBeamAllowed - Begin
09-03 23:11:44.661 626-28162/? I/NFC: showMsg is false
09-03 23:11:44.661 3633-5126/? D/SecContentProvider: query(), uri = 15 selection = isAndroidBeamAllowed
09-03 23:11:44.681 626-28100/? D/GlLayer: setHoverScrollFlexibleHeightMargin264
09-03 23:11:44.701 5169-5363/? D/NetworkController.MobileSignalController(0/4): onSignalStrengthsChanged signalStrength=SignalStrength: 99 99 -120 -160 -120 -1 -1 18 -110 -12 22 -1 2147483647 0x2000 gsm|lte level=2
09-03 23:11:44.701 5169-5363/? D/NetworkController.MobileSignalController(0/4): getMobileIconGroup(): 13
09-03 23:11:44.701 5169-5363/? D/NetworkController.MobileSignalController(0/4): updateCMCCMobileIconGroup(): 13
09-03 23:11:44.851 3633-4468/? D/InputReader: Input event(3): value=1 when=154341950912000
09-03 23:11:44.851 3633-4468/? D/InputReader: Input event(3): value=1 when=154341950912000
09-03 23:11:44.851 3633-4468/? I/InputReader: Touch event's action is 0x0 (deviceType=0) [pCnt=1, s=0.11973 ] when=154341950912000
09-03 23:11:44.851 3633-4468/? D/InputReader: lastThreadEndTime = 154341122827053, currentThreadStartTime = 154341122828845, diff = 0
09-03 23:11:44.851 3633-4467/? I/InputDispatcher: Delivering touch to (19026): action: 0x4, toolType: 1
09-03 23:11:44.851 3633-4467/? I/InputDispatcher: Delivering touch to (626): action: 0x0, toolType: 1
09-03 23:11:44.851 626-626/? D/ViewRootImpl: ViewPostImeInputStage processPointer 0
09-03 23:11:44.851 19026-19026/? D/AutoHideHelper: ###check Single invalid
09-03 23:11:44.851 3633-5549/? D/CustomFrequencyManagerService: acquireDVFSLockLocked : type : DVFS_MIN_LIMIT  frequency : 800000  uid : 1000  pid : 3633  pkgName : GALLERY_LIST_SCROLL@475
09-03 23:11:44.851 626-28110/? D/CpuBoostScrollCmd: Scroll Boost CPU Clock
09-03 23:11:44.851 626-28100/? D/GlHoverController: onMessage msg = 3
09-03 23:11:44.851 626-28100/? D/GlHoverController: removeHoverView removed message = 0
09-03 23:11:44.971 3633-4468/? D/InputReader: Input event(3): value=0 when=154342077663000
09-03 23:11:44.971 3633-4468/? D/InputReader: Input event(3): value=0 when=154342077663000
09-03 23:11:44.971 3633-4468/? I/InputReader: Touch event's action is 0x1 (deviceType=0) [pCnt=1, s=] when=154342077663000
09-03 23:11:44.971 3633-4467/? I/InputDispatcher: Delivering touch to (626): action: 0x1, toolType: 1
09-03 23:11:44.971 626-626/? D/ViewRootImpl: ViewPostImeInputStage processPointer 1
09-03 23:11:44.971 3633-5842/? V/AudioService: AudioService playSoundEffect Type : 10, volume : -1.0
09-03 23:11:44.971 626-626/? E/AlbumViewState: cannot start anmation to PhotoView. bitmap is null
09-03 23:11:44.981 3633-4960/? V/AudioService: received MSG_PLAY_SOUND_EFFECT onPlaySoundEffect start
09-03 23:11:44.981 3093-4167/? I/APM::AudioPolicyManager: getSituationVolume: isBTConnected:0 isHeadConnected:0
09-03 23:11:44.981 626-626/? V/StateManager: startState class com.sec.samsung.gallery.view.photosplitview.PhotoSplitViewState
09-03 23:11:44.981 626-626/? I/Gallery_Performance: AlbumViewState onPause Start
09-03 23:11:44.981 626-626/? I/GlLayer: pause = com.sec.samsung.gallery.glview.composeView.GlComposeAlbumView@dd537bf, state = 1
09-03 23:11:44.981 626-626/? I/Gallery_Performance: AlbumViewState onPause End
09-03 23:11:44.981 626-626/? I/Gallery_Performance: PhotoSplitViewState onCreate Start
09-03 23:11:44.981 626-626/? D/ComposeViewDataLoader: checkIncreaseAlbumSet start
09-03 23:11:44.981 626-626/? I/Gallery_Performance: PhotoSplitViewState onCreate End
09-03 23:11:44.981 626-626/? I/Gallery_Performance: PhotoSplitViewState onResume Start
09-03 23:11:44.981 626-626/? D/GlComposeBaseView: GlComposeBaseView = com.sec.samsung.gallery.glview.composeView.GlComposeAlbumPhotoView@20c5fb7
09-03 23:11:44.981 3093-5633/? W/AudioPolicyIntefaceImpl: Skipped to add effects on session 1212
09-03 23:11:44.981 3093-5633/? I/APM::AudioPolicyManager: startOutput() output 4, stream 1, session 1212
09-03 23:11:44.991 3633-3706/? V/BroadcastQueue: [background] Process cur broadcast BroadcastRecord{308d54e u0 com.samsung.android.providers.context.log.action.USE_APP_FEATURE_SURVEY qIdx=4}, state= (APP_RECEIVE) DELIVERED for app ProcessRecord{5e94ccc 5869:com.samsung.android.providers.context/u0a380}
09-03 23:11:44.991 3093-3727/? D/audio_hw_primary: out_set_parameters: enter: kvpairs: routing=2
09-03 23:11:44.991 3093-3727/? I/audio_hw_primary: out_set_parameters adev->out_device:2
09-03 23:11:44.991 3093-3727/? I/audio_hw_primary: is_voice_wakeup : ret =  1  , wakeup_baby_cry_enabled = 0  ,  wakeup_mic_enabled = 1 
09-03 23:11:44.991 3093-3727/? I/audio_hw_primary: get_scenario : scenario_type = 36
09-03 23:11:44.991 626-626/? D/GlComposeBaseView: GlComposeBaseView = com.sec.samsung.gallery.glview.composeView.GlComposeSplitView@2f8b324
09-03 23:11:44.991 3093-3727/? I/audio_hw_primary: get_input_snd_device_id device:0xc
09-03 23:11:44.991 3093-3727/? V/audio_hw_primary: select_devices output_scenario:0 input_scenario:36 out_snd_device 0x2 in_snd_device:0xc
09-03 23:11:44.991 3093-3727/? I/audio_hw_primary: select_devices - do not update mixer_path
09-03 23:11:44.991 3093-3727/? D/AudioFlinger: setCurDevice() 0x2
09-03 23:11:45.001 3633-5551/? V/BroadcastQueue: [background] Process cur broadcast BroadcastRecord{414c66f u0 com.samsung.android.providers.context.log.action.USE_APP_FEATURE_SURVEY qIdx=4}, state= (APP_RECEIVE) DELIVERED for app ProcessRecord{5e94ccc 5869:com.samsung.android.providers.context/u0a380}
09-03 23:11:45.011 626-626/? I/GlRootView: attachLayer = com.sec.samsung.gallery.glview.composeView.GlComposeAlbumView@dd537bf, new = com.sec.samsung.gallery.glview.composeView.GlComposeSplitView@2f8b324, type = 1
09-03 23:11:45.011 626-626/? I/GlRootView: exit attachLayer
09-03 23:11:45.011 626-28166/? D/ComposeViewDataLoader: checkIncreaseAlbumSet start
09-03 23:11:45.011 626-28166/? D/ComposeViewDataLoader: loadSet done old = 13, new = 13
09-03 23:11:45.011 626-28166/? D/ComposeViewDataLoader: loadCoveritems count =0, updS = 7, updE = 0
09-03 23:11:45.011 626-28166/? D/ComposeViewDataLoader: loadCoveritems count =0, updS = 7, updE = 0
09-03 23:11:45.021 626-28168/? E/NFC: isAndroidBeamAllowed - Begin
09-03 23:11:45.021 626-28168/? I/NFC: showMsg is false
09-03 23:11:45.021 3633-3706/? V/BroadcastQueue: [background] Process cur broadcast BroadcastRecord{a287f7c u0 com.samsung.android.providers.context.log.action.USE_APP_FEATURE_SURVEY qIdx=4}, state= (APP_RECEIVE) DELIVERED for app ProcessRecord{5e94ccc 5869:com.samsung.android.providers.context/u0a380}
09-03 23:11:45.021 3633-3648/? D/SecContentProvider: query(), uri = 15 selection = isAndroidBeamAllowed
09-03 23:11:45.031 3093-3727/? D/AudioFlinger: mixer(0xede40000) throttle end: throttle time(4)
09-03 23:11:45.031 626-626/? I/Gallery_Performance: PhotoSplitViewState onResume End
09-03 23:11:45.031 626-28100/? I/GlRootView: enter replaceLayer = com.sec.samsung.gallery.glview.composeView.GlComposeAlbumView@dd537bf, new = com.sec.samsung.gallery.glview.composeView.GlComposeSplitView@2f8b324, type = 1
09-03 23:11:45.031 626-28100/? I/GlLayer: pause = com.sec.samsung.gallery.glview.composeView.GlComposeAlbumView@dd537bf, state = 2
09-03 23:11:45.031 626-28100/? I/GlLayer: destroy = com.sec.samsung.gallery.glview.composeView.GlComposeAlbumView@dd537bf, state = 2
09-03 23:11:45.031 626-28100/? D/GlComposeView: setAdapter = com.sec.samsung.gallery.view.adapter.ComposeAlbumSetAdapter@e3238e7, new = null
09-03 23:11:45.031 626-626/? I/InjectionManager: dispatchCreateOptionsMenu :com.sec.android.gallery3d.app.GalleryActivity
09-03 23:11:45.031 626-626/? I/InjectionManager: dispatchPrepareOptionsMenu :com.sec.android.gallery3d.app.GalleryActivity
09-03 23:11:45.031 3633-4604/? D/CustomFrequencyManagerService: releaseDVFSLockLocked : Getting Lock type frm List : DVFS_MIN_LIMIT  frequency : 800000  uid : 1000  pid : 3633  tag : GALLERY_LIST_SCROLL@475
09-03 23:11:45.031 626-28110/? D/CpuBoostScrollCmd: Scroll Boost Release
09-03 23:11:45.041 626-28100/? D/GlRootView: isWideMode : false
09-03 23:11:45.041 626-28100/? I/GlLayer: create = com.sec.samsung.gallery.glview.composeView.GlComposeSplitView@2f8b324, state = 0
09-03 23:11:45.041 626-28168/? E/NFC: isAndroidBeamAllowed - Begin
09-03 23:11:45.041 626-28168/? I/NFC: showMsg is false
09-03 23:11:45.041 626-28100/? E/PositionControllerAlbumPhoto: resetAttributes :: mTitleCanvsH : 160 mTitleCanvsW:0
09-03 23:11:45.041 626-28100/? D/GlLayer: setHoverScrollFlexibleHeightMargin264
09-03 23:11:45.041 626-28100/? I/GlLayer: create = com.sec.samsung.gallery.glview.composeView.GlComposeAlbumPhotoView@20c5fb7, state = 0
09-03 23:11:45.041 3633-5550/? D/SecContentProvider: query(), uri = 15 selection = isAndroidBeamAllowed
09-03 23:11:45.041 626-28100/? E/PositionControllerAlbumPhoto: resetAttributes :: mTitleCanvsH : 128 mTitleCanvsW:0
09-03 23:11:45.041 626-28100/? D/GlLayer: setHoverScrollFlexibleHeightMargin228
09-03 23:11:45.041 626-28100/? D/PhotoSplitViewState: onViewInitialize
09-03 23:11:45.041 626-28100/? D/GlComposeView: setAdapter = null, new = com.sec.samsung.gallery.view.adapter.ComposePhotoViewAlbumSetAdapter@da98d9a
09-03 23:11:45.041 626-28100/? D/ComposeViewDataLoader: applyViewListener = com.sec.samsung.gallery.glview.composeView.GlComposeView$2@97266cb, count = -1, notiCount = -1
09-03 23:11:45.041 626-28100/? D/GlComposeView: onSizeChanged= 13
09-03 23:11:45.041 626-28100/? D/GlComposeView: setAdapter = null, new = com.sec.samsung.gallery.view.adapter.ComposeMediaItemAdapter@d09cea8
09-03 23:11:45.041 3633-5551/? V/BroadcastQueue: [background] Process cur broadcast BroadcastRecord{ffe4005 u0 com.samsung.android.providers.context.log.action.REPORT_APP_STATUS_SURVEY qIdx=4}, state= (APP_RECEIVE) DELIVERED for app ProcessRecord{5e94ccc 5869:com.samsung.android.providers.context/u0a380}
09-03 23:11:45.041 626-28100/? I/GlLayer: resume = com.sec.samsung.gallery.glview.composeView.GlComposeSplitView@2f8b324, state = 1
09-03 23:11:45.041 626-28100/? I/GlRootView: exit replaceLayer
09-03 23:11:45.061 626-28100/? W/PositionControllerAlbumPhoto: update left albumType : -2
09-03 23:11:45.061 626-28100/? W/PositionControllerAlbumPhoto: update left albumType : -2
09-03 23:11:45.061 626-28100/? W/PositionControllerAlbumPhoto: update left albumType : -2
09-03 23:11:45.061 626-28100/? W/PositionControllerAlbumPhoto: update left albumType : -2
09-03 23:11:45.061 626-28100/? W/PositionControllerAlbumPhoto: update left albumType : -2
09-03 23:11:45.061 626-28167/? D/ComposeViewDataLoader: applyViewListener = null, count = 100, notiCount = -1
09-03 23:11:45.061 626-28166/? D/ComposeViewDataLoader: loadCoveritems count =0, updS = 7, updE = 0
09-03 23:11:45.061 626-28167/? D/GlComposeView: onSizeChanged= 100
09-03 23:11:45.061 626-28167/? D/GlComposeView: onContentChanged=0,end=39
09-03 23:11:45.081 626-626/? D/PhotoViewEventHandle: onAlbumClick: 4-th album selected
09-03 23:11:45.081 626-28100/? D/GlComposePhotoView: updateSize = 100
09-03 23:11:45.081 626-626/? I/InjectionManager: dispatchCreateOptionsMenu :com.sec.android.gallery3d.app.GalleryActivity
09-03 23:11:45.081 626-626/? I/InjectionManager: dispatchPrepareOptionsMenu :com.sec.android.gallery3d.app.GalleryActivity
09-03 23:11:45.081 3093-3624/? I/APM::AudioPolicyManager: stopOutput() output 4, stream 1, session 1212
09-03 23:11:45.131 626-626/? D/PhotoViewEventHandle: onAlbumClick: 4-th album selected
09-03 23:11:45.491 3633-7848/? D/ConnectivityService: returning getNetworkInfo for network type 1 : [type: WIFI[] - WIFI, state: CONNECTED/CONNECTED, reason: (unspecified), extra: "HOME-E0A8", roaming: false, failover: false, isAvailable: true]
09-03 23:11:45.901 3633-5551/? D/ConnectivityService: returning getNetworkInfo for network type 0 : [type: MOBILE[] - MOBILE, state: DISCONNECTED/DISCONNECTED, reason: (unspecified), extra: (none), roaming: false, failover: false, isAvailable: true]
09-03 23:11:45.901 3633-5126/? D/ConnectivityService: returning getNetworkInfo for network type 1 : [type: WIFI[] - WIFI, state: CONNECTED/CONNECTED, reason: (unspecified), extra: "HOME-E0A8", roaming: false, failover: false, isAvailable: true]
09-03 23:11:45.931 3633-4468/? D/InputReader: Input event(3): value=1 when=154343034121000
09-03 23:11:45.931 3633-4468/? D/InputReader: Input event(3): value=1 when=154343034121000
09-03 23:11:45.931 3633-4468/? I/InputReader: Touch event's action is 0x0 (deviceType=0) [pCnt=1, s=0.11974 ] when=154343034121000
09-03 23:11:45.931 3633-4468/? D/InputReader: lastThreadEndTime = 154342077857595, currentThreadStartTime = 154342077860303, diff = 0
09-03 23:11:45.931 3633-4467/? I/InputDispatcher: Delivering touch to (19026): action: 0x4, toolType: 1
09-03 23:11:45.931 3633-4467/? I/InputDispatcher: Delivering touch to (626): action: 0x0, toolType: 1
09-03 23:11:45.931 626-626/? D/ViewRootImpl: ViewPostImeInputStage processPointer 0
09-03 23:11:45.931 19026-19026/? D/AutoHideHelper: ###check Single invalid
09-03 23:11:45.931 3633-5127/? D/CustomFrequencyManagerService: acquireDVFSLockLocked : type : DVFS_MIN_LIMIT  frequency : 800000  uid : 1000  pid : 3633  pkgName : GALLERY_LIST_SCROLL@475
09-03 23:11:45.931 626-28110/? D/CpuBoostScrollCmd: Scroll Boost CPU Clock
09-03 23:11:45.951 626-28100/? D/GlHoverController: onMessage msg = 3
09-03 23:11:45.951 626-28100/? D/GlHoverController: removeHoverView removed message = 0
09-03 23:11:46.021 3633-4468/? D/InputReader: Input event(3): value=0 when=154343126759000
09-03 23:11:46.021 3633-4468/? D/InputReader: Input event(3): value=0 when=154343126759000
09-03 23:11:46.021 3633-4468/? I/InputReader: Touch event's action is 0x1 (deviceType=0) [pCnt=1, s=] when=154343126759000
09-03 23:11:46.021 3633-4467/? I/InputDispatcher: Delivering touch to (626): action: 0x1, toolType: 1
09-03 23:11:46.021 626-626/? D/ViewRootImpl: ViewPostImeInputStage processPointer 1
09-03 23:11:46.031 3633-4941/? V/AudioService: AudioService playSoundEffect Type : 10, volume : -1.0
09-03 23:11:46.031 3633-4960/? V/AudioService: received MSG_PLAY_SOUND_EFFECT onPlaySoundEffect start
09-03 23:11:46.031 3093-6337/? I/APM::AudioPolicyManager: getSituationVolume: isBTConnected:0 isHeadConnected:0
09-03 23:11:46.031 3633-5548/? D/InputDispatcher: Focused application set to: xxxx
09-03 23:11:46.031 3093-5635/? W/AudioPolicyIntefaceImpl: Skipped to add effects on session 1213
09-03 23:11:46.031 3093-5635/? I/APM::AudioPolicyManager: startOutput() output 4, stream 1, session 1213
09-03 23:11:46.041 626-626/? I/Gallery_Performance: Gallery onPause Start
09-03 23:11:46.041 3633-5607/? D/CustomFrequencyManagerService: releaseDVFSLockLocked : Getting Lock type frm List : DVFS_MIN_LIMIT  frequency : 800000  uid : 1000  pid : 3633  tag : GALLERY_LIST_SCROLL@475
09-03 23:11:46.041 626-28110/? D/CpuBoostScrollCmd: Scroll Boost Release
09-03 23:11:46.041 3071-4573/? D/libEGL: eglTerminate EGLDisplay = 0x7f7ba7ae78
09-03 23:11:46.041 3071-4573/? D/libEGL: eglTerminate EGLDisplay = 0x7f7ba7ae78
09-03 23:11:46.041 626-28100/? D/libEGL: eglTerminate EGLDisplay = 0x7f8747ee28
09-03 23:11:46.041 3093-3727/? D/audio_hw_primary: out_set_parameters: enter: kvpairs: routing=2
09-03 23:11:46.041 3093-3727/? I/audio_hw_primary: out_set_parameters adev->out_device:2
09-03 23:11:46.041 3093-3727/? I/audio_hw_primary: is_voice_wakeup : ret =  1  , wakeup_baby_cry_enabled = 0  ,  wakeup_mic_enabled = 1 
09-03 23:11:46.041 3093-3727/? I/audio_hw_primary: get_scenario : scenario_type = 36
09-03 23:11:46.041 3093-3727/? I/audio_hw_primary: get_input_snd_device_id device:0xc
09-03 23:11:46.041 3093-3727/? V/audio_hw_primary: select_devices output_scenario:0 input_scenario:36 out_snd_device 0x2 in_snd_device:0xc
09-03 23:11:46.041 3093-3727/? I/audio_hw_primary: select_devices - do not update mixer_path
09-03 23:11:46.041 3093-3727/? D/AudioFlinger: setCurDevice() 0x2
09-03 23:11:46.041 626-626/? D/GlRootView: onPause mGlActive = true
09-03 23:11:46.041 626-626/? I/GlLayer: pause = com.sec.samsung.gallery.glview.composeView.GlComposeAlbumPhotoView@20c5fb7, state = 1
09-03 23:11:46.051 626-626/? I/Gallery_Performance: PostGalleryCmd pause() START 
09-03 23:11:46.051 626-626/? I/Gallery_Performance: PostGalleryCmd pause() END
09-03 23:11:46.051 626-626/? I/Gallery_Performance: Gallery onPause End
09-03 23:11:46.051 3633-5842/? D/CustomFrequencyManagerService: acquireDVFSLockLocked : type : DVFS_MIN_LIMIT  frequency : 1800000  uid : 1000  pid : 3633  pkgName : ACTIVITY_RESUME_BOOSTER@3
09-03 23:11:46.051 3633-5842/? D/ActivityManager: mDVFSHelper.acquire()
09-03 23:11:46.051 3633-5842/? D/ActivityManager:  Launching com.sh1r0.caffe_android_demo, updated priority
09-03 23:11:46.061 3633-3633/? D/GameManagerService: NotifyRunnable. pkg: com.sh1r0.caffe_android_demo, type: 4, isMinimized: false, isTunableApp: false
09-03 23:11:46.061 3633-3707/? W/ContextImpl: Calling a method in the system process without a qualified user: android.app.ContextImpl.sendBroadcast:830 com.android.server.policy.PhoneWindowManager.notifyToSSRM:8645 com.android.server.policy.PhoneWindowManager.access$1500:307 com.android.server.policy.PhoneWindowManager$PolicyHandler.handleMessage:1206 android.os.Handler.dispatchMessage:102 
09-03 23:11:46.061 3633-5617/? D/InputDispatcher: Focus left window: 626
09-03 23:11:46.061 3633-3712/? D/PointerIcon: setMouseIconStyle1 pointerType: 1001 iconType:101 flag:0 pid:3633 uid:1000
09-03 23:11:46.061 3633-3712/? D/PointerIcon: setMouseCustomIcon IconType is same.101
09-03 23:11:46.071 3633-7848/? D/ConnectivityService: returning getNetworkInfo for network type 1 : [type: WIFI[] - WIFI, state: CONNECTED/CONNECTED, reason: (unspecified), extra: "HOME-E0A8", roaming: false, failover: false, isAvailable: true]
09-03 23:11:46.071 3633-7848/? D/ConnectivityService: returning getNetworkInfo for network type 1 : [type: WIFI[] - WIFI, state: CONNECTED/CONNECTED, reason: (unspecified), extra: "HOME-E0A8", roaming: false, failover: false, isAvailable: true]
09-03 23:11:46.081 27424-27424/? D/MainActivity: /storage/emulated/0/DCIM/Camera/test/Dinosaur/494.jpg
09-03 23:11:46.081 27424-27424/? D/MainActivity: 256
09-03 23:11:46.081 27424-27424/? D/MainActivity: 384
09-03 23:11:46.091 27424-27424/? D/ViewRootImpl: #1 mView = com.android.internal.policy.PhoneWindow$DecorView{9f367c V.E...... R.....I. 0,0-0,0}
09-03 23:11:46.091 3633-5127/? D/ISSUE_DEBUG: InputChannelName : 2d15a8b Predicting...
09-03 23:11:46.091 3633-3707/? D/StatusBarManagerService: manageDisableList userId=0 what=0x0 pkg=Window{2d15a8b u0 d0 Predicting...}
09-03 23:11:46.091 3633-5127/? D/InputDispatcher: Focus entered window: 27424
09-03 23:11:46.091 5169-5169/? D/PhoneStatusBar: setSystemUiVisibility vis=8000 mask=ffffffff oldVal=8600 newVal=8000 diff=600
09-03 23:11:46.091 3633-3712/? D/PointerIcon: setMouseIconStyle1 pointerType: 1001 iconType:101 flag:0 pid:3633 uid:1000
09-03 23:11:46.091 3633-3712/? D/PointerIcon: setMouseCustomIcon IconType is same.101
09-03 23:11:46.091 3633-5548/? D/ActivityManager: post active user change for 0 fullscreen true isFloatingActivity() false isHomeActivity() false
09-03 23:11:46.091 3633-5548/? D/KnoxTimeoutHandler: postActiveUserChange [MsgParam] userId: 0 fullscreen is true showWhenlocked is false
09-03 23:11:46.091 3633-3633/? D/KnoxTimeoutHandler: handleActiveUserChange [MsgParam] userId: 0 fullscreen is true showWhenlocked is false
09-03 23:11:46.091 3633-3633/? I/KnoxTimeoutHandler: Shared devices show user statefalse
09-03 23:11:46.101 3071-3071/? I/SurfaceFlinger: id=3464 createSurf (1x1),1 flag=4, 
09-03 23:11:46.121 27424-27446/? D/mali_winsys: new_window_surface returns 0x3000,  [1336x648]-format:1
09-03 23:11:46.121 3071-3071/? I/SurfaceFlinger: id=3465 createSurf (1440x2560),1 flag=404, NainActivit
09-03 23:11:46.131 3093-3624/? I/APM::AudioPolicyManager: stopOutput() output 4, stream 1, session 1213
09-03 23:11:46.131 27424-27446/? D/mali_winsys: new_window_surface returns 0x3000,  [1440x2560]-format:1
09-03 23:11:46.141 27424-27424/? W/ActivityThread: AppLock checkAppLockState isAppLocked = false pkgName = com.sh1r0.caffe_android_demo showWhenLocked = false
09-03 23:11:46.151 27424-27424/? W/DisplayListCanvas: DisplayListCanvas is started on unbinded RenderNode (without mOwningView)
09-03 23:11:46.161 3633-5254/? V/WindowStateAnimator: Finishing drawing window Window{2d15a8b u0 d0 Predicting...}: mDrawState=DRAW_PENDING
09-03 23:11:46.161 3071-3071/? D/libEGL: eglInitialize EGLDisplay = 0x7ffb5b6848
09-03 23:11:46.161 3071-3071/? D/libEGL: eglInitialize EGLDisplay = 0x7ffb5b6848
09-03 23:11:46.171 3633-5127/? V/WindowStateAnimator: Finishing drawing window Window{62cf0c4 u0 d0 com.sh1r0.caffe_android_demo/com.sh1r0.caffe_android_demo.MainActivity}: mDrawState=DRAW_PENDING
09-03 23:11:46.171 27424-27424/? D/ViewRootImpl: MSG_RESIZED_REPORT: ci=Rect(0, 0 - 0, 0) vi=Rect(0, 0 - 0, 0) or=1
09-03 23:11:46.171 3633-3712/? D/KnoxTimeoutHandler: notifyActivityDrawn [MsgParam] userId: 0 fullscreen is true showWhenlocked is false
09-03 23:11:46.171 3633-3707/? D/StatusBarManagerService: manageDisableList userId=0 what=0x0 pkg=Window{2d15a8b u0 d0 Predicting...}
09-03 23:11:46.171 3633-3633/? D/KnoxTimeoutHandler: activityDrawn [MsgParam] userId: 0 fullscreen is true showWhenlocked is false
09-03 23:11:46.171 3633-3712/? I/ActivityManager: Displayed com.sh1r0.caffe_android_demo/.MainActivity: +120ms
09-03 23:11:46.171 5169-5169/? D/PhoneStatusBar: setSystemUiVisibility vis=0 mask=ffffffff oldVal=8000 newVal=0 diff=8000
09-03 23:11:46.171 3633-5549/? V/WindowStateAnimator: Finishing drawing window Window{2d15a8b u0 d0 Predicting...}: mDrawState=HAS_DRAWN
09-03 23:11:46.171 3633-3633/? I/KnoxTimeoutHandler: SD activityfalse
09-03 23:11:46.171 27424-27424/? D/ViewRootImpl: MSG_RESIZED: ci=Rect(0, 0 - 0, 0) vi=Rect(0, 0 - 0, 0) or=1
09-03 23:11:46.181 3071-3071/? D/libEGL: eglInitialize EGLDisplay = 0x7ffb5b6848
09-03 23:11:46.191 626-626/? I/GlRootView: surfaceDestroyed, type = 1
09-03 23:11:46.191 626-626/? I/GlRootView: enter replaceLayer = com.sec.samsung.gallery.glview.composeView.GlComposeSplitView@2f8b324, new = null, type = 1
09-03 23:11:46.191 626-626/? I/GlLayer: pause = com.sec.samsung.gallery.glview.composeView.GlComposeSplitView@2f8b324, state = 1
09-03 23:11:46.191 626-626/? I/GlLayer: pause = com.sec.samsung.gallery.glview.composeView.GlComposeAlbumPhotoView@20c5fb7, state = 2
09-03 23:11:46.191 626-626/? I/GlLayer: destroy = com.sec.samsung.gallery.glview.composeView.GlComposeSplitView@2f8b324, state = 2
09-03 23:11:46.191 626-626/? I/GlLayer: destroy = com.sec.samsung.gallery.glview.composeView.GlComposeAlbumPhotoView@20c5fb7, state = 2
09-03 23:11:46.191 626-626/? D/GlComposeView: setAdapter = com.sec.samsung.gallery.view.adapter.ComposeMediaItemAdapter@d09cea8, new = null
09-03 23:11:46.191 626-626/? D/GlComposeView: setAdapter = com.sec.samsung.gallery.view.adapter.ComposePhotoViewAlbumSetAdapter@da98d9a, new = null
09-03 23:11:46.191 626-626/? I/GlRootView: exit replaceLayer
09-03 23:11:46.191 626-626/? I/GlRootView: finalizeView layer = null, content = null, GlAvala, type = 1
09-03 23:11:46.191 27424-27424/? I/Timeline: Timeline: Activity_idle id: android.os.BinderProxy@9491856 time:154343299
09-03 23:11:46.201 19026-19026/? D/ViewRootImpl: MSG_RESIZED: ci=Rect(0, 0 - 0, 0) vi=Rect(0, 0 - 0, 0) or=1
09-03 23:11:46.201 3071-3071/? D/libEGL: eglInitialize EGLDisplay = 0x7ffb5b6848
09-03 23:11:46.201 3071-4605/? D/libEGL: eglTerminate EGLDisplay = 0x7f7b97be78
09-03 23:11:46.201 3071-4605/? D/libEGL: eglTerminate EGLDisplay = 0x7f7b97be78
09-03 23:11:46.431 3633-3712/? D/CustomFrequencyManagerService: releaseDVFSLockLocked : Getting Lock type frm List : DVFS_MIN_LIMIT  frequency : 1800000  uid : 1000  pid : 3633  tag : ACTIVITY_RESUME_BOOSTER@3
09-03 23:11:46.441 3633-3712/? D/ActivityManager: mDVFSHelper.release()
09-03 23:11:46.441 3633-3712/? I/Timeline: Timeline: Activity_windows_visible id: ActivityRecord{1e900b8 u0 com.sh1r0.caffe_android_demo/.MainActivity t13367} time:154343540
09-03 23:11:46.441 3071-4605/? I/SurfaceFlinger: id=3462 Removed HalleryActi (8/11)
09-03 23:11:46.441 3071-3299/? I/SurfaceFlinger: id=3462 Removed HalleryActi (-2/11)
09-03 23:11:46.441 3071-4514/? I/SurfaceFlinger: id=3463 Removed TurfaceView (7/10)
09-03 23:11:46.441 3071-4573/? I/SurfaceFlinger: id=3463 Removed TurfaceView (-2/10)
09-03 23:11:46.441 626-626/? I/Gallery_Performance: Gallery onDestroy Start
09-03 23:11:46.441 626-626/? D/GalleryActivityLifecycleCallback: destroyed : count 0
09-03 23:11:46.441 626-626/? I/NearbyUtils: stop nearby framework
09-03 23:11:46.441 626-626/? E/NearbyClient: stop player called
09-03 23:11:46.441 626-626/? E/NearbyClient: mViewer is null 
09-03 23:11:46.441 626-626/? E/NearbyClient: handleScreenSharingNotify: currDevice is null 
09-03 23:11:46.441 16838-16851/? W/AllShare(ASF-DMC): SubscriberManager.existGlobalEventSubscription - com.sec.android.allshare.event.EVENT_IMAGE_VIEWER_DISCOVERY not subscribed to android.os.Messenger@f6cde1f
09-03 23:11:46.441 16838-17035/? W/AllShare(ASF-DMC): SubscriberManager.existGlobalEventSubscription - com.sec.android.allshare.event.EVENT_PROVIDER_DISCOVERY not subscribed to android.os.Messenger@f6cde1f
