09-03 23:11:29.461 3633-5550/? D/ActivityManager: isAutoRunBlockedApp:: com.sec.android.widget.myeventwidget, Auto Run ON
09-03 23:11:30.691 3633-5617/? D/BatteryService: !@BatteryListener : batteryPropertiesChanged!
09-03 23:11:30.691 3633-5617/? D/BatteryService: level:62, scale:100, status:2, health:2, present:true, voltage: 3986, temperature: 257, technology: Li-ion, AC powered:false, USB powered:true, POGO powered:false, Wireless powered:false, icon:17303413, invalid charger:0, maxChargingCurrent:0
09-03 23:11:30.691 3633-5617/? D/BatteryService: online:4, current avg:18, charge type:1, power sharing:false, high voltage charger:false, capacity:280000, batterySWSelfDischarging:false, current_now:252
09-03 23:11:30.691 3633-3633/? D/BatteryService: Sending ACTION_BATTERY_CHANGED.
09-03 23:11:30.691 3633-3633/? I/MotionRecognitionService: Plugged
09-03 23:11:30.691 3633-3633/? D/MotionRecognitionService:   cableConnection= 1
09-03 23:11:30.691 3633-3633/? D/MotionRecognitionService: setPowerConnected | current backoffstate  = 1024 , state =1024
09-03 23:11:30.691 3633-3633/? D/MotionRecognitionService: skip setTransmitPower. 
09-03 23:11:30.691 5169-5169/? D/KeyguardUpdateMonitor: received broadcast android.intent.action.BATTERY_CHANGED
09-03 23:11:30.691 5169-5169/? D/PowerUI: priorPlugType = 2 mPlugType =  2
09-03 23:11:30.691 5199-5199/? D/CommonServiceConfiguration: getStringValueSetting
09-03 23:11:30.691 5169-5169/? D/PowerUI.Notification: showChargingNotice oldChargingType : 1 currentChargingType : 1 oldChargingTime : 8234000 mChargingTime : 8209000
09-03 23:11:30.691 5169-5169/? D/PowerUI.Notification: showChargingNotification()
09-03 23:11:30.701 5199-5199/? D/BatteryMonitor: new battery level: 62
09-03 23:11:30.701 3633-5842/? D/ApplicationPolicy: isStatusBarNotificationAllowedAsUser: packageName = com.android.systemui,userId = -1
09-03 23:11:30.701 5169-5169/? D/KeyguardUpdateMonitor: handleBatteryUpdate
09-03 23:11:30.701 3633-3633/? W/ResourcesManager: getTopLevelResources: /system/priv-app/SystemUI/SystemUI.apk / 1.0 running in null rsrc of package com.android.systemui
09-03 23:11:30.701 5169-5169/? D/BatteryMeterView: ACTION_BATTERY_CHANGED : level:62 status:2 health:2
09-03 23:11:30.701 5169-5169/? D/BatteryMeterView: ACTION_BATTERY_CHANGED : level:62 status:2 health:2
09-03 23:11:30.701 5169-5169/? D/CoverUpdateMonitor: received broadcast android.intent.action.BATTERY_CHANGED
09-03 23:11:30.711 3633-3633/? D/ResourcesManager: For user 0 new overlays fetched [/data/app/se.thegreen.GoldKeyPad.common-1/base.apk, /data/app/se.thegreen.GoldKeyPad.touchwiz-1/base.apk, /data/app/se.thegreen.GoldKeyPad.lock-1/base.apk]
09-03 23:11:30.711 3633-3633/? D/MARsPolicyManager: NotificationListenerService OngoingNotificationPosted : com.android.systemui
09-03 23:11:30.731 5169-5169/? W/ResourcesManager: getTopLevelResources: /system/priv-app/SystemUI/SystemUI.apk / 1.0 running in com.android.systemui rsrc of package com.android.systemui
09-03 23:11:30.741 5169-5169/? D/PhoneStatusBar: setAreThereNotifications: N=4 any=true clearable=true
09-03 23:11:30.861 3633-5842/? D/ConnectivityService: returning getNetworkInfo for network type 0 : [type: MOBILE[] - MOBILE, state: DISCONNECTED/DISCONNECTED, reason: (unspecified), extra: (none), roaming: false, failover: false, isAvailable: true]
09-03 23:11:30.861 3633-5254/? D/ConnectivityService: returning getNetworkInfo for network type 1 : [type: WIFI[] - WIFI, state: CONNECTED/CONNECTED, reason: (unspecified), extra: "HOME-E0A8", roaming: false, failover: false, isAvailable: true]
09-03 23:11:31.011 3093-3727/? I/audio_hw_primary: do_out_standby +
09-03 23:11:31.031 3093-3727/? D/audio_hw_primary: output_devices devices:0
09-03 23:11:31.031 3093-3727/? D/audio_hw_primary: output_devices devices:0
09-03 23:11:31.031 3093-3727/? I/audio_hw_primary: is_voice_wakeup : ret =  1  , wakeup_baby_cry_enabled = 0  ,  wakeup_mic_enabled = 1 
09-03 23:11:31.031 3093-3727/? I/audio_hw_primary: get_scenario : scenario_type = 36
09-03 23:11:31.031 3093-3727/? I/audio_hw_primary: get_input_snd_device_id device:0xc
09-03 23:11:31.031 3093-3727/? V/audio_hw_primary: select_devices output_scenario:-1 input_scenario:36 out_snd_device 0x0 in_snd_device:0xc
09-03 23:11:31.031 3093-3727/? I/audio_hw_primary: set_spk_rx_mute mute(1), rx val=0
09-03 23:11:31.031 3093-3727/? I/audio_route: > audio_route_reset :
09-03 23:11:31.031 3093-3727/? I/audio_route: > audio_route_apply_path : "voice_control-mic"
09-03 23:11:31.031 3093-3727/? V/audio_hw_primary: select_devices() input_route "voice_control-mic" 
09-03 23:11:31.031 3093-3727/? I/audio_route: > audio_route_apply_path : "gain-voice_control-mic"
09-03 23:11:31.031 3093-3727/? V/audio_hw_primary: select_devices() input_gain "gain-voice_control-mic" 
09-03 23:11:31.031 3093-3727/? I/audio_route: > audio_route_update_mixer : +
09-03 23:11:31.031 3093-3727/? I/audio_route: > audio_route_update_mixer : changed(7) -
09-03 23:11:31.031 3093-3727/? V/audio_hw_primary: select_devices : set seamless_buf_offset
09-03 23:11:31.031 3093-3727/? I/audio_route: > audio_values_apply_path : "seamless_buf_offset"
09-03 23:11:31.041 3093-3727/? I/audio_hw_primary: select_devices - 
09-03 23:11:31.041 3093-3727/? I/audio_hw_primary: do_out_standby -
09-03 23:11:31.361 16838-16838/? D/AllShare(ASF-DMC): ServiceManager.mRunnableTimer - [ TRACE ] Stop Service
09-03 23:11:31.361 16838-16838/? D/AllShare(ASF-DMC): ServiceManager.onDestroy - [ TRACE ] onDestroy
09-03 23:11:31.361 16838-16838/? I/AllShare(ASF-DMC): ServiceManager.stopServiceManager - Stop AllShare Service...
09-03 23:11:31.361 16838-16838/? D/AllShare(ASF-DMC): DeviceSubscriber.clear - clear the subscribed devices
09-03 23:11:31.361 16838-16838/? V/AllShare(ASF_DMC): [CP_DISCOVERY] GetDeviceList: 165: interesting device list empty
09-03 23:11:31.361 16838-16838/? E/AllShare(ASF_DMC): [MSCP] FormMediaServerList: 498: GetDeviceList Failed
09-03 23:11:31.361 16838-16838/? V/AllShare(ASF_DMC): [CP_DISCOVERY] UnRegisterCP: 139: UnRegistering CP Success
09-03 23:11:31.361 16838-16838/? I/AllShare(ASF-DMC): ServiceManager.stopServiceManager - stop mscp successfully!
09-03 23:11:31.361 16838-16838/? I/AllShare(ASF_DMC): [STREAMING] DeleteReference: 130: StreamingManager::DeleteReference Ref Count [1]
09-03 23:11:31.361 16838-16838/? I/AllShare(ASF_DMC): [STREAMING] DestroyInstance: 61: StreamingManager::DestroyInstance Ref Count [1]
09-03 23:11:31.361 16838-16838/? V/AllShare(ASF_DMC): [CP_DISCOVERY] UnRegisterCP: 139: UnRegistering CP Success
09-03 23:11:31.361 16838-16838/? E/AllShare(ASF_DMC): [MRCP] Stop: 201: Unregistering CP Successful 
09-03 23:11:31.361 16838-16838/? I/AllShare(ASF-DMC): ServiceManager.stopServiceManager - stop mrcp successfully!
09-03 23:11:31.361 16838-16838/? V/AllShare(ASF_DMC): [KIES_CP] StopKiescp: 297: StopKiescp
09-03 23:11:31.361 16838-16838/? V/AllShare(ASF_DMC): [CP_DISCOVERY] GetDeviceList: 165: interesting device list empty
09-03 23:11:31.361 16838-16838/? E/AllShare(ASF_DMC): [KIES_CP] FormKiesDeviceList: 154: Getting Device List Failed
09-03 23:11:31.361 16838-16838/? V/AllShare(ASF_DMC): [CP_DISCOVERY] UnRegisterCP: 139: UnRegistering CP Success
09-03 23:11:31.361 16838-16838/? I/AllShare(ASF-DMC): ServiceManager.stopServiceManager - stop kies cp successfully!
09-03 23:11:31.361 16838-16838/? I/AllShare(ASF-DMC): MessageAllocateTask.setStopFlag - mStopFlag = false
09-03 23:11:31.361 16838-16838/? I/AllShare(ASF-DMC): MessagePublishTask.setStopFlag - mStopFlag = false
09-03 23:11:31.361 16838-28059/? W/AllShare(ASF-DMC): MessageAllocateTask.handleAllocateMessage - Oops~~. Undefined Context Variable type...
09-03 23:11:31.361 16838-28058/? W/AllShare(ASF-DMC): MessagePublishTask.handlePublishMessage - Oops~~. Undefined Context Variable type...
09-03 23:11:31.361 16838-16838/? D/AllShare(ASF-DMC): ServiceManager.finiServiceManager - Finalize AllShare Service Manager...
09-03 23:11:31.361 16838-16838/? V/AllShare(ASF_DMC): [JNI] JavaTerminateAllShareFrameworkCore: 56: Enter AllShareFrameworkCoreNativeAPI_terminateAllShareFrameworkCore.
09-03 23:11:31.361 16838-16838/? V/AllShare(ASF_DMC): [CP_DISCOVERY] UnRegisterCP: 139: UnRegistering CP Success
09-03 23:11:31.361 16838-16838/? V/AllShare(ASF_DMC): [CP_DISCOVERY] Terminate: 97: CP Discovery Terminate
09-03 23:11:31.361 16838-16838/? V/AllShare(ASF_DMC): [STREAMING] DeleteReference: 92: Stopping streaming threads
09-03 23:11:31.361 16838-16838/? I/AllShare(ASF_DMC): [STREAMING] DeleteReference: 130: StreamingManager::DeleteReference Ref Count [0]
09-03 23:11:31.361 16838-16838/? I/AllShare(ASF_DMC): [STREAMING] DestroyInstance: 61: StreamingManager::DestroyInstance Ref Count [0]
09-03 23:11:31.361 16838-16838/? V/AllShare(ASF_DMC): [CP_DISCOVERY] CleanUp: 53: cleanup start
09-03 23:11:31.361 16838-16838/? V/AllShare(ASF_DMC): [CP_DISCOVERY] CleanUp: 76: joining rescan threads
09-03 23:11:31.361 16838-16838/? V/AllShare(ASF_DMC): [CP_DISCOVERY] CleanUp: 117: cleanup done
09-03 23:11:31.361 16838-16838/? V/AllShare(ASF_DMC): [CP_DISCOVERY] Terminate: 99: CP Discovery Terminate DeviceList
09-03 23:11:31.361 16838-16838/? V/AllShare(ASF_DMC): [CP_DISCOVERY] ClearDeviceList: 56: exit
09-03 23:11:31.361 16838-16838/? V/AllShare(ASF_DMC): [CP_DISCOVERY] Terminate: 101: CP Discovery Terminate Finish
09-03 23:11:31.361 16838-16838/? V/AllShare(ASF_DMC): [FRAMEWORK_CONTROLLER] TerminateUPnP: 176: cp_discovery Terminated
09-03 23:11:31.361 16838-16838/? V/AllShare(ASF_DMC): [FRAMEWORK_CONTROLLER] TerminateUPnP: 178: cp_control Terminated
09-03 23:11:31.361 16838-28089/? V/AllShare(ASF-DMC): ServiceManager.finiActionHandlers - Found AsyncActionHandler : com.samsung.android.allshare.service.mediashare.handler.playercontrol.AVPlayerAsyncActionHandler
09-03 23:11:31.361 16838-16838/? V/AllShare(ASF_DMC): [FRAMEWORK_CONTROLLER] TerminateFrameworkCore: 212: Enter
09-03 23:11:31.361 16838-16838/? V/AllShare(ASF_DMC): [NETWORK_LAYER] StopNetworkLayer: 122: Enter
09-03 23:11:31.361 16838-28089/? V/AllShare(ASF-DMC): ServiceManager.finiActionHandlers - Found AsyncActionHandler : com.samsung.android.allshare.service.mediashare.handler.playercontrol.SlideShowPlayerAsyncActionHandler
09-03 23:11:31.361 16838-16838/? V/AllShare(ASF_DMC): [NETWORK_LAYER] StopNetworkLayer: 129: 1: Calling StopClientThreads
09-03 23:11:31.361 16838-28089/? V/AllShare(ASF-DMC): ServiceManager.finiActionHandlers - Found AsyncActionHandler : com.samsung.android.allshare.service.mediashare.handler.playercontrol.ImageViewerAsyncActionHandler
09-03 23:11:31.361 16838-28089/? V/AllShare(ASF-DMC): ServiceManager.finiActionHandlers - Found AsyncActionHandler : com.samsung.android.allshare.service.mediashare.handler.upnpdevice.KiesAsyncActionHandler
09-03 23:11:31.361 16838-28089/? V/AllShare(ASF-DMC): ServiceManager.finiActionHandlers - Found AsyncActionHandler : com.samsung.android.allshare.service.mediashare.handler.server.ProviderAsyncActionHandler
09-03 23:11:31.361 16838-28089/? V/AllShare(ASF-DMC): ServiceManager.finiActionHandlers - Found AsyncActionHandler : com.samsung.android.allshare.service.mediashare.handler.server.ReceiverAsyncActionHandler
09-03 23:11:31.361 16838-28089/? V/AllShare(ASF-DMC): ServiceManager.finiActionHandlers - Found AsyncActionHandler : com.samsung.android.allshare.service.mediashare.handler.playercontrol.URIPlayerAsyncActionHandler
09-03 23:11:31.361 16838-28089/? V/AllShare(ASF-DMC): ServiceManager.finiActionHandlers - Found AsyncActionHandler : com.samsung.android.allshare.service.mediashare.handler.playercontrol.PlaylistPlayerAsyncActionHandler
09-03 23:11:31.361 16838-28089/? V/AllShare(ASF-DMC): ServiceManager.finiActionHandlers - Found AsyncActionHandler : com.samsung.android.allshare.service.mediashare.handler.playercontrol.ViewControllerAsyncActionHandler
09-03 23:11:31.361 16838-28089/? V/AllShare(ASF-DMC): ServiceManager.finiActionHandlers - Found SyncActionHandler : com.samsung.android.allshare.service.mediashare.handler.playercontrol.ImageViewerSyncActionHandler
09-03 23:11:31.361 16838-28089/? V/AllShare(ASF-DMC): ServiceManager.finiActionHandlers - Found SyncActionHandler : com.samsung.android.allshare.service.mediashare.handler.devicefinder.DeviceFinderDeviceSyncActionHandler
09-03 23:11:31.361 16838-28089/? V/AllShare(ASF-DMC): ServiceManager.finiActionHandlers - Found SyncActionHandler : com.samsung.android.allshare.service.mediashare.handler.playercontrol.AVPlayerSyncActionHandler
09-03 23:11:31.361 16838-28089/? V/AllShare(ASF-DMC): ServiceManager.finiActionHandlers - Found SyncActionHandler : com.samsung.android.allshare.service.mediashare.handler.playercontrol.PlaylistPlayerSyncActionHandler
09-03 23:11:31.361 16838-28089/? V/AllShare(ASF-DMC): ServiceManager.finiActionHandlers - Found SyncActionHandler : com.samsung.android.allshare.service.mediashare.handler.download.DownloadSyncActionHandler
09-03 23:11:31.361 16838-28089/? D/AllShare(ASF-DMC): ServiceManager.finiActionHandlers - Finalize Action Handler : com.samsung.android.allshare.service.mediashare.handler.playercontrol.AVPlayerAsyncActionHandler
09-03 23:11:31.361 16838-16838/? V/AllShare(ASF_DMC): [NETWORK_LAYER] StopNetworkLayer: 133: 2: StopClientThreads done
09-03 23:11:31.361 16838-16838/? V/AllShare(ASF_DMC): [NETWORK_LAYER] StopNetworkLayer: 140: 3: Calling StopServerThreads
09-03 23:11:31.361 16838-16838/? V/AllShare(ASF_DMC): [NETWORK_LAYER] __stop_server_sockets: 36: StopServerSockets
09-03 23:11:31.361 16838-28089/? D/AllShare(ASF-DMC): ServiceManager.finiActionHandlers - Finalize Action Handler : com.samsung.android.allshare.service.mediashare.handler.playercontrol.SlideShowPlayerAsyncActionHandler
09-03 23:11:31.361 16838-28089/? D/AllShare(ASF-DMC): ServiceManager.finiActionHandlers - Finalize Action Handler : com.samsung.android.allshare.service.mediashare.handler.playercontrol.ImageViewerAsyncActionHandler
09-03 23:11:31.361 16838-28089/? D/AllShare(ASF-DMC): ServiceManager.finiActionHandlers - Finalize Action Handler : com.samsung.android.allshare.service.mediashare.handler.upnpdevice.KiesAsyncActionHandler
09-03 23:11:31.361 16838-28051/? E/AllShare(ASF_DMC): [NETWORK_LAYER] handle_accept: 187: [TCPServer::handle_accept] Acceptor closed [Operation Canceled]
09-03 23:11:31.361 16838-16838/? D/AllShare(ASF_DMC): [NETWORK_LAYER] Stop: 128: Leaving multicast group at interface [wlan0]
09-03 23:11:31.361 16838-28089/? D/AllShare(ASF-DMC): ServiceManager.finiActionHandlers - Finalize Action Handler : com.samsung.android.allshare.service.mediashare.handler.server.ProviderAsyncActionHandler
09-03 23:11:31.361 16838-28089/? D/AllShare(ASF-DMC): ServiceManager.finiActionHandlers - Finalize Action Handler : com.samsung.android.allshare.service.mediashare.handler.server.ReceiverAsyncActionHandler
09-03 23:11:31.361 16838-28089/? D/AllShare(ASF-DMC): ServiceManager.finiActionHandlers - Finalize Action Handler : com.samsung.android.allshare.service.mediashare.handler.playercontrol.URIPlayerAsyncActionHandler
09-03 23:11:31.361 16838-28089/? D/AllShare(ASF-DMC): ServiceManager.finiActionHandlers - Finalize Action Handler : com.samsung.android.allshare.service.mediashare.handler.playercontrol.PlaylistPlayerAsyncActionHandler
09-03 23:11:31.381 16838-28089/? D/AllShare(ASF-DMC): ServiceManager.finiActionHandlers - Finalize Action Handler : com.samsung.android.allshare.service.mediashare.handler.playercontrol.ViewControllerAsyncActionHandler
09-03 23:11:31.381 16838-28089/? D/AllShare(ASF-DMC): ServiceManager.finiActionHandlers - Finalize Action Handler : com.samsung.android.allshare.service.mediashare.handler.playercontrol.ImageViewerSyncActionHandler
09-03 23:11:31.381 16838-28089/? D/AllShare(ASF-DMC): ServiceManager.finiActionHandlers - Finalize Action Handler : com.samsung.android.allshare.service.mediashare.handler.devicefinder.DeviceFinderDeviceSyncActionHandler
09-03 23:11:31.381 16838-28089/? D/AllShare(ASF-DMC): ServiceManager.finiActionHandlers - Finalize Action Handler : com.samsung.android.allshare.service.mediashare.handler.playercontrol.AVPlayerSyncActionHandler
09-03 23:11:31.381 16838-28089/? D/AllShare(ASF-DMC): ServiceManager.finiActionHandlers - Finalize Action Handler : com.samsung.android.allshare.service.mediashare.handler.playercontrol.PlaylistPlayerSyncActionHandler
09-03 23:11:31.381 16838-28089/? D/AllShare(ASF-DMC): ServiceManager.finiActionHandlers - Finalize Action Handler : com.samsung.android.allshare.service.mediashare.handler.download.DownloadSyncActionHandler
09-03 23:11:31.381 16838-16838/? V/AllShare(ASF_DMC): [NETWORK_LAYER] __stop_server_sockets: 45: StopServerSockets return
09-03 23:11:31.381 16838-28054/? E/AllShare(ASF_DMC): [NETWORK_LAYER] receive_handler: 264: [Multicast Server::receive_handler] Canceled [Operation Canceled]
09-03 23:11:31.381 16838-16838/? E/AllShare(ASF_DMC): [NETWORK_LAYER] Reset: 231: [TCPServer::Reset] ref reset
09-03 23:11:31.381 16838-16838/? V/AllShare(ASF_DMC): [NETWORK_LAYER] StopNetworkLayer: 149: 4: Calling Stopcallback handler threads
09-03 23:11:31.381 16838-16838/? V/AllShare(ASF_DMC): [NETWORK_LAYER] StopNetworkLayer: 153: Exit
09-03 23:11:31.381 16838-16838/? V/AllShare(ASF_DMC): [FRAMEWORK_CONTROLLER] TerminateFrameworkCore: 222: StopNetworkLayer finished
09-03 23:11:31.381 16838-16838/? V/AllShare(ASF_DMC): [FRAMEWORK_CONTROLLER] TerminateFrameworkCore: 226: StopFrameworkCore finished
09-03 23:11:31.381 16838-16838/? V/AllShare(ASF_DMC): [FRAMEWORK_CONTROLLER] TerminateFrameworkCore: 230: TerminateUPnP finished
09-03 23:11:31.381 16838-16838/? V/AllShare(ASF_DMC): [FRAMEWORK_CONTROLLER] TerminateFrameworkCore: 234: Timer Terminate finished
09-03 23:11:31.381 16838-16838/? V/AllShare(ASF_DMC): [NETWORK_LAYER] TerminateNetworkLayer: 62: Enter
09-03 23:11:31.381 16838-16838/? V/AllShare(ASF_DMC): [NETWORK_LAYER] TerminateNetworkLayer: 66: NetworkInterface Destroyed
09-03 23:11:31.381 16838-16838/? V/AllShare(ASF_DMC): [NETWORK_LAYER] TerminateNetworkLayer: 73: ServerManager Destroyed
09-03 23:11:31.381 16838-16838/? V/AllShare(ASF_DMC): [NETWORK_LAYER] TerminateNetworkLayer: 77: CallBackHandler Destroyed, Exit
09-03 23:11:31.381 16838-16838/? V/AllShare(ASF_DMC): [FRAMEWORK_CONTROLLER] TerminateFrameworkCore: 240: Exit
09-03 23:11:31.381 3633-5127/? I/ActivityManager: Killing 18467:com.android.providers.calendar/u0a36 (adj 15): empty for 1801s
09-03 23:11:31.381 3633-5127/? I/ActivityManager: Killing 18569:com.sec.android.providers.chinaholiday/u0a83 (adj 15): empty for 1801s
09-03 23:11:31.401 3633-4604/? D/ActivityManager: isAutoRunBlockedApp:: com.android.providers.calendar, Auto Run ON
09-03 23:11:31.411 3633-4941/? D/ActivityManager: isAutoRunBlockedApp:: com.sec.android.providers.chinaholiday, Auto Run ON
09-03 23:11:31.811 16116-16137/? I/ReschedulableTimer: [#CMH#] ReschedulableTimer started 
09-03 23:11:31.901 5169-5363/? D/NetworkController.MobileSignalController(0/4): onSignalStrengthsChanged signalStrength=SignalStrength: 99 99 -120 -160 -120 -1 -1 18 -109 -10 70 -1 2147483647 0x2000 gsm|lte level=2
09-03 23:11:31.901 5169-5363/? D/NetworkController.MobileSignalController(0/4): getMobileIconGroup(): 13
09-03 23:11:31.901 5169-5363/? D/NetworkController.MobileSignalController(0/4): updateCMCCMobileIconGroup(): 13
09-03 23:11:32.371 3633-5549/? D/ConnectivityService: returning getNetworkInfo for network type 0 : [type: MOBILE[] - MOBILE, state: DISCONNECTED/DISCONNECTED, reason: (unspecified), extra: (none), roaming: false, failover: false, isAvailable: true]
09-03 23:11:32.371 3633-3649/? D/ConnectivityService: returning getNetworkInfo for network type 1 : [type: WIFI[] - WIFI, state: CONNECTED/CONNECTED, reason: (unspecified), extra: "HOME-E0A8", roaming: false, failover: false, isAvailable: true]
09-03 23:11:32.651 11193-16976/? D/QPSingleUpdEngine: [E]Engine started
09-03 23:11:32.651 11193-16976/? I/QPSingleUpdEngine: [E]updateFileDirInit
09-03 23:11:32.651 11193-16976/? D/QPSingleUpdEngine: [E]Begin Request
09-03 23:11:32.651 11193-16976/? D/QPSingleUpdEngine: [E]getBaseInfo
09-03 23:11:32.651 11193-16976/? D/QPSingleUpdEngine: [E]1014206071read---->readphonenumberflag = 0
09-03 23:11:32.651 11193-16976/? D/QPSingleUpdEngine: [E]1014206071read---->encodephonenumber = 
09-03 23:11:32.651 3633-5551/? D/ConnectivityService: returning getNetworkInfo for network type 1 : [type: WIFI[] - WIFI, state: CONNECTED/CONNECTED, reason: (unspecified), extra: "HOME-E0A8", roaming: false, failover: false, isAvailable: true]
09-03 23:11:32.651 3633-3648/? D/ConnectivityService: returning getNetworkInfo for network type 0 : [type: MOBILE[] - MOBILE, state: DISCONNECTED/DISCONNECTED, reason: (unspecified), extra: (none), roaming: false, failover: false, isAvailable: true]
09-03 23:11:32.661 11193-16976/? W/System.err: java.lang.NullPointerException: Attempt to invoke virtual method 'int java.lang.String.length()' on a null object reference
09-03 23:11:32.661 11193-16976/? W/System.err:     at org.json.JSONTokener.nextCleanInternal(JSONTokener.java:116)
09-03 23:11:32.661 11193-16976/? W/System.err:     at org.json.JSONTokener.nextValue(JSONTokener.java:94)
09-03 23:11:32.661 11193-16976/? W/System.err:     at org.json.JSONObject.<init>(JSONObject.java:156)
09-03 23:11:32.661 11193-16976/? W/System.err:     at org.json.JSONObject.<init>(JSONObject.java:173)
09-03 23:11:32.661 11193-16976/? W/System.err:     at com.tencent.mqpsdk.secsrv.MQPEmuDetectService.a(ProGuard:50)
09-03 23:11:32.661 11193-16976/? W/System.err:     at com.tencent.msfmqpsdkbridge.MSFEmuDetectWrapper.a(ProGuard:65)
09-03 23:11:32.661 11193-16976/? W/System.err:     at com.tencent.qqprotect.singleupdate.QPSingleUpdEngine.a(ProGuard:341)
09-03 23:11:32.661 11193-16976/? W/System.err:     at com.tencent.qqprotect.singleupdate.QPSingleUpdEngine.a(ProGuard:407)
09-03 23:11:32.661 11193-16976/? W/System.err:     at com.tencent.qqprotect.singleupdate.QPSingleUpdEngine.a(ProGuard:145)
09-03 23:11:32.661 11193-16976/? W/System.err:     at com.tencent.qqprotect.singleupdate.QPSingleUpdThread.run(ProGuard:21)
09-03 23:11:32.691 11193-27600/? D/QPSingleUpdEngine: [E]Engine started
09-03 23:11:32.691 11193-27600/? I/QPSingleUpdEngine: [E]updateFileDirInit
09-03 23:11:32.691 11193-27600/? D/QPSingleUpdEngine: [E]Begin Request
09-03 23:11:32.691 11193-27600/? D/QPSingleUpdEngine: [E]getBaseInfo
09-03 23:11:32.691 11193-27600/? D/QPSingleUpdEngine: [E]1014206071read---->readphonenumberflag = 0
09-03 23:11:32.691 11193-27600/? D/QPSingleUpdEngine: [E]1014206071read---->encodephonenumber = 
09-03 23:11:32.691 3633-5842/? D/ConnectivityService: returning getNetworkInfo for network type 1 : [type: WIFI[] - WIFI, state: CONNECTED/CONNECTED, reason: (unspecified), extra: "HOME-E0A8", roaming: false, failover: false, isAvailable: true]
09-03 23:11:32.691 3633-5254/? D/ConnectivityService: returning getNetworkInfo for network type 0 : [type: MOBILE[] - MOBILE, state: DISCONNECTED/DISCONNECTED, reason: (unspecified), extra: (none), roaming: false, failover: false, isAvailable: true]
09-03 23:11:32.691 11193-27600/? W/System.err: java.lang.NullPointerException: Attempt to invoke virtual method 'int java.lang.String.length()' on a null object reference
09-03 23:11:32.701 11193-27600/? W/System.err:     at org.json.JSONTokener.nextCleanInternal(JSONTokener.java:116)
09-03 23:11:32.701 11193-27600/? W/System.err:     at org.json.JSONTokener.nextValue(JSONTokener.java:94)
09-03 23:11:32.701 11193-27600/? W/System.err:     at org.json.JSONObject.<init>(JSONObject.java:156)
09-03 23:11:32.701 11193-27600/? W/System.err:     at org.json.JSONObject.<init>(JSONObject.java:173)
09-03 23:11:32.701 11193-27600/? W/System.err:     at com.tencent.mqpsdk.secsrv.MQPEmuDetectService.a(ProGuard:50)
09-03 23:11:32.701 11193-27600/? W/System.err:     at com.tencent.msfmqpsdkbridge.MSFEmuDetectWrapper.a(ProGuard:65)
09-03 23:11:32.701 11193-27600/? W/System.err:     at com.tencent.qqprotect.singleupdate.QPSingleUpdEngine.a(ProGuard:341)
09-03 23:11:32.701 11193-27600/? W/System.err:     at com.tencent.qqprotect.singleupdate.QPSingleUpdEngine.a(ProGuard:407)
09-03 23:11:32.701 11193-27600/? W/System.err:     at com.tencent.qqprotect.singleupdate.QPSingleUpdEngine.a(ProGuard:145)
09-03 23:11:32.701 11193-27600/? W/System.err:     at com.tencent.qqprotect.singleupdate.QPSingleUpdThread.run(ProGuard:21)
09-03 23:11:32.751 11193-16976/? D/QPSingleUpdEngine: [E]new = 2016-09-03 23:11:32.762
09-03 23:11:32.751 11193-16976/? D/QPSingleUpdEngine: [E]getBaseInfo___end
09-03 23:11:32.751 3080-3700/? D/EnterpriseController: netId is 0
09-03 23:11:32.751 3080-3700/? D/Netd: getNetworkForDns: using netid 613 for uid 10247
09-03 23:11:32.751 11193-16976/? D/QPSingleUpdEngine: [E]Start Create Socket!!!
09-03 23:11:32.751 11193-16976/? I/QPSingleUpdEngine: [E]Req/Rsp IOException read or write Error
09-03 23:11:32.751 11193-16976/? I/QPSingleUpdEngine: [E]fuck error!!!
09-03 23:11:32.751 11193-16976/? I/QPSingleUpdEngine: [E]QPSingleUpdThread.run() Exception 3 times!!!
09-03 23:11:32.751 11193-16976/? I/QPSingleUpdEngine: [E]QPSingleUpdThread.run() Exception !!!
09-03 23:11:32.781 11193-27600/? D/QPSingleUpdEngine: [E]new = 2016-09-03 23:11:32.793
09-03 23:11:32.781 11193-27600/? D/QPSingleUpdEngine: [E]getBaseInfo___end
09-03 23:11:32.781 11193-27600/? D/QPSingleUpdEngine: [E]Start Create Socket!!!
09-03 23:11:32.781 11193-27600/? I/QPSingleUpdEngine: [E]Req/Rsp IOException read or write Error
09-03 23:11:32.781 11193-27600/? I/QPSingleUpdEngine: [E]fuck error!!!
09-03 23:11:32.781 11193-27600/? I/QPSingleUpdEngine: [E]QPSingleUpdThread.run() Exception 3 times!!!
09-03 23:11:32.781 11193-27600/? I/QPSingleUpdEngine: [E]QPSingleUpdThread.run() Exception !!!
09-03 23:11:33.081 5169-5363/? D/NetworkController.MobileSignalController(0/4): onSignalStrengthsChanged signalStrength=SignalStrength: 99 99 -120 -160 -120 -1 -1 18 -109 -12 24 -1 2147483647 0x2000 gsm|lte level=2
09-03 23:11:33.081 5169-5363/? D/NetworkController.MobileSignalController(0/4): getMobileIconGroup(): 13
09-03 23:11:33.081 5169-5363/? D/NetworkController.MobileSignalController(0/4): updateCMCCMobileIconGroup(): 13
09-03 23:11:33.871 3633-5254/? D/ConnectivityService: returning getNetworkInfo for network type 0 : [type: MOBILE[] - MOBILE, state: DISCONNECTED/DISCONNECTED, reason: (unspecified), extra: (none), roaming: false, failover: false, isAvailable: true]
09-03 23:11:33.871 3633-5842/? D/ConnectivityService: returning getNetworkInfo for network type 1 : [type: WIFI[] - WIFI, state: CONNECTED/CONNECTED, reason: (unspecified), extra: "HOME-E0A8", roaming: false, failover: false, isAvailable: true]
09-03 23:11:34.161 5169-5363/? D/NetworkController.MobileSignalController(0/4): onSignalStrengthsChanged signalStrength=SignalStrength: 99 99 -120 -160 -120 -1 -1 17 -109 -11 92 -1 2147483647 0x2000 gsm|lte level=2
09-03 23:11:34.161 5169-5363/? D/NetworkController.MobileSignalController(0/4): getMobileIconGroup(): 13
09-03 23:11:34.161 5169-5363/? D/NetworkController.MobileSignalController(0/4): updateCMCCMobileIconGroup(): 13
09-03 23:11:34.161 3633-7848/? D/ConnectivityService: returning getNetworkInfo for network type 1 : [type: WIFI[] - WIFI, state: CONNECTED/CONNECTED, reason: (unspecified), extra: "HOME-E0A8", roaming: false, failover: false, isAvailable: true]
09-03 23:11:35.371 3633-5551/? D/ConnectivityService: returning getNetworkInfo for network type 0 : [type: MOBILE[] - MOBILE, state: DISCONNECTED/DISCONNECTED, reason: (unspecified), extra: (none), roaming: false, failover: false, isAvailable: true]
09-03 23:11:35.371 3633-3648/? D/ConnectivityService: returning getNetworkInfo for network type 1 : [type: WIFI[] - WIFI, state: CONNECTED/CONNECTED, reason: (unspecified), extra: "HOME-E0A8", roaming: false, failover: false, isAvailable: true]
09-03 23:11:36.651 3633-5411/? E/Watchdog: !@Sync 5127 [09-03 23:11:36.661]
09-03 23:11:36.881 3633-5550/? D/ConnectivityService: returning getNetworkInfo for network type 0 : [type: MOBILE[] - MOBILE, state: DISCONNECTED/DISCONNECTED, reason: (unspecified), extra: (none), roaming: false, failover: false, isAvailable: true]
09-03 23:11:36.881 3633-5273/? D/ConnectivityService: returning getNetworkInfo for network type 1 : [type: WIFI[] - WIFI, state: CONNECTED/CONNECTED, reason: (unspecified), extra: "HOME-E0A8", roaming: false, failover: false, isAvailable: true]
09-03 23:11:37.021 5169-5363/? D/NetworkController.MobileSignalController(0/4): onSignalStrengthsChanged signalStrength=SignalStrength: 99 99 -120 -160 -120 -1 -1 17 -110 -13 -8 -1 2147483647 0x2000 gsm|lte level=2
09-03 23:11:37.021 5169-5363/? D/NetworkController.MobileSignalController(0/4): getMobileIconGroup(): 13
09-03 23:11:37.021 5169-5363/? D/NetworkController.MobileSignalController(0/4): updateCMCCMobileIconGroup(): 13
09-03 23:11:38.381 3633-3649/? D/ConnectivityService: returning getNetworkInfo for network type 0 : [type: MOBILE[] - MOBILE, state: DISCONNECTED/DISCONNECTED, reason: (unspecified), extra: (none), roaming: false, failover: false, isAvailable: true]
09-03 23:11:38.381 3633-5254/? D/ConnectivityService: returning getNetworkInfo for network type 1 : [type: WIFI[] - WIFI, state: CONNECTED/CONNECTED, reason: (unspecified), extra: "HOME-E0A8", roaming: false, failover: false, isAvailable: true]
09-03 23:11:38.931 3633-7848/? D/SSRM:n: SIOP:: AP = 320, PST = 314 (W:14), CP = 240, CUR = 18, LCD = 132
09-03 23:11:39.061 3633-7848/? D/ConnectivityService: returning getNetworkInfo for network type 1 : [type: WIFI[] - WIFI, state: CONNECTED/CONNECTED, reason: (unspecified), extra: "HOME-E0A8", roaming: false, failover: false, isAvailable: true]
09-03 23:11:39.261 3633-4468/? D/InputReader: Input event(3): value=1 when=154336360149000
09-03 23:11:39.261 3633-4468/? D/InputReader: Input event(3): value=1 when=154336360149000
09-03 23:11:39.261 3633-4468/? I/InputReader: Touch event's action is 0x0 (deviceType=0) [pCnt=1, s=0.11970 ] when=154336360149000
09-03 23:11:39.261 3633-4468/? D/InputReader: lastThreadEndTime = 154333751804633, currentThreadStartTime = 154333751809258, diff = 0
09-03 23:11:39.261 3633-4467/? I/InputDispatcher: Delivering touch to (5169): action: 0x4, toolType: 1
09-03 23:11:39.261 3633-4467/? I/InputDispatcher: Delivering touch to (19026): action: 0x4, toolType: 1
09-03 23:11:39.261 3633-4467/? I/InputDispatcher: Delivering touch to (27424): action: 0x0, toolType: 1
09-03 23:11:39.261 27424-27424/? D/ViewRootImpl: ViewPostImeInputStage processPointer 0
09-03 23:11:39.261 19026-19026/? D/AutoHideHelper: ###check Single invalid
09-03 23:11:39.361 3633-4468/? D/InputReader: Input event(3): value=0 when=154336464217000
09-03 23:11:39.361 3633-4468/? D/InputReader: Input event(3): value=0 when=154336464217000
09-03 23:11:39.361 3633-4468/? I/InputReader: Touch event's action is 0x1 (deviceType=0) [pCnt=1, s=] when=154336464217000
09-03 23:11:39.361 3633-4467/? I/InputDispatcher: Delivering touch to (27424): action: 0x1, toolType: 1
09-03 23:11:39.361 27424-27424/? D/ViewRootImpl: ViewPostImeInputStage processPointer 1
09-03 23:11:39.361 3633-5551/? V/AudioService: AudioService playSoundEffect Type : 0, volume : -1.0
09-03 23:11:39.361 3633-4960/? V/AudioService: received MSG_PLAY_SOUND_EFFECT onPlaySoundEffect start
09-03 23:11:39.361 3093-3749/? I/APM::AudioPolicyManager: getSituationVolume: isBTConnected:0 isHeadConnected:0
09-03 23:11:39.361 3093-4167/? W/AudioPolicyIntefaceImpl: Skipped to add effects on session 1209
09-03 23:11:39.361 3093-4167/? I/APM::AudioPolicyManager: startOutput() output 4, stream 1, session 1209
09-03 23:11:39.371 3093-3727/? D/audio_hw_primary: out_set_parameters: enter: kvpairs: routing=2
09-03 23:11:39.371 3093-3727/? D/AudioFlinger: setCurDevice() 0x2
09-03 23:11:39.381 3633-3649/? D/ActivityManager: AppLocked getMultiWindowStyle:null
09-03 23:11:39.381 3633-3649/? D/ActivityManager: AppLocked isLaunchedFromRecents:false hasMultiWindowStyle:false not normal : false
09-03 23:11:39.381 3633-3649/? D/GameManagerService: identifyGamePackage. com.sec.android.gallery3d
09-03 23:11:39.381 3633-3649/? D/MultiWindowPolicy: Gamemode - return 0,  when calling  identifyForegroundApp(com.sec.android.gallery3d)
09-03 23:11:39.381 3633-3649/? D/CustomFrequencyManagerService: acquireDVFSLockLocked : type : DVFS_MIN_LIMIT  frequency : 1800000  uid : 1000  pid : 3633  pkgName : ACTIVITY_RESUME_BOOSTER@3
09-03 23:11:39.381 3633-3649/? D/ActivityManager: mDVFSHelper.acquire()
09-03 23:11:39.381 3093-3727/? V/audio_hw_primary: start_output_stream+, out->device : 00000002 , out->type = 1
09-03 23:11:39.391 3633-3649/? V/WindowManager: addAppToken: AppWindowToken{43a01c1 token=Token{96f82a8 ActivityRecord{dce6acb u0 com.sec.android.gallery3d/.app.GalleryActivity t13367}}} to stack=1 task=13367 at 1
09-03 23:11:39.391 3093-3727/? D/audio_hw_primary: start_output_stream (0xedba4000) out->pcm_device:6 out->config.rate:48000 out->config.format:0 out->period_size:240
09-03 23:11:39.391 3093-3727/? D/audio_hw_primary: start_output_stream (0xedba4000) out->config.rate:48000 out->config.format:0 out->period_size:240
09-03 23:11:39.391 3093-3727/? I/audio_hw_primary: is_voice_wakeup : ret =  1  , wakeup_baby_cry_enabled = 0  ,  wakeup_mic_enabled = 1 
09-03 23:11:39.391 3093-3727/? I/audio_hw_primary: get_scenario : scenario_type = 36
09-03 23:11:39.391 3093-3727/? I/audio_hw_primary: get_input_snd_device_id device:0xc
09-03 23:11:39.391 3093-3727/? V/audio_hw_primary: select_devices output_scenario:0 input_scenario:36 out_snd_device 0x2 in_snd_device:0xc
09-03 23:11:39.391 3093-3727/? I/audio_route: > audio_route_reset :
09-03 23:11:39.391 3093-3727/? I/audio_route: > audio_route_apply_path : "voice_control-mic"
09-03 23:11:39.391 3633-3649/? D/ActivityManager:  Launching com.sec.android.gallery3d, updated priority
09-03 23:11:39.391 3093-3727/? V/audio_hw_primary: select_devices() input_route "voice_control-mic" 
09-03 23:11:39.391 3093-3727/? I/audio_route: > audio_route_apply_path : "media-speaker"
09-03 23:11:39.391 3633-3633/? D/GameManagerService: NotifyRunnable. pkg: com.sec.android.gallery3d, type: 4, isMinimized: false, isTunableApp: false
09-03 23:11:39.391 626-626/? W/ResourcesManager: getTopLevelResources: /system/priv-app/SecGallery2015/SecGallery2015.apk / 1.0 running in com.sec.android.gallery3d rsrc of package com.sec.android.gallery3d
09-03 23:11:39.401 3633-3649/? D/InputDispatcher: Focused application set to: xxxx
09-03 23:11:39.401 3633-3649/? D/InputDispatcher: Focus left window: 27424
09-03 23:11:39.401 626-28097/? V/MediaPlayer: decode(27, 8743096, 5795)
09-03 23:11:39.401 3633-4944/? D/NetworkPolicy: isUidForegroundLocked: 10044, mScreenOn: true, uidstate: 2, mProxSensorScreenOff: false
09-03 23:11:39.401 3633-4944/? V/NetworkPolicy: getFirewallRuleWifi UID:10044 policy:0
09-03 23:11:39.411 626-626/? I/VerificationLog: onCreate
09-03 23:11:39.411 626-626/? I/Gallery_Performance: Gallery onCreate Start
09-03 23:11:39.411 3633-3712/? D/PointerIcon: setMouseIconStyle1 pointerType: 1001 iconType:101 flag:0 pid:3633 uid:1000
09-03 23:11:39.411 3633-3712/? D/PointerIcon: setMouseCustomIcon IconType is same.101
09-03 23:11:39.411 3633-4944/? V/NetworkPolicy: getFirewallRuleWifi UID:10044 policy:0
09-03 23:11:39.411 3093-6337/? D/OggExtractor:  correct time not found. Let's use approximate value
09-03 23:11:39.411 3093-6337/? I/OggExtractor: OggSource::OggSource() mExtractor ref count = 4
09-03 23:11:39.411 626-626/? D/GalleryActivityLifecycleCallback: created : count 1
09-03 23:11:39.411 3093-6337/? I/OMXCodec: Attempting to allocate OMX node 'OMX.google.vorbis.decoder'
09-03 23:11:39.411 3093-6337/? I/OMXCodec: Successfully allocated OMX node 'OMX.google.vorbis.decoder'
09-03 23:11:39.411 3093-6337/? I/OMXCodec: >>>UHQA initOutputFormat 16
09-03 23:11:39.411 3093-6337/? I/OMXCodec: [OMX.google.vorbis.decoder] OMXCodec::start mState=1
09-03 23:11:39.411 3093-6337/? I/OMXCodec: [OMX.google.vorbis.decoder] allocating 4 buffers of size 8192 on input port
09-03 23:11:39.411 3093-6337/? I/OMXCodec: [OMX.google.vorbis.decoder] allocating 4 buffers of size 32768 on output port
09-03 23:11:39.411 3093-28099/? I/OMXCodec: [OMX.google.vorbis.decoder] Now Idle. Component sends idle done Event 
09-03 23:11:39.411 3093-28099/? I/OMXCodec: [OMX.google.vorbis.decoder] 0onCmdComplete  mState =  7
09-03 23:11:39.411 3093-28099/? I/OMXCodec: [OMX.google.vorbis.decoder] PORT_DISABLED(1)
09-03 23:11:39.411 3093-28099/? I/OMXCodec: >>>UHQA initOutputFormat 16
09-03 23:11:39.411 3093-28099/? I/OMXCodec: [OMX.google.vorbis.decoder] allocating 4 buffers of size 32768 on output port
09-03 23:11:39.411 3633-7848/? D/ConnectivityService: returning getNetworkInfo for network type 1 : [type: WIFI[] - WIFI, state: CONNECTED/CONNECTED, reason: (unspecified), extra: "HOME-E0A8", roaming: false, failover: false, isAvailable: true]
09-03 23:11:39.411 3093-28099/? I/OMXCodec: [OMX.google.vorbis.decoder] End Of Stream
09-03 23:11:39.411 3093-6337/? I/SoundExtractor: extract() reached EOS
09-03 23:11:39.411 3093-6337/? I/OMXCodec: [OMX.google.vorbis.decoder] stop mState=4
09-03 23:11:39.411 3093-6337/? I/OMXCodec: [OMX.google.vorbis.decoder] stop() sendCommand(2960, OMX_CommandStateSet, OMX_StateIdle)
09-03 23:11:39.411 3093-28099/? I/OMXCodec: [OMX.google.vorbis.decoder] Now Idle. Component sends idle done Event 
09-03 23:11:39.411 3093-6337/? I/OMXCodec: [OMX.google.vorbis.decoder] stopOmxComponent_l() mstate = 1
09-03 23:11:39.411 3093-6337/? I/OggExtractor: OggSource::stop() mExtractor ref count = 1
09-03 23:11:39.411 3093-6337/? I/OggExtractor: OggSource::~OggSource() mExtractor !mStarted ref count = 1
09-03 23:11:39.411 3093-6337/? I/OggExtractor: ~OggSource --
09-03 23:11:39.411 3093-6337/? I/OggExtractor: ~OggExtractor ++
09-03 23:11:39.411 3093-6337/? I/OggExtractor: ~MyOggExtractor ++ 
09-03 23:11:39.411 3093-6337/? I/OggExtractor: ~MyOggExtractor --
09-03 23:11:39.411 3093-6337/? I/OggExtractor: ~OggExtractor --
09-03 23:11:39.421 3633-7848/? D/ConnectivityService: returning getNetworkInfo for network type 1 : [type: WIFI[] - WIFI, state: CONNECTED/CONNECTED, reason: (unspecified), extra: "HOME-E0A8", roaming: false, failover: false, isAvailable: true]
09-03 23:11:39.431 3633-3706/? V/BroadcastQueue: [background] Process cur broadcast BroadcastRecord{2d6e8a7 u0 com.samsung.android.providers.context.log.action.USE_APP_FEATURE_SURVEY qIdx=4}, state= (APP_RECEIVE) DELIVERED for app ProcessRecord{5e94ccc 5869:com.samsung.android.providers.context/u0a380}
09-03 23:11:39.441 3093-3727/? V/audio_hw_primary: select_devices() output_route "media-speaker" 
09-03 23:11:39.441 3093-3727/? I/audio_route: > audio_route_apply_path : "gain-voice_control-mic"
09-03 23:11:39.441 3093-3727/? V/audio_hw_primary: select_devices() input_gain "gain-voice_control-mic" 
09-03 23:11:39.441 3093-3727/? I/audio_route: > audio_route_apply_path : "gain-media-speaker"
09-03 23:11:39.441 3093-3727/? V/audio_hw_primary: select_devices() output_gain "gain-media-speaker" 
09-03 23:11:39.441 3093-3727/? I/audio_route: > audio_route_update_mixer : +
09-03 23:11:39.441 3093-3727/? I/audio_route: > audio_route_update_mixer : changed(0) -
09-03 23:11:39.441 3093-3727/? V/audio_hw_primary: select_devices : set seamless_buf_offset
09-03 23:11:39.441 3093-3727/? I/audio_route: > audio_values_apply_path : "seamless_buf_offset"
09-03 23:11:39.441 3093-3727/? I/audio_hw_primary: select_devices - 
09-03 23:11:39.441 3093-3727/? V/audio_hw_primary: start_output_stream-
09-03 23:11:39.461 626-626/? V/StateManager: startState class com.sec.samsung.gallery.view.albumview.AlbumViewState
09-03 23:11:39.461 626-626/? I/Gallery_Performance: AlbumViewState onCreate Start
09-03 23:11:39.461 626-626/? D/AlbumViewState: onCreate  = null
09-03 23:11:39.461 626-626/? I/Gallery_Performance: AlbumViewState onCreate End
09-03 23:11:39.461 626-626/? V/GalleryActivity: convertFromTranslucent() : config={1 1.0 themeSeq = 0 showBtnBg = 0 310mcc260mnc en_US ldltr sw360dp w360dp h616dp 640dpi nrml long port finger -keyb/v/h -nav/h mkbd/h s.20}
09-03 23:11:39.461 626-626/? I/Gallery_Performance: Gallery onCreate End 
09-03 23:11:39.461 626-626/? D/Activity: performCreate Call Injection manager
09-03 23:11:39.461 27424-27424/? V/ActivityThread: updateVisibility : ActivityRecord{add85af token=android.os.BinderProxy@9491856 {com.sh1r0.caffe_android_demo/com.sh1r0.caffe_android_demo.MainActivity}} show : false
09-03 23:11:39.471 626-626/? I/InjectionManager: dispatchOnViewCreated > Target : com.sec.android.gallery3d.app.GalleryActivity isFragment :false
09-03 23:11:39.471 626-626/? I/VerificationLog: onResume
09-03 23:11:39.471 626-626/? I/Gallery_Performance: Gallery onResume Start
09-03 23:11:39.471 626-626/? I/GLIdleTimerCmd: ADD_GL_IDLE_LISTENER
09-03 23:11:39.471 3633-3706/? V/BroadcastQueue: [background] Process cur broadcast BroadcastRecord{725dd31 u0 com.samsung.android.providers.context.log.action.REPORT_APP_STATUS_SURVEY qIdx=4}, state= (APP_RECEIVE) DELIVERED for app ProcessRecord{5e94ccc 5869:com.samsung.android.providers.context/u0a380}
09-03 23:11:39.471 626-626/? I/Gallery_Performance: AlbumViewState onResume Start
09-03 23:11:39.471 626-626/? D/AlbumViewState: onResume
09-03 23:11:39.471 626-626/? I/GLIdleTimerCmd: ADD_GL_IDLE_LISTENER
09-03 23:11:39.471 626-626/? D/GlComposeBaseView: GlComposeBaseView = com.sec.samsung.gallery.glview.composeView.GlComposeAlbumView@fd663f7
09-03 23:11:39.471 626-626/? D/GlComposeView: getLogExtra() : no match viewBytFilterType!!!
09-03 23:11:39.471 626-626/? D/GlComposeView: getLogExtra() : no match viewBytFilterType!!!
09-03 23:11:39.471 3071-4605/? D/libEGL: eglTerminate EGLDisplay = 0x7f7b97be78
09-03 23:11:39.481 3071-4605/? D/libEGL: eglTerminate EGLDisplay = 0x7f7b97be78
09-03 23:11:39.481 626-626/? I/GlRootView: attachLayer = null, new = com.sec.samsung.gallery.glview.composeView.GlComposeAlbumView@fd663f7, type = 1
09-03 23:11:39.481 626-626/? I/GlRootView: exit attachLayer
09-03 23:11:39.481 626-28101/? D/ComposeViewDataLoader: checkIncreaseAlbumSet start
09-03 23:11:39.481 626-28101/? D/ComposeViewDataLoader: loadSet done old = 0, new = 13
09-03 23:11:39.481 626-28101/? D/ComposeViewDataLoader: loadCoveritems count =3, updS = 0, updE = 2
09-03 23:11:39.481 626-626/? D/skia: ---- fAsset->read(0) returned 0
09-03 23:11:39.481 626-626/? D/skia: ---- fAsset->read(0) returned 0
09-03 23:11:39.481 626-626/? D/skia: ---- fAsset->read(0) returned 0
09-03 23:11:39.481 626-626/? D/skia: ---- fAsset->read(0) returned 0
09-03 23:11:39.481 3633-3706/? V/BroadcastQueue: [background] Process cur broadcast BroadcastRecord{96a4c16 u0 com.samsung.android.providers.context.log.action.USE_APP_FEATURE_SURVEY qIdx=4}, state= (APP_RECEIVE) DELIVERED for app ProcessRecord{5e94ccc 5869:com.samsung.android.providers.context/u0a380}
09-03 23:11:39.481 5169-5363/? D/NetworkController.MobileSignalController(0/4): onSignalStrengthsChanged signalStrength=SignalStrength: 99 99 -120 -160 -120 -1 -1 17 -110 -13 24 -1 2147483647 0x2000 gsm|lte level=2
09-03 23:11:39.481 5169-5363/? D/NetworkController.MobileSignalController(0/4): getMobileIconGroup(): 13
09-03 23:11:39.481 5169-5363/? D/NetworkController.MobileSignalController(0/4): updateCMCCMobileIconGroup(): 13
09-03 23:11:39.481 626-626/? I/Gallery_Performance: AlbumViewState onResume End
09-03 23:11:39.481 626-626/? D/GlRootView: onResume mGlActive = false
09-03 23:11:39.481 626-626/? D/GlRootView: onResume mGlActive = false
09-03 23:11:39.481 626-626/? I/Gallery_Performance: Gallery onResume End 
09-03 23:11:39.481 626-626/? I/VerificationLog: Executed
09-03 23:11:39.481 626-28101/? I/GlRootView: attachLayer = null, new = com.sec.samsung.gallery.glview.composeView.GlComposeAlbumView@fd663f7, type = 1
09-03 23:11:39.481 626-28101/? I/GlRootView: exit attachLayer
09-03 23:11:39.481 626-28101/? D/ComposeViewDataLoader: loadCoveritems count =3, updS = 3, updE = 5
09-03 23:11:39.481 626-28101/? D/ComposeViewDataLoader: loadCoveritems count =3, updS = 6, updE = 8
09-03 23:11:39.481 626-28101/? D/ComposeViewDataLoader: loadCoveritems count =3, updS = 9, updE = 11
09-03 23:11:39.481 626-28101/? D/ComposeViewDataLoader: loadCoveritems count =1, updS = 12, updE = 12
09-03 23:11:39.481 626-28101/? D/ComposeViewDataLoader: loadCoveritems count =0, updS = 12, updE = 0
09-03 23:11:39.491 626-626/? D/SecWifiDisplayUtil: Metadata value : SecSettings2
09-03 23:11:39.491 626-626/? D/ViewRootImpl: #1 mView = com.android.internal.policy.MultiPhoneWindow$MultiPhoneDecorView{3b476da I.E...... R.....I. 0,0-0,0}
09-03 23:11:39.491 3633-5126/? D/ISSUE_DEBUG: InputChannelName : 4268784 com.sec.android.gallery3d/com.sec.android.gallery3d.app.GalleryActivity
09-03 23:11:39.501 3633-3649/? D/ActivityManager: post active user change for 0 fullscreen true isFloatingActivity() false isHomeActivity() false
09-03 23:11:39.501 3633-3649/? D/KnoxTimeoutHandler: postActiveUserChange [MsgParam] userId: 0 fullscreen is true showWhenlocked is false
09-03 23:11:39.501 3633-3633/? D/KnoxTimeoutHandler: handleActiveUserChange [MsgParam] userId: 0 fullscreen is true showWhenlocked is false
09-03 23:11:39.501 3633-3633/? I/KnoxTimeoutHandler: Shared devices show user statefalse
09-03 23:11:39.501 626-626/? W/ActivityThread: AppLock checkAppLockState isAppLocked = false pkgName = com.sec.android.gallery3d showWhenLocked = false
09-03 23:11:39.501 626-626/? D/MultiPhoneWindow: performUpdateVisibility, same visibility false
09-03 23:11:39.511 3071-3071/? I/SurfaceFlinger: id=3462 createSurf (1x1),1 flag=4, HalleryActi
09-03 23:11:39.511 3633-3707/? D/StatusBarManagerService: manageDisableList userId=0 what=0x0 pkg=Window{4268784 u0 d0 com.sec.android.gallery3d/com.sec.android.gallery3d.app.GalleryActivity}
09-03 23:11:39.511 5169-5169/? D/PhoneStatusBar: setSystemUiVisibility vis=600 mask=ffffffff oldVal=0 newVal=600 diff=600
09-03 23:11:39.521 3633-3648/? D/InputDispatcher: Focus entered window: 626
09-03 23:11:39.521 3633-3712/? D/PointerIcon: setMouseIconStyle1 pointerType: 1001 iconType:101 flag:0 pid:3633 uid:1000
09-03 23:11:39.521 3633-3712/? D/PointerIcon: setMouseCustomIcon IconType is same.101
09-03 23:11:39.521 626-677/? D/mali_winsys: new_window_surface returns 0x3000,  [1440x2560]-format:1
09-03 23:11:39.521 3071-3071/? I/SurfaceFlinger: id=3463 createSurf (1440x2560),3 flag=404, TurfaceView
09-03 23:11:39.521 626-626/? I/GlRootView: surfaceCreated, type = 1
09-03 23:11:39.521 626-626/? I/GlRootView: surfaceChanged, type = 1
09-03 23:11:39.521 626-28100/? D/libEGL: eglInitialize EGLDisplay = 0x7f8747ee28
09-03 23:11:39.521 3633-5273/? V/WindowStateAnimator: Finishing drawing window Window{f15431c u0 d0 SurfaceView}: mDrawState=DRAW_PENDING
                                                      
                                                      [ 09-03 23:11:39.521   626:28100 D/         ]
                                                      ro.exynos.dss isEnabled: 0
09-03 23:11:39.521 3093-3624/? I/APM::AudioPolicyManager: stopOutput() output 4, stream 1, session 1209
09-03 23:11:39.531 626-28100/? D/mali_winsys: new_window_surface returns 0x3000,  [1440x2560]-format:1
09-03 23:11:39.531 626-28100/? I/LibGLRootView: onSurfaceCreated = com.google.android.gles_jni.GLImpl@17326a6, rootView type = 1
09-03 23:11:39.531 626-28100/? D/GlRootView: initializeGL = false, force = true, type = 1
09-03 23:11:39.531 626-28100/? I/LibGLRootView: onSurfaceChanged: 1440x2560, gl10: com.google.android.gles_jni.GLImpl@17326a6, rootView type = 1
09-03 23:11:39.531 626-28100/? D/GlRootView: initializeGL = true, force = false, type = 1
09-03 23:11:39.531 626-28100/? I/GlRootView: enter replaceLayer = null, new = com.sec.samsung.gallery.glview.composeView.GlComposeAlbumView@fd663f7, type = 1
09-03 23:11:39.531 626-28100/? D/GlRootView: isWideMode : false
09-03 23:11:39.531 626-28100/? I/GlLayer: create = com.sec.samsung.gallery.glview.composeView.GlComposeAlbumView@fd663f7, state = 0
09-03 23:11:39.531 3633-5622/? V/WindowStateAnimator: Finishing drawing window Window{f15431c u0 d0 SurfaceView}: mDrawState=READY_TO_SHOW
09-03 23:11:39.531 626-626/? W/DisplayListCanvas: DisplayListCanvas is started on unbinded RenderNode (without mOwningView)
09-03 23:11:39.531 626-28100/? D/GlLayer: setHoverScrollFlexibleHeightMargin264
09-03 23:11:39.531 626-28100/? D/AlbumViewState: initialzieView = com.sec.samsung.gallery.glview.composeView.GlComposeAlbumView@fd663f7
09-03 23:11:39.531 626-28100/? D/GlComposeView: setAdapter = null, new = com.sec.samsung.gallery.view.adapter.ComposeAlbumSetAdapter@e3238e7
09-03 23:11:39.531 626-28100/? D/ComposeViewDataLoader: applyViewListener = com.sec.samsung.gallery.glview.composeView.GlComposeView$2@262cc94, count = -1, notiCount = -1
09-03 23:11:39.531 626-28100/? D/GlComposeView: onSizeChanged= 13
09-03 23:11:39.531 626-28100/? I/GlLayer: resume = com.sec.samsung.gallery.glview.composeView.GlComposeAlbumView@fd663f7, state = 1
09-03 23:11:39.531 626-28100/? I/GlRootView: exit replaceLayer
09-03 23:11:39.531 626-28100/? I/GlRootView: renderLogic is changed : 0 -> 2
09-03 23:11:39.531 626-28100/? I/GlRootView: procSurfaceChanged = 1440, height = 2560, type = 1
09-03 23:11:39.531 626-28100/? D/GlRootView: isWideMode : false
09-03 23:11:39.531 626-28100/? D/GlComposeView: TransAnimation for the root object is stopped by layoutChange
09-03 23:11:39.531 626-28100/? D/GlLayer: setHoverScrollFlexibleHeightMargin264
09-03 23:11:39.531 626-28101/? D/ComposeViewDataLoader: loadCoveritems count =0, updS = 7, updE = 0
09-03 23:11:39.541 626-28100/? D/Gallery_Performance: Elapsed time to complete first display : Activity = 135, Application = 3524555
