09-03 23:11:24.861 16838-28066/? D/AllShare(ASF-DMC): NetworkStatusListener.getNetworkInfo - skip...this is IPv6: fe80::fedb:b3ff:fee7:4a45%wlan0 of false||true ||true
09-03 23:11:24.861 16838-28066/? I/AllShare(ASF-DMC): NetworkStatusListener.getNetworkInfo - InetAddress found 2601:644:401:84e2:1437:b80f:db2e:8189%5 in wlan0
09-03 23:11:24.861 16838-28066/? D/AllShare(ASF-DMC): NetworkStatusListener.getNetworkInfo - skip...this is IPv6: 2601:644:401:84e2:1437:b80f:db2e:8189%5 of false||true ||true
09-03 23:11:24.861 16838-28066/? I/AllShare(ASF-DMC): NetworkStatusListener.getNetworkInfo - InetAddress found 10.0.0.4 in wlan0
09-03 23:11:24.861 16838-28066/? I/AllShare(ASF-DMC): NetworkStatusListener.getNetworkInfo - this is IPv4 we want: 10.0.0.4 in wlan0
09-03 23:11:24.861 16838-28066/? D/AllShare(ASF-DMC): NetworkStatusListener.notifyNICAdded - ip: 10.0.0.4, subnet mask: 255.255.255.0
09-03 23:11:24.861 16838-28066/? I/AllShare(ASF_DMC): [JNI] JavaNotifyNICAdded: 122: Enter JavaNotifyNICAdded
09-03 23:11:24.861 626-626/? D/NearbyClient: refresh device list
09-03 23:11:24.861 626-626/? I/AllShare(ASF-API): L-d140909 / MediaDeviceFinderImpl.refresh
09-03 23:11:24.861 16838-28066/? V/AllShare(ASF_DMC): [NETWORK_LAYER] OnNetworkChanged: 205: ServerManager::OnNetworkChanged:NIC_ADDED
09-03 23:11:24.861 16838-28066/? D/AllShare(ASF_DMC): [NETWORK_LAYER] Start: 141: TCPServer Started: 10.0.0.4:8187
09-03 23:11:24.861 16838-16850/? I/AllShare(ASF_DMC): [JNI] rescanDeviceByAppID: 469: Meet unregister app id when rescan !
09-03 23:11:24.861 16838-28066/? D/AllShare(ASF_DMC): [NETWORK_LAYER] Start: 85: listen_address [10.0.0.4]
09-03 23:11:24.861 16838-16850/? V/AllShare(ASF_DMC): [CP_DISCOVERY] Rescan: 449: Sending Rescan.
09-03 23:11:24.881 16838-28066/? D/AllShare(ASF_DMC): [NETWORK_LAYER] Start: 112: New MulticastServer::Start() : 239.255.255.250:1900 Started
09-03 23:11:24.881 16838-28066/? D/AllShare(ASF_DMC): [NETWORK_LAYER] Start: 102: UDPServer Started:10.0.0.4:3942
09-03 23:11:24.881 16838-28066/? V/AllShare(ASF_DMC): [NETWORK_LAYER] NotifyNICIfEvent: 1124: 2 event listeners are notified!!!
09-03 23:11:24.881 16838-28038/? D/AllShare(ASF_DMC): [NETWORK_LAYER] NotifyNICEventByID: 1204: Notifying NIC Change 0 for wlan0 listener_id 0
09-03 23:11:24.881 16838-28066/? D/AllShare(ASF-DMC): DeviceSubscriber.eventNotifyReceived - receive system event: com.sec.android.allshare.event.EVENT_WIFI_ENABLED
09-03 23:11:24.881 16838-28037/? D/AllShare(ASF_DMC): [NETWORK_LAYER] NotifyNICEventByID: 1204: Notifying NIC Change 0 for wlan0 listener_id 1
09-03 23:11:24.881 16838-28038/? D/AllShare(ASF_DMC): [CP_DISCOVERY] OnNetworkChanged: 53: Received NIC change event [0] for [wlan0]
09-03 23:11:24.881 16838-28037/? D/AllShare(ASF_DMC): [STREAMING] OnNetworkChanged: 155: NW event arrived for interface name wlan0
09-03 23:11:24.881 16838-28038/? V/AllShare(ASF_DMC): [CP_DISCOVERY] Rescan: 449: Sending Rescan.
09-03 23:11:24.881 16838-28066/? D/AllShare(ASF-DMC): NetworkStatusListener.notifyNICRemoved - NIC: p2p-wlan0-0
09-03 23:11:24.881 16838-28066/? I/AllShare(ASF_DMC): [JNI] JavaNotifyNICRemoved: 137: Enter JavaNotifyNICRemoved
09-03 23:11:24.881 16838-28066/? I/AllShare(ASF_DMC): [NETWORK_LAYER] NotifyNICRemoved: 1078: Interface [p2p-wlan0-0] is already removed!!
09-03 23:11:24.881 16838-28066/? D/AllShare(ASF-DMC): DeviceSubscriber.eventNotifyReceived - receive system event: com.sec.android.allshare.event.EVENT_WIFI_P2P_DISABLED
09-03 23:11:24.881 626-626/? I/AllShare(ASF-API): L-d140909 / MediaDeviceFinderImpl.getDevices - type[DEVICE_PROVIDER], domain[LOCAL_NETWORK]
09-03 23:11:24.881 16838-17249/? V/AllShare(ASF_DMC): [CP_DISCOVERY] GetDeviceList: 165: interesting device list empty
09-03 23:11:24.881 16838-17249/? I/AllShare(ASF_DMC): [JNI] getDeviceList: 398: getDeviceListFromGenericCP Failed,  [-1020] - can't find device
09-03 23:11:24.881 16838-17249/? I/AllShare(ASF_DMC): [JNI] getDeviceListJNI: 308: pDeviceList == NULL
09-03 23:11:24.881 16838-17249/? W/AllShare(ASF-DMC): DeviceListManagerWrapper.getDeviceList - Get device list with type[2] failed
09-03 23:11:24.881 626-626/? I/AllShare(ASF-API): L-d140909 / MediaDeviceFinderImpl.getDevices - type[DEVICE_IMAGEVIEWER], domain[LOCAL_NETWORK]
09-03 23:11:24.881 16838-17035/? V/AllShare(ASF_DMC): [CP_DISCOVERY] GetDeviceList: 165: interesting device list empty
09-03 23:11:24.881 16838-17035/? I/AllShare(ASF_DMC): [JNI] getDeviceList: 398: getDeviceListFromGenericCP Failed,  [-1020] - can't find device
09-03 23:11:24.881 16838-17035/? I/AllShare(ASF_DMC): [JNI] getDeviceListJNI: 308: pDeviceList == NULL
09-03 23:11:24.881 16838-17035/? W/AllShare(ASF-DMC): DeviceListManagerWrapper.getDeviceList - Get device list with type[1] failed
09-03 23:11:24.881 626-626/? D/NearbyClient: device count : 0 Provider : 0 ImageViewer : 0
09-03 23:11:24.901 16838-28043/? V/AllShare(ASF_DMC): [CP_DISCOVERY] SendDeviceDescriptionRequest: 379: Making description request for [uuid:a784f457-142a-cad5-fcc0-ecd2a10ca09b+wlan0]
09-03 23:11:24.901 16838-28043/? D/AllShare(ASF_DMC): [CP_DISCOVERY] OnUDPRequestReceived: 203: Recv M-SEARCH res from NEW dev [uuid:a784f457-142a-cad5-fcc0-ecd2a10ca09b+wlan0] client_ip = [10.0.0.1] Interface ip [10.0.0.4]
09-03 23:11:24.951 16838-28048/? V/AllShare(ASF_DMC): [CP_DISCOVERY] PopulateServiceDescription: 350: Sent request for 1 services
09-03 23:11:24.961 16838-28048/? I/AllShare(ASF_DMC): [CP_DISCOVERY] OnResponseReceived: 183: service description received
09-03 23:11:24.961 16838-28048/? V/AllShare(ASF_DMC): [CP_DISCOVERY] ServiceDescriptionReceived: 550: All services available for device uuid:a784f457-142a-cad5-fcc0-ecd2a10ca09b+wlan0 
09-03 23:11:25.071 3633-3633/? D/CustomFrequencyManagerService: releaseDVFSLockLocked : Getting Lock type frm List : DVFS_MIN_LIMIT  frequency : 1800000  uid : 1000  pid : 3633  tag : ACTIVITY_RESUME_BOOSTER@9
09-03 23:11:25.111 3633-4954/? D/ConnectivityService: updateCapabilities: oldCap = [ Transports: WIFI Capabilities: INTERNET&NOT_RESTRICTED&TRUSTED&NOT_VPN&VALIDATED LinkUpBandwidth>=1048576Kbps LinkDnBandwidth>=1048576Kbps SignalStrength: -61], newCap = [ Transports: WIFI Capabilities: INTERNET&NOT_RESTRICTED&TRUSTED&NOT_VPN LinkUpBandwidth>=1048576Kbps LinkDnBandwidth>=1048576Kbps SignalStrength: -64]
09-03 23:11:25.111 3633-4954/? D/ConnectivityService: rematching NetworkAgentInfo [WIFI () - 613]
09-03 23:11:25.111 5169-5363/? D/NetworkController: onReceive: intent=Intent { act=android.net.wifi.RSSI_CHANGED flg=0x4000010 bqHint=4 (has extras) }
09-03 23:11:25.111 3633-4954/? D/ConnectivityService:  network has: NetworkAgentInfo{ ni{[type: WIFI[] - WIFI, state: CONNECTED/CONNECTED, reason: (unspecified), extra: "HOME-E0A8", roaming: false, failover: false, isAvailable: true]}  network{613}  lp{{InterfaceName: wlan0 LinkAddresses: [fe80::fedb:b3ff:fee7:4a45/64,2601:644:401:84e2:fedb:b3ff:fee7:4a45/64,2601:644:401:84e2:1437:b80f:db2e:8189/64,10.0.0.4/24,]  Routes: [fe80::/64 -> :: wlan0,::/0 -> fe80::4632:c8ff:fecc:e0a7 wlan0,2601:644:401:84e2::/64 -> :: wlan0,10.0.0.0/24 -> 0.0.0.0 wlan0,0.0.0.0/0 -> 10.0.0.1 wlan0,] DnsAddresses: [2001:558:feed::1,2001:558:feed::2,75.75.75.75,75.75.76.76,] Domains:  MTU: 0 TcpBufferSizes: 524288,1048576,4525824,524288,1048576,4525824}}  nc{[ Transports: WIFI Capabilities: INTERNET&NOT_RESTRICTED&TRUSTED&NOT_VPN&VALIDATED LinkUpBandwidth>=1048576Kbps LinkDnBandwidth>=1048576Kbps SignalStrength: -64]}  Score{60}  everValidated{true}  lastValidated{true}  created{true} lingering{false} explicitlySelected{false} acceptUnvalidated{false} everCaptivePortalDetected{false} lastCaptivePortalDetected{false} }
09-03 23:11:25.111 3633-4954/? D/ConnectivityService: Network NetworkAgentInfo [WIFI () - 613] was already satisfying request 1. No change.
09-03 23:11:25.111 3633-4954/? D/ConnectivityService:   checking if request is: NetworkRequest [ id=3, legacyType=-1, [ Capabilities: NOT_RESTRICTED&TRUSTED&NOT_VPN] ] satisfies: true nri.isRequest: false
09-03 23:11:25.111 3633-4954/? D/ConnectivityService:   checking if request is: NetworkRequest [ id=183, legacyType=-1, [ Capabilities: INTERNET&NOT_RESTRICTED&TRUSTED&NOT_VPN] ] satisfies: true nri.isRequest: false
09-03 23:11:25.111 3633-4954/? D/ConnectivityService:   checking if request is: NetworkRequest [ id=184, legacyType=-1, [ Capabilities: INTERNET&NOT_RESTRICTED&TRUSTED&NOT_VPN] ] satisfies: true nri.isRequest: false
09-03 23:11:25.111 3633-4954/? D/ConnectivityService:   checking if request is: NetworkRequest [ id=5, legacyType=-1, [ Transports: CELLULAR Capabilities: INTERNET&NOT_RESTRICTED&TRUSTED&NOT_VPN] ] satisfies: false nri.isRequest: false
09-03 23:11:25.111 3633-4954/? D/ConnectivityService:   checking if request is: NetworkRequest [ id=4, legacyType=-1, [] ] satisfies: true nri.isRequest: false
09-03 23:11:25.111 3633-4954/? D/ConnectivityService:   checking if request is: NetworkRequest [ id=6, legacyType=-1, [ Transports: WIFI Capabilities: INTERNET&NOT_RESTRICTED&TRUSTED&NOT_VPN] ] satisfies: true nri.isRequest: false
09-03 23:11:25.111 3633-4954/? D/ConnectivityService: notifyType CAP_CHANGED for NetworkAgentInfo [WIFI () - 613]
09-03 23:11:25.111 3633-4954/? D/ConnectivityService:  sending notification for NetworkRequest [ id=1, legacyType=-1, [ Capabilities: INTERNET&NOT_RESTRICTED&TRUSTED&NOT_VPN] ]
09-03 23:11:25.111 3633-4954/? D/ConnectivityService:  sending notification for NetworkRequest [ id=3, legacyType=-1, [ Capabilities: NOT_RESTRICTED&TRUSTED&NOT_VPN] ]
09-03 23:11:25.111 3633-4954/? D/ConnectivityService: sending notification CAP_CHANGED for NetworkRequest [ id=3, legacyType=-1, [ Capabilities: NOT_RESTRICTED&TRUSTED&NOT_VPN] ]
09-03 23:11:25.111 3633-4954/? D/ConnectivityService:  sending notification for NetworkRequest [ id=4, legacyType=-1, [] ]
09-03 23:11:25.111 3633-4954/? D/ConnectivityService: sending notification CAP_CHANGED for NetworkRequest [ id=4, legacyType=-1, [] ]
09-03 23:11:25.111 3633-4954/? D/ConnectivityService:  sending notification for NetworkRequest [ id=6, legacyType=-1, [ Transports: WIFI Capabilities: INTERNET&NOT_RESTRICTED&TRUSTED&NOT_VPN] ]
09-03 23:11:25.111 3633-4954/? D/ConnectivityService: sending notification CAP_CHANGED for NetworkRequest [ id=6, legacyType=-1, [ Transports: WIFI Capabilities: INTERNET&NOT_RESTRICTED&TRUSTED&NOT_VPN] ]
09-03 23:11:25.111 3633-4954/? D/ConnectivityService:  sending notification for NetworkRequest [ id=183, legacyType=-1, [ Capabilities: INTERNET&NOT_RESTRICTED&TRUSTED&NOT_VPN] ]
09-03 23:11:25.111 3633-4954/? D/ConnectivityService: sending notification CAP_CHANGED for NetworkRequest [ id=183, legacyType=-1, [ Capabilities: INTERNET&NOT_RESTRICTED&TRUSTED&NOT_VPN] ]
09-03 23:11:25.111 3633-4954/? D/ConnectivityService:  sending notification for NetworkRequest [ id=184, legacyType=-1, [ Capabilities: INTERNET&NOT_RESTRICTED&TRUSTED&NOT_VPN] ]
09-03 23:11:25.121 3633-4954/? D/ConnectivityService: sending notification CAP_CHANGED for NetworkRequest [ id=184, legacyType=-1, [ Capabilities: INTERNET&NOT_RESTRICTED&TRUSTED&NOT_VPN] ]
09-03 23:11:25.141 5169-5169/? D/QSTileView: handleLabelStateChanged() label = WLAN cellWidth 272
09-03 23:11:25.231 3633-4468/? D/InputReader: Input event(3): value=1 when=154322332109000
09-03 23:11:25.231 3633-4468/? D/InputReader: Input event(3): value=1 when=154322332109000
09-03 23:11:25.231 3633-4468/? I/InputReader: Touch event's action is 0x0 (deviceType=0) [pCnt=1, s=0.11968 ] when=154322332109000
09-03 23:11:25.231 3633-4468/? D/InputReader: lastThreadEndTime = 154321436038294, currentThreadStartTime = 154321436042669, diff = 0
09-03 23:11:25.231 3633-4467/? I/InputDispatcher: Delivering touch to (19026): action: 0x4, toolType: 1
09-03 23:11:25.231 3633-4467/? I/InputDispatcher: Delivering touch to (626): action: 0x0, toolType: 1
09-03 23:11:25.231 626-626/? D/ViewRootImpl: ViewPostImeInputStage processPointer 0
09-03 23:11:25.231 3633-4467/? D/PowerManagerService: [api] userActivityFromNative : 650 (event: 2 flags: 0) eventTime = 154322332
09-03 23:11:25.231 19026-19026/? D/AutoHideHelper: ###check Single invalid
09-03 23:11:25.231 626-28020/? D/GlHoverController: onMessage msg = 3
09-03 23:11:25.231 626-28020/? D/GlHoverController: removeHoverView removed message = 0
09-03 23:11:25.231 3633-5617/? D/CustomFrequencyManagerService: acquireDVFSLockLocked : type : DVFS_MIN_LIMIT  frequency : 800000  uid : 1000  pid : 3633  pkgName : GALLERY_LIST_SCROLL@471
09-03 23:11:25.231 626-28030/? D/CpuBoostScrollCmd: Scroll Boost CPU Clock
09-03 23:11:25.331 3633-4468/? D/InputReader: Input event(3): value=0 when=154322435909000
09-03 23:11:25.331 3633-4468/? D/InputReader: Input event(3): value=0 when=154322435909000
09-03 23:11:25.331 3633-4468/? I/InputReader: Touch event's action is 0x1 (deviceType=0) [pCnt=1, s=] when=154322435909000
09-03 23:11:25.331 3633-4467/? I/InputDispatcher: Delivering touch to (626): action: 0x1, toolType: 1
09-03 23:11:25.331 626-626/? D/ViewRootImpl: ViewPostImeInputStage processPointer 1
09-03 23:11:25.331 3633-5548/? V/AudioService: AudioService playSoundEffect Type : 10, volume : -1.0
09-03 23:11:25.331 626-626/? E/AlbumViewState: cannot start anmation to PhotoView. bitmap is null
09-03 23:11:25.331 3633-4960/? V/AudioService: received MSG_PLAY_SOUND_EFFECT onPlaySoundEffect start
09-03 23:11:25.331 3093-5633/? I/APM::AudioPolicyManager: getSituationVolume: isBTConnected:0 isHeadConnected:0
09-03 23:11:25.341 626-626/? V/StateManager: startState class com.sec.samsung.gallery.view.photosplitview.PhotoSplitViewState
09-03 23:11:25.341 626-626/? I/Gallery_Performance: AlbumViewState onPause Start
09-03 23:11:25.341 626-626/? I/GlLayer: pause = com.sec.samsung.gallery.glview.composeView.GlComposeAlbumView@67cea86, state = 1
09-03 23:11:25.341 626-626/? I/Gallery_Performance: AlbumViewState onPause End
09-03 23:11:25.341 626-626/? I/Gallery_Performance: PhotoSplitViewState onCreate Start
09-03 23:11:25.341 626-626/? D/ComposeViewDataLoader: checkIncreaseAlbumSet start
09-03 23:11:25.341 626-626/? I/Gallery_Performance: PhotoSplitViewState onCreate End
09-03 23:11:25.341 626-626/? I/Gallery_Performance: PhotoSplitViewState onResume Start
09-03 23:11:25.341 626-626/? D/GlComposeBaseView: GlComposeBaseView = com.sec.samsung.gallery.glview.composeView.GlComposeAlbumPhotoView@6ea2ec5
09-03 23:11:25.341 3093-6337/? W/AudioPolicyIntefaceImpl: Skipped to add effects on session 1207
09-03 23:11:25.341 3093-6337/? I/APM::AudioPolicyManager: startOutput() output 4, stream 1, session 1207
09-03 23:11:25.341 3633-3706/? V/BroadcastQueue: [background] Process cur broadcast BroadcastRecord{1154dde u0 com.samsung.android.providers.context.log.action.USE_APP_FEATURE_SURVEY qIdx=4}, state= (APP_RECEIVE) DELIVERED for app ProcessRecord{5e94ccc 5869:com.samsung.android.providers.context/u0a380}
09-03 23:11:25.341 626-626/? D/GlComposeBaseView: GlComposeBaseView = com.sec.samsung.gallery.glview.composeView.GlComposeSplitView@d54201a
09-03 23:11:25.351 3633-4604/? V/BroadcastQueue: [background] Process cur broadcast BroadcastRecord{b7ffbbf u0 com.samsung.android.providers.context.log.action.USE_APP_FEATURE_SURVEY qIdx=4}, state= (APP_RECEIVE) DELIVERED for app ProcessRecord{5e94ccc 5869:com.samsung.android.providers.context/u0a380}
09-03 23:11:25.351 3093-3727/? D/audio_hw_primary: out_set_parameters: enter: kvpairs: routing=2
09-03 23:11:25.351 3093-3727/? I/audio_hw_primary: out_set_parameters adev->out_device:2
09-03 23:11:25.351 3093-3727/? I/audio_hw_primary: is_voice_wakeup : ret =  1  , wakeup_baby_cry_enabled = 0  ,  wakeup_mic_enabled = 1 
09-03 23:11:25.351 3093-3727/? I/audio_hw_primary: get_scenario : scenario_type = 36
09-03 23:11:25.351 3093-3727/? I/audio_hw_primary: get_input_snd_device_id device:0xc
09-03 23:11:25.351 3093-3727/? V/audio_hw_primary: select_devices output_scenario:0 input_scenario:36 out_snd_device 0x2 in_snd_device:0xc
09-03 23:11:25.351 3093-3727/? I/audio_hw_primary: select_devices - do not update mixer_path
09-03 23:11:25.351 3093-3727/? D/AudioFlinger: setCurDevice() 0x2
09-03 23:11:25.361 626-626/? I/GlRootView: attachLayer = com.sec.samsung.gallery.glview.composeView.GlComposeAlbumView@67cea86, new = com.sec.samsung.gallery.glview.composeView.GlComposeSplitView@d54201a, type = 1
09-03 23:11:25.361 626-626/? I/GlRootView: exit attachLayer
09-03 23:11:25.361 626-28068/? D/ComposeViewDataLoader: checkIncreaseAlbumSet start
09-03 23:11:25.361 626-28068/? D/ComposeViewDataLoader: loadSet done old = 13, new = 13
09-03 23:11:25.361 626-28068/? D/ComposeViewDataLoader: loadCoveritems count =0, updS = 7, updE = 0
09-03 23:11:25.361 626-28068/? D/ComposeViewDataLoader: loadCoveritems count =0, updS = 7, updE = 0
09-03 23:11:25.361 3633-4604/? V/BroadcastQueue: [background] Process cur broadcast BroadcastRecord{8ec928c u0 com.samsung.android.providers.context.log.action.USE_APP_FEATURE_SURVEY qIdx=4}, state= (APP_RECEIVE) DELIVERED for app ProcessRecord{5e94ccc 5869:com.samsung.android.providers.context/u0a380}
09-03 23:11:25.361 626-28070/? E/NFC: isAndroidBeamAllowed - Begin
09-03 23:11:25.361 626-28070/? I/NFC: showMsg is false
09-03 23:11:25.371 3633-5126/? D/SecContentProvider: query(), uri = 15 selection = isAndroidBeamAllowed
09-03 23:11:25.371 626-626/? I/Gallery_Performance: PhotoSplitViewState onResume End
09-03 23:11:25.371 626-28020/? I/GlRootView: enter replaceLayer = com.sec.samsung.gallery.glview.composeView.GlComposeAlbumView@67cea86, new = com.sec.samsung.gallery.glview.composeView.GlComposeSplitView@d54201a, type = 1
09-03 23:11:25.371 626-28020/? I/GlLayer: pause = com.sec.samsung.gallery.glview.composeView.GlComposeAlbumView@67cea86, state = 2
09-03 23:11:25.371 626-28020/? I/GlLayer: destroy = com.sec.samsung.gallery.glview.composeView.GlComposeAlbumView@67cea86, state = 2
09-03 23:11:25.371 626-28020/? D/GlComposeView: setAdapter = com.sec.samsung.gallery.view.adapter.ComposeAlbumSetAdapter@a9a0655, new = null
09-03 23:11:25.371 3633-5551/? D/CustomFrequencyManagerService: releaseDVFSLockLocked : Getting Lock type frm List : DVFS_MIN_LIMIT  frequency : 800000  uid : 1000  pid : 3633  tag : GALLERY_LIST_SCROLL@471
09-03 23:11:25.371 626-626/? I/InjectionManager: dispatchCreateOptionsMenu :com.sec.android.gallery3d.app.GalleryActivity
09-03 23:11:25.371 626-626/? I/InjectionManager: dispatchPrepareOptionsMenu :com.sec.android.gallery3d.app.GalleryActivity
09-03 23:11:25.371 626-28030/? D/CpuBoostScrollCmd: Scroll Boost Release
09-03 23:11:25.371 626-28020/? D/GlRootView: isWideMode : false
09-03 23:11:25.371 626-28020/? I/GlLayer: create = com.sec.samsung.gallery.glview.composeView.GlComposeSplitView@d54201a, state = 0
09-03 23:11:25.371 626-28020/? E/PositionControllerAlbumPhoto: resetAttributes :: mTitleCanvsH : 160 mTitleCanvsW:0
09-03 23:11:25.371 626-28020/? D/GlLayer: setHoverScrollFlexibleHeightMargin264
09-03 23:11:25.371 626-28020/? I/GlLayer: create = com.sec.samsung.gallery.glview.composeView.GlComposeAlbumPhotoView@6ea2ec5, state = 0
09-03 23:11:25.381 626-28020/? E/PositionControllerAlbumPhoto: resetAttributes :: mTitleCanvsH : 128 mTitleCanvsW:0
09-03 23:11:25.381 626-28020/? D/GlLayer: setHoverScrollFlexibleHeightMargin228
09-03 23:11:25.381 626-28020/? D/PhotoSplitViewState: onViewInitialize
09-03 23:11:25.381 626-28020/? D/GlComposeView: setAdapter = null, new = com.sec.samsung.gallery.view.adapter.ComposePhotoViewAlbumSetAdapter@b1c717d
09-03 23:11:25.381 626-28020/? D/ComposeViewDataLoader: applyViewListener = com.sec.samsung.gallery.glview.composeView.GlComposeView$2@95e9872, count = -1, notiCount = -1
09-03 23:11:25.381 626-28020/? D/GlComposeView: onSizeChanged= 13
09-03 23:11:25.381 626-28020/? D/GlComposeView: setAdapter = null, new = com.sec.samsung.gallery.view.adapter.ComposeMediaItemAdapter@9e5d4c3
09-03 23:11:25.381 626-28020/? I/GlLayer: resume = com.sec.samsung.gallery.glview.composeView.GlComposeSplitView@d54201a, state = 1
09-03 23:11:25.381 626-28020/? I/GlRootView: exit replaceLayer
09-03 23:11:25.381 5248-5248/? D/Recents: onTaskStackChanged
09-03 23:11:25.391 3633-4604/? V/BroadcastQueue: [background] Process cur broadcast BroadcastRecord{5a93dd5 u0 com.samsung.android.providers.context.log.action.REPORT_APP_STATUS_SURVEY qIdx=4}, state= (APP_RECEIVE) DELIVERED for app ProcessRecord{5e94ccc 5869:com.samsung.android.providers.context/u0a380}
09-03 23:11:25.401 626-28020/? W/PositionControllerAlbumPhoto: update left albumType : -2
09-03 23:11:25.401 626-28020/? W/PositionControllerAlbumPhoto: update left albumType : -2
09-03 23:11:25.401 626-28020/? W/PositionControllerAlbumPhoto: update left albumType : -2
09-03 23:11:25.401 626-28020/? W/PositionControllerAlbumPhoto: update left albumType : -2
09-03 23:11:25.401 626-28070/? E/NFC: isAndroidBeamAllowed - Begin
09-03 23:11:25.401 626-28070/? I/NFC: showMsg is false
09-03 23:11:25.401 626-28020/? W/PositionControllerAlbumPhoto: update left albumType : -2
09-03 23:11:25.411 3633-5622/? D/SecContentProvider: query(), uri = 15 selection = isAndroidBeamAllowed
09-03 23:11:25.411 626-28069/? D/ComposeViewDataLoader: applyViewListener = null, count = 100, notiCount = -1
09-03 23:11:25.411 626-28069/? D/GlComposeView: onSizeChanged= 100
09-03 23:11:25.411 626-28068/? D/ComposeViewDataLoader: loadCoveritems count =0, updS = 7, updE = 0
09-03 23:11:25.411 626-28069/? D/GlComposeView: onContentChanged=0,end=39
09-03 23:11:25.421 626-28020/? D/GlComposePhotoView: updateSize = 100
09-03 23:11:25.421 626-626/? D/PhotoViewEventHandle: onAlbumClick: 4-th album selected
09-03 23:11:25.431 626-626/? I/InjectionManager: dispatchCreateOptionsMenu :com.sec.android.gallery3d.app.GalleryActivity
09-03 23:11:25.431 626-626/? I/InjectionManager: dispatchPrepareOptionsMenu :com.sec.android.gallery3d.app.GalleryActivity
09-03 23:11:25.441 3093-3624/? I/APM::AudioPolicyManager: stopOutput() output 4, stream 1, session 1207
09-03 23:11:25.471 626-626/? D/PhotoViewEventHandle: onAlbumClick: 4-th album selected
09-03 23:11:25.501 5169-5363/? D/NetworkController.MobileSignalController(0/4): onSignalStrengthsChanged signalStrength=SignalStrength: 99 99 -120 -160 -120 -1 -1 17 -108 -9 124 -1 2147483647 0x2000 gsm|lte level=2
09-03 23:11:25.501 5169-5363/? D/NetworkController.MobileSignalController(0/4): getMobileIconGroup(): 13
09-03 23:11:25.501 5169-5363/? D/NetworkController.MobileSignalController(0/4): updateCMCCMobileIconGroup(): 13
09-03 23:11:26.351 3633-4941/? D/ConnectivityService: returning getNetworkInfo for network type 0 : [type: MOBILE[] - MOBILE, state: DISCONNECTED/DISCONNECTED, reason: (unspecified), extra: (none), roaming: false, failover: false, isAvailable: true]
09-03 23:11:26.351 3633-5126/? D/ConnectivityService: returning getNetworkInfo for network type 1 : [type: WIFI[] - WIFI, state: CONNECTED/CONNECTED, reason: (unspecified), extra: "HOME-E0A8", roaming: false, failover: false, isAvailable: true]
09-03 23:11:26.681 5169-5363/? D/NetworkController.MobileSignalController(0/4): onSignalStrengthsChanged signalStrength=SignalStrength: 99 99 -120 -160 -120 -1 -1 18 -108 -13 66 -1 2147483647 0x2000 gsm|lte level=2
09-03 23:11:26.681 5169-5363/? D/NetworkController.MobileSignalController(0/4): getMobileIconGroup(): 13
09-03 23:11:26.681 5169-5363/? D/NetworkController.MobileSignalController(0/4): updateCMCCMobileIconGroup(): 13
09-03 23:11:26.871 16838-28039/? V/AllShare(ASF_DMC): [CP_DISCOVERY] RescanTimerExpiredCallBack: 310: Creating new thread for invalid device removal. timer_id: 2
09-03 23:11:26.871 16838-28039/? V/AllShare(ASF_DMC): [CP_DISCOVERY] RescanTimerExpiredCallBack: 310: Creating new thread for invalid device removal. timer_id: 3
09-03 23:11:27.861 3633-5273/? D/ConnectivityService: returning getNetworkInfo for network type 0 : [type: MOBILE[] - MOBILE, state: DISCONNECTED/DISCONNECTED, reason: (unspecified), extra: (none), roaming: false, failover: false, isAvailable: true]
09-03 23:11:27.861 3633-5551/? D/ConnectivityService: returning getNetworkInfo for network type 1 : [type: WIFI[] - WIFI, state: CONNECTED/CONNECTED, reason: (unspecified), extra: "HOME-E0A8", roaming: false, failover: false, isAvailable: true]
09-03 23:11:27.871 3633-4468/? D/InputReader: Input event(3): value=1 when=154324971886000
09-03 23:11:27.871 3633-4468/? D/InputReader: Input event(3): value=1 when=154324971886000
09-03 23:11:27.871 3633-4468/? I/InputReader: Touch event's action is 0x0 (deviceType=0) [pCnt=1, s=0.11969 ] when=154324971886000
09-03 23:11:27.871 3633-4468/? D/InputReader: lastThreadEndTime = 154322436101377, currentThreadStartTime = 154322436104086, diff = 0
09-03 23:11:27.871 3633-4467/? I/InputDispatcher: Delivering touch to (19026): action: 0x4, toolType: 1
09-03 23:11:27.871 3633-4467/? I/InputDispatcher: Delivering touch to (626): action: 0x0, toolType: 1
09-03 23:11:27.871 19026-19026/? D/AutoHideHelper: ###check Single invalid
09-03 23:11:27.871 626-626/? D/ViewRootImpl: ViewPostImeInputStage processPointer 0
09-03 23:11:27.871 3633-5549/? D/CustomFrequencyManagerService: acquireDVFSLockLocked : type : DVFS_MIN_LIMIT  frequency : 800000  uid : 1000  pid : 3633  pkgName : GALLERY_LIST_SCROLL@471
09-03 23:11:27.871 626-28030/? D/CpuBoostScrollCmd: Scroll Boost CPU Clock
09-03 23:11:27.881 626-28020/? D/GlHoverController: onMessage msg = 3
09-03 23:11:27.881 626-28020/? D/GlHoverController: removeHoverView removed message = 0
09-03 23:11:27.941 3633-4468/? D/InputReader: Input event(3): value=0 when=154325041125000
09-03 23:11:27.941 3633-4468/? D/InputReader: Input event(3): value=0 when=154325041125000
09-03 23:11:27.941 3633-4468/? I/InputReader: Touch event's action is 0x1 (deviceType=0) [pCnt=1, s=] when=154325041125000
09-03 23:11:27.941 3633-4467/? I/InputDispatcher: Delivering touch to (626): action: 0x1, toolType: 1
09-03 23:11:27.941 626-626/? D/ViewRootImpl: ViewPostImeInputStage processPointer 1
09-03 23:11:27.941 3633-5127/? V/AudioService: AudioService playSoundEffect Type : 10, volume : -1.0
09-03 23:11:27.941 3633-4960/? V/AudioService: received MSG_PLAY_SOUND_EFFECT onPlaySoundEffect start
09-03 23:11:27.941 3093-3749/? I/APM::AudioPolicyManager: getSituationVolume: isBTConnected:0 isHeadConnected:0
09-03 23:11:27.941 3093-6337/? W/AudioPolicyIntefaceImpl: Skipped to add effects on session 1208
09-03 23:11:27.941 3093-6337/? I/APM::AudioPolicyManager: startOutput() output 4, stream 1, session 1208
09-03 23:11:27.941 3633-5550/? D/InputDispatcher: Focused application set to: xxxx
09-03 23:11:27.951 626-626/? I/Gallery_Performance: Gallery onPause Start
09-03 23:11:27.951 3633-4941/? D/CustomFrequencyManagerService: releaseDVFSLockLocked : Getting Lock type frm List : DVFS_MIN_LIMIT  frequency : 800000  uid : 1000  pid : 3633  tag : GALLERY_LIST_SCROLL@471
09-03 23:11:27.951 626-28030/? D/CpuBoostScrollCmd: Scroll Boost Release
09-03 23:11:27.951 3071-3297/? D/libEGL: eglTerminate EGLDisplay = 0x7f82840e78
09-03 23:11:27.951 3071-3071/? D/libEGL: eglTerminate EGLDisplay = 0x7ffb5b68d8
09-03 23:11:27.951 3093-3727/? D/audio_hw_primary: out_set_parameters: enter: kvpairs: routing=2
09-03 23:11:27.951 3093-3727/? I/audio_hw_primary: out_set_parameters adev->out_device:2
09-03 23:11:27.951 3093-3727/? I/audio_hw_primary: is_voice_wakeup : ret =  1  , wakeup_baby_cry_enabled = 0  ,  wakeup_mic_enabled = 1 
09-03 23:11:27.951 3093-3727/? I/audio_hw_primary: get_scenario : scenario_type = 36
09-03 23:11:27.951 3093-3727/? I/audio_hw_primary: get_input_snd_device_id device:0xc
09-03 23:11:27.951 3093-3727/? V/audio_hw_primary: select_devices output_scenario:0 input_scenario:36 out_snd_device 0x2 in_snd_device:0xc
09-03 23:11:27.951 3093-3727/? I/audio_hw_primary: select_devices - do not update mixer_path
09-03 23:11:27.951 3093-3727/? D/AudioFlinger: setCurDevice() 0x2
09-03 23:11:27.951 626-28020/? D/libEGL: eglTerminate EGLDisplay = 0x7f8747ee28
09-03 23:11:27.951 626-626/? D/GlRootView: onPause mGlActive = true
09-03 23:11:27.951 626-626/? I/GlLayer: pause = com.sec.samsung.gallery.glview.composeView.GlComposeAlbumPhotoView@6ea2ec5, state = 1
09-03 23:11:27.951 626-626/? I/Gallery_Performance: PostGalleryCmd pause() START 
09-03 23:11:27.951 626-626/? I/Gallery_Performance: PostGalleryCmd pause() END
09-03 23:11:27.951 626-626/? I/Gallery_Performance: Gallery onPause End
09-03 23:11:27.961 3633-4604/? D/CustomFrequencyManagerService: acquireDVFSLockLocked : type : DVFS_MIN_LIMIT  frequency : 1800000  uid : 1000  pid : 3633  pkgName : ACTIVITY_RESUME_BOOSTER@3
09-03 23:11:27.961 3633-4604/? D/ActivityManager: mDVFSHelper.acquire()
09-03 23:11:27.961 3633-4604/? D/ActivityManager:  Launching com.sh1r0.caffe_android_demo, updated priority
09-03 23:11:27.971 3633-3633/? D/GameManagerService: NotifyRunnable. pkg: com.sh1r0.caffe_android_demo, type: 4, isMinimized: false, isTunableApp: false
09-03 23:11:27.971 3633-3649/? D/InputDispatcher: Focus left window: 626
09-03 23:11:27.971 3633-3712/? D/PointerIcon: setMouseIconStyle1 pointerType: 1001 iconType:101 flag:0 pid:3633 uid:1000
09-03 23:11:27.971 3633-3712/? D/PointerIcon: setMouseCustomIcon IconType is same.101
09-03 23:11:27.981 3633-3707/? W/ContextImpl: Calling a method in the system process without a qualified user: android.app.ContextImpl.sendBroadcast:830 com.android.server.policy.PhoneWindowManager.notifyToSSRM:8645 com.android.server.policy.PhoneWindowManager.access$1500:307 com.android.server.policy.PhoneWindowManager$PolicyHandler.handleMessage:1206 android.os.Handler.dispatchMessage:102 
09-03 23:11:27.991 27424-27424/? D/MainActivity: /storage/emulated/0/DCIM/Camera/test/Dinosaur/495.jpg
09-03 23:11:27.991 27424-27424/? D/MainActivity: 256
09-03 23:11:27.991 27424-27424/? D/MainActivity: 384
09-03 23:11:28.001 27424-27424/? D/ViewRootImpl: #1 mView = com.android.internal.policy.PhoneWindow$DecorView{5c39738 V.E...... R.....I. 0,0-0,0}
09-03 23:11:28.001 3633-5549/? D/ISSUE_DEBUG: InputChannelName : 4294db Predicting...
09-03 23:11:28.001 3633-3707/? D/StatusBarManagerService: manageDisableList userId=0 what=0x0 pkg=Window{4294db u0 d0 Predicting...}
09-03 23:11:28.001 3633-5549/? D/InputDispatcher: Focus entered window: 27424
09-03 23:11:28.001 3633-3712/? D/PointerIcon: setMouseIconStyle1 pointerType: 1001 iconType:101 flag:0 pid:3633 uid:1000
09-03 23:11:28.001 3633-3712/? D/PointerIcon: setMouseCustomIcon IconType is same.101
09-03 23:11:28.001 3633-5622/? D/ActivityManager: post active user change for 0 fullscreen true isFloatingActivity() false isHomeActivity() false
09-03 23:11:28.001 3633-5622/? D/KnoxTimeoutHandler: postActiveUserChange [MsgParam] userId: 0 fullscreen is true showWhenlocked is false
09-03 23:11:28.001 3633-3633/? D/KnoxTimeoutHandler: handleActiveUserChange [MsgParam] userId: 0 fullscreen is true showWhenlocked is false
09-03 23:11:28.001 3633-3633/? I/KnoxTimeoutHandler: Shared devices show user statefalse
09-03 23:11:28.001 5169-5169/? D/PhoneStatusBar: setSystemUiVisibility vis=8000 mask=ffffffff oldVal=8600 newVal=8000 diff=600
09-03 23:11:28.011 3071-3071/? I/SurfaceFlinger: id=3460 createSurf (1x1),1 flag=4, 
09-03 23:11:28.021 27424-27446/? D/mali_winsys: new_window_surface returns 0x3000,  [1336x648]-format:1
09-03 23:11:28.031 3071-3071/? I/SurfaceFlinger: id=3461 createSurf (1440x2560),1 flag=404, NainActivit
09-03 23:11:28.031 27424-27446/? D/mali_winsys: new_window_surface returns 0x3000,  [1440x2560]-format:1
09-03 23:11:28.041 3093-3624/? I/APM::AudioPolicyManager: stopOutput() output 4, stream 1, session 1208
09-03 23:11:28.051 27424-27424/? W/ActivityThread: AppLock checkAppLockState isAppLocked = false pkgName = com.sh1r0.caffe_android_demo showWhenLocked = false
09-03 23:11:28.051 27424-27424/? W/DisplayListCanvas: DisplayListCanvas is started on unbinded RenderNode (without mOwningView)
09-03 23:11:28.051 3633-5842/? V/WindowStateAnimator: Finishing drawing window Window{4294db u0 d0 Predicting...}: mDrawState=DRAW_PENDING
09-03 23:11:28.061 3633-5549/? V/WindowStateAnimator: Finishing drawing window Window{62cf0c4 u0 d0 com.sh1r0.caffe_android_demo/com.sh1r0.caffe_android_demo.MainActivity}: mDrawState=DRAW_PENDING
09-03 23:11:28.061 27424-27424/? D/ViewRootImpl: MSG_RESIZED_REPORT: ci=Rect(0, 0 - 0, 0) vi=Rect(0, 0 - 0, 0) or=1
09-03 23:11:28.071 3071-3071/? D/libEGL: eglInitialize EGLDisplay = 0x7ffb5b6848
09-03 23:11:28.071 3071-3071/? D/libEGL: eglInitialize EGLDisplay = 0x7ffb5b6848
09-03 23:11:28.071 3633-3712/? D/KnoxTimeoutHandler: notifyActivityDrawn [MsgParam] userId: 0 fullscreen is true showWhenlocked is false
09-03 23:11:28.071 3633-3707/? D/StatusBarManagerService: manageDisableList userId=0 what=0x0 pkg=Window{4294db u0 d0 Predicting...}
09-03 23:11:28.071 3633-3712/? I/ActivityManager: Displayed com.sh1r0.caffe_android_demo/.MainActivity: +112ms
09-03 23:11:28.071 3633-3633/? D/KnoxTimeoutHandler: activityDrawn [MsgParam] userId: 0 fullscreen is true showWhenlocked is false
09-03 23:11:28.071 5169-5169/? D/PhoneStatusBar: setSystemUiVisibility vis=0 mask=ffffffff oldVal=8000 newVal=0 diff=8000
09-03 23:11:28.081 3633-3633/? I/KnoxTimeoutHandler: SD activityfalse
09-03 23:11:28.081 3633-5254/? V/WindowStateAnimator: Finishing drawing window Window{4294db u0 d0 Predicting...}: mDrawState=HAS_DRAWN
09-03 23:11:28.081 27424-27424/? D/ViewRootImpl: MSG_RESIZED: ci=Rect(0, 0 - 0, 0) vi=Rect(0, 0 - 0, 0) or=1
09-03 23:11:28.081 3071-3071/? D/libEGL: eglInitialize EGLDisplay = 0x7ffb5b6848
09-03 23:11:28.091 19026-19026/? D/ViewRootImpl: MSG_RESIZED: ci=Rect(0, 0 - 0, 0) vi=Rect(0, 0 - 0, 0) or=1
09-03 23:11:28.091 27424-27424/? I/Timeline: Timeline: Activity_idle id: android.os.BinderProxy@9491856 time:154325191
09-03 23:11:28.091 626-626/? I/GlRootView: surfaceDestroyed, type = 1
09-03 23:11:28.091 626-626/? I/GlRootView: enter replaceLayer = com.sec.samsung.gallery.glview.composeView.GlComposeSplitView@d54201a, new = null, type = 1
09-03 23:11:28.091 626-626/? I/GlLayer: pause = com.sec.samsung.gallery.glview.composeView.GlComposeSplitView@d54201a, state = 1
09-03 23:11:28.091 626-626/? I/GlLayer: pause = com.sec.samsung.gallery.glview.composeView.GlComposeAlbumPhotoView@6ea2ec5, state = 2
09-03 23:11:28.091 626-626/? I/GlLayer: destroy = com.sec.samsung.gallery.glview.composeView.GlComposeSplitView@d54201a, state = 2
09-03 23:11:28.091 626-626/? I/GlLayer: destroy = com.sec.samsung.gallery.glview.composeView.GlComposeAlbumPhotoView@6ea2ec5, state = 2
09-03 23:11:28.091 626-626/? D/GlComposeView: setAdapter = com.sec.samsung.gallery.view.adapter.ComposeMediaItemAdapter@9e5d4c3, new = null
09-03 23:11:28.091 626-626/? D/GlComposeView: setAdapter = com.sec.samsung.gallery.view.adapter.ComposePhotoViewAlbumSetAdapter@b1c717d, new = null
09-03 23:11:28.091 626-626/? I/GlRootView: exit replaceLayer
09-03 23:11:28.091 626-626/? I/GlRootView: finalizeView layer = null, content = null, GlAvala, type = 1
09-03 23:11:28.101 3071-4514/? D/libEGL: eglTerminate EGLDisplay = 0x7f7db7ee78
09-03 23:11:28.101 3071-4514/? D/libEGL: eglTerminate EGLDisplay = 0x7f7db7ee78
09-03 23:11:28.111 3633-7848/? D/ConnectivityService: returning getNetworkInfo for network type 1 : [type: WIFI[] - WIFI, state: CONNECTED/CONNECTED, reason: (unspecified), extra: "HOME-E0A8", roaming: false, failover: false, isAvailable: true]
09-03 23:11:28.131 3633-4954/? D/ConnectivityService: updateCapabilities: oldCap = [ Transports: WIFI Capabilities: INTERNET&NOT_RESTRICTED&TRUSTED&NOT_VPN&VALIDATED LinkUpBandwidth>=1048576Kbps LinkDnBandwidth>=1048576Kbps SignalStrength: -64], newCap = [ Transports: WIFI Capabilities: INTERNET&NOT_RESTRICTED&TRUSTED&NOT_VPN LinkUpBandwidth>=1048576Kbps LinkDnBandwidth>=1048576Kbps SignalStrength: -56]
09-03 23:11:28.131 3633-4954/? D/ConnectivityService: rematching NetworkAgentInfo [WIFI () - 613]
09-03 23:11:28.131 3633-4954/? D/ConnectivityService:  network has: NetworkAgentInfo{ ni{[type: WIFI[] - WIFI, state: CONNECTED/CONNECTED, reason: (unspecified), extra: "HOME-E0A8", roaming: false, failover: false, isAvailable: true]}  network{613}  lp{{InterfaceName: wlan0 LinkAddresses: [fe80::fedb:b3ff:fee7:4a45/64,2601:644:401:84e2:fedb:b3ff:fee7:4a45/64,2601:644:401:84e2:1437:b80f:db2e:8189/64,10.0.0.4/24,]  Routes: [fe80::/64 -> :: wlan0,::/0 -> fe80::4632:c8ff:fecc:e0a7 wlan0,2601:644:401:84e2::/64 -> :: wlan0,10.0.0.0/24 -> 0.0.0.0 wlan0,0.0.0.0/0 -> 10.0.0.1 wlan0,] DnsAddresses: [2001:558:feed::1,2001:558:feed::2,75.75.75.75,75.75.76.76,] Domains:  MTU: 0 TcpBufferSizes: 524288,1048576,4525824,524288,1048576,4525824}}  nc{[ Transports: WIFI Capabilities: INTERNET&NOT_RESTRICTED&TRUSTED&NOT_VPN&VALIDATED LinkUpBandwidth>=1048576Kbps LinkDnBandwidth>=1048576Kbps SignalStrength: -56]}  Score{60}  everValidated{true}  lastValidated{true}  created{true} lingering{false} explicitlySelected{false} acceptUnvalidated{false} everCaptivePortalDetected{false} lastCaptivePortalDetected{false} }
09-03 23:11:28.131 3633-4954/? D/ConnectivityService: Network NetworkAgentInfo [WIFI () - 613] was already satisfying request 1. No change.
09-03 23:11:28.131 5169-5363/? D/NetworkController: onReceive: intent=Intent { act=android.net.wifi.RSSI_CHANGED flg=0x4000010 bqHint=4 (has extras) }
09-03 23:11:28.131 3633-4954/? D/ConnectivityService:   checking if request is: NetworkRequest [ id=3, legacyType=-1, [ Capabilities: NOT_RESTRICTED&TRUSTED&NOT_VPN] ] satisfies: true nri.isRequest: false
09-03 23:11:28.131 3633-4954/? D/ConnectivityService:   checking if request is: NetworkRequest [ id=183, legacyType=-1, [ Capabilities: INTERNET&NOT_RESTRICTED&TRUSTED&NOT_VPN] ] satisfies: true nri.isRequest: false
09-03 23:11:28.131 3633-4954/? D/ConnectivityService:   checking if request is: NetworkRequest [ id=184, legacyType=-1, [ Capabilities: INTERNET&NOT_RESTRICTED&TRUSTED&NOT_VPN] ] satisfies: true nri.isRequest: false
09-03 23:11:28.131 3633-4954/? D/ConnectivityService:   checking if request is: NetworkRequest [ id=5, legacyType=-1, [ Transports: CELLULAR Capabilities: INTERNET&NOT_RESTRICTED&TRUSTED&NOT_VPN] ] satisfies: false nri.isRequest: false
09-03 23:11:28.131 3633-4954/? D/ConnectivityService:   checking if request is: NetworkRequest [ id=4, legacyType=-1, [] ] satisfies: true nri.isRequest: false
09-03 23:11:28.131 3633-4954/? D/ConnectivityService:   checking if request is: NetworkRequest [ id=6, legacyType=-1, [ Transports: WIFI Capabilities: INTERNET&NOT_RESTRICTED&TRUSTED&NOT_VPN] ] satisfies: true nri.isRequest: false
09-03 23:11:28.131 3633-4954/? D/ConnectivityService: notifyType CAP_CHANGED for NetworkAgentInfo [WIFI () - 613]
09-03 23:11:28.131 3633-4954/? D/ConnectivityService:  sending notification for NetworkRequest [ id=1, legacyType=-1, [ Capabilities: INTERNET&NOT_RESTRICTED&TRUSTED&NOT_VPN] ]
09-03 23:11:28.131 3633-4954/? D/ConnectivityService:  sending notification for NetworkRequest [ id=3, legacyType=-1, [ Capabilities: NOT_RESTRICTED&TRUSTED&NOT_VPN] ]
09-03 23:11:28.131 3633-4954/? D/ConnectivityService: sending notification CAP_CHANGED for NetworkRequest [ id=3, legacyType=-1, [ Capabilities: NOT_RESTRICTED&TRUSTED&NOT_VPN] ]
09-03 23:11:28.131 3633-4954/? D/ConnectivityService:  sending notification for NetworkRequest [ id=4, legacyType=-1, [] ]
09-03 23:11:28.131 3633-4954/? D/ConnectivityService: sending notification CAP_CHANGED for NetworkRequest [ id=4, legacyType=-1, [] ]
09-03 23:11:28.131 3633-4954/? D/ConnectivityService:  sending notification for NetworkRequest [ id=6, legacyType=-1, [ Transports: WIFI Capabilities: INTERNET&NOT_RESTRICTED&TRUSTED&NOT_VPN] ]
09-03 23:11:28.131 3633-4954/? D/ConnectivityService: sending notification CAP_CHANGED for NetworkRequest [ id=6, legacyType=-1, [ Transports: WIFI Capabilities: INTERNET&NOT_RESTRICTED&TRUSTED&NOT_VPN] ]
09-03 23:11:28.131 3633-4954/? D/ConnectivityService:  sending notification for NetworkRequest [ id=183, legacyType=-1, [ Capabilities: INTERNET&NOT_RESTRICTED&TRUSTED&NOT_VPN] ]
09-03 23:11:28.141 3633-4954/? D/ConnectivityService: sending notification CAP_CHANGED for NetworkRequest [ id=183, legacyType=-1, [ Capabilities: INTERNET&NOT_RESTRICTED&TRUSTED&NOT_VPN] ]
09-03 23:11:28.141 3633-4954/? D/ConnectivityService:  sending notification for NetworkRequest [ id=184, legacyType=-1, [ Capabilities: INTERNET&NOT_RESTRICTED&TRUSTED&NOT_VPN] ]
09-03 23:11:28.141 3633-4954/? D/ConnectivityService: sending notification CAP_CHANGED for NetworkRequest [ id=184, legacyType=-1, [ Capabilities: INTERNET&NOT_RESTRICTED&TRUSTED&NOT_VPN] ]
09-03 23:11:28.161 5169-5169/? D/QSTileView: handleLabelStateChanged() label = WLAN cellWidth 272
09-03 23:11:28.321 3633-3712/? D/CustomFrequencyManagerService: releaseDVFSLockLocked : Getting Lock type frm List : DVFS_MIN_LIMIT  frequency : 1800000  uid : 1000  pid : 3633  tag : ACTIVITY_RESUME_BOOSTER@3
09-03 23:11:28.321 3633-3712/? D/ActivityManager: mDVFSHelper.release()
09-03 23:11:28.321 3633-3712/? I/Timeline: Timeline: Activity_windows_visible id: ActivityRecord{1e900b8 u0 com.sh1r0.caffe_android_demo/.MainActivity t13367} time:154325427
09-03 23:11:28.321 3071-3297/? I/SurfaceFlinger: id=3458 Removed HalleryActi (8/11)
09-03 23:11:28.321 3071-4514/? I/SurfaceFlinger: id=3458 Removed HalleryActi (-2/11)
09-03 23:11:28.321 3071-4573/? I/SurfaceFlinger: id=3459 Removed TurfaceView (7/10)
09-03 23:11:28.331 3071-4605/? I/SurfaceFlinger: id=3459 Removed TurfaceView (-2/10)
09-03 23:11:28.331 626-626/? I/Gallery_Performance: Gallery onDestroy Start
09-03 23:11:28.341 626-626/? D/GalleryActivityLifecycleCallback: destroyed : count 0
09-03 23:11:28.341 626-626/? I/NearbyUtils: stop nearby framework
09-03 23:11:28.341 3071-3071/? D/libEGL: eglTerminate EGLDisplay = 0x7ffb5b6978
09-03 23:11:28.341 626-626/? E/NearbyClient: stop player called
09-03 23:11:28.341 3071-3071/? D/libEGL: eglTerminate EGLDisplay = 0x7ffb5b6948
09-03 23:11:28.341 626-626/? E/NearbyClient: mViewer is null 
09-03 23:11:28.341 626-626/? E/NearbyClient: handleScreenSharingNotify: currDevice is null 
09-03 23:11:28.341 16838-17249/? W/AllShare(ASF-DMC): SubscriberManager.existGlobalEventSubscription - com.sec.android.allshare.event.EVENT_IMAGE_VIEWER_DISCOVERY not subscribed to android.os.Messenger@f12757d
09-03 23:11:28.341 3633-3712/? D/KnoxTimeoutHandler: notifyActivityDrawn [MsgParam] userId: 0 fullscreen is true showWhenlocked is false
09-03 23:11:28.341 3633-4944/? D/NetworkPolicy: isUidForegroundLocked: 10044, mScreenOn: true, uidstate: 16, mProxSensorScreenOff: false
09-03 23:11:28.341 3633-3633/? D/KnoxTimeoutHandler: activityDrawn [MsgParam] userId: 0 fullscreen is true showWhenlocked is false
09-03 23:11:28.341 3633-4944/? V/NetworkPolicy: getFirewallRuleWifi UID:10044 policy:0
09-03 23:11:28.341 3633-3633/? I/KnoxTimeoutHandler: SD activityfalse
09-03 23:11:28.341 16838-17035/? W/AllShare(ASF-DMC): SubscriberManager.existGlobalEventSubscription - com.sec.android.allshare.event.EVENT_PROVIDER_DISCOVERY not subscribed to android.os.Messenger@f12757d
09-03 23:11:28.351 3633-3706/? D/CustomFrequencyManagerService: acquireDVFSLockLocked : type : DVFS_MIN_LIMIT  frequency : 1800000  uid : 1000  pid : 3633  pkgName : ACTIVITY_RESUME_BOOSTER@9
09-03 23:11:28.351 626-626/? I/AllShare(ASF-API): L-d140909 / AllShareConnector.Subscriber onServiceDisconnected from gallery3d
09-03 23:11:28.351 626-626/? D/AllShare(ASF-API): L-d140909 / AllShareConnector.onDisconnected from gallery3d
09-03 23:11:28.351 16838-16838/? D/AllShare(ASF-DMC): ServiceManager.onUnbind - [ TRACE ] onUnbind
09-03 23:11:28.351 16838-16838/? D/AllShare(ASF-DMC): ServiceManager.unbindServiceManager - unbind method executed....  ACTION            : com.samsung.android.allshare.service.mediashare.SUBSCRIBE_SERVICE
09-03 23:11:28.351 626-626/? I/NearbyClient: ServiceProvider Deleted
09-03 23:11:28.351 626-626/? D/AllShare(ASF-API): L-d140909 / AllShareConnector.before destroyInstance, mConnecting=false
09-03 23:11:28.351 3071-3071/? D/libEGL: eglInitialize EGLDisplay = 0x7ffb5b6848
09-03 23:11:28.361 626-626/? D/AllShare(ASF-API): L-d140909 / AllShareConnector.after destroyInstance, mConnecting=false
09-03 23:11:28.361 626-626/? D/NearbyUtils: clear nearby caches
09-03 23:11:28.361 626-626/? V/StateManager: destroy
09-03 23:11:28.371 626-626/? I/Gallery_Performance: AlbumViewState onDestroy Start
09-03 23:11:28.371 626-626/? I/Gallery_Performance: AlbumViewState onDestroy Start
09-03 23:11:28.371 626-626/? I/Gallery_Performance: PostGalleryCmd destroy() START 
09-03 23:11:28.371 626-626/? I/Gallery_Performance: PostGalleryCmd destroy() END
09-03 23:11:28.371 626-626/? I/Gallery_Performance: Gallery onDestroy End
09-03 23:11:28.381 626-626/? D/MultiPhoneWindow: performUpdateVisibility, same visibility false
09-03 23:11:28.381 626-626/? D/ViewRootImpl: #3 mView = null
09-03 23:11:28.651 3633-3633/? D/CustomFrequencyManagerService: releaseDVFSLockLocked : Getting Lock type frm List : DVFS_MIN_LIMIT  frequency : 1800000  uid : 1000  pid : 3633  tag : ACTIVITY_RESUME_BOOSTER@9
09-03 23:11:28.861 27424-28076/? I/caffe_jni: I0903 23:11:28.873402 28076 caffe_mobile.cpp:211] Forwarding time: 3483.53 ms.
09-03 23:11:28.861 27424-27424/? I/MainActivity: elapsed wall time: 858 ms
09-03 23:11:28.891 3071-3297/? D/libEGL: eglTerminate EGLDisplay = 0x7f82840e78
09-03 23:11:28.891 3071-3297/? D/libEGL: eglTerminate EGLDisplay = 0x7f82840e78
09-03 23:11:28.891 27424-27424/? D/ViewRootImpl: #3 mView = null
09-03 23:11:28.891 3633-5127/? D/InputDispatcher: Focus left window: 27424
09-03 23:11:28.891 3633-5127/? D/InputDispatcher: Focus entered window: 27424
09-03 23:11:28.891 3633-3712/? D/PointerIcon: setMouseIconStyle1 pointerType: 1001 iconType:101 flag:0 pid:3633 uid:1000
09-03 23:11:28.891 3633-3712/? D/PointerIcon: setMouseCustomIcon IconType is same.101
09-03 23:11:28.901 3633-5550/? D/InputMethodManagerService: windowGainedFocus mCurrentFocusedUserId - 0 and mSecureKeypadEnabled-false
09-03 23:11:28.901 27424-27424/? E/ViewRootImpl: sendUserActionEvent() mView == null
09-03 23:11:28.901 6395-6395/? D/SamsungIME: IMPL finishInput
09-03 23:11:28.901 6395-6395/? D/RMHelper: SamsungIME : RMisReady() : client is null
09-03 23:11:28.901 6395-6395/? D/RMHelper: SamsungIME : RMisReady() : client is null
09-03 23:11:28.901 6395-6395/? D/RMHelper: RMHelper : initHelper()
09-03 23:11:28.901 6395-6395/? E/ActivityThread: Failed to find provider info for com.sec.android.inputmethod.resourcemanager
09-03 23:11:28.901 6395-6395/? D/RMHelper: SamsungIME : initHelper() : client is null
09-03 23:11:28.901 6395-6395/? D/RMHelper: SamsungIME : RMisReady() : client is null
09-03 23:11:28.901 6395-6395/? D/RMHelper: SamsungIME : RMisReady() : client is null
09-03 23:11:28.901 6395-6395/? D/RMHelper: RMHelper : initHelper()
09-03 23:11:28.901 6395-6395/? D/RMHelper: SamsungIME : initHelper() : client is null
09-03 23:11:28.901 6395-6395/? E/ActivityThread: Failed to find provider info for com.sec.android.inputmethod.resourcemanager
09-03 23:11:28.901 6395-6395/? D/RMHelper: SamsungIME : RMisReady() : client is null
09-03 23:11:28.901 6395-6395/? D/RMHelper: SamsungIME : RMisReady() : client is null
09-03 23:11:28.901 6395-6395/? D/RMHelper: RMHelper : initHelper()
09-03 23:11:28.901 6395-6395/? E/ActivityThread: Failed to find provider info for com.sec.android.inputmethod.resourcemanager
09-03 23:11:28.901 6395-6395/? D/RMHelper: SamsungIME : initHelper() : client is null
09-03 23:11:28.901 6395-6395/? D/SamsungIME: onStartInput: No inputType, No imeOption, isInputViewShown = false, isExtractViewShown = false, isShowInputRequested = false, isConfigChanged = false
09-03 23:11:28.911 3071-3071/? D/libEGL: eglInitialize EGLDisplay = 0x7ffb5b6848
09-03 23:11:28.911 3633-7848/? D/SSRM:n: SIOP:: AP = 340, PST = 314 (W:10), CP = 238, CUR = -9, LCD = 132
09-03 23:11:28.921 3633-7848/? D/ConnectivityService: returning getNetworkInfo for network type 1 : [type: WIFI[] - WIFI, state: CONNECTED/CONNECTED, reason: (unspecified), extra: "HOME-E0A8", roaming: false, failover: false, isAvailable: true]
09-03 23:11:28.921 3071-3071/? D/libEGL: eglInitialize EGLDisplay = 0x7ffb5b6848
09-03 23:11:28.971 5248-5248/? D/Recents: onTaskStackChanged
09-03 23:11:29.161 3071-4514/? I/SurfaceFlinger: id=3460 Removed  (6/9)
09-03 23:11:29.161 3071-3297/? I/SurfaceFlinger: id=3460 Removed  (-2/9)
09-03 23:11:29.181 3071-3071/? D/libEGL: eglTerminate EGLDisplay = 0x7ffb5b6978
09-03 23:11:29.241 5169-5363/? D/NetworkController.MobileSignalController(0/4): onSignalStrengthsChanged signalStrength=SignalStrength: 99 99 -120 -160 -120 -1 -1 18 -109 -14 -6 -1 2147483647 0x2000 gsm|lte level=2
09-03 23:11:29.241 5169-5363/? D/NetworkController.MobileSignalController(0/4): getMobileIconGroup(): 13
09-03 23:11:29.241 5169-5363/? D/NetworkController.MobileSignalController(0/4): updateCMCCMobileIconGroup(): 13
09-03 23:11:29.361 3633-5842/? D/ConnectivityService: returning getNetworkInfo for network type 0 : [type: MOBILE[] - MOBILE, state: DISCONNECTED/DISCONNECTED, reason: (unspecified), extra: (none), roaming: false, failover: false, isAvailable: true]
09-03 23:11:29.361 3633-5127/? D/ConnectivityService: returning getNetworkInfo for network type 1 : [type: WIFI[] - WIFI, state: CONNECTED/CONNECTED, reason: (unspecified), extra: "HOME-E0A8", roaming: false, failover: false, isAvailable: true]
09-03 23:11:29.421 3633-4454/? V/AlarmManager: Expired Alarm result :4
09-03 23:11:29.421 3633-5548/? V/AlarmManager:  remove PendingIntent] PendingIntent{1a3219a: PendingIntentRecord{7226b55 com.tencent.mobileqq broadcastIntent}}
09-03 23:11:29.441 7191-7191/? D/MsfAliveMonitor: [E]onEventAlive: service
09-03 23:11:29.441 7191-7191/? D/MsfAliveMonitor: [E]onEventAlive: net
09-03 23:11:29.441 7191-7191/? D/MsfAliveMonitor: [E]onEventAlive: conn
09-03 23:11:29.441 3633-3649/? I/ActivityManager: Killing 18528:com.sec.android.widget.myeventwidget/u0a117 (adj 15): empty for 1800s
