09-03 23:12:01.301 3093-28202/? I/OMXCodec: [OMX.google.vorbis.decoder] allocating 4 buffers of size 32768 on output port
09-03 23:12:01.301 3093-28202/? I/OMXCodec: [OMX.google.vorbis.decoder] End Of Stream
09-03 23:12:01.301 3093-4167/? I/SoundExtractor: extract() reached EOS
09-03 23:12:01.301 3093-4167/? I/OMXCodec: [OMX.google.vorbis.decoder] stop mState=4
09-03 23:12:01.301 3093-4167/? I/OMXCodec: [OMX.google.vorbis.decoder] stop() sendCommand(2967, OMX_CommandStateSet, OMX_StateIdle)
09-03 23:12:01.301 3093-28202/? I/OMXCodec: [OMX.google.vorbis.decoder] Now Idle. Component sends idle done Event 
09-03 23:12:01.301 3093-4167/? I/OMXCodec: [OMX.google.vorbis.decoder] stopOmxComponent_l() mstate = 1
09-03 23:12:01.301 3093-4167/? I/OggExtractor: OggSource::stop() mExtractor ref count = 1
09-03 23:12:01.301 3093-4167/? I/OggExtractor: OggSource::~OggSource() mExtractor !mStarted ref count = 1
09-03 23:12:01.301 3093-4167/? I/OggExtractor: ~OggSource --
09-03 23:12:01.301 3093-4167/? I/OggExtractor: ~OggExtractor ++
09-03 23:12:01.301 3093-4167/? I/OggExtractor: ~MyOggExtractor ++ 
09-03 23:12:01.301 3093-4167/? I/OggExtractor: ~MyOggExtractor --
09-03 23:12:01.301 3093-4167/? I/OggExtractor: ~OggExtractor --
09-03 23:12:01.321 3633-3706/? V/BroadcastQueue: [background] Process cur broadcast BroadcastRecord{2f15844 u0 com.samsung.android.providers.context.log.action.USE_APP_FEATURE_SURVEY qIdx=4}, state= (APP_RECEIVE) DELIVERED for app ProcessRecord{5e94ccc 5869:com.samsung.android.providers.context/u0a380}
09-03 23:12:01.331 3093-3727/? V/audio_hw_primary: select_devices() output_route "media-speaker" 
09-03 23:12:01.331 3093-3727/? I/audio_route: > audio_route_apply_path : "gain-voice_control-mic"
09-03 23:12:01.331 3093-3727/? V/audio_hw_primary: select_devices() input_gain "gain-voice_control-mic" 
09-03 23:12:01.331 3093-3727/? I/audio_route: > audio_route_apply_path : "gain-media-speaker"
09-03 23:12:01.331 3093-3727/? V/audio_hw_primary: select_devices() output_gain "gain-media-speaker" 
09-03 23:12:01.331 3093-3727/? I/audio_route: > audio_route_update_mixer : +
09-03 23:12:01.331 3093-3727/? I/audio_route: > audio_route_update_mixer : changed(0) -
09-03 23:12:01.331 3093-3727/? V/audio_hw_primary: select_devices : set seamless_buf_offset
09-03 23:12:01.331 3093-3727/? I/audio_route: > audio_values_apply_path : "seamless_buf_offset"
09-03 23:12:01.331 3093-3727/? I/audio_hw_primary: select_devices - 
09-03 23:12:01.331 3093-3727/? V/audio_hw_primary: start_output_stream-
09-03 23:12:01.341 626-626/? V/StateManager: startState class com.sec.samsung.gallery.view.albumview.AlbumViewState
09-03 23:12:01.341 626-626/? I/Gallery_Performance: AlbumViewState onCreate Start
09-03 23:12:01.341 626-626/? D/AlbumViewState: onCreate  = null
09-03 23:12:01.341 626-626/? I/Gallery_Performance: AlbumViewState onCreate End
09-03 23:12:01.351 626-626/? V/GalleryActivity: convertFromTranslucent() : config={1 1.0 themeSeq = 0 showBtnBg = 0 310mcc260mnc en_US ldltr sw360dp w360dp h616dp 640dpi nrml long port finger -keyb/v/h -nav/h mkbd/h s.20}
09-03 23:12:01.351 626-626/? I/Gallery_Performance: Gallery onCreate End 
09-03 23:12:01.351 626-626/? D/Activity: performCreate Call Injection manager
09-03 23:12:01.351 27424-27424/? V/ActivityThread: updateVisibility : ActivityRecord{add85af token=android.os.BinderProxy@9491856 {com.sh1r0.caffe_android_demo/com.sh1r0.caffe_android_demo.MainActivity}} show : false
09-03 23:12:01.351 626-626/? I/InjectionManager: dispatchOnViewCreated > Target : com.sec.android.gallery3d.app.GalleryActivity isFragment :false
09-03 23:12:01.351 626-626/? I/VerificationLog: onResume
09-03 23:12:01.351 626-626/? I/Gallery_Performance: Gallery onResume Start
09-03 23:12:01.351 626-626/? I/GLIdleTimerCmd: ADD_GL_IDLE_LISTENER
09-03 23:12:01.361 3633-3706/? V/BroadcastQueue: [background] Process cur broadcast BroadcastRecord{688c986 u0 com.samsung.android.providers.context.log.action.REPORT_APP_STATUS_SURVEY qIdx=4}, state= (APP_RECEIVE) DELIVERED for app ProcessRecord{5e94ccc 5869:com.samsung.android.providers.context/u0a380}
09-03 23:12:01.361 626-626/? I/Gallery_Performance: AlbumViewState onResume Start
09-03 23:12:01.361 626-626/? D/AlbumViewState: onResume
09-03 23:12:01.361 626-626/? I/GLIdleTimerCmd: ADD_GL_IDLE_LISTENER
09-03 23:12:01.361 626-626/? D/GlComposeBaseView: GlComposeBaseView = com.sec.samsung.gallery.glview.composeView.GlComposeAlbumView@61b8287
09-03 23:12:01.361 626-626/? D/GlComposeView: getLogExtra() : no match viewBytFilterType!!!
09-03 23:12:01.361 626-626/? D/GlComposeView: getLogExtra() : no match viewBytFilterType!!!
09-03 23:12:01.361 626-626/? I/GlRootView: attachLayer = null, new = com.sec.samsung.gallery.glview.composeView.GlComposeAlbumView@61b8287, type = 1
09-03 23:12:01.361 626-626/? I/GlRootView: exit attachLayer
09-03 23:12:01.361 626-28204/? D/ComposeViewDataLoader: checkIncreaseAlbumSet start
09-03 23:12:01.361 626-28204/? D/ComposeViewDataLoader: loadSet done old = 0, new = 13
09-03 23:12:01.361 626-28204/? D/ComposeViewDataLoader: loadCoveritems count =3, updS = 0, updE = 2
09-03 23:12:01.371 626-626/? I/Gallery_Performance: AlbumViewState onResume End
09-03 23:12:01.371 626-626/? D/GlRootView: onResume mGlActive = false
09-03 23:12:01.371 626-626/? D/GlRootView: onResume mGlActive = false
09-03 23:12:01.371 626-626/? I/Gallery_Performance: Gallery onResume End 
09-03 23:12:01.371 626-28204/? I/GlRootView: attachLayer = null, new = com.sec.samsung.gallery.glview.composeView.GlComposeAlbumView@61b8287, type = 1
09-03 23:12:01.371 626-626/? I/VerificationLog: Executed
09-03 23:12:01.371 626-28204/? I/GlRootView: exit attachLayer
09-03 23:12:01.371 626-28204/? D/ComposeViewDataLoader: loadCoveritems count =3, updS = 3, updE = 5
09-03 23:12:01.371 3071-4573/? D/libEGL: eglTerminate EGLDisplay = 0x7f7ba7ae78
09-03 23:12:01.371 626-28204/? D/ComposeViewDataLoader: loadCoveritems count =3, updS = 6, updE = 8
09-03 23:12:01.371 3071-4573/? D/libEGL: eglTerminate EGLDisplay = 0x7f7ba7ae78
09-03 23:12:01.371 626-28204/? D/ComposeViewDataLoader: loadCoveritems count =3, updS = 9, updE = 11
09-03 23:12:01.371 626-28204/? D/ComposeViewDataLoader: loadCoveritems count =1, updS = 12, updE = 12
09-03 23:12:01.371 626-28204/? D/ComposeViewDataLoader: loadCoveritems count =0, updS = 12, updE = 0
09-03 23:12:01.371 3633-3706/? V/BroadcastQueue: [background] Process cur broadcast BroadcastRecord{948d247 u0 com.samsung.android.providers.context.log.action.USE_APP_FEATURE_SURVEY qIdx=4}, state= (APP_RECEIVE) DELIVERED for app ProcessRecord{5e94ccc 5869:com.samsung.android.providers.context/u0a380}
09-03 23:12:01.371 626-626/? D/SecWifiDisplayUtil: Metadata value : SecSettings2
09-03 23:12:01.371 626-626/? D/ViewRootImpl: #1 mView = com.android.internal.policy.MultiPhoneWindow$MultiPhoneDecorView{d40f2d9 I.E...... R.....I. 0,0-0,0}
09-03 23:12:01.371 3633-5549/? D/ISSUE_DEBUG: InputChannelName : 270b9d com.sec.android.gallery3d/com.sec.android.gallery3d.app.GalleryActivity
09-03 23:12:01.381 3633-5548/? D/ActivityManager: post active user change for 0 fullscreen true isFloatingActivity() false isHomeActivity() false
09-03 23:12:01.381 3633-5548/? D/KnoxTimeoutHandler: postActiveUserChange [MsgParam] userId: 0 fullscreen is true showWhenlocked is false
09-03 23:12:01.381 3633-3633/? D/KnoxTimeoutHandler: handleActiveUserChange [MsgParam] userId: 0 fullscreen is true showWhenlocked is false
09-03 23:12:01.391 3633-3633/? I/KnoxTimeoutHandler: Shared devices show user statefalse
09-03 23:12:01.391 626-626/? W/ActivityThread: AppLock checkAppLockState isAppLocked = false pkgName = com.sec.android.gallery3d showWhenLocked = false
09-03 23:12:01.391 626-626/? D/MultiPhoneWindow: performUpdateVisibility, same visibility false
09-03 23:12:01.391 3071-3071/? I/SurfaceFlinger: id=3466 createSurf (1x1),1 flag=4, HalleryActi
09-03 23:12:01.391 3633-3707/? D/StatusBarManagerService: manageDisableList userId=0 what=0x0 pkg=Window{270b9d u0 d0 com.sec.android.gallery3d/com.sec.android.gallery3d.app.GalleryActivity}
09-03 23:12:01.391 5169-5169/? D/PhoneStatusBar: setSystemUiVisibility vis=600 mask=ffffffff oldVal=0 newVal=600 diff=600
09-03 23:12:01.411 3633-3649/? D/InputDispatcher: Focus entered window: 626
09-03 23:12:01.411 626-677/? D/mali_winsys: new_window_surface returns 0x3000,  [1440x2560]-format:1
09-03 23:12:01.411 3633-3712/? D/PointerIcon: setMouseIconStyle1 pointerType: 1001 iconType:101 flag:0 pid:3633 uid:1000
09-03 23:12:01.411 3633-3712/? D/PointerIcon: setMouseCustomIcon IconType is same.101
09-03 23:12:01.411 3071-3071/? I/SurfaceFlinger: id=3467 createSurf (1440x2560),3 flag=404, TurfaceView
09-03 23:12:01.421 626-626/? I/GlRootView: surfaceCreated, type = 1
09-03 23:12:01.421 626-626/? I/GlRootView: surfaceChanged, type = 1
09-03 23:12:01.421 626-28203/? D/libEGL: eglInitialize EGLDisplay = 0x7f8747ee28
09-03 23:12:01.421 3633-4941/? V/WindowStateAnimator: Finishing drawing window Window{ecd1155 u0 d0 SurfaceView}: mDrawState=DRAW_PENDING
                                                      
                                                      [ 09-03 23:12:01.421   626:28203 D/         ]
                                                      ro.exynos.dss isEnabled: 0
09-03 23:12:01.421 3093-3624/? I/APM::AudioPolicyManager: stopOutput() output 4, stream 1, session 1214
09-03 23:12:01.421 626-28203/? D/mali_winsys: new_window_surface returns 0x3000,  [1440x2560]-format:1
09-03 23:12:01.421 626-28203/? I/LibGLRootView: onSurfaceCreated = com.google.android.gles_jni.GLImpl@f44e395, rootView type = 1
09-03 23:12:01.421 626-28203/? D/GlRootView: initializeGL = false, force = true, type = 1
09-03 23:12:01.421 626-28203/? I/LibGLRootView: onSurfaceChanged: 1440x2560, gl10: com.google.android.gles_jni.GLImpl@f44e395, rootView type = 1
09-03 23:12:01.421 626-28203/? D/GlRootView: initializeGL = true, force = false, type = 1
09-03 23:12:01.421 626-28203/? I/GlRootView: enter replaceLayer = null, new = com.sec.samsung.gallery.glview.composeView.GlComposeAlbumView@61b8287, type = 1
09-03 23:12:01.421 3633-5549/? V/WindowStateAnimator: Finishing drawing window Window{ecd1155 u0 d0 SurfaceView}: mDrawState=READY_TO_SHOW
09-03 23:12:01.421 626-28203/? D/GlRootView: isWideMode : false
09-03 23:12:01.421 626-28203/? I/GlLayer: create = com.sec.samsung.gallery.glview.composeView.GlComposeAlbumView@61b8287, state = 0
09-03 23:12:01.421 626-626/? W/DisplayListCanvas: DisplayListCanvas is started on unbinded RenderNode (without mOwningView)
09-03 23:12:01.421 3633-7848/? D/ConnectivityService: returning getNetworkInfo for network type 1 : [type: WIFI[] - WIFI, state: CONNECTED/CONNECTED, reason: (unspecified), extra: "HOME-E0A8", roaming: false, failover: false, isAvailable: true]
09-03 23:12:01.421 626-28203/? D/GlLayer: setHoverScrollFlexibleHeightMargin264
09-03 23:12:01.421 626-28203/? D/AlbumViewState: initialzieView = com.sec.samsung.gallery.glview.composeView.GlComposeAlbumView@61b8287
09-03 23:12:01.421 626-28203/? D/GlComposeView: setAdapter = null, new = com.sec.samsung.gallery.view.adapter.ComposeAlbumSetAdapter@7ea7caa
09-03 23:12:01.421 626-28203/? D/ComposeViewDataLoader: applyViewListener = com.sec.samsung.gallery.glview.composeView.GlComposeView$2@64f109b, count = -1, notiCount = -1
09-03 23:12:01.421 626-28203/? D/GlComposeView: onSizeChanged= 13
09-03 23:12:01.421 626-28203/? I/GlLayer: resume = com.sec.samsung.gallery.glview.composeView.GlComposeAlbumView@61b8287, state = 1
09-03 23:12:01.421 626-28203/? I/GlRootView: exit replaceLayer
09-03 23:12:01.421 626-28203/? I/GlRootView: renderLogic is changed : 0 -> 2
09-03 23:12:01.421 626-28203/? I/GlRootView: procSurfaceChanged = 1440, height = 2560, type = 1
09-03 23:12:01.421 626-28203/? D/GlRootView: isWideMode : false
09-03 23:12:01.421 626-28203/? D/GlComposeView: TransAnimation for the root object is stopped by layoutChange
09-03 23:12:01.421 626-28203/? D/GlLayer: setHoverScrollFlexibleHeightMargin264
09-03 23:12:01.431 626-28204/? D/ComposeViewDataLoader: loadCoveritems count =0, updS = 7, updE = 0
09-03 23:12:01.431 3633-7848/? D/ConnectivityService: returning getNetworkInfo for network type 1 : [type: WIFI[] - WIFI, state: CONNECTED/CONNECTED, reason: (unspecified), extra: "HOME-E0A8", roaming: false, failover: false, isAvailable: true]
09-03 23:12:01.431 626-28203/? D/Gallery_Performance: Elapsed time to complete first display : Activity = 140, Application = 3546449
09-03 23:12:01.441 3633-4941/? V/WindowStateAnimator: Finishing drawing window Window{270b9d u0 d0 com.sec.android.gallery3d/com.sec.android.gallery3d.app.GalleryActivity}: mDrawState=DRAW_PENDING
09-03 23:12:01.441 3071-3071/? D/libEGL: eglInitialize EGLDisplay = 0x7ffb5b6848
09-03 23:12:01.441 3071-3071/? D/libEGL: eglInitialize EGLDisplay = 0x7ffb5b6848
09-03 23:12:01.441 626-626/? I/InjectionManager: dispatchCreateOptionsMenu :com.sec.android.gallery3d.app.GalleryActivity
09-03 23:12:01.441 626-626/? I/InjectionManager: dispatchPrepareOptionsMenu :com.sec.android.gallery3d.app.GalleryActivity
09-03 23:12:01.441 626-626/? I/InjectionManager: dispatchPrepareOptionsMenu :com.sec.android.gallery3d.app.GalleryActivity
09-03 23:12:01.441 626-626/? D/ViewRootImpl: MSG_RESIZED_REPORT: ci=Rect(0, 0 - 0, 0) vi=Rect(0, 0 - 0, 0) or=1
09-03 23:12:01.441 3633-5617/? D/InputMethodManagerService: windowGainedFocus mCurrentFocusedUserId - 0 and mSecureKeypadEnabled-false
09-03 23:12:01.451 3633-3712/? D/KnoxTimeoutHandler: notifyActivityDrawn [MsgParam] userId: 0 fullscreen is true showWhenlocked is false
09-03 23:12:01.451 3633-3707/? D/StatusBarManagerService: manageDisableList userId=0 what=0x0 pkg=Window{270b9d u0 d0 com.sec.android.gallery3d/com.sec.android.gallery3d.app.GalleryActivity}
09-03 23:12:01.451 3633-3633/? D/KnoxTimeoutHandler: activityDrawn [MsgParam] userId: 0 fullscreen is true showWhenlocked is false
09-03 23:12:01.451 3633-3712/? D/WindowAnimator: Skip setting animation background if there is an exiting window only.
09-03 23:12:01.451 5169-5169/? D/PhoneStatusBar: setSystemUiVisibility vis=8600 mask=ffffffff oldVal=600 newVal=8600 diff=8000
09-03 23:12:01.451 3633-3712/? I/ActivityManager: Displayed com.sec.android.gallery3d/.app.GalleryActivity: +171ms
09-03 23:12:01.451 3633-3633/? I/KnoxTimeoutHandler: SD activityfalse
09-03 23:12:01.451 3633-3707/? W/ContextImpl: Calling a method in the system process without a qualified user: android.app.ContextImpl.sendBroadcast:830 com.android.server.policy.PhoneWindowManager.notifyToSSRM:8645 com.android.server.policy.PhoneWindowManager.access$1500:307 com.android.server.policy.PhoneWindowManager$PolicyHandler.handleMessage:1206 android.os.Handler.dispatchMessage:102 
09-03 23:12:01.451 6395-6395/? D/SamsungIME: IMPL finishInput
09-03 23:12:01.451 6395-6395/? D/RMHelper: SamsungIME : RMisReady() : client is null
09-03 23:12:01.451 6395-6395/? D/RMHelper: SamsungIME : RMisReady() : client is null
09-03 23:12:01.451 6395-6395/? D/RMHelper: RMHelper : initHelper()
09-03 23:12:01.451 6395-6395/? D/RMHelper: SamsungIME : initHelper() : client is null
09-03 23:12:01.451 6395-6395/? E/ActivityThread: Failed to find provider info for com.sec.android.inputmethod.resourcemanager
09-03 23:12:01.451 6395-6395/? D/RMHelper: SamsungIME : RMisReady() : client is null
09-03 23:12:01.451 6395-6395/? D/RMHelper: SamsungIME : RMisReady() : client is null
09-03 23:12:01.451 6395-6395/? D/RMHelper: RMHelper : initHelper()
09-03 23:12:01.451 6395-6395/? D/RMHelper: SamsungIME : initHelper() : client is null
09-03 23:12:01.451 6395-6395/? E/ActivityThread: Failed to find provider info for com.sec.android.inputmethod.resourcemanager
09-03 23:12:01.451 6395-6395/? D/RMHelper: SamsungIME : RMisReady() : client is null
09-03 23:12:01.451 6395-6395/? D/RMHelper: SamsungIME : RMisReady() : client is null
09-03 23:12:01.451 6395-6395/? D/RMHelper: RMHelper : initHelper()
09-03 23:12:01.451 6395-6395/? E/ActivityThread: Failed to find provider info for com.sec.android.inputmethod.resourcemanager
09-03 23:12:01.451 6395-6395/? D/RMHelper: SamsungIME : initHelper() : client is null
09-03 23:12:01.451 6395-6395/? D/SamsungIME: onStartInput: No inputType, No imeOption, isInputViewShown = false, isExtractViewShown = false, isShowInputRequested = false, isConfigChanged = false
09-03 23:12:01.461 3071-3071/? D/libEGL: eglInitialize EGLDisplay = 0x7ffb5b6848
09-03 23:12:01.461 3633-3712/? D/WindowAnimator: Skip setting animation background if there is an exiting window only.
09-03 23:12:01.461 19026-19026/? D/ViewRootImpl: MSG_RESIZED: ci=Rect(0, 0 - 0, 0) vi=Rect(0, 0 - 0, 0) or=1
09-03 23:12:01.461 3633-5273/? V/WindowStateAnimator: Finishing drawing window Window{270b9d u0 d0 com.sec.android.gallery3d/com.sec.android.gallery3d.app.GalleryActivity}: mDrawState=HAS_DRAWN
09-03 23:12:01.471 5169-5169/? D/PanelView: updateQsState
09-03 23:12:01.471 5169-5169/? D/KeyguardSwipeHelper: reset()
09-03 23:12:01.471 5169-5169/? D/KeyguardUnlockEventHandler: reset()
09-03 23:12:01.471 5169-5169/? D/KeyguardSwipeHelper: resetChildViewVI()
09-03 23:12:01.471 3633-3712/? D/WindowAnimator: Skip setting animation background if there is an exiting window only.
09-03 23:12:01.491 3633-3712/? D/WindowAnimator: Skip setting animation background if there is an exiting window only.
09-03 23:12:01.501 626-626/? I/Timeline: Timeline: Activity_idle id: android.os.BinderProxy@44f3931 time:154358601
09-03 23:12:01.511 3071-3071/? D/libEGL: eglInitialize EGLDisplay = 0x7ffb5b6848
09-03 23:12:01.511 3633-3712/? D/WindowAnimator: Skip setting animation background if there is an exiting window only.
09-03 23:12:01.521 3071-3071/? D/libEGL: eglInitialize EGLDisplay = 0x7ffb5b6848
09-03 23:12:01.521 3633-3712/? D/WindowAnimator: Skip setting animation background if there is an exiting window only.
09-03 23:12:01.541 3633-3712/? D/WindowAnimator: Skip setting animation background if there is an exiting window only.
09-03 23:12:01.561 3633-3712/? D/WindowAnimator: Skip setting animation background if there is an exiting window only.
09-03 23:12:01.581 3633-3712/? D/WindowAnimator: Skip setting animation background if there is an exiting window only.
09-03 23:12:01.591 3633-3712/? D/WindowAnimator: Skip setting animation background if there is an exiting window only.
09-03 23:12:01.611 3633-3712/? D/WindowAnimator: Skip setting animation background if there is an exiting window only.
09-03 23:12:01.631 3633-3712/? D/WindowAnimator: Skip setting animation background if there is an exiting window only.
09-03 23:12:01.641 3633-3712/? D/WindowAnimator: Skip setting animation background if there is an exiting window only.
09-03 23:12:01.661 3633-3712/? D/WindowAnimator: Skip setting animation background if there is an exiting window only.
09-03 23:12:01.681 3633-3712/? D/WindowAnimator: Skip setting animation background if there is an exiting window only.
09-03 23:12:01.691 3633-3712/? D/CustomFrequencyManagerService: releaseDVFSLockLocked : Getting Lock type frm List : DVFS_MIN_LIMIT  frequency : 1800000  uid : 1000  pid : 3633  tag : ACTIVITY_RESUME_BOOSTER@3
09-03 23:12:01.691 3633-3712/? D/ActivityManager: mDVFSHelper.release()
09-03 23:12:01.691 3633-3712/? I/Timeline: Timeline: Activity_windows_visible id: ActivityRecord{a582a98 u0 com.sec.android.gallery3d/.app.GalleryActivity t13367} time:154358799
09-03 23:12:01.691 3633-3706/? D/CustomFrequencyManagerService: acquireDVFSLockLocked : type : DVFS_MIN_LIMIT  frequency : 1800000  uid : 1000  pid : 3633  pkgName : ACTIVITY_RESUME_BOOSTER@9
09-03 23:12:01.701 3071-4605/? I/SurfaceFlinger: id=3465 Removed NainActivit (3/10)
09-03 23:12:01.701 3071-4573/? I/SurfaceFlinger: id=3465 Removed NainActivit (-2/10)
09-03 23:12:01.701 3633-3712/? D/KnoxTimeoutHandler: notifyActivityDrawn [MsgParam] userId: 0 fullscreen is true showWhenlocked is false
09-03 23:12:01.701 3633-3633/? D/KnoxTimeoutHandler: activityDrawn [MsgParam] userId: 0 fullscreen is true showWhenlocked is false
09-03 23:12:01.701 3633-3633/? I/KnoxTimeoutHandler: SD activityfalse
09-03 23:12:01.711 3071-3071/? D/libEGL: eglTerminate EGLDisplay = 0x7ffb5b6978
09-03 23:12:01.711 626-626/? I/GLIdleTimerCmd: MSG_RUN_LISTENER
09-03 23:12:01.711 626-28207/? V/MediaPlayer: decode(49, 1302088, 9022)
09-03 23:12:01.711 626-626/? I/Gallery_Performance: PostGalleryCmd create() START
09-03 23:12:01.711 3633-5549/? D/WifiDisplayAdapter: getWifiDisplayStatusLocked: result=WifiDisplayStatus{featureState=2, scanState=0, activeDisplayState=0, activeDisplay=null, displays=[], sessionInfo=WifiDisplaySessionInfo: Client/Owner: Client GroupId:  Passphrase:  SessionId: 0 IP Address: , connectedState=-1, networkQoS=0}
09-03 23:12:01.721 626-28208/? W/ResourcesManager: getTopLevelResources: /system/priv-app/SecSettings2/SecSettings2.apk / 1.0 running in com.sec.android.gallery3d rsrc of package com.android.settings
09-03 23:12:01.721 3093-5633/? I/OggExtractor: OggSource::OggSource() mExtractor ref count = 4
09-03 23:12:01.721 3093-5633/? I/OMXCodec: Attempting to allocate OMX node 'OMX.google.vorbis.decoder'
09-03 23:12:01.721 626-28208/? D/ResourcesManager: For user 0 new overlays fetched [/data/app/se.thegreen.GoldKeyPad.common-1/base.apk, /data/app/se.thegreen.GoldKeyPad.settings-1/base.apk, /data/app/se.thegreen.GoldKeyPad.touchwiz-1/base.apk]
09-03 23:12:01.721 3093-5633/? I/OMXCodec: Successfully allocated OMX node 'OMX.google.vorbis.decoder'
09-03 23:12:01.721 3093-5633/? I/OMXCodec: >>>UHQA initOutputFormat 16
09-03 23:12:01.721 3093-5633/? I/OMXCodec: [OMX.google.vorbis.decoder] OMXCodec::start mState=1
09-03 23:12:01.721 3093-5633/? I/OMXCodec: [OMX.google.vorbis.decoder] allocating 4 buffers of size 8192 on input port
09-03 23:12:01.721 3093-5633/? I/OMXCodec: [OMX.google.vorbis.decoder] allocating 4 buffers of size 32768 on output port
09-03 23:12:01.721 3093-28210/? I/OMXCodec: [OMX.google.vorbis.decoder] Now Idle. Component sends idle done Event 
09-03 23:12:01.721 3093-28210/? I/OMXCodec: [OMX.google.vorbis.decoder] 0onCmdComplete  mState =  7
09-03 23:12:01.721 3093-28210/? I/OMXCodec: [OMX.google.vorbis.decoder] PORT_DISABLED(1)
09-03 23:12:01.721 3093-28210/? I/OMXCodec: >>>UHQA initOutputFormat 16
09-03 23:12:01.721 3093-28210/? I/OMXCodec: [OMX.google.vorbis.decoder] allocating 4 buffers of size 32768 on output port
09-03 23:12:01.721 626-28208/? E/NFC: isAndroidBeamAllowed - Begin
09-03 23:12:01.721 626-28208/? I/NFC: showMsg is false
09-03 23:12:01.721 3633-5549/? D/SecContentProvider: query(), uri = 15 selection = isAndroidBeamAllowed
09-03 23:12:01.721 626-626/? V/AllShare(ASF-API): L-d140909 / ServiceConnector.createServiceProvider of com.samsung.android.allshare.media
09-03 23:12:01.721 626-626/? I/AllShare(ASF-API): L-d140909 / ServiceConnector.ALLSHARE_CONFIG : DMC_ONLY
09-03 23:12:01.721 3093-28210/? I/OMXCodec: [OMX.google.vorbis.decoder] End Of Stream
09-03 23:12:01.731 3093-5633/? I/SoundExtractor: extract() reached EOS
09-03 23:12:01.731 3093-5633/? I/OMXCodec: [OMX.google.vorbis.decoder] stop mState=4
09-03 23:12:01.731 3093-5633/? I/OMXCodec: [OMX.google.vorbis.decoder] stop() sendCommand(2968, OMX_CommandStateSet, OMX_StateIdle)
09-03 23:12:01.731 3093-28210/? I/OMXCodec: [OMX.google.vorbis.decoder] Now Idle. Component sends idle done Event 
09-03 23:12:01.731 3633-5254/? D/CustomFrequencyManagerService: acquireDVFSLockLocked : type : DVFS_MIN_LIMIT  frequency : 800000  uid : 1000  pid : 3633  pkgName : GALLERY_LIST_SCROLL@479
09-03 23:12:01.731 626-28212/? D/CpuBoostScrollCmd: Scroll Boost CPU Clock
09-03 23:12:01.731 3093-5633/? I/OMXCodec: [OMX.google.vorbis.decoder] stopOmxComponent_l() mstate = 1
09-03 23:12:01.731 3093-5633/? I/OggExtractor: OggSource::stop() mExtractor ref count = 1
09-03 23:12:01.731 3093-5633/? I/OggExtractor: OggSource::~OggSource() mExtractor !mStarted ref count = 1
09-03 23:12:01.731 3093-5633/? I/OggExtractor: ~OggSource --
09-03 23:12:01.731 3093-5633/? I/OggExtractor: ~OggExtractor ++
09-03 23:12:01.731 3093-5633/? I/OggExtractor: ~MyOggExtractor ++ 
09-03 23:12:01.731 3093-5633/? I/OggExtractor: ~MyOggExtractor --
09-03 23:12:01.731 3093-5633/? I/OggExtractor: ~OggExtractor --
09-03 23:12:01.731 626-28207/? V/MediaPlayer: decode(44, 1311164, 7581)
09-03 23:12:01.731 3093-3093/? I/OggExtractor: OggSource::OggSource() mExtractor ref count = 4
09-03 23:12:01.731 3093-3093/? I/OMXCodec: Attempting to allocate OMX node 'OMX.google.vorbis.decoder'
09-03 23:12:01.741 3093-3093/? I/OMXCodec: Successfully allocated OMX node 'OMX.google.vorbis.decoder'
09-03 23:12:01.741 3093-3093/? I/OMXCodec: >>>UHQA initOutputFormat 16
09-03 23:12:01.741 3093-3093/? I/OMXCodec: [OMX.google.vorbis.decoder] OMXCodec::start mState=1
09-03 23:12:01.741 3093-3093/? I/OMXCodec: [OMX.google.vorbis.decoder] allocating 4 buffers of size 8192 on input port
09-03 23:12:01.741 626-626/? V/AllShare(ASF-API): L-d140909 / AllShareConnector.gallery3d : bindAllShareService...
09-03 23:12:01.741 3093-3093/? I/OMXCodec: [OMX.google.vorbis.decoder] allocating 4 buffers of size 32768 on output port
09-03 23:12:01.741 3093-28215/? I/OMXCodec: [OMX.google.vorbis.decoder] Now Idle. Component sends idle done Event 
09-03 23:12:01.741 16838-16838/? D/AllShare(ASF-DMC): ServiceManager.onCreate - [ TRACE ] onCreate
09-03 23:12:01.741 16838-16838/? D/AllShare(ASF-DMC): ServiceManager.onStartCommand - [ TRACE ] onStartCommand
09-03 23:12:01.741 16838-16838/? D/AllShare(ASF-DMC): ServiceManager.startServiceManager - Start AllShare Service...
09-03 23:12:01.741 16838-16838/? D/AllShare(ASF-DMC): ServiceManager.initServiceManager - Initialize AllShare ServiceManager...
09-03 23:12:01.741 626-28208/? E/NFC: isAndroidBeamAllowed - Begin
09-03 23:12:01.741 626-28208/? I/NFC: showMsg is false
09-03 23:12:01.741 3093-28215/? I/OMXCodec: [OMX.google.vorbis.decoder] 0onCmdComplete  mState =  7
09-03 23:12:01.741 3093-28215/? I/OMXCodec: [OMX.google.vorbis.decoder] PORT_DISABLED(1)
09-03 23:12:01.741 3093-28215/? I/OMXCodec: >>>UHQA initOutputFormat 16
09-03 23:12:01.741 3093-28215/? I/OMXCodec: [OMX.google.vorbis.decoder] allocating 4 buffers of size 32768 on output port
09-03 23:12:01.741 3633-5273/? D/SecContentProvider: query(), uri = 15 selection = isAndroidBeamAllowed
09-03 23:12:01.741 16838-16838/? D/AllShare(ASF-DMC): DownloadManager.init - app max memory: 256MB
09-03 23:12:01.741 16838-16838/? D/AllShare(ASF-DMC): DownloadManager.init - max thumbnail number: 2048
09-03 23:12:01.741 16838-16838/? V/AllShare(ASF_DMC): [JNI] JavaInitializeAllShareFrameworkCore: 43: Enter AllShareFrameworkCoreNativeAPI_initializeAllShareFrameworkCore.
09-03 23:12:01.741 16838-16838/? V/AllShare(ASF_DMC): [NETWORK_LAYER] InitializeNetworkLayer: 33: Enter
09-03 23:12:01.741 626-626/? I/Gallery_Performance: PostGalleryCmd create() END
09-03 23:12:01.741 626-626/? I/Gallery_Performance: PostGalleryCmd resume() START 
09-03 23:12:01.741 16838-16838/? V/AllShare(ASF_DMC): [NETWORK_LAYER] InitializeNetworkLayer: 56: Exit
09-03 23:12:01.741 16838-16838/? V/AllShare(ASF_DMC): [NETWORK_LAYER] StartNetworkLayer: 84: Enter
09-03 23:12:01.741 3633-5551/? D/CustomFrequencyManagerService: releaseDVFSLockLocked : Getting Lock type frm List : DVFS_MIN_LIMIT  frequency : 800000  uid : 1000  pid : 3633  tag : GALLERY_LIST_SCROLL@479
09-03 23:12:01.741 626-28212/? D/CpuBoostScrollCmd: Scroll Boost Release
09-03 23:12:01.741 16838-16838/? V/AllShare(ASF_DMC): [NETWORK_LAYER] StartNetworkLayer: 116: Exit
09-03 23:12:01.741 16838-16838/? V/AllShare(ASF_DMC): [CP_DISCOVERY] Rescan: 449: Sending Rescan.
09-03 23:12:01.741 16838-16838/? E/AllShare(ASF_DMC): [CP_DISCOVERY] Rescan: 498: SendMulticastPacket failed with error 1
09-03 23:12:01.741 16838-16838/? I/AllShare(ASF_DMC): [CP_DISCOVERY] Init: 210: Rescan failed.
09-03 23:12:01.741 16838-16838/? V/AllShare(ASF_DMC): [CP_DISCOVERY] Initialize: 90: CP Discovery Initialization SuccessFul
09-03 23:12:01.741 16838-16838/? V/AllShare(ASF_DMC): [CP_DISCOVERY] Rescan: 449: Sending Rescan.
09-03 23:12:01.741 16838-16838/? E/AllShare(ASF_DMC): [CP_DISCOVERY] Rescan: 498: SendMulticastPacket failed with error 1
09-03 23:12:01.741 16838-16838/? I/AllShare(ASF_DMC): [CP_DISCOVERY] AddDeviceChangeListener: 720: Rescan failed. 
09-03 23:12:01.741 16838-16838/? V/AllShare(ASF_DMC): [CP_DISCOVERY] RegisterCP: 132: Registering CP Success
09-03 23:12:01.741 16838-16838/? V/AllShare(ASF_DMC): [CP_DISCOVERY] DisableAutoRescan: 248: Auto rescan already stopped 
09-03 23:12:01.741 16838-16838/? I/AllShare(ASF_DMC): [JNI] JavaInitializeAllShareFrameworkCore: 47: AllShareInitialize error code: 0
09-03 23:12:01.751 16838-16838/? I/AllShare(ASF-DMC): ServiceManager.initServiceManager - Initialized AllShare ServiceManager...taking msec of 8
09-03 23:12:01.751 3633-3706/? V/BroadcastQueue: [background] Process cur broadcast BroadcastRecord{75ce772 u0 com.samsung.android.providers.context.log.action.REPORT_APP_STATUS_SURVEY qIdx=4}, state= (APP_RECEIVE) DELIVERED for app ProcessRecord{5e94ccc 5869:com.samsung.android.providers.context/u0a380}
09-03 23:12:01.751 3633-5622/? D/CustomFrequencyManagerService: acquireDVFSLockLocked : type : DVFS_MIN_LIMIT  frequency : 800000  uid : 1000  pid : 3633  pkgName : GALLERY_LIST_SCROLL@479
09-03 23:12:01.751 16838-16838/? I/AllShare(ASF-DMC): ServiceManager.startServiceManager - screen is on, turn on MCAST
09-03 23:12:01.751 16838-16838/? I/AllShare(ASF_DMC): [JNI] JavaSetScreenStatus: 103: Enter AllShareFrameworkCoreNativeAPI_setScreenStatus, j_on_off=1
09-03 23:12:01.751 626-28212/? D/CpuBoostScrollCmd: Scroll Boost CPU Clock
09-03 23:12:01.751 16838-16838/? V/AllShare(ASF_DMC): [NETWORK_LAYER] ConfigureMulticastSupport: 620: Enabling udp servers!!!
09-03 23:12:01.751 16838-16838/? V/AllShare(ASF_DMC): [CP_DISCOVERY] DisableAutoRescan: 244: Auto rescan stopped 
09-03 23:12:01.751 3093-28215/? I/OMXCodec: [OMX.google.vorbis.decoder] End Of Stream
09-03 23:12:01.751 3093-3093/? I/SoundExtractor: extract() reached EOS
09-03 23:12:01.751 3093-3093/? I/OMXCodec: [OMX.google.vorbis.decoder] stop mState=4
09-03 23:12:01.751 3093-3093/? I/OMXCodec: [OMX.google.vorbis.decoder] stop() sendCommand(2969, OMX_CommandStateSet, OMX_StateIdle)
09-03 23:12:01.751 3093-28215/? I/OMXCodec: [OMX.google.vorbis.decoder] Now Idle. Component sends idle done Event 
09-03 23:12:01.751 3093-3093/? I/OMXCodec: [OMX.google.vorbis.decoder] stopOmxComponent_l() mstate = 1
09-03 23:12:01.751 3093-3093/? I/OggExtractor: OggSource::stop() mExtractor ref count = 1
09-03 23:12:01.751 3093-3093/? I/OggExtractor: OggSource::~OggSource() mExtractor !mStarted ref count = 1
09-03 23:12:01.751 3093-3093/? I/OggExtractor: ~OggSource --
09-03 23:12:01.751 3093-3093/? I/OggExtractor: ~OggExtractor ++
09-03 23:12:01.751 3093-3093/? I/OggExtractor: ~MyOggExtractor ++ 
09-03 23:12:01.751 3093-3093/? I/OggExtractor: ~MyOggExtractor --
09-03 23:12:01.751 3093-3093/? I/OggExtractor: ~OggExtractor --
09-03 23:12:01.751 626-28207/? V/MediaPlayer: decode(52, 1311164, 7581)
09-03 23:12:01.751 3093-4168/? I/OggExtractor: OggSource::OggSource() mExtractor ref count = 4
09-03 23:12:01.751 3093-4168/? I/OMXCodec: Attempting to allocate OMX node 'OMX.google.vorbis.decoder'
09-03 23:12:01.751 3633-4944/? D/NetworkPolicy: isUidForegroundLocked: 10003, mScreenOn: true, uidstate: 2, mProxSensorScreenOff: false
09-03 23:12:01.751 3633-4944/? V/NetworkPolicy: getFirewallRuleWifi UID:10003 policy:0
09-03 23:12:01.751 3093-4168/? I/OMXCodec: Successfully allocated OMX node 'OMX.google.vorbis.decoder'
09-03 23:12:01.751 3093-4168/? I/OMXCodec: >>>UHQA initOutputFormat 16
09-03 23:12:01.751 3093-4168/? I/OMXCodec: [OMX.google.vorbis.decoder] OMXCodec::start mState=1
09-03 23:12:01.751 3093-4168/? I/OMXCodec: [OMX.google.vorbis.decoder] allocating 4 buffers of size 8192 on input port
09-03 23:12:01.751 3093-4168/? I/OMXCodec: [OMX.google.vorbis.decoder] allocating 4 buffers of size 32768 on output port
09-03 23:12:01.751 3093-28241/? I/OMXCodec: [OMX.google.vorbis.decoder] Now Idle. Component sends idle done Event 
09-03 23:12:01.761 3093-28241/? I/OMXCodec: [OMX.google.vorbis.decoder] 0onCmdComplete  mState =  7
09-03 23:12:01.761 3093-28241/? I/OMXCodec: [OMX.google.vorbis.decoder] PORT_DISABLED(1)
09-03 23:12:01.761 3093-28241/? I/OMXCodec: >>>UHQA initOutputFormat 16
09-03 23:12:01.761 3093-28241/? I/OMXCodec: [OMX.google.vorbis.decoder] allocating 4 buffers of size 32768 on output port
09-03 23:12:01.761 16838-16838/? D/AllShare(ASF-DMC): ServiceManager.checkDeviceName - set default MOBILE Device
09-03 23:12:01.761 626-626/? I/Gallery_Performance: PostGalleryCmd resume() END
09-03 23:12:01.761 626-28203/? D/GlComposeView: TransAnimation for the root object is stopped by layoutChange
09-03 23:12:01.761 3633-5126/? D/CustomFrequencyManagerService: releaseDVFSLockLocked : Getting Lock type frm List : DVFS_MIN_LIMIT  frequency : 800000  uid : 1000  pid : 3633  tag : GALLERY_LIST_SCROLL@479
09-03 23:12:01.761 626-626/? I/InjectionManager: dispatchCreateOptionsMenu :com.sec.android.gallery3d.app.GalleryActivity
09-03 23:12:01.761 626-626/? I/InjectionManager: dispatchPrepareOptionsMenu :com.sec.android.gallery3d.app.GalleryActivity
09-03 23:12:01.761 16116-16134/? I/SystemBroadcastReceiver: [#CMH#] Received broadcast 
09-03 23:12:01.761 16116-16134/? I/PolicyManager: [#CMH#] onReceive action = AUTO_EVENT_STATE_CHANGED
09-03 23:12:01.761 16116-16134/? I/SystemBroadcastReceiver: [#CMH#] onReceive completed 
09-03 23:12:01.761 626-28212/? D/CpuBoostScrollCmd: Scroll Boost Release
09-03 23:12:01.761 3093-28241/? I/OMXCodec: [OMX.google.vorbis.decoder] End Of Stream
09-03 23:12:01.761 3093-4168/? I/SoundExtractor: extract() reached EOS
09-03 23:12:01.761 3093-4168/? I/OMXCodec: [OMX.google.vorbis.decoder] stop mState=4
09-03 23:12:01.761 3093-4168/? I/OMXCodec: [OMX.google.vorbis.decoder] stop() sendCommand(2970, OMX_CommandStateSet, OMX_StateIdle)
09-03 23:12:01.761 3093-28241/? I/OMXCodec: [OMX.google.vorbis.decoder] Now Idle. Component sends idle done Event 
09-03 23:12:01.761 3093-4168/? I/OMXCodec: [OMX.google.vorbis.decoder] stopOmxComponent_l() mstate = 1
09-03 23:12:01.761 3093-4168/? I/OggExtractor: OggSource::stop() mExtractor ref count = 1
09-03 23:12:01.761 3093-4168/? I/OggExtractor: OggSource::~OggSource() mExtractor !mStarted ref count = 1
09-03 23:12:01.761 3093-4168/? I/OggExtractor: ~OggSource --
09-03 23:12:01.761 3093-4168/? I/OggExtractor: ~OggExtractor ++
09-03 23:12:01.761 3093-4168/? I/OggExtractor: ~MyOggExtractor ++ 
09-03 23:12:01.761 3093-4168/? I/OggExtractor: ~MyOggExtractor --
09-03 23:12:01.761 3093-4168/? I/OggExtractor: ~OggExtractor --
09-03 23:12:01.761 16838-16838/? I/AllShare(ASF-DMC): ServiceManager.startServiceManager - startMRCP wifiMac : FC:DB:B3:E7:4A:45
09-03 23:12:01.761 16838-16838/? V/AllShare(ASF_DMC): [MRCP] StartMrcp: 601: initializing Mac Address for Screen Sharing
09-03 23:12:01.761 16838-16838/? V/AllShare(ASF_DMC): [CP_DISCOVERY] Rescan: 449: Sending Rescan.
09-03 23:12:01.761 16838-16838/? E/AllShare(ASF_DMC): [CP_DISCOVERY] Rescan: 498: SendMulticastPacket failed with error 1
09-03 23:12:01.761 16838-16838/? I/AllShare(ASF_DMC): [CP_DISCOVERY] AddDeviceChangeListener: 720: Rescan failed. 
09-03 23:12:01.761 16838-16838/? V/AllShare(ASF_DMC): [CP_DISCOVERY] RegisterCP: 132: Registering CP Success
09-03 23:12:01.761 16838-16838/? V/AllShare(ASF_DMC): [MRCP] Start: 70: MRCP Started
09-03 23:12:01.761 16838-16838/? I/AllShare(ASF-DMC): ServiceManager.startServiceManager - start MRCP successfully
09-03 23:12:01.761 16838-16838/? V/AllShare(ASF_DMC): [CP_DISCOVERY] Rescan: 449: Sending Rescan.
09-03 23:12:01.761 16838-16838/? E/AllShare(ASF_DMC): [CP_DISCOVERY] Rescan: 498: SendMulticastPacket failed with error 1
09-03 23:12:01.761 16838-16838/? I/AllShare(ASF_DMC): [CP_DISCOVERY] AddDeviceChangeListener: 720: Rescan failed. 
09-03 23:12:01.761 16838-16838/? V/AllShare(ASF_DMC): [CP_DISCOVERY] RegisterCP: 132: Registering CP Success
09-03 23:12:01.761 16838-16838/? V/AllShare(ASF_DMC): [MSCP] Start: 79: MediaServer CP Started
09-03 23:12:01.761 16838-16838/? I/AllShare(ASF-DMC): ServiceManager.startServiceManager - start MSCP successfully
09-03 23:12:01.761 16838-16838/? V/AllShare(ASF_DMC): [CP_DISCOVERY] Rescan: 449: Sending Rescan.
09-03 23:12:01.761 16838-16838/? E/AllShare(ASF_DMC): [CP_DISCOVERY] Rescan: 498: SendMulticastPacket failed with error 1
09-03 23:12:01.761 16838-16838/? I/AllShare(ASF_DMC): [CP_DISCOVERY] AddDeviceChangeListener: 720: Rescan failed. 
09-03 23:12:01.761 16838-16838/? V/AllShare(ASF_DMC): [CP_DISCOVERY] RegisterCP: 132: Registering CP Success
09-03 23:12:01.761 16838-16838/? V/AllShare(ASF_DMC): [KIES_CP] Start: 75: Kiescp started
09-03 23:12:01.761 16838-16838/? I/AllShare(ASF-DMC): ServiceManager.startServiceManager - start kies cp successfully!
09-03 23:12:01.761 16838-16838/? I/AllShare(ASF-DMC): ServiceManager.startServiceManager - Started AllShare Service...taking msec of 17
09-03 23:12:01.761 16838-16838/? D/AllShare(ASF-DMC): ServiceManager.onBind - [ TRACE ] onBind
09-03 23:12:01.761 16838-16838/? I/AllShare(ASF-DMC): ServiceManager.startServiceManager - AllShare Service is ALREADY running...
09-03 23:12:01.761 16838-16838/? D/AllShare(ASF-DMC): ServiceManager.bindServiceManager - SubscriberID : com.sec.android.gallery3d
09-03 23:12:01.761 626-28207/? V/MediaPlayer: decode(53, 1311164, 7581)
09-03 23:12:01.771 3093-6337/? I/OggExtractor: OggSource::OggSource() mExtractor ref count = 4
09-03 23:12:01.771 3093-6337/? I/OMXCodec: Attempting to allocate OMX node 'OMX.google.vorbis.decoder'
09-03 23:12:01.771 3093-6337/? I/OMXCodec: Successfully allocated OMX node 'OMX.google.vorbis.decoder'
09-03 23:12:01.771 3093-6337/? I/OMXCodec: >>>UHQA initOutputFormat 16
09-03 23:12:01.771 3093-6337/? I/OMXCodec: [OMX.google.vorbis.decoder] OMXCodec::start mState=1
09-03 23:12:01.771 3093-6337/? I/OMXCodec: [OMX.google.vorbis.decoder] allocating 4 buffers of size 8192 on input port
09-03 23:12:01.771 3093-6337/? I/OMXCodec: [OMX.google.vorbis.decoder] allocating 4 buffers of size 32768 on output port
09-03 23:12:01.771 3093-28243/? I/OMXCodec: [OMX.google.vorbis.decoder] Now Idle. Component sends idle done Event 
09-03 23:12:01.771 626-626/? D/AllShare(ASF-API): L-d140909 / AllShareConnector.gallery3d : onReceive AllShare Service Start message...^^
09-03 23:12:01.771 626-626/? I/AllShare(ASF-API): L-d140909 / AllShareConnector.gallery3d is Already trying to connecting...wait..
09-03 23:12:01.771 626-626/? I/AllShare(ASF-API): L-d140909 / AllShareConnector.Subscriber onServiceConnected to gallery3d
09-03 23:12:01.771 626-626/? D/AllShare(ASF-API): L-d140909 / AllShareConnector.onConnected to gallery3d
09-03 23:12:01.771 626-626/? I/NearbyClient: ServiceProvider Created : ENABLED
09-03 23:12:01.771 626-626/? D/NearbyClient: setDeviceFinderEventListener. provider and imageviewer
09-03 23:12:01.771 626-626/? D/NearbyClient: refresh device list
09-03 23:12:01.771 626-626/? I/AllShare(ASF-API): L-d140909 / MediaDeviceFinderImpl.refresh
09-03 23:12:01.771 16838-16851/? I/AllShare(ASF_DMC): [JNI] rescanDeviceByAppID: 469: Meet unregister app id when rescan !
09-03 23:12:01.771 16838-16851/? V/AllShare(ASF_DMC): [CP_DISCOVERY] Rescan: 449: Sending Rescan.
09-03 23:12:01.771 16838-16851/? E/AllShare(ASF_DMC): [CP_DISCOVERY] Rescan: 498: SendMulticastPacket failed with error 1
09-03 23:12:01.771 16838-16851/? I/AllShare(ASF_DMC): [CP_DISCOVERY] Rescan: 341: Rescan failed.
09-03 23:12:01.771 626-626/? I/AllShare(ASF-API): L-d140909 / MediaDeviceFinderImpl.getDevices - type[DEVICE_PROVIDER], domain[LOCAL_NETWORK]
09-03 23:12:01.771 16838-16838/? V/AllShare(ASF-DMC): SystemEventMonitor.checkWifiState - WIFI STATE: CONNECTED
09-03 23:12:01.771 3093-28243/? I/OMXCodec: [OMX.google.vorbis.decoder] 0onCmdComplete  mState =  7
09-03 23:12:01.771 3093-28243/? I/OMXCodec: [OMX.google.vorbis.decoder] PORT_DISABLED(1)
09-03 23:12:01.771 16838-17035/? V/AllShare(ASF_DMC): [CP_DISCOVERY] GetDeviceList: 165: interesting device list empty
09-03 23:12:01.771 3093-28243/? I/OMXCodec: >>>UHQA initOutputFormat 16
09-03 23:12:01.771 16838-17035/? I/AllShare(ASF_DMC): [JNI] getDeviceList: 398: getDeviceListFromGenericCP Failed,  [-1020] - can't find device
09-03 23:12:01.771 16838-17035/? I/AllShare(ASF_DMC): [JNI] getDeviceListJNI: 308: pDeviceList == NULL
09-03 23:12:01.771 16838-17035/? W/AllShare(ASF-DMC): DeviceListManagerWrapper.getDeviceList - Get device list with type[2] failed
09-03 23:12:01.771 3093-28243/? I/OMXCodec: [OMX.google.vorbis.decoder] allocating 4 buffers of size 32768 on output port
09-03 23:12:01.771 626-626/? I/AllShare(ASF-API): L-d140909 / MediaDeviceFinderImpl.getDevices - type[DEVICE_IMAGEVIEWER], domain[LOCAL_NETWORK]
09-03 23:12:01.771 16838-17249/? V/AllShare(ASF_DMC): [CP_DISCOVERY] GetDeviceList: 165: interesting device list empty
09-03 23:12:01.771 16838-17249/? I/AllShare(ASF_DMC): [JNI] getDeviceList: 398: getDeviceListFromGenericCP Failed,  [-1020] - can't find device
09-03 23:12:01.771 16838-17249/? I/AllShare(ASF_DMC): [JNI] getDeviceListJNI: 308: pDeviceList == NULL
09-03 23:12:01.771 16838-17249/? W/AllShare(ASF-DMC): DeviceListManagerWrapper.getDeviceList - Get device list with type[1] failed
09-03 23:12:01.771 16838-28244/? D/AllShare(ASF-DMC): NetworkStatusListener.notifyNICAdded - NIC: wlan0
09-03 23:12:01.771 626-626/? D/NearbyClient: device count : 0 Provider : 0 ImageViewer : 0
09-03 23:12:01.771 16838-16838/? V/AllShare(ASF-DMC): SystemEventMonitor.checkP2PState - WIFI P2P STATE: DISCONNECTED
09-03 23:12:01.781 626-28203/? D/GlLayer: setHoverScrollFlexibleHeightMargin264
09-03 23:12:01.781 3071-3071/? D/libEGL: eglInitialize EGLDisplay = 0x7ffb5b6848
09-03 23:12:01.781 16838-28244/? D/AllShare(ASF-DMC): NetworkStatusListener.getNetworkInfo - finding NetworkInterface wlan0... rmnet_data6
09-03 23:12:01.781 16838-28244/? D/AllShare(ASF-DMC): NetworkStatusListener.getNetworkInfo - finding NetworkInterface wlan0... rmnet_data5
09-03 23:12:01.781 16838-28244/? D/AllShare(ASF-DMC): NetworkStatusListener.getNetworkInfo - finding NetworkInterface wlan0... rmnet_data7
09-03 23:12:01.781 16838-28244/? D/AllShare(ASF-DMC): NetworkStatusListener.getNetworkInfo - finding NetworkInterface wlan0... rmnet_data0
09-03 23:12:01.781 16838-28244/? D/AllShare(ASF-DMC): NetworkStatusListener.getNetworkInfo - finding NetworkInterface wlan0... rmnet_data1
09-03 23:12:01.781 16838-28244/? D/AllShare(ASF-DMC): NetworkStatusListener.getNetworkInfo - finding NetworkInterface wlan0... rmnet_data3
09-03 23:12:01.781 16838-28244/? D/AllShare(ASF-DMC): NetworkStatusListener.getNetworkInfo - finding NetworkInterface wlan0... rmnet_data2
09-03 23:12:01.781 16838-28244/? D/AllShare(ASF-DMC): NetworkStatusListener.getNetworkInfo - finding NetworkInterface wlan0... rmnet_data4
09-03 23:12:01.781 16838-28244/? D/AllShare(ASF-DMC): NetworkStatusListener.getNetworkInfo - finding NetworkInterface wlan0... ip6tnl0
09-03 23:12:01.781 16838-28244/? I/AllShare(ASF-DMC): NetworkStatusListener.getNetworkInfo - NetworkInterface found wlan0 == wlan0
09-03 23:12:01.781 16838-28244/? I/AllShare(ASF-DMC): NetworkStatusListener.getNetworkInfo - InetAddress found 2601:644:401:84e2:fedb:b3ff:fee7:4a45%5 in wlan0
09-03 23:12:01.781 16838-28244/? D/AllShare(ASF-DMC): NetworkStatusListener.getNetworkInfo - skip...this is IPv6: 2601:644:401:84e2:fedb:b3ff:fee7:4a45%5 of false||true ||true
09-03 23:12:01.781 16838-28244/? I/AllShare(ASF-DMC): NetworkStatusListener.getNetworkInfo - InetAddress found fe80::fedb:b3ff:fee7:4a45%wlan0 in wlan0
09-03 23:12:01.781 16838-28244/? D/AllShare(ASF-DMC): NetworkStatusListener.getNetworkInfo - skip...this is IPv6: fe80::fedb:b3ff:fee7:4a45%wlan0 of false||true ||true
09-03 23:12:01.781 16838-28244/? I/AllShare(ASF-DMC): NetworkStatusListener.getNetworkInfo - InetAddress found 2601:644:401:84e2:1437:b80f:db2e:8189%5 in wlan0
09-03 23:12:01.781 16838-28244/? D/AllShare(ASF-DMC): NetworkStatusListener.getNetworkInfo - skip...this is IPv6: 2601:644:401:84e2:1437:b80f:db2e:8189%5 of false||true ||true
09-03 23:12:01.781 16838-28244/? I/AllShare(ASF-DMC): NetworkStatusListener.getNetworkInfo - InetAddress found 10.0.0.4 in wlan0
09-03 23:12:01.781 16838-28244/? I/AllShare(ASF-DMC): NetworkStatusListener.getNetworkInfo - this is IPv4 we want: 10.0.0.4 in wlan0
09-03 23:12:01.781 16838-28244/? D/AllShare(ASF-DMC): NetworkStatusListener.notifyNICAdded - ip: 10.0.0.4, subnet mask: 255.255.255.0
09-03 23:12:01.781 16838-28244/? I/AllShare(ASF_DMC): [JNI] JavaNotifyNICAdded: 122: Enter JavaNotifyNICAdded
09-03 23:12:01.781 16838-28244/? V/AllShare(ASF_DMC): [NETWORK_LAYER] OnNetworkChanged: 205: ServerManager::OnNetworkChanged:NIC_ADDED
09-03 23:12:01.781 16838-28244/? D/AllShare(ASF_DMC): [NETWORK_LAYER] Start: 141: TCPServer Started: 10.0.0.4:8187
09-03 23:12:01.781 16838-28244/? D/AllShare(ASF_DMC): [NETWORK_LAYER] Start: 85: listen_address [10.0.0.4]
09-03 23:12:01.781 16838-28244/? D/AllShare(ASF_DMC): [NETWORK_LAYER] Start: 112: New MulticastServer::Start() : 239.255.255.250:1900 Started
09-03 23:12:01.781 16838-28244/? D/AllShare(ASF_DMC): [NETWORK_LAYER] Start: 102: UDPServer Started:10.0.0.4:3942
09-03 23:12:01.781 16838-28244/? V/AllShare(ASF_DMC): [NETWORK_LAYER] NotifyNICIfEvent: 1124: 2 event listeners are notified!!!
09-03 23:12:01.781 16838-28244/? D/AllShare(ASF-DMC): DeviceSubscriber.eventNotifyReceived - receive system event: com.sec.android.allshare.event.EVENT_WIFI_ENABLED
09-03 23:12:01.781 16838-28217/? D/AllShare(ASF_DMC): [NETWORK_LAYER] NotifyNICEventByID: 1204: Notifying NIC Change 0 for wlan0 listener_id 1
09-03 23:12:01.781 16838-28218/? D/AllShare(ASF_DMC): [NETWORK_LAYER] NotifyNICEventByID: 1204: Notifying NIC Change 0 for wlan0 listener_id 0
09-03 23:12:01.781 16838-28217/? D/AllShare(ASF_DMC): [STREAMING] OnNetworkChanged: 155: NW event arrived for interface name wlan0
09-03 23:12:01.781 16838-28244/? D/AllShare(ASF-DMC): NetworkStatusListener.notifyNICRemoved - NIC: p2p-wlan0-0
09-03 23:12:01.781 16838-28218/? D/AllShare(ASF_DMC): [CP_DISCOVERY] OnNetworkChanged: 53: Received NIC change event [0] for [wlan0]
09-03 23:12:01.781 16838-28244/? I/AllShare(ASF_DMC): [JNI] JavaNotifyNICRemoved: 137: Enter JavaNotifyNICRemoved
09-03 23:12:01.781 16838-28244/? I/AllShare(ASF_DMC): [NETWORK_LAYER] NotifyNICRemoved: 1078: Interface [p2p-wlan0-0] is already removed!!
09-03 23:12:01.781 16838-28218/? V/AllShare(ASF_DMC): [CP_DISCOVERY] Rescan: 449: Sending Rescan.
09-03 23:12:01.781 16838-28244/? D/AllShare(ASF-DMC): DeviceSubscriber.eventNotifyReceived - receive system event: com.sec.android.allshare.event.EVENT_WIFI_P2P_DISABLED
09-03 23:12:01.781 3633-4944/? D/NetworkPolicy: isUidForegroundLocked: 10003, mScreenOn: true, uidstate: 16, mProxSensorScreenOff: false
09-03 23:12:01.781 3633-4944/? V/NetworkPolicy: getFirewallRuleWifi UID:10003 policy:0
09-03 23:12:01.791 3093-28243/? I/OMXCodec: [OMX.google.vorbis.decoder] End Of Stream
09-03 23:12:01.791 3093-6337/? I/SoundExtractor: extract() reached EOS
09-03 23:12:01.791 3093-6337/? I/OMXCodec: [OMX.google.vorbis.decoder] stop mState=4
09-03 23:12:01.791 3093-6337/? I/OMXCodec: [OMX.google.vorbis.decoder] stop() sendCommand(2971, OMX_CommandStateSet, OMX_StateIdle)
09-03 23:12:01.791 3093-28243/? I/OMXCodec: [OMX.google.vorbis.decoder] Now Idle. Component sends idle done Event 
09-03 23:12:01.791 3093-6337/? I/OMXCodec: [OMX.google.vorbis.decoder] stopOmxComponent_l() mstate = 1
09-03 23:12:01.791 3093-6337/? I/OggExtractor: OggSource::stop() mExtractor ref count = 1
09-03 23:12:01.791 3093-6337/? I/OggExtractor: OggSource::~OggSource() mExtractor !mStarted ref count = 1
09-03 23:12:01.791 3093-6337/? I/OggExtractor: ~OggSource --
09-03 23:12:01.791 3093-6337/? I/OggExtractor: ~OggExtractor ++
09-03 23:12:01.791 3093-6337/? I/OggExtractor: ~MyOggExtractor ++ 
09-03 23:12:01.791 3093-6337/? I/OggExtractor: ~MyOggExtractor --
09-03 23:12:01.791 3093-6337/? I/OggExtractor: ~OggExtractor --
09-03 23:12:01.791 626-28207/? V/MediaPlayer: decode(55, 1318796, 5467)
09-03 23:12:01.791 3093-3749/? I/OggExtractor: OggSource::OggSource() mExtractor ref count = 4
09-03 23:12:01.791 3093-3749/? I/OMXCodec: Attempting to allocate OMX node 'OMX.google.vorbis.decoder'
09-03 23:12:01.791 3093-3749/? I/OMXCodec: Successfully allocated OMX node 'OMX.google.vorbis.decoder'
09-03 23:12:01.791 3093-3749/? I/OMXCodec: >>>UHQA initOutputFormat 16
09-03 23:12:01.791 3093-3749/? I/OMXCodec: [OMX.google.vorbis.decoder] OMXCodec::start mState=1
09-03 23:12:01.791 3093-3749/? I/OMXCodec: [OMX.google.vorbis.decoder] allocating 4 buffers of size 8192 on input port
09-03 23:12:01.791 3093-3749/? I/OMXCodec: [OMX.google.vorbis.decoder] allocating 4 buffers of size 32768 on output port
09-03 23:12:01.791 3093-28246/? I/OMXCodec: [OMX.google.vorbis.decoder] Now Idle. Component sends idle done Event 
09-03 23:12:01.791 3093-28246/? I/OMXCodec: [OMX.google.vorbis.decoder] 0onCmdComplete  mState =  7
09-03 23:12:01.791 3093-28246/? I/OMXCodec: [OMX.google.vorbis.decoder] PORT_DISABLED(1)
09-03 23:12:01.791 3093-28246/? I/OMXCodec: >>>UHQA initOutputFormat 16
09-03 23:12:01.791 3093-28246/? I/OMXCodec: [OMX.google.vorbis.decoder] allocating 4 buffers of size 32768 on output port
09-03 23:12:01.791 3093-28246/? I/OMXCodec: [OMX.google.vorbis.decoder] End Of Stream
09-03 23:12:01.801 3093-3749/? I/SoundExtractor: extract() reached EOS
09-03 23:12:01.801 3093-3749/? I/OMXCodec: [OMX.google.vorbis.decoder] stop mState=4
09-03 23:12:01.801 3093-3749/? I/OMXCodec: [OMX.google.vorbis.decoder] stop() sendCommand(2972, OMX_CommandStateSet, OMX_StateIdle)
09-03 23:12:01.801 3093-28246/? I/OMXCodec: [OMX.google.vorbis.decoder] Now Idle. Component sends idle done Event 
