09-03 23:18:11.351 3093-5635/? I/OMXCodec: [OMX.google.vorbis.decoder] stop() sendCommand(3216, OMX_CommandStateSet, OMX_StateIdle)
09-03 23:18:11.351 3093-30863/? I/OMXCodec: [OMX.google.vorbis.decoder] Now Idle. Component sends idle done Event 
09-03 23:18:11.351 3093-5635/? I/OMXCodec: [OMX.google.vorbis.decoder] stopOmxComponent_l() mstate = 1
09-03 23:18:11.351 3093-5635/? I/OggExtractor: OggSource::stop() mExtractor ref count = 1
09-03 23:18:11.351 3093-5635/? I/OggExtractor: OggSource::~OggSource() mExtractor !mStarted ref count = 1
09-03 23:18:11.351 3093-5635/? I/OggExtractor: ~OggSource --
09-03 23:18:11.351 3093-5635/? I/OggExtractor: ~OggExtractor ++
09-03 23:18:11.351 3093-5635/? I/OggExtractor: ~MyOggExtractor ++ 
09-03 23:18:11.351 3093-5635/? I/OggExtractor: ~MyOggExtractor --
09-03 23:18:11.351 3093-5635/? I/OggExtractor: ~OggExtractor --
09-03 23:18:11.351 626-30827/? V/MediaPlayer: decode(55, 1318796, 5467)
09-03 23:18:11.351 626-626/? D/AllShare(ASF-API): L-d140909 / AllShareConnector.gallery3d : onReceive AllShare Service Start message...^^
09-03 23:18:11.351 626-626/? I/AllShare(ASF-API): L-d140909 / AllShareConnector.gallery3d is Already trying to connecting...wait..
09-03 23:18:11.351 626-626/? I/AllShare(ASF-API): L-d140909 / AllShareConnector.Subscriber onServiceConnected to gallery3d
09-03 23:18:11.351 626-626/? D/AllShare(ASF-API): L-d140909 / AllShareConnector.onConnected to gallery3d
09-03 23:18:11.351 626-626/? I/NearbyClient: ServiceProvider Created : ENABLED
09-03 23:18:11.351 626-626/? D/NearbyClient: setDeviceFinderEventListener. provider and imageviewer
09-03 23:18:11.361 3093-3093/? I/OggExtractor: OggSource::OggSource() mExtractor ref count = 4
09-03 23:18:11.361 626-626/? D/NearbyClient: refresh device list
09-03 23:18:11.361 626-626/? I/AllShare(ASF-API): L-d140909 / MediaDeviceFinderImpl.refresh
09-03 23:18:11.361 3093-3093/? I/OMXCodec: Attempting to allocate OMX node 'OMX.google.vorbis.decoder'
09-03 23:18:11.361 626-30823/? D/GlLayer: setHoverScrollFlexibleHeightMargin264
09-03 23:18:11.361 16838-17035/? I/AllShare(ASF_DMC): [JNI] rescanDeviceByAppID: 469: Meet unregister app id when rescan !
09-03 23:18:11.361 16838-17035/? V/AllShare(ASF_DMC): [CP_DISCOVERY] Rescan: 449: Sending Rescan.
09-03 23:18:11.361 16838-17035/? E/AllShare(ASF_DMC): [CP_DISCOVERY] Rescan: 498: SendMulticastPacket failed with error 1
09-03 23:18:11.361 16838-17035/? I/AllShare(ASF_DMC): [CP_DISCOVERY] Rescan: 341: Rescan failed.
09-03 23:18:11.361 16838-16838/? V/AllShare(ASF-DMC): SystemEventMonitor.checkWifiState - WIFI STATE: CONNECTED
09-03 23:18:11.361 626-626/? I/AllShare(ASF-API): L-d140909 / MediaDeviceFinderImpl.getDevices - type[DEVICE_PROVIDER], domain[LOCAL_NETWORK]
09-03 23:18:11.361 16838-16850/? V/AllShare(ASF_DMC): [CP_DISCOVERY] GetDeviceList: 165: interesting device list empty
09-03 23:18:11.361 16838-16850/? I/AllShare(ASF_DMC): [JNI] getDeviceList: 398: getDeviceListFromGenericCP Failed,  [-1020] - can't find device
09-03 23:18:11.361 16838-16850/? I/AllShare(ASF_DMC): [JNI] getDeviceListJNI: 308: pDeviceList == NULL
09-03 23:18:11.361 16838-16850/? W/AllShare(ASF-DMC): DeviceListManagerWrapper.getDeviceList - Get device list with type[2] failed
09-03 23:18:11.361 3093-3093/? I/OMXCodec: Successfully allocated OMX node 'OMX.google.vorbis.decoder'
09-03 23:18:11.361 3093-3093/? I/OMXCodec: >>>UHQA initOutputFormat 16
09-03 23:18:11.361 3093-3093/? I/OMXCodec: [OMX.google.vorbis.decoder] OMXCodec::start mState=1
09-03 23:18:11.361 3093-3093/? I/OMXCodec: [OMX.google.vorbis.decoder] allocating 4 buffers of size 8192 on input port
09-03 23:18:11.361 3093-3093/? I/OMXCodec: [OMX.google.vorbis.decoder] allocating 4 buffers of size 32768 on output port
09-03 23:18:11.361 626-626/? I/AllShare(ASF-API): L-d140909 / MediaDeviceFinderImpl.getDevices - type[DEVICE_IMAGEVIEWER], domain[LOCAL_NETWORK]
09-03 23:18:11.361 3093-30866/? I/OMXCodec: [OMX.google.vorbis.decoder] Now Idle. Component sends idle done Event 
09-03 23:18:11.361 16838-17249/? V/AllShare(ASF_DMC): [CP_DISCOVERY] GetDeviceList: 165: interesting device list empty
09-03 23:18:11.361 16838-17249/? I/AllShare(ASF_DMC): [JNI] getDeviceList: 398: getDeviceListFromGenericCP Failed,  [-1020] - can't find device
09-03 23:18:11.361 16838-17249/? I/AllShare(ASF_DMC): [JNI] getDeviceListJNI: 308: pDeviceList == NULL
09-03 23:18:11.361 16838-17249/? W/AllShare(ASF-DMC): DeviceListManagerWrapper.getDeviceList - Get device list with type[1] failed
09-03 23:18:11.361 16838-16838/? V/AllShare(ASF-DMC): SystemEventMonitor.checkP2PState - WIFI P2P STATE: DISCONNECTED
09-03 23:18:11.361 16838-30864/? D/AllShare(ASF-DMC): NetworkStatusListener.notifyNICAdded - NIC: wlan0
09-03 23:18:11.361 626-626/? D/NearbyClient: device count : 0 Provider : 0 ImageViewer : 0
09-03 23:18:11.361 3071-3071/? D/libEGL: eglInitialize EGLDisplay = 0x7ffb5b6848
09-03 23:18:11.361 3093-30866/? I/OMXCodec: [OMX.google.vorbis.decoder] 0onCmdComplete  mState =  7
09-03 23:18:11.361 3093-30866/? I/OMXCodec: [OMX.google.vorbis.decoder] PORT_DISABLED(1)
09-03 23:18:11.361 3093-30866/? I/OMXCodec: >>>UHQA initOutputFormat 16
09-03 23:18:11.361 3093-30866/? I/OMXCodec: [OMX.google.vorbis.decoder] allocating 4 buffers of size 32768 on output port
09-03 23:18:11.361 3093-30866/? I/OMXCodec: [OMX.google.vorbis.decoder] End Of Stream
09-03 23:18:11.371 3093-3093/? I/SoundExtractor: extract() reached EOS
09-03 23:18:11.371 3093-3093/? I/OMXCodec: [OMX.google.vorbis.decoder] stop mState=4
09-03 23:18:11.371 3093-3093/? I/OMXCodec: [OMX.google.vorbis.decoder] stop() sendCommand(3217, OMX_CommandStateSet, OMX_StateIdle)
09-03 23:18:11.371 3093-30866/? I/OMXCodec: [OMX.google.vorbis.decoder] Now Idle. Component sends idle done Event 
09-03 23:18:11.371 3093-3093/? I/OMXCodec: [OMX.google.vorbis.decoder] stopOmxComponent_l() mstate = 1
09-03 23:18:11.371 3093-3093/? I/OggExtractor: OggSource::stop() mExtractor ref count = 1
09-03 23:18:11.371 3093-3093/? I/OggExtractor: OggSource::~OggSource() mExtractor !mStarted ref count = 1
09-03 23:18:11.371 3093-3093/? I/OggExtractor: ~OggSource --
09-03 23:18:11.371 3093-3093/? I/OggExtractor: ~OggExtractor ++
09-03 23:18:11.371 3093-3093/? I/OggExtractor: ~MyOggExtractor ++ 
09-03 23:18:11.371 16838-30864/? D/AllShare(ASF-DMC): NetworkStatusListener.getNetworkInfo - finding NetworkInterface wlan0... rmnet_data6
09-03 23:18:11.371 16838-30864/? D/AllShare(ASF-DMC): NetworkStatusListener.getNetworkInfo - finding NetworkInterface wlan0... rmnet_data5
09-03 23:18:11.371 3093-3093/? I/OggExtractor: ~MyOggExtractor --
09-03 23:18:11.371 3633-4944/? D/NetworkPolicy: isUidForegroundLocked: 10003, mScreenOn: true, uidstate: 16, mProxSensorScreenOff: false
09-03 23:18:11.371 16838-30864/? D/AllShare(ASF-DMC): NetworkStatusListener.getNetworkInfo - finding NetworkInterface wlan0... rmnet_data7
09-03 23:18:11.371 16838-30864/? D/AllShare(ASF-DMC): NetworkStatusListener.getNetworkInfo - finding NetworkInterface wlan0... rmnet_data0
09-03 23:18:11.371 3093-3093/? I/OggExtractor: ~OggExtractor --
09-03 23:18:11.371 16838-30864/? D/AllShare(ASF-DMC): NetworkStatusListener.getNetworkInfo - finding NetworkInterface wlan0... rmnet_data1
09-03 23:18:11.371 3633-4944/? V/NetworkPolicy: getFirewallRuleWifi UID:10003 policy:0
09-03 23:18:11.371 16838-30864/? D/AllShare(ASF-DMC): NetworkStatusListener.getNetworkInfo - finding NetworkInterface wlan0... rmnet_data3
09-03 23:18:11.371 16838-30864/? D/AllShare(ASF-DMC): NetworkStatusListener.getNetworkInfo - finding NetworkInterface wlan0... rmnet_data2
09-03 23:18:11.371 16838-30864/? D/AllShare(ASF-DMC): NetworkStatusListener.getNetworkInfo - finding NetworkInterface wlan0... rmnet_data4
09-03 23:18:11.371 16838-30864/? D/AllShare(ASF-DMC): NetworkStatusListener.getNetworkInfo - finding NetworkInterface wlan0... ip6tnl0
09-03 23:18:11.371 16838-30864/? I/AllShare(ASF-DMC): NetworkStatusListener.getNetworkInfo - NetworkInterface found wlan0 == wlan0
09-03 23:18:11.371 16838-30864/? I/AllShare(ASF-DMC): NetworkStatusListener.getNetworkInfo - InetAddress found 2601:644:401:84e2:fedb:b3ff:fee7:4a45%5 in wlan0
09-03 23:18:11.371 16838-30864/? D/AllShare(ASF-DMC): NetworkStatusListener.getNetworkInfo - skip...this is IPv6: 2601:644:401:84e2:fedb:b3ff:fee7:4a45%5 of false||true ||true
09-03 23:18:11.371 16838-30864/? I/AllShare(ASF-DMC): NetworkStatusListener.getNetworkInfo - InetAddress found fe80::fedb:b3ff:fee7:4a45%wlan0 in wlan0
09-03 23:18:11.371 16838-30864/? D/AllShare(ASF-DMC): NetworkStatusListener.getNetworkInfo - skip...this is IPv6: fe80::fedb:b3ff:fee7:4a45%wlan0 of false||true ||true
09-03 23:18:11.371 16838-30864/? I/AllShare(ASF-DMC): NetworkStatusListener.getNetworkInfo - InetAddress found 2601:644:401:84e2:1437:b80f:db2e:8189%5 in wlan0
09-03 23:18:11.371 16838-30864/? D/AllShare(ASF-DMC): NetworkStatusListener.getNetworkInfo - skip...this is IPv6: 2601:644:401:84e2:1437:b80f:db2e:8189%5 of false||true ||true
09-03 23:18:11.371 16838-30864/? I/AllShare(ASF-DMC): NetworkStatusListener.getNetworkInfo - InetAddress found 10.0.0.4 in wlan0
09-03 23:18:11.371 16838-30864/? I/AllShare(ASF-DMC): NetworkStatusListener.getNetworkInfo - this is IPv4 we want: 10.0.0.4 in wlan0
09-03 23:18:11.371 16838-30864/? D/AllShare(ASF-DMC): NetworkStatusListener.notifyNICAdded - ip: 10.0.0.4, subnet mask: 255.255.255.0
09-03 23:18:11.371 16838-30864/? I/AllShare(ASF_DMC): [JNI] JavaNotifyNICAdded: 122: Enter JavaNotifyNICAdded
09-03 23:18:11.371 16838-30864/? V/AllShare(ASF_DMC): [NETWORK_LAYER] OnNetworkChanged: 205: ServerManager::OnNetworkChanged:NIC_ADDED
09-03 23:18:11.371 16838-30864/? D/AllShare(ASF_DMC): [NETWORK_LAYER] Start: 141: TCPServer Started: 10.0.0.4:8187
09-03 23:18:11.371 16838-30864/? D/AllShare(ASF_DMC): [NETWORK_LAYER] Start: 85: listen_address [10.0.0.4]
09-03 23:18:11.371 16838-30864/? D/AllShare(ASF_DMC): [NETWORK_LAYER] Start: 112: New MulticastServer::Start() : 239.255.255.250:1900 Started
09-03 23:18:11.371 16838-30864/? D/AllShare(ASF_DMC): [NETWORK_LAYER] Start: 102: UDPServer Started:10.0.0.4:3942
09-03 23:18:11.371 16838-30864/? V/AllShare(ASF_DMC): [NETWORK_LAYER] NotifyNICIfEvent: 1124: 2 event listeners are notified!!!
09-03 23:18:11.371 16838-30864/? D/AllShare(ASF-DMC): DeviceSubscriber.eventNotifyReceived - receive system event: com.sec.android.allshare.event.EVENT_WIFI_ENABLED
09-03 23:18:11.371 16838-30838/? D/AllShare(ASF_DMC): [NETWORK_LAYER] NotifyNICEventByID: 1204: Notifying NIC Change 0 for wlan0 listener_id 0
09-03 23:18:11.371 16838-30837/? D/AllShare(ASF_DMC): [NETWORK_LAYER] NotifyNICEventByID: 1204: Notifying NIC Change 0 for wlan0 listener_id 1
09-03 23:18:11.371 16838-30838/? D/AllShare(ASF_DMC): [CP_DISCOVERY] OnNetworkChanged: 53: Received NIC change event [0] for [wlan0]
09-03 23:18:11.371 16838-30838/? V/AllShare(ASF_DMC): [CP_DISCOVERY] Rescan: 449: Sending Rescan.
09-03 23:18:11.371 16838-30837/? D/AllShare(ASF_DMC): [STREAMING] OnNetworkChanged: 155: NW event arrived for interface name wlan0
09-03 23:18:11.371 16838-30864/? D/AllShare(ASF-DMC): NetworkStatusListener.notifyNICRemoved - NIC: p2p-wlan0-0
09-03 23:18:11.371 16838-30864/? I/AllShare(ASF_DMC): [JNI] JavaNotifyNICRemoved: 137: Enter JavaNotifyNICRemoved
09-03 23:18:11.371 16838-30864/? I/AllShare(ASF_DMC): [NETWORK_LAYER] NotifyNICRemoved: 1078: Interface [p2p-wlan0-0] is already removed!!
09-03 23:18:11.371 16838-30864/? D/AllShare(ASF-DMC): DeviceSubscriber.eventNotifyReceived - receive system event: com.sec.android.allshare.event.EVENT_WIFI_P2P_DISABLED
09-03 23:18:11.371 626-30827/? V/MediaPlayer: decode(69, 0, 4705)
09-03 23:18:11.381 3093-4167/? I/OggExtractor: OggSource::OggSource() mExtractor ref count = 4
09-03 23:18:11.381 3093-4167/? I/OMXCodec: Attempting to allocate OMX node 'OMX.google.vorbis.decoder'
09-03 23:18:11.381 3093-4167/? I/OMXCodec: Successfully allocated OMX node 'OMX.google.vorbis.decoder'
09-03 23:18:11.381 3093-4167/? I/OMXCodec: >>>UHQA initOutputFormat 16
09-03 23:18:11.381 3093-4167/? I/OMXCodec: [OMX.google.vorbis.decoder] OMXCodec::start mState=1
09-03 23:18:11.381 3093-4167/? I/OMXCodec: [OMX.google.vorbis.decoder] allocating 4 buffers of size 8192 on input port
09-03 23:18:11.381 3093-4167/? I/OMXCodec: [OMX.google.vorbis.decoder] allocating 4 buffers of size 32768 on output port
09-03 23:18:11.381 3093-30868/? I/OMXCodec: [OMX.google.vorbis.decoder] Now Idle. Component sends idle done Event 
09-03 23:18:11.381 3093-30868/? I/OMXCodec: [OMX.google.vorbis.decoder] End Of Stream
09-03 23:18:11.381 3093-30868/? I/OMXCodec: [OMX.google.vorbis.decoder] 0onCmdComplete  mState =  7
09-03 23:18:11.381 3093-30868/? I/OMXCodec: [OMX.google.vorbis.decoder] PORT_DISABLED(1)
09-03 23:18:11.381 3093-30868/? I/OMXCodec: >>>UHQA initOutputFormat 16
09-03 23:18:11.381 3093-30868/? I/OMXCodec: [OMX.google.vorbis.decoder] allocating 4 buffers of size 32768 on output port
09-03 23:18:11.381 3093-4167/? I/SoundExtractor: extract() reached EOS
09-03 23:18:11.381 3093-4167/? I/OMXCodec: [OMX.google.vorbis.decoder] stop mState=4
09-03 23:18:11.381 3093-4167/? I/OMXCodec: [OMX.google.vorbis.decoder] stop() sendCommand(3218, OMX_CommandStateSet, OMX_StateIdle)
09-03 23:18:11.381 3093-30868/? I/OMXCodec: [OMX.google.vorbis.decoder] Now Idle. Component sends idle done Event 
09-03 23:18:11.381 3093-4167/? I/OMXCodec: [OMX.google.vorbis.decoder] stopOmxComponent_l() mstate = 1
09-03 23:18:11.381 3093-4167/? I/OggExtractor: OggSource::stop() mExtractor ref count = 1
09-03 23:18:11.381 3093-4167/? I/OggExtractor: OggSource::~OggSource() mExtractor !mStarted ref count = 1
09-03 23:18:11.381 3093-4167/? I/OggExtractor: ~OggSource --
09-03 23:18:11.381 3093-4167/? I/OggExtractor: ~OggExtractor ++
09-03 23:18:11.381 3093-4167/? I/OggExtractor: ~MyOggExtractor ++ 
09-03 23:18:11.381 3093-4167/? I/OggExtractor: ~MyOggExtractor --
09-03 23:18:11.381 3093-4167/? I/OggExtractor: ~OggExtractor --
09-03 23:18:11.441 16838-30842/? V/AllShare(ASF_DMC): [CP_DISCOVERY] SendDeviceDescriptionRequest: 379: Making description request for [uuid:a784f457-142a-cad5-fcc0-ecd2a10ca09b+wlan0]
09-03 23:18:11.441 16838-30842/? D/AllShare(ASF_DMC): [CP_DISCOVERY] OnUDPRequestReceived: 203: Recv M-SEARCH res from NEW dev [uuid:a784f457-142a-cad5-fcc0-ecd2a10ca09b+wlan0] client_ip = [10.0.0.1] Interface ip [10.0.0.4]
09-03 23:18:11.461 16838-30848/? V/AllShare(ASF_DMC): [CP_DISCOVERY] PopulateServiceDescription: 350: Sent request for 1 services
09-03 23:18:11.481 16838-30848/? I/AllShare(ASF_DMC): [CP_DISCOVERY] OnResponseReceived: 183: service description received
09-03 23:18:11.481 16838-30848/? V/AllShare(ASF_DMC): [CP_DISCOVERY] ServiceDescriptionReceived: 550: All services available for device uuid:a784f457-142a-cad5-fcc0-ecd2a10ca09b+wlan0 
09-03 23:18:11.551 3633-4468/? D/InputReader: Input event(3): value=1 when=154728656663000
09-03 23:18:11.551 3633-4468/? D/InputReader: Input event(3): value=1 when=154728656663000
09-03 23:18:11.551 3633-4468/? I/InputReader: Touch event's action is 0x0 (deviceType=0) [pCnt=1, s=0.12096 ] when=154728656663000
09-03 23:18:11.551 3633-4468/? D/InputReader: lastThreadEndTime = 154727934977821, currentThreadStartTime = 154727934982612, diff = 0
09-03 23:18:11.551 3633-4467/? I/InputDispatcher: Delivering touch to (19026): action: 0x4, toolType: 1
09-03 23:18:11.551 3633-4467/? I/InputDispatcher: Delivering touch to (626): action: 0x0, toolType: 1
09-03 23:18:11.551 626-626/? D/ViewRootImpl: ViewPostImeInputStage processPointer 0
09-03 23:18:11.551 3633-4467/? D/PowerManagerService: [api] userActivityFromNative : 780 (event: 2 flags: 0) eventTime = 154728656
09-03 23:18:11.551 19026-19026/? D/AutoHideHelper: ###check Single invalid
09-03 23:18:11.551 3633-5549/? D/CustomFrequencyManagerService: acquireDVFSLockLocked : type : DVFS_MIN_LIMIT  frequency : 800000  uid : 1000  pid : 3633  pkgName : GALLERY_LIST_SCROLL@619
09-03 23:18:11.551 626-30832/? D/CpuBoostScrollCmd: Scroll Boost CPU Clock
09-03 23:18:11.561 626-30823/? D/GlHoverController: onMessage msg = 3
09-03 23:18:11.561 626-30823/? D/GlHoverController: removeHoverView removed message = 0
09-03 23:18:11.581 3633-3633/? D/CustomFrequencyManagerService: releaseDVFSLockLocked : Getting Lock type frm List : DVFS_MIN_LIMIT  frequency : 1800000  uid : 1000  pid : 3633  tag : ACTIVITY_RESUME_BOOSTER@9
09-03 23:18:11.631 3633-4468/? D/InputReader: Input event(3): value=0 when=154728737086000
09-03 23:18:11.631 3633-4468/? D/InputReader: Input event(3): value=0 when=154728737086000
09-03 23:18:11.631 3633-4468/? I/InputReader: Touch event's action is 0x1 (deviceType=0) [pCnt=1, s=] when=154728737086000
09-03 23:18:11.631 3633-4467/? I/InputDispatcher: Delivering touch to (626): action: 0x1, toolType: 1
09-03 23:18:11.631 626-626/? D/ViewRootImpl: ViewPostImeInputStage processPointer 1
09-03 23:18:11.631 626-626/? E/AlbumViewState: cannot start anmation to PhotoView. bitmap is null
09-03 23:18:11.631 3633-5622/? V/AudioService: AudioService playSoundEffect Type : 10, volume : -1.0
09-03 23:18:11.631 3633-4960/? V/AudioService: received MSG_PLAY_SOUND_EFFECT onPlaySoundEffect start
09-03 23:18:11.631 3093-5633/? I/APM::AudioPolicyManager: getSituationVolume: isBTConnected:0 isHeadConnected:0
09-03 23:18:11.641 626-626/? V/StateManager: startState class com.sec.samsung.gallery.view.photosplitview.PhotoSplitViewState
09-03 23:18:11.641 626-626/? I/Gallery_Performance: AlbumViewState onPause Start
09-03 23:18:11.641 626-626/? I/GlLayer: pause = com.sec.samsung.gallery.glview.composeView.GlComposeAlbumView@92c00ba, state = 1
09-03 23:18:11.641 626-626/? I/Gallery_Performance: AlbumViewState onPause End
09-03 23:18:11.641 626-626/? I/Gallery_Performance: PhotoSplitViewState onCreate Start
09-03 23:18:11.641 626-626/? D/ComposeViewDataLoader: checkIncreaseAlbumSet start
09-03 23:18:11.641 626-626/? I/Gallery_Performance: PhotoSplitViewState onCreate End
09-03 23:18:11.641 626-626/? I/Gallery_Performance: PhotoSplitViewState onResume Start
09-03 23:18:11.641 626-626/? D/GlComposeBaseView: GlComposeBaseView = com.sec.samsung.gallery.glview.composeView.GlComposeAlbumPhotoView@2d2641a
09-03 23:18:11.641 3093-4168/? W/AudioPolicyIntefaceImpl: Skipped to add effects on session 1328
09-03 23:18:11.641 3093-4168/? I/APM::AudioPolicyManager: startOutput() output 4, stream 1, session 1328
09-03 23:18:11.641 3633-3706/? V/BroadcastQueue: [background] Process cur broadcast BroadcastRecord{721bd43 u0 com.samsung.android.providers.context.log.action.USE_APP_FEATURE_SURVEY qIdx=4}, state= (APP_RECEIVE) DELIVERED for app ProcessRecord{5e94ccc 5869:com.samsung.android.providers.context/u0a380}
09-03 23:18:11.641 626-626/? D/GlComposeBaseView: GlComposeBaseView = com.sec.samsung.gallery.glview.composeView.GlComposeSplitView@430bb4b
09-03 23:18:11.651 3093-3727/? D/audio_hw_primary: out_set_parameters: enter: kvpairs: routing=2
09-03 23:18:11.651 3093-3727/? I/audio_hw_primary: out_set_parameters adev->out_device:2
09-03 23:18:11.651 3093-3727/? I/audio_hw_primary: is_voice_wakeup : ret =  1  , wakeup_baby_cry_enabled = 0  ,  wakeup_mic_enabled = 1 
09-03 23:18:11.651 3093-3727/? I/audio_hw_primary: get_scenario : scenario_type = 36
09-03 23:18:11.651 3093-3727/? I/audio_hw_primary: get_input_snd_device_id device:0xc
09-03 23:18:11.651 3093-3727/? V/audio_hw_primary: select_devices output_scenario:0 input_scenario:36 out_snd_device 0x2 in_snd_device:0xc
09-03 23:18:11.651 3093-3727/? I/audio_hw_primary: select_devices - do not update mixer_path
09-03 23:18:11.651 3093-3727/? D/AudioFlinger: setCurDevice() 0x2
09-03 23:18:11.651 3633-4941/? V/BroadcastQueue: [background] Process cur broadcast BroadcastRecord{5da2fc0 u0 com.samsung.android.providers.context.log.action.USE_APP_FEATURE_SURVEY qIdx=4}, state= (APP_RECEIVE) DELIVERED for app ProcessRecord{5e94ccc 5869:com.samsung.android.providers.context/u0a380}
09-03 23:18:11.661 626-626/? I/GlRootView: attachLayer = com.sec.samsung.gallery.glview.composeView.GlComposeAlbumView@92c00ba, new = com.sec.samsung.gallery.glview.composeView.GlComposeSplitView@430bb4b, type = 1
09-03 23:18:11.661 626-626/? I/GlRootView: exit attachLayer
09-03 23:18:11.661 626-30870/? D/ComposeViewDataLoader: checkIncreaseAlbumSet start
09-03 23:18:11.661 626-30870/? D/ComposeViewDataLoader: loadSet done old = 13, new = 13
09-03 23:18:11.661 626-30870/? D/ComposeViewDataLoader: loadCoveritems count =0, updS = 8, updE = 1
09-03 23:18:11.661 626-30870/? D/ComposeViewDataLoader: loadCoveritems count =0, updS = 8, updE = 1
09-03 23:18:11.661 3633-4941/? V/BroadcastQueue: [background] Process cur broadcast BroadcastRecord{6f304f9 u0 com.samsung.android.providers.context.log.action.USE_APP_FEATURE_SURVEY qIdx=4}, state= (APP_RECEIVE) DELIVERED for app ProcessRecord{5e94ccc 5869:com.samsung.android.providers.context/u0a380}
09-03 23:18:11.671 626-30872/? E/NFC: isAndroidBeamAllowed - Begin
09-03 23:18:11.671 626-30872/? I/NFC: showMsg is false
09-03 23:18:11.671 3633-5617/? D/SecContentProvider: query(), uri = 15 selection = isAndroidBeamAllowed
09-03 23:18:11.681 626-626/? I/Gallery_Performance: PhotoSplitViewState onResume End
09-03 23:18:11.681 626-30823/? I/GlRootView: enter replaceLayer = com.sec.samsung.gallery.glview.composeView.GlComposeAlbumView@92c00ba, new = com.sec.samsung.gallery.glview.composeView.GlComposeSplitView@430bb4b, type = 1
09-03 23:18:11.681 626-30823/? I/GlLayer: pause = com.sec.samsung.gallery.glview.composeView.GlComposeAlbumView@92c00ba, state = 2
09-03 23:18:11.681 626-30823/? I/GlLayer: destroy = com.sec.samsung.gallery.glview.composeView.GlComposeAlbumView@92c00ba, state = 2
09-03 23:18:11.681 626-30823/? D/GlComposeView: setAdapter = com.sec.samsung.gallery.view.adapter.ComposeAlbumSetAdapter@be60c6a, new = null
09-03 23:18:11.681 3633-5607/? D/CustomFrequencyManagerService: releaseDVFSLockLocked : Getting Lock type frm List : DVFS_MIN_LIMIT  frequency : 800000  uid : 1000  pid : 3633  tag : GALLERY_LIST_SCROLL@619
09-03 23:18:11.681 626-626/? I/InjectionManager: dispatchCreateOptionsMenu :com.sec.android.gallery3d.app.GalleryActivity
09-03 23:18:11.681 626-626/? I/InjectionManager: dispatchPrepareOptionsMenu :com.sec.android.gallery3d.app.GalleryActivity
09-03 23:18:11.681 626-30832/? D/CpuBoostScrollCmd: Scroll Boost Release
09-03 23:18:11.681 626-30823/? D/GlRootView: isWideMode : false
09-03 23:18:11.681 626-30823/? I/GlLayer: create = com.sec.samsung.gallery.glview.composeView.GlComposeSplitView@430bb4b, state = 0
09-03 23:18:11.681 3093-3727/? D/AudioFlinger: mixer(0xede40000) throttle end: throttle time(7)
09-03 23:18:11.681 626-30872/? E/NFC: isAndroidBeamAllowed - Begin
09-03 23:18:11.681 626-30872/? I/NFC: showMsg is false
09-03 23:18:11.681 3633-5548/? D/SecContentProvider: query(), uri = 15 selection = isAndroidBeamAllowed
09-03 23:18:11.681 626-30823/? E/PositionControllerAlbumPhoto: resetAttributes :: mTitleCanvsH : 160 mTitleCanvsW:0
09-03 23:18:11.681 626-30823/? D/GlLayer: setHoverScrollFlexibleHeightMargin264
09-03 23:18:11.681 626-30823/? I/GlLayer: create = com.sec.samsung.gallery.glview.composeView.GlComposeAlbumPhotoView@2d2641a, state = 0
09-03 23:18:11.691 626-30823/? E/PositionControllerAlbumPhoto: resetAttributes :: mTitleCanvsH : 128 mTitleCanvsW:0
09-03 23:18:11.691 626-30823/? D/GlLayer: setHoverScrollFlexibleHeightMargin228
09-03 23:18:11.691 626-30823/? D/PhotoSplitViewState: onViewInitialize
09-03 23:18:11.691 626-30823/? D/GlComposeView: setAdapter = null, new = com.sec.samsung.gallery.view.adapter.ComposePhotoViewAlbumSetAdapter@a9fc57d
09-03 23:18:11.691 626-30823/? D/ComposeViewDataLoader: applyViewListener = com.sec.samsung.gallery.glview.composeView.GlComposeView$2@fe15c72, count = -1, notiCount = -1
09-03 23:18:11.691 626-30823/? D/GlComposeView: onSizeChanged= 13
09-03 23:18:11.691 626-30823/? D/GlComposeView: setAdapter = null, new = com.sec.samsung.gallery.view.adapter.ComposeMediaItemAdapter@f4b48c3
09-03 23:18:11.691 626-30823/? I/GlLayer: resume = com.sec.samsung.gallery.glview.composeView.GlComposeSplitView@430bb4b, state = 1
09-03 23:18:11.691 626-30823/? I/GlRootView: exit replaceLayer
09-03 23:18:11.691 3633-4941/? V/BroadcastQueue: [background] Process cur broadcast BroadcastRecord{2932c3e u0 com.samsung.android.providers.context.log.action.REPORT_APP_STATUS_SURVEY qIdx=4}, state= (APP_RECEIVE) DELIVERED for app ProcessRecord{5e94ccc 5869:com.samsung.android.providers.context/u0a380}
09-03 23:18:11.691 626-30823/? W/PositionControllerAlbumPhoto: update left albumType : -2
09-03 23:18:11.701 626-30823/? W/PositionControllerAlbumPhoto: update left albumType : -2
09-03 23:18:11.701 626-30823/? W/PositionControllerAlbumPhoto: update left albumType : -2
09-03 23:18:11.701 626-30823/? W/PositionControllerAlbumPhoto: update left albumType : -2
09-03 23:18:11.701 626-30823/? W/PositionControllerAlbumPhoto: update left albumType : -2
09-03 23:18:11.711 626-30871/? D/ComposeViewDataLoader: applyViewListener = null, count = 100, notiCount = -1
09-03 23:18:11.711 626-30870/? D/ComposeViewDataLoader: loadCoveritems count =0, updS = 8, updE = 1
09-03 23:18:11.711 626-30871/? D/GlComposeView: onSizeChanged= 100
09-03 23:18:11.711 626-30871/? D/GlComposeView: onContentChanged=0,end=39
09-03 23:18:11.721 626-626/? D/PhotoViewEventHandle: onAlbumClick: 5-th album selected
09-03 23:18:11.721 626-30823/? D/GlComposePhotoView: updateSize = 100
09-03 23:18:11.731 626-626/? I/InjectionManager: dispatchCreateOptionsMenu :com.sec.android.gallery3d.app.GalleryActivity
09-03 23:18:11.731 626-626/? I/InjectionManager: dispatchPrepareOptionsMenu :com.sec.android.gallery3d.app.GalleryActivity
09-03 23:18:11.741 3093-3624/? I/APM::AudioPolicyManager: stopOutput() output 4, stream 1, session 1328
09-03 23:18:11.771 626-626/? D/PhotoViewEventHandle: onAlbumClick: 5-th album selected
09-03 23:18:11.861 5248-5248/? D/Recents: onTaskStackChanged
09-03 23:18:12.291 3633-5842/? D/ConnectivityService: returning getNetworkInfo for network type 0 : [type: MOBILE[] - MOBILE, state: DISCONNECTED/DISCONNECTED, reason: (unspecified), extra: (none), roaming: false, failover: false, isAvailable: true]
09-03 23:18:12.291 3633-3649/? D/ConnectivityService: returning getNetworkInfo for network type 1 : [type: WIFI[] - WIFI, state: CONNECTED/CONNECTED, reason: (unspecified), extra: "HOME-E0A8", roaming: false, failover: false, isAvailable: true]
09-03 23:18:12.341 3633-4468/? D/InputReader: Input event(3): value=1 when=154729442425000
09-03 23:18:12.341 3633-4468/? D/InputReader: Input event(3): value=1 when=154729442425000
09-03 23:18:12.341 3633-4468/? I/InputReader: Touch event's action is 0x0 (deviceType=0) [pCnt=1, s=0.12097 ] when=154729442425000
09-03 23:18:12.341 3633-4468/? D/InputReader: lastThreadEndTime = 154728737354863, currentThreadStartTime = 154728737359404, diff = 0
09-03 23:18:12.341 3633-4467/? I/InputDispatcher: Delivering touch to (19026): action: 0x4, toolType: 1
09-03 23:18:12.341 3633-4467/? I/InputDispatcher: Delivering touch to (626): action: 0x0, toolType: 1
09-03 23:18:12.341 626-626/? D/ViewRootImpl: ViewPostImeInputStage processPointer 0
09-03 23:18:12.341 19026-19026/? D/AutoHideHelper: ###check Single invalid
09-03 23:18:12.341 3633-3648/? D/CustomFrequencyManagerService: acquireDVFSLockLocked : type : DVFS_MIN_LIMIT  frequency : 800000  uid : 1000  pid : 3633  pkgName : GALLERY_LIST_SCROLL@619
09-03 23:18:12.341 626-30832/? D/CpuBoostScrollCmd: Scroll Boost CPU Clock
09-03 23:18:12.351 626-30823/? D/GlHoverController: onMessage msg = 3
09-03 23:18:12.351 626-30823/? D/GlHoverController: removeHoverView removed message = 0
09-03 23:18:12.391 3633-5607/? D/BatteryService: !@BatteryListener : batteryPropertiesChanged!
09-03 23:18:12.391 3633-5607/? D/BatteryService: level:62, scale:100, status:2, health:2, present:true, voltage: 3948, temperature: 253, technology: Li-ion, AC powered:false, USB powered:true, POGO powered:false, Wireless powered:false, icon:17303413, invalid charger:0, maxChargingCurrent:0
09-03 23:18:12.391 3633-5607/? D/BatteryService: online:4, current avg:-70, charge type:1, power sharing:false, high voltage charger:false, capacity:280000, batterySWSelfDischarging:false, current_now:109
09-03 23:18:12.391 3633-3633/? D/BatteryService: Sending ACTION_BATTERY_CHANGED.
09-03 23:18:12.401 3633-3708/? D/BluetoothAdapter: STATE_BLE_ON
09-03 23:18:12.451 3633-3714/? D/PowerManagerService: [PSM] lowPowerModeEnabled: false (mLowPowerModeSetting: false, mIsPowered: true, mAutoLowPowerModeConfigured: false, mBatteryLevel: 62, mLowBatteryTriggerLevel: 0)
09-03 23:18:12.451 3633-3633/? I/MotionRecognitionService: Plugged
09-03 23:18:12.451 3633-3633/? D/MotionRecognitionService:   cableConnection= 1
09-03 23:18:12.451 3633-3633/? D/MotionRecognitionService: setPowerConnected | current backoffstate  = 1024 , state =1024
09-03 23:18:12.451 3633-3633/? D/MotionRecognitionService: skip setTransmitPower. 
09-03 23:18:12.451 5169-5169/? D/KeyguardUpdateMonitor: received broadcast android.intent.action.BATTERY_CHANGED
09-03 23:18:12.451 5169-5169/? D/KeyguardUpdateMonitor: handleBatteryUpdate
09-03 23:18:12.451 5199-5199/? D/CommonServiceConfiguration: getStringValueSetting
09-03 23:18:12.451 5169-5169/? D/PowerUI: priorPlugType = 2 mPlugType =  2
09-03 23:18:12.451 5169-5169/? D/PowerUI.Notification: showChargingNotice oldChargingType : 1 currentChargingType : 1 oldChargingTime : 8140000 mChargingTime : 8165000
09-03 23:18:12.451 5169-5169/? D/PowerUI.Notification: showChargingNotification()
09-03 23:18:12.461 5199-5199/? D/BatteryMonitor: new battery level: 62
09-03 23:18:12.461 9944-9944/? E/MtpServerJNI: server is null in send_object_removed
09-03 23:18:12.471 3633-5273/? D/ApplicationPolicy: isStatusBarNotificationAllowedAsUser: packageName = com.android.systemui,userId = -1
09-03 23:18:12.471 3633-3633/? W/ResourcesManager: getTopLevelResources: /system/priv-app/SystemUI/SystemUI.apk / 1.0 running in null rsrc of package com.android.systemui
09-03 23:18:12.471 5169-5169/? D/BatteryMeterView: ACTION_BATTERY_CHANGED : level:62 status:2 health:2
09-03 23:18:12.471 5169-5169/? D/BatteryMeterView: ACTION_BATTERY_CHANGED : level:62 status:2 health:2
09-03 23:18:12.471 5169-5169/? D/CoverUpdateMonitor: received broadcast android.intent.action.BATTERY_CHANGED
09-03 23:18:12.471 626-30871/? D/GlComposeView: onContentChanged=40,end=79
09-03 23:18:12.471 3633-3633/? D/ResourcesManager: For user 0 new overlays fetched [/data/app/se.thegreen.GoldKeyPad.common-1/base.apk, /data/app/se.thegreen.GoldKeyPad.touchwiz-1/base.apk, /data/app/se.thegreen.GoldKeyPad.lock-1/base.apk]
09-03 23:18:12.481 3633-3633/? D/MARsPolicyManager: NotificationListenerService OngoingNotificationPosted : com.android.systemui
09-03 23:18:12.501 5169-5169/? D/CoverBroadcastManager: ACTION_BATTERY_CHANGED : when=1472969892515, item=status=2 / plugged=2 / level=62 / health=2 / batteryOnline=4 / highVoltage=false
09-03 23:18:12.501 5169-5169/? D/ClearCoverNoblePage: updateBatteryStateWidget : Plugged = 2 Level=62
09-03 23:18:12.501 5169-5169/? D/ClearCoverNoblePage: Detected wire charging
09-03 23:18:12.511 5169-5169/? W/ResourcesManager: getTopLevelResources: /system/priv-app/SystemUI/SystemUI.apk / 1.0 running in com.android.systemui rsrc of package com.android.systemui
09-03 23:18:12.521 626-30871/? D/GlComposeView: onContentChanged=80,end=83
09-03 23:18:12.531 5169-5169/? D/PhoneStatusBar: setAreThereNotifications: N=4 any=true clearable=true
09-03 23:18:12.581 626-30871/? D/GlComposeView: onContentChanged=84,end=87
09-03 23:18:12.841 3633-4468/? D/InputReader: Input event(3): value=0 when=154729945202000
09-03 23:18:12.841 3633-4468/? D/InputReader: Input event(3): value=0 when=154729945202000
09-03 23:18:12.841 3633-4468/? I/InputReader: Touch event's action is 0x1 (deviceType=0) [pCnt=1, s=] when=154729945202000
09-03 23:18:12.841 3633-4467/? I/InputDispatcher: Delivering touch to (626): action: 0x1, toolType: 1
09-03 23:18:12.841 626-626/? D/ViewRootImpl: ViewPostImeInputStage processPointer 1
09-03 23:18:12.841 3633-7848/? D/CustomFrequencyManagerService: acquireDVFSLockLocked : type : DVFS_MIN_LIMIT  frequency : 800000  uid : 1000  pid : 3633  pkgName : GESTURE_DETECTED@CPU_MIN@34
09-03 23:18:12.841 3633-7848/? D/CustomFrequencyManagerService: releaseDVFSLockLocked : Getting Lock type frm List : DVFS_MIN_LIMIT  frequency : 800000  uid : 1000  pid : 3633  tag : GESTURE_DETECTED@CPU_MIN@34
09-03 23:18:12.841 3633-7848/? D/CustomFrequencyManagerService: acquireDVFSLockLocked : type : DVFS_MIN_LIMIT  frequency : 800000  uid : 1000  pid : 3633  pkgName : GESTURE_DETECTED@CPU_MIN@34
09-03 23:18:12.841 626-626/? D/GlBoundaryAnim: startFling = -148.8, mDec = 56.0
09-03 23:18:12.841 3633-3649/? D/CustomFrequencyManagerService: releaseDVFSLockLocked : Getting Lock type frm List : DVFS_MIN_LIMIT  frequency : 800000  uid : 1000  pid : 3633  tag : GALLERY_LIST_SCROLL@619
09-03 23:18:12.841 626-30832/? D/CpuBoostScrollCmd: Scroll Boost Release
09-03 23:18:12.851 3633-5254/? D/CustomFrequencyManagerService: acquireDVFSLockLocked : type : DVFS_MIN_LIMIT  frequency : 800000  uid : 1000  pid : 3633  pkgName : GALLERY_LIST_SCROLL@619
09-03 23:18:12.851 626-30832/? D/CpuBoostScrollCmd: Scroll Boost CPU Clock
09-03 23:18:13.141 3633-4468/? D/InputReader: Input event(3): value=1 when=154730245190000
09-03 23:18:13.141 3633-4468/? D/InputReader: Input event(3): value=1 when=154730245190000
09-03 23:18:13.141 3633-4468/? I/InputReader: Touch event's action is 0x0 (deviceType=0) [pCnt=1, s=0.12098 ] when=154730245190000
09-03 23:18:13.141 3633-4468/? D/InputReader: lastThreadEndTime = 154729945531030, currentThreadStartTime = 154729945535405, diff = 0
09-03 23:18:13.141 3633-4467/? I/InputDispatcher: Delivering touch to (19026): action: 0x4, toolType: 1
09-03 23:18:13.141 3633-4467/? I/InputDispatcher: Delivering touch to (626): action: 0x0, toolType: 1
09-03 23:18:13.141 626-626/? D/ViewRootImpl: ViewPostImeInputStage processPointer 0
09-03 23:18:13.141 19026-19026/? D/AutoHideHelper: ###check Single invalid
09-03 23:18:13.151 3633-5617/? D/CustomFrequencyManagerService: releaseDVFSLockLocked : Getting Lock type frm List : DVFS_MIN_LIMIT  frequency : 800000  uid : 1000  pid : 3633  tag : GALLERY_LIST_SCROLL@619
09-03 23:18:13.151 3633-5549/? D/CustomFrequencyManagerService: acquireDVFSLockLocked : type : DVFS_MIN_LIMIT  frequency : 800000  uid : 1000  pid : 3633  pkgName : GALLERY_LIST_SCROLL@619
09-03 23:18:13.151 626-30832/? D/CpuBoostScrollCmd: Scroll Boost CPU Clock
09-03 23:18:13.151 3633-5622/? D/CustomFrequencyManagerService: releaseDVFSLockLocked : Getting Lock type frm List : DVFS_MIN_LIMIT  frequency : 800000  uid : 1000  pid : 3633  tag : GALLERY_LIST_SCROLL@619
09-03 23:18:13.151 626-30832/? D/CpuBoostScrollCmd: Scroll Boost Release
09-03 23:18:13.161 626-30823/? D/GlHoverController: onMessage msg = 3
09-03 23:18:13.161 626-30823/? D/GlHoverController: removeHoverView removed message = 0
09-03 23:18:13.251 3633-4468/? D/InputReader: Input event(3): value=0 when=154730358864000
09-03 23:18:13.251 3633-4468/? D/InputReader: Input event(3): value=0 when=154730358864000
09-03 23:18:13.251 3633-4468/? I/InputReader: Touch event's action is 0x1 (deviceType=0) [pCnt=1, s=] when=154730358864000
09-03 23:18:13.251 3633-4467/? I/InputDispatcher: Delivering touch to (626): action: 0x1, toolType: 1
09-03 23:18:13.251 626-626/? D/ViewRootImpl: ViewPostImeInputStage processPointer 1
09-03 23:18:13.251 626-626/? D/GlComposeView: onClick is canceled = false, enabled = true
09-03 23:18:13.251 626-30832/? D/CpuBoostScrollCmd: Scroll Boost Release
09-03 23:18:13.341 3633-3633/? D/CustomFrequencyManagerService: releaseDVFSLockLocked : Getting Lock type frm List : DVFS_MIN_LIMIT  frequency : 800000  uid : 1000  pid : 3633  tag : GESTURE_DETECTED@CPU_MIN@34
09-03 23:18:13.371 16838-30839/? V/AllShare(ASF_DMC): [CP_DISCOVERY] RescanTimerExpiredCallBack: 310: Creating new thread for invalid device removal. timer_id: 2
09-03 23:18:13.801 3633-5842/? D/ConnectivityService: returning getNetworkInfo for network type 0 : [type: MOBILE[] - MOBILE, state: DISCONNECTED/DISCONNECTED, reason: (unspecified), extra: (none), roaming: false, failover: false, isAvailable: true]
09-03 23:18:13.801 3633-3648/? D/ConnectivityService: returning getNetworkInfo for network type 1 : [type: WIFI[] - WIFI, state: CONNECTED/CONNECTED, reason: (unspecified), extra: "HOME-E0A8", roaming: false, failover: false, isAvailable: true]
09-03 23:18:13.821 5169-5363/? D/NetworkController.MobileSignalController(0/4): onSignalStrengthsChanged signalStrength=SignalStrength: 99 99 -120 -160 -120 -1 -1 19 -107 -13 12 -1 2147483647 0x2000 gsm|lte level=2
09-03 23:18:13.821 5169-5363/? D/NetworkController.MobileSignalController(0/4): getMobileIconGroup(): 13
09-03 23:18:13.821 5169-5363/? D/NetworkController.MobileSignalController(0/4): updateCMCCMobileIconGroup(): 13
09-03 23:18:14.721 3093-3727/? I/audio_hw_primary: do_out_standby +
09-03 23:18:14.741 3093-3727/? D/audio_hw_primary: output_devices devices:0
09-03 23:18:14.741 3093-3727/? D/audio_hw_primary: output_devices devices:0
09-03 23:18:14.741 3093-3727/? I/audio_hw_primary: is_voice_wakeup : ret =  1  , wakeup_baby_cry_enabled = 0  ,  wakeup_mic_enabled = 1 
09-03 23:18:14.741 3093-3727/? I/audio_hw_primary: get_scenario : scenario_type = 36
09-03 23:18:14.741 3093-3727/? I/audio_hw_primary: get_input_snd_device_id device:0xc
09-03 23:18:14.741 3093-3727/? V/audio_hw_primary: select_devices output_scenario:-1 input_scenario:36 out_snd_device 0x0 in_snd_device:0xc
09-03 23:18:14.741 3093-3727/? I/audio_hw_primary: set_spk_rx_mute mute(1), rx val=0
09-03 23:18:14.741 3093-3727/? I/audio_route: > audio_route_reset :
09-03 23:18:14.741 3093-3727/? I/audio_route: > audio_route_apply_path : "voice_control-mic"
09-03 23:18:14.741 3093-3727/? V/audio_hw_primary: select_devices() input_route "voice_control-mic" 
09-03 23:18:14.741 3093-3727/? I/audio_route: > audio_route_apply_path : "gain-voice_control-mic"
09-03 23:18:14.741 3093-3727/? V/audio_hw_primary: select_devices() input_gain "gain-voice_control-mic" 
09-03 23:18:14.741 3093-3727/? I/audio_route: > audio_route_update_mixer : +
09-03 23:18:14.741 3093-3727/? I/audio_route: > audio_route_update_mixer : changed(7) -
09-03 23:18:14.741 3093-3727/? V/audio_hw_primary: select_devices : set seamless_buf_offset
09-03 23:18:14.741 3093-3727/? I/audio_route: > audio_values_apply_path : "seamless_buf_offset"
09-03 23:18:14.741 3093-3727/? I/audio_hw_primary: select_devices - 
09-03 23:18:14.741 3093-3727/? I/audio_hw_primary: do_out_standby -
09-03 23:18:14.811 3633-4468/? D/InputReader: Input event(3): value=1 when=154731919417000
09-03 23:18:14.811 3633-4468/? D/InputReader: Input event(3): value=1 when=154731919417000
09-03 23:18:14.811 3633-4468/? I/InputReader: Touch event's action is 0x0 (deviceType=0) [pCnt=1, s=0.12099 ] when=154731919417000
09-03 23:18:14.821 3633-4468/? D/InputReader: lastThreadEndTime = 154730359075572, currentThreadStartTime = 154730359079488, diff = 0
09-03 23:18:14.821 3633-4467/? I/InputDispatcher: Delivering touch to (19026): action: 0x4, toolType: 1
09-03 23:18:14.821 3633-4467/? I/InputDispatcher: Delivering touch to (626): action: 0x0, toolType: 1
09-03 23:18:14.821 626-626/? D/ViewRootImpl: ViewPostImeInputStage processPointer 0
09-03 23:18:14.821 19026-19026/? D/AutoHideHelper: ###check Single invalid
09-03 23:18:14.821 626-30823/? D/GlHoverController: onMessage msg = 3
09-03 23:18:14.821 626-30823/? D/GlHoverController: removeHoverView removed message = 0
09-03 23:18:14.821 3633-5254/? D/CustomFrequencyManagerService: acquireDVFSLockLocked : type : DVFS_MIN_LIMIT  frequency : 800000  uid : 1000  pid : 3633  pkgName : GALLERY_LIST_SCROLL@619
09-03 23:18:14.821 626-30832/? D/CpuBoostScrollCmd: Scroll Boost CPU Clock
09-03 23:18:14.911 3633-4468/? D/InputReader: Input event(3): value=0 when=154732010417000
09-03 23:18:14.911 3633-4468/? D/InputReader: Input event(3): value=0 when=154732010417000
09-03 23:18:14.911 3633-4468/? I/InputReader: Touch event's action is 0x1 (deviceType=0) [pCnt=1, s=] when=154732010417000
09-03 23:18:14.911 3633-4467/? I/InputDispatcher: Delivering touch to (626): action: 0x1, toolType: 1
09-03 23:18:14.911 626-626/? D/ViewRootImpl: ViewPostImeInputStage processPointer 1
09-03 23:18:14.911 3633-5607/? V/AudioService: AudioService playSoundEffect Type : 10, volume : -1.0
09-03 23:18:14.911 3633-4960/? V/AudioService: received MSG_PLAY_SOUND_EFFECT onPlaySoundEffect start
09-03 23:18:14.911 3093-6337/? I/APM::AudioPolicyManager: getSituationVolume: isBTConnected:0 isHeadConnected:0
09-03 23:18:14.911 3633-5549/? D/InputDispatcher: Focused application set to: xxxx
09-03 23:18:14.921 3093-4168/? W/AudioPolicyIntefaceImpl: Skipped to add effects on session 1329
09-03 23:18:14.921 3093-4168/? I/APM::AudioPolicyManager: startOutput() output 4, stream 1, session 1329
09-03 23:18:14.921 626-626/? I/Gallery_Performance: Gallery onPause Start
09-03 23:18:14.921 3633-5273/? D/CustomFrequencyManagerService: releaseDVFSLockLocked : Getting Lock type frm List : DVFS_MIN_LIMIT  frequency : 800000  uid : 1000  pid : 3633  tag : GALLERY_LIST_SCROLL@619
09-03 23:18:14.921 626-30832/? D/CpuBoostScrollCmd: Scroll Boost Release
09-03 23:18:14.921 3071-4573/? D/libEGL: eglTerminate EGLDisplay = 0x7f7ba7ae78
09-03 23:18:14.921 3071-4573/? D/libEGL: eglTerminate EGLDisplay = 0x7f7ba7ae78
09-03 23:18:14.921 3093-3727/? D/audio_hw_primary: out_set_parameters: enter: kvpairs: routing=2
09-03 23:18:14.921 3093-3727/? D/AudioFlinger: setCurDevice() 0x2
09-03 23:18:14.931 626-30823/? D/libEGL: eglTerminate EGLDisplay = 0x7f872bee28
09-03 23:18:14.931 626-626/? D/GlRootView: onPause mGlActive = true
09-03 23:18:14.931 626-626/? I/GlLayer: pause = com.sec.samsung.gallery.glview.composeView.GlComposeAlbumPhotoView@2d2641a, state = 1
09-03 23:18:14.931 626-626/? I/Gallery_Performance: PostGalleryCmd pause() START 
09-03 23:18:14.931 626-626/? I/Gallery_Performance: PostGalleryCmd pause() END
09-03 23:18:14.931 626-626/? I/Gallery_Performance: Gallery onPause End
09-03 23:18:14.931 3633-5551/? D/CustomFrequencyManagerService: acquireDVFSLockLocked : type : DVFS_MIN_LIMIT  frequency : 1800000  uid : 1000  pid : 3633  pkgName : ACTIVITY_RESUME_BOOSTER@3
09-03 23:18:14.931 3633-5551/? D/ActivityManager: mDVFSHelper.acquire()
09-03 23:18:14.931 3633-5551/? D/ActivityManager:  Launching com.sh1r0.caffe_android_demo, updated priority
09-03 23:18:14.931 3093-3727/? V/audio_hw_primary: start_output_stream+, out->device : 00000002 , out->type = 1
09-03 23:18:14.941 3093-3727/? D/audio_hw_primary: start_output_stream (0xedba4000) out->pcm_device:6 out->config.rate:48000 out->config.format:0 out->period_size:240
09-03 23:18:14.941 3093-3727/? D/audio_hw_primary: start_output_stream (0xedba4000) out->config.rate:48000 out->config.format:0 out->period_size:240
09-03 23:18:14.941 3093-3727/? I/audio_hw_primary: is_voice_wakeup : ret =  1  , wakeup_baby_cry_enabled = 0  ,  wakeup_mic_enabled = 1 
09-03 23:18:14.941 3093-3727/? I/audio_hw_primary: get_scenario : scenario_type = 36
09-03 23:18:14.941 3093-3727/? I/audio_hw_primary: get_input_snd_device_id device:0xc
09-03 23:18:14.941 3093-3727/? V/audio_hw_primary: select_devices output_scenario:0 input_scenario:36 out_snd_device 0x2 in_snd_device:0xc
09-03 23:18:14.941 3093-3727/? I/audio_route: > audio_route_reset :
09-03 23:18:14.941 3093-3727/? I/audio_route: > audio_route_apply_path : "voice_control-mic"
09-03 23:18:14.941 3093-3727/? V/audio_hw_primary: select_devices() input_route "voice_control-mic" 
09-03 23:18:14.941 3093-3727/? I/audio_route: > audio_route_apply_path : "media-speaker"
09-03 23:18:14.941 3633-5254/? D/InputDispatcher: Focus left window: 626
09-03 23:18:14.941 3633-3712/? D/PointerIcon: setMouseIconStyle1 pointerType: 1001 iconType:101 flag:0 pid:3633 uid:1000
09-03 23:18:14.941 3633-3712/? D/PointerIcon: setMouseCustomIcon IconType is same.101
09-03 23:18:14.941 3633-3633/? D/GameManagerService: NotifyRunnable. pkg: com.sh1r0.caffe_android_demo, type: 4, isMinimized: false, isTunableApp: false
09-03 23:18:14.951 3633-3707/? W/ContextImpl: Calling a method in the system process without a qualified user: android.app.ContextImpl.sendBroadcast:830 com.android.server.policy.PhoneWindowManager.notifyToSSRM:8645 com.android.server.policy.PhoneWindowManager.access$1500:307 com.android.server.policy.PhoneWindowManager$PolicyHandler.handleMessage:1206 android.os.Handler.dispatchMessage:102 
09-03 23:18:14.961 27424-27424/? D/MainActivity: /storage/emulated/0/DCIM/Camera/test/Elephant/568.jpg
09-03 23:18:14.961 27424-27424/? D/MainActivity: 256
09-03 23:18:14.961 27424-27424/? D/MainActivity: 384
09-03 23:18:14.971 27424-27424/? D/ViewRootImpl: #1 mView = com.android.internal.policy.PhoneWindow$DecorView{c39dc14 V.E...... R.....I. 0,0-0,0}
09-03 23:18:14.971 3633-5607/? D/ISSUE_DEBUG: InputChannelName : 61287ec Predicting...
09-03 23:18:14.971 3633-3707/? D/StatusBarManagerService: manageDisableList userId=0 what=0x0 pkg=Window{61287ec u0 d0 Predicting...}
09-03 23:18:14.971 3633-5607/? D/InputDispatcher: Focus entered window: 27424
09-03 23:18:14.971 5169-5169/? D/PhoneStatusBar: setSystemUiVisibility vis=8000 mask=ffffffff oldVal=8600 newVal=8000 diff=600
09-03 23:18:14.971 3633-3712/? D/PointerIcon: setMouseIconStyle1 pointerType: 1001 iconType:101 flag:0 pid:3633 uid:1000
09-03 23:18:14.971 3633-3712/? D/PointerIcon: setMouseCustomIcon IconType is same.101
09-03 23:18:14.981 3633-5273/? D/ActivityManager: post active user change for 0 fullscreen true isFloatingActivity() false isHomeActivity() false
09-03 23:18:14.981 3633-5273/? D/KnoxTimeoutHandler: postActiveUserChange [MsgParam] userId: 0 fullscreen is true showWhenlocked is false
09-03 23:18:14.981 3633-3633/? D/KnoxTimeoutHandler: handleActiveUserChange [MsgParam] userId: 0 fullscreen is true showWhenlocked is false
09-03 23:18:14.981 3633-3633/? I/KnoxTimeoutHandler: Shared devices show user statefalse
09-03 23:18:14.991 3071-3071/? I/SurfaceFlinger: id=3608 createSurf (1x1),1 flag=4, 
09-03 23:18:15.001 3093-3727/? V/audio_hw_primary: select_devices() output_route "media-speaker" 
09-03 23:18:15.001 3093-3727/? I/audio_route: > audio_route_apply_path : "gain-voice_control-mic"
09-03 23:18:15.001 5169-5363/? D/NetworkController.MobileSignalController(0/4): onSignalStrengthsChanged signalStrength=SignalStrength: 99 99 -120 -160 -120 -1 -1 18 -107 -10 24 -1 2147483647 0x2000 gsm|lte level=2
09-03 23:18:15.001 5169-5363/? D/NetworkController.MobileSignalController(0/4): getMobileIconGroup(): 13
09-03 23:18:15.001 5169-5363/? D/NetworkController.MobileSignalController(0/4): updateCMCCMobileIconGroup(): 13
09-03 23:18:15.001 3093-3727/? V/audio_hw_primary: select_devices() input_gain "gain-voice_control-mic" 
09-03 23:18:15.001 3093-3727/? I/audio_route: > audio_route_apply_path : "gain-media-speaker"
09-03 23:18:15.001 3093-3727/? V/audio_hw_primary: select_devices() output_gain "gain-media-speaker" 
09-03 23:18:15.001 3093-3727/? I/audio_route: > audio_route_update_mixer : +
09-03 23:18:15.001 3093-3727/? I/audio_route: > audio_route_update_mixer : changed(0) -
09-03 23:18:15.001 3093-3727/? V/audio_hw_primary: select_devices : set seamless_buf_offset
09-03 23:18:15.001 3093-3727/? I/audio_route: > audio_values_apply_path : "seamless_buf_offset"
09-03 23:18:15.001 3093-3727/? I/audio_hw_primary: select_devices - 
09-03 23:18:15.001 3633-7848/? D/ConnectivityService: returning getNetworkInfo for network type 1 : [type: WIFI[] - WIFI, state: CONNECTED/CONNECTED, reason: (unspecified), extra: "HOME-E0A8", roaming: false, failover: false, isAvailable: true]
09-03 23:18:15.001 3093-3727/? V/audio_hw_primary: start_output_stream-
09-03 23:18:15.011 27424-27446/? D/mali_winsys: new_window_surface returns 0x3000,  [1336x648]-format:1
09-03 23:18:15.011 3071-3071/? I/SurfaceFlinger: id=3609 createSurf (1440x2560),1 flag=404, NainActivit
09-03 23:18:15.011 27424-27446/? D/mali_winsys: new_window_surface returns 0x3000,  [1440x2560]-format:1
09-03 23:18:15.021 27424-27424/? W/ActivityThread: AppLock checkAppLockState isAppLocked = false pkgName = com.sh1r0.caffe_android_demo showWhenLocked = false
09-03 23:18:15.031 27424-27424/? W/DisplayListCanvas: DisplayListCanvas is started on unbinded RenderNode (without mOwningView)
09-03 23:18:15.031 3093-3727/? D/AudioFlinger: mixer(0xede40000) throttle end: throttle time(10)
09-03 23:18:15.031 3633-5842/? V/WindowStateAnimator: Finishing drawing window Window{61287ec u0 d0 Predicting...}: mDrawState=DRAW_PENDING
09-03 23:18:15.041 3071-3071/? D/libEGL: eglInitialize EGLDisplay = 0x7ffb5b6848
09-03 23:18:15.091 3633-5549/? V/WindowStateAnimator: Finishing drawing window Window{62cf0c4 u0 d0 com.sh1r0.caffe_android_demo/com.sh1r0.caffe_android_demo.MainActivity}: mDrawState=DRAW_PENDING
09-03 23:18:15.091 3093-3624/? I/APM::AudioPolicyManager: stopOutput() output 4, stream 1, session 1329
09-03 23:18:15.091 27424-27424/? D/ViewRootImpl: MSG_RESIZED_REPORT: ci=Rect(0, 0 - 0, 0) vi=Rect(0, 0 - 0, 0) or=1
09-03 23:18:15.101 3071-3071/? D/libEGL: eglInitialize EGLDisplay = 0x7ffb5b6848
09-03 23:18:15.101 3633-3712/? D/KnoxTimeoutHandler: notifyActivityDrawn [MsgParam] userId: 0 fullscreen is true showWhenlocked is false
09-03 23:18:15.101 3633-3707/? D/StatusBarManagerService: manageDisableList userId=0 what=0x0 pkg=Window{61287ec u0 d0 Predicting...}
09-03 23:18:15.101 3633-4604/? V/WindowStateAnimator: Finishing drawing window Window{61287ec u0 d0 Predicting...}: mDrawState=HAS_DRAWN
09-03 23:18:15.101 3633-3633/? D/KnoxTimeoutHandler: activityDrawn [MsgParam] userId: 0 fullscreen is true showWhenlocked is false
09-03 23:18:15.101 3071-3071/? D/libEGL: eglInitialize EGLDisplay = 0x7ffb5b6848
