09-03 23:18:33.061 3093-6337/? I/OMXCodec: [OMX.google.vorbis.decoder] stop mState=4
09-03 23:18:33.061 3093-6337/? I/OMXCodec: [OMX.google.vorbis.decoder] stop() sendCommand(3234, OMX_CommandStateSet, OMX_StateIdle)
09-03 23:18:33.061 3093-31055/? I/OMXCodec: [OMX.google.vorbis.decoder] Now Idle. Component sends idle done Event 
09-03 23:18:33.061 3093-6337/? I/OMXCodec: [OMX.google.vorbis.decoder] stopOmxComponent_l() mstate = 1
09-03 23:18:33.061 3093-6337/? I/OggExtractor: OggSource::stop() mExtractor ref count = 1
09-03 23:18:33.061 3093-6337/? I/OggExtractor: OggSource::~OggSource() mExtractor !mStarted ref count = 1
09-03 23:18:33.061 3093-6337/? I/OggExtractor: ~OggSource --
09-03 23:18:33.061 3093-6337/? I/OggExtractor: ~OggExtractor ++
09-03 23:18:33.061 3093-6337/? I/OggExtractor: ~MyOggExtractor ++ 
09-03 23:18:33.061 3093-6337/? I/OggExtractor: ~MyOggExtractor --
09-03 23:18:33.061 3093-6337/? I/OggExtractor: ~OggExtractor --
09-03 23:18:33.061 626-31052/? V/MediaPlayer: decode(50, 1311164, 7581)
09-03 23:18:33.061 3093-4167/? I/OggExtractor: OggSource::OggSource() mExtractor ref count = 4
09-03 23:18:33.061 3093-4167/? I/OMXCodec: Attempting to allocate OMX node 'OMX.google.vorbis.decoder'
09-03 23:18:33.061 3093-4167/? I/OMXCodec: Successfully allocated OMX node 'OMX.google.vorbis.decoder'
09-03 23:18:33.061 3093-4167/? I/OMXCodec: >>>UHQA initOutputFormat 16
09-03 23:18:33.061 3093-4167/? I/OMXCodec: [OMX.google.vorbis.decoder] OMXCodec::start mState=1
09-03 23:18:33.061 3093-4167/? I/OMXCodec: [OMX.google.vorbis.decoder] allocating 4 buffers of size 8192 on input port
09-03 23:18:33.061 3093-4167/? I/OMXCodec: [OMX.google.vorbis.decoder] allocating 4 buffers of size 32768 on output port
09-03 23:18:33.061 3093-31060/? I/OMXCodec: [OMX.google.vorbis.decoder] Now Idle. Component sends idle done Event 
09-03 23:18:33.071 3093-31060/? I/OMXCodec: [OMX.google.vorbis.decoder] 0onCmdComplete  mState =  7
09-03 23:18:33.071 3093-31060/? I/OMXCodec: [OMX.google.vorbis.decoder] PORT_DISABLED(1)
09-03 23:18:33.071 3093-31060/? I/OMXCodec: >>>UHQA initOutputFormat 16
09-03 23:18:33.071 3093-31060/? I/OMXCodec: [OMX.google.vorbis.decoder] allocating 4 buffers of size 32768 on output port
09-03 23:18:33.071 626-626/? V/AllShare(ASF-API): L-d140909 / AllShareConnector.gallery3d : bindAllShareService...
09-03 23:18:33.071 16838-16838/? D/AllShare(ASF-DMC): ServiceManager.onCreate - [ TRACE ] onCreate
09-03 23:18:33.071 16838-16838/? D/AllShare(ASF-DMC): ServiceManager.onStartCommand - [ TRACE ] onStartCommand
09-03 23:18:33.071 16838-16838/? D/AllShare(ASF-DMC): ServiceManager.startServiceManager - Start AllShare Service...
09-03 23:18:33.071 16838-16838/? D/AllShare(ASF-DMC): ServiceManager.initServiceManager - Initialize AllShare ServiceManager...
09-03 23:18:33.071 3093-31060/? I/OMXCodec: [OMX.google.vorbis.decoder] End Of Stream
09-03 23:18:33.071 3093-4167/? I/SoundExtractor: extract() reached EOS
09-03 23:18:33.071 3093-4167/? I/OMXCodec: [OMX.google.vorbis.decoder] stop mState=4
09-03 23:18:33.071 3093-4167/? I/OMXCodec: [OMX.google.vorbis.decoder] stop() sendCommand(3235, OMX_CommandStateSet, OMX_StateIdle)
09-03 23:18:33.071 3093-31060/? I/OMXCodec: [OMX.google.vorbis.decoder] Now Idle. Component sends idle done Event 
09-03 23:18:33.071 3093-4167/? I/OMXCodec: [OMX.google.vorbis.decoder] stopOmxComponent_l() mstate = 1
09-03 23:18:33.071 3093-4167/? I/OggExtractor: OggSource::stop() mExtractor ref count = 1
09-03 23:18:33.071 3093-4167/? I/OggExtractor: OggSource::~OggSource() mExtractor !mStarted ref count = 1
09-03 23:18:33.071 3093-4167/? I/OggExtractor: ~OggSource --
09-03 23:18:33.071 3093-4167/? I/OggExtractor: ~OggExtractor ++
09-03 23:18:33.071 3093-4167/? I/OggExtractor: ~MyOggExtractor ++ 
09-03 23:18:33.071 3093-4167/? I/OggExtractor: ~MyOggExtractor --
09-03 23:18:33.071 3093-4167/? I/OggExtractor: ~OggExtractor --
09-03 23:18:33.071 626-31053/? E/NFC: isAndroidBeamAllowed - Begin
09-03 23:18:33.071 626-31053/? I/NFC: showMsg is false
09-03 23:18:33.081 626-31052/? V/MediaPlayer: decode(52, 1311164, 7581)
09-03 23:18:33.081 3633-4604/? D/SecContentProvider: query(), uri = 15 selection = isAndroidBeamAllowed
09-03 23:18:33.081 3093-3749/? I/OggExtractor: OggSource::OggSource() mExtractor ref count = 4
09-03 23:18:33.081 16838-16838/? D/AllShare(ASF-DMC): DownloadManager.init - app max memory: 256MB
09-03 23:18:33.081 16838-16838/? D/AllShare(ASF-DMC): DownloadManager.init - max thumbnail number: 2048
09-03 23:18:33.081 16838-16838/? V/AllShare(ASF_DMC): [JNI] JavaInitializeAllShareFrameworkCore: 43: Enter AllShareFrameworkCoreNativeAPI_initializeAllShareFrameworkCore.
09-03 23:18:33.081 16838-16838/? V/AllShare(ASF_DMC): [NETWORK_LAYER] InitializeNetworkLayer: 33: Enter
09-03 23:18:33.081 16838-16838/? V/AllShare(ASF_DMC): [NETWORK_LAYER] InitializeNetworkLayer: 56: Exit
09-03 23:18:33.081 16838-16838/? V/AllShare(ASF_DMC): [NETWORK_LAYER] StartNetworkLayer: 84: Enter
09-03 23:18:33.081 3093-3749/? I/OMXCodec: Attempting to allocate OMX node 'OMX.google.vorbis.decoder'
09-03 23:18:33.081 3093-3749/? I/OMXCodec: Successfully allocated OMX node 'OMX.google.vorbis.decoder'
09-03 23:18:33.081 3093-3749/? I/OMXCodec: >>>UHQA initOutputFormat 16
09-03 23:18:33.081 3093-3749/? I/OMXCodec: [OMX.google.vorbis.decoder] OMXCodec::start mState=1
09-03 23:18:33.081 3093-3749/? I/OMXCodec: [OMX.google.vorbis.decoder] allocating 4 buffers of size 8192 on input port
09-03 23:18:33.081 626-626/? I/Gallery_Performance: PostGalleryCmd create() END
09-03 23:18:33.081 3093-3749/? I/OMXCodec: [OMX.google.vorbis.decoder] allocating 4 buffers of size 32768 on output port
09-03 23:18:33.081 626-626/? I/Gallery_Performance: PostGalleryCmd resume() START 
09-03 23:18:33.081 3093-31080/? I/OMXCodec: [OMX.google.vorbis.decoder] Now Idle. Component sends idle done Event 
09-03 23:18:33.081 3633-5842/? D/CustomFrequencyManagerService: releaseDVFSLockLocked : Getting Lock type frm List : DVFS_MIN_LIMIT  frequency : 800000  uid : 1000  pid : 3633  tag : GALLERY_LIST_SCROLL@631
09-03 23:18:33.081 626-31057/? D/CpuBoostScrollCmd: Scroll Boost Release
09-03 23:18:33.081 16838-16838/? V/AllShare(ASF_DMC): [NETWORK_LAYER] StartNetworkLayer: 116: Exit
09-03 23:18:33.081 16838-16838/? V/AllShare(ASF_DMC): [CP_DISCOVERY] Rescan: 449: Sending Rescan.
09-03 23:18:33.081 16838-16838/? E/AllShare(ASF_DMC): [CP_DISCOVERY] Rescan: 498: SendMulticastPacket failed with error 1
09-03 23:18:33.081 16838-16838/? I/AllShare(ASF_DMC): [CP_DISCOVERY] Init: 210: Rescan failed.
09-03 23:18:33.081 16838-16838/? V/AllShare(ASF_DMC): [CP_DISCOVERY] Initialize: 90: CP Discovery Initialization SuccessFul
09-03 23:18:33.081 16838-16838/? V/AllShare(ASF_DMC): [CP_DISCOVERY] Rescan: 449: Sending Rescan.
09-03 23:18:33.081 16838-16838/? E/AllShare(ASF_DMC): [CP_DISCOVERY] Rescan: 498: SendMulticastPacket failed with error 1
09-03 23:18:33.081 16838-16838/? I/AllShare(ASF_DMC): [CP_DISCOVERY] AddDeviceChangeListener: 720: Rescan failed. 
09-03 23:18:33.081 16838-16838/? V/AllShare(ASF_DMC): [CP_DISCOVERY] RegisterCP: 132: Registering CP Success
09-03 23:18:33.081 16838-16838/? V/AllShare(ASF_DMC): [CP_DISCOVERY] DisableAutoRescan: 248: Auto rescan already stopped 
09-03 23:18:33.081 16838-16838/? I/AllShare(ASF_DMC): [JNI] JavaInitializeAllShareFrameworkCore: 47: AllShareInitialize error code: 0
09-03 23:18:33.081 16838-16838/? I/AllShare(ASF-DMC): ServiceManager.initServiceManager - Initialized AllShare ServiceManager...taking msec of 9
09-03 23:18:33.081 3633-5607/? D/CustomFrequencyManagerService: acquireDVFSLockLocked : type : DVFS_MIN_LIMIT  frequency : 800000  uid : 1000  pid : 3633  pkgName : GALLERY_LIST_SCROLL@631
09-03 23:18:33.081 16838-16838/? I/AllShare(ASF-DMC): ServiceManager.startServiceManager - screen is on, turn on MCAST
09-03 23:18:33.081 16838-16838/? I/AllShare(ASF_DMC): [JNI] JavaSetScreenStatus: 103: Enter AllShareFrameworkCoreNativeAPI_setScreenStatus, j_on_off=1
09-03 23:18:33.081 16838-16838/? V/AllShare(ASF_DMC): [NETWORK_LAYER] ConfigureMulticastSupport: 620: Enabling udp servers!!!
09-03 23:18:33.081 16838-16838/? V/AllShare(ASF_DMC): [CP_DISCOVERY] DisableAutoRescan: 244: Auto rescan stopped 
09-03 23:18:33.081 3093-31080/? I/OMXCodec: [OMX.google.vorbis.decoder] 0onCmdComplete  mState =  7
09-03 23:18:33.081 3093-31080/? I/OMXCodec: [OMX.google.vorbis.decoder] PORT_DISABLED(1)
09-03 23:18:33.081 3093-31080/? I/OMXCodec: >>>UHQA initOutputFormat 16
09-03 23:18:33.081 3093-31080/? I/OMXCodec: [OMX.google.vorbis.decoder] allocating 4 buffers of size 32768 on output port
09-03 23:18:33.081 626-31057/? D/CpuBoostScrollCmd: Scroll Boost CPU Clock
09-03 23:18:33.081 3633-3706/? V/BroadcastQueue: [background] Process cur broadcast BroadcastRecord{9a44806 u0 com.samsung.android.providers.context.log.action.REPORT_APP_STATUS_SURVEY qIdx=4}, state= (APP_RECEIVE) DELIVERED for app ProcessRecord{5e94ccc 5869:com.samsung.android.providers.context/u0a380}
09-03 23:18:33.081 3093-31080/? I/OMXCodec: [OMX.google.vorbis.decoder] End Of Stream
09-03 23:18:33.091 3093-3749/? I/SoundExtractor: extract() reached EOS
09-03 23:18:33.091 3093-3749/? I/OMXCodec: [OMX.google.vorbis.decoder] stop mState=4
09-03 23:18:33.091 3093-3749/? I/OMXCodec: [OMX.google.vorbis.decoder] stop() sendCommand(3236, OMX_CommandStateSet, OMX_StateIdle)
09-03 23:18:33.091 3093-31080/? I/OMXCodec: [OMX.google.vorbis.decoder] Now Idle. Component sends idle done Event 
09-03 23:18:33.091 3093-3749/? I/OMXCodec: [OMX.google.vorbis.decoder] stopOmxComponent_l() mstate = 1
09-03 23:18:33.091 3093-3749/? I/OggExtractor: OggSource::stop() mExtractor ref count = 1
09-03 23:18:33.091 3093-3749/? I/OggExtractor: OggSource::~OggSource() mExtractor !mStarted ref count = 1
09-03 23:18:33.091 3093-3749/? I/OggExtractor: ~OggSource --
09-03 23:18:33.091 3093-3749/? I/OggExtractor: ~OggExtractor ++
09-03 23:18:33.091 3093-3749/? I/OggExtractor: ~MyOggExtractor ++ 
09-03 23:18:33.091 3093-3749/? I/OggExtractor: ~MyOggExtractor --
09-03 23:18:33.091 3093-3749/? I/OggExtractor: ~OggExtractor --
09-03 23:18:33.091 626-31052/? V/MediaPlayer: decode(53, 1311164, 7581)
09-03 23:18:33.091 3633-4944/? D/NetworkPolicy: isUidForegroundLocked: 10003, mScreenOn: true, uidstate: 2, mProxSensorScreenOff: false
09-03 23:18:33.091 3633-4944/? V/NetworkPolicy: getFirewallRuleWifi UID:10003 policy:0
09-03 23:18:33.091 16838-16838/? D/AllShare(ASF-DMC): ServiceManager.checkDeviceName - set default MOBILE Device
09-03 23:18:33.091 3093-3093/? I/OggExtractor: OggSource::OggSource() mExtractor ref count = 4
09-03 23:18:33.091 3093-3093/? I/OMXCodec: Attempting to allocate OMX node 'OMX.google.vorbis.decoder'
09-03 23:18:33.091 3093-3093/? I/OMXCodec: Successfully allocated OMX node 'OMX.google.vorbis.decoder'
09-03 23:18:33.091 3093-3093/? I/OMXCodec: >>>UHQA initOutputFormat 16
09-03 23:18:33.091 3093-3093/? I/OMXCodec: [OMX.google.vorbis.decoder] OMXCodec::start mState=1
09-03 23:18:33.091 3093-3093/? I/OMXCodec: [OMX.google.vorbis.decoder] allocating 4 buffers of size 8192 on input port
09-03 23:18:33.101 3633-5550/? D/CustomFrequencyManagerService: releaseDVFSLockLocked : Getting Lock type frm List : DVFS_MIN_LIMIT  frequency : 800000  uid : 1000  pid : 3633  tag : GALLERY_LIST_SCROLL@631
09-03 23:18:33.091 3093-3093/? I/OMXCodec: [OMX.google.vorbis.decoder] allocating 4 buffers of size 32768 on output port
09-03 23:18:33.091 3093-31088/? I/OMXCodec: [OMX.google.vorbis.decoder] Now Idle. Component sends idle done Event 
09-03 23:18:33.101 626-626/? I/Gallery_Performance: PostGalleryCmd resume() END
09-03 23:18:33.101 626-31048/? D/GlComposeView: TransAnimation for the root object is stopped by layoutChange
09-03 23:18:33.101 626-626/? I/InjectionManager: dispatchCreateOptionsMenu :com.sec.android.gallery3d.app.GalleryActivity
09-03 23:18:33.101 626-626/? I/InjectionManager: dispatchPrepareOptionsMenu :com.sec.android.gallery3d.app.GalleryActivity
09-03 23:18:33.101 16116-16134/? I/SystemBroadcastReceiver: [#CMH#] Received broadcast 
09-03 23:18:33.101 16116-16134/? I/PolicyManager: [#CMH#] onReceive action = AUTO_EVENT_STATE_CHANGED
09-03 23:18:33.101 16116-16134/? I/SystemBroadcastReceiver: [#CMH#] onReceive completed 
09-03 23:18:33.101 626-31057/? D/CpuBoostScrollCmd: Scroll Boost Release
09-03 23:18:33.101 16838-16838/? I/AllShare(ASF-DMC): ServiceManager.startServiceManager - startMRCP wifiMac : FC:DB:B3:E7:4A:45
09-03 23:18:33.101 16838-16838/? V/AllShare(ASF_DMC): [MRCP] StartMrcp: 601: initializing Mac Address for Screen Sharing
09-03 23:18:33.101 16838-16838/? V/AllShare(ASF_DMC): [CP_DISCOVERY] Rescan: 449: Sending Rescan.
09-03 23:18:33.101 16838-16838/? E/AllShare(ASF_DMC): [CP_DISCOVERY] Rescan: 498: SendMulticastPacket failed with error 1
09-03 23:18:33.101 16838-16838/? I/AllShare(ASF_DMC): [CP_DISCOVERY] AddDeviceChangeListener: 720: Rescan failed. 
09-03 23:18:33.101 16838-16838/? V/AllShare(ASF_DMC): [CP_DISCOVERY] RegisterCP: 132: Registering CP Success
09-03 23:18:33.101 16838-16838/? V/AllShare(ASF_DMC): [MRCP] Start: 70: MRCP Started
09-03 23:18:33.101 16838-16838/? I/AllShare(ASF-DMC): ServiceManager.startServiceManager - start MRCP successfully
09-03 23:18:33.101 16838-16838/? V/AllShare(ASF_DMC): [CP_DISCOVERY] Rescan: 449: Sending Rescan.
09-03 23:18:33.101 16838-16838/? E/AllShare(ASF_DMC): [CP_DISCOVERY] Rescan: 498: SendMulticastPacket failed with error 1
09-03 23:18:33.101 16838-16838/? I/AllShare(ASF_DMC): [CP_DISCOVERY] AddDeviceChangeListener: 720: Rescan failed. 
09-03 23:18:33.101 16838-16838/? V/AllShare(ASF_DMC): [CP_DISCOVERY] RegisterCP: 132: Registering CP Success
09-03 23:18:33.101 16838-16838/? V/AllShare(ASF_DMC): [MSCP] Start: 79: MediaServer CP Started
09-03 23:18:33.101 16838-16838/? I/AllShare(ASF-DMC): ServiceManager.startServiceManager - start MSCP successfully
09-03 23:18:33.101 16838-16838/? V/AllShare(ASF_DMC): [CP_DISCOVERY] Rescan: 449: Sending Rescan.
09-03 23:18:33.101 16838-16838/? E/AllShare(ASF_DMC): [CP_DISCOVERY] Rescan: 498: SendMulticastPacket failed with error 1
09-03 23:18:33.101 16838-16838/? I/AllShare(ASF_DMC): [CP_DISCOVERY] AddDeviceChangeListener: 720: Rescan failed. 
09-03 23:18:33.101 16838-16838/? V/AllShare(ASF_DMC): [CP_DISCOVERY] RegisterCP: 132: Registering CP Success
09-03 23:18:33.101 16838-16838/? V/AllShare(ASF_DMC): [KIES_CP] Start: 75: Kiescp started
09-03 23:18:33.101 16838-16838/? I/AllShare(ASF-DMC): ServiceManager.startServiceManager - start kies cp successfully!
09-03 23:18:33.101 16838-16838/? I/AllShare(ASF-DMC): ServiceManager.startServiceManager - Started AllShare Service...taking msec of 18
09-03 23:18:33.101 16838-16838/? D/AllShare(ASF-DMC): ServiceManager.onBind - [ TRACE ] onBind
09-03 23:18:33.101 16838-16838/? I/AllShare(ASF-DMC): ServiceManager.startServiceManager - AllShare Service is ALREADY running...
09-03 23:18:33.101 16838-16838/? D/AllShare(ASF-DMC): ServiceManager.bindServiceManager - SubscriberID : com.sec.android.gallery3d
09-03 23:18:33.101 3093-31088/? I/OMXCodec: [OMX.google.vorbis.decoder] 0onCmdComplete  mState =  7
09-03 23:18:33.101 3093-31088/? I/OMXCodec: [OMX.google.vorbis.decoder] PORT_DISABLED(1)
09-03 23:18:33.101 3093-31088/? I/OMXCodec: >>>UHQA initOutputFormat 16
09-03 23:18:33.101 3093-31088/? I/OMXCodec: [OMX.google.vorbis.decoder] allocating 4 buffers of size 32768 on output port
09-03 23:18:33.101 3093-31088/? I/OMXCodec: [OMX.google.vorbis.decoder] End Of Stream
09-03 23:18:33.101 3071-3071/? D/libEGL: eglInitialize EGLDisplay = 0x7ffb5b6848
09-03 23:18:33.101 3093-3093/? I/SoundExtractor: extract() reached EOS
09-03 23:18:33.101 3093-3093/? I/OMXCodec: [OMX.google.vorbis.decoder] stop mState=4
09-03 23:18:33.101 3093-3093/? I/OMXCodec: [OMX.google.vorbis.decoder] stop() sendCommand(3237, OMX_CommandStateSet, OMX_StateIdle)
09-03 23:18:33.111 3093-31088/? I/OMXCodec: [OMX.google.vorbis.decoder] Now Idle. Component sends idle done Event 
09-03 23:18:33.111 3093-3093/? I/OMXCodec: [OMX.google.vorbis.decoder] stopOmxComponent_l() mstate = 1
09-03 23:18:33.111 3093-3093/? I/OggExtractor: OggSource::stop() mExtractor ref count = 1
09-03 23:18:33.111 3093-3093/? I/OggExtractor: OggSource::~OggSource() mExtractor !mStarted ref count = 1
09-03 23:18:33.111 3093-3093/? I/OggExtractor: ~OggSource --
09-03 23:18:33.111 3093-3093/? I/OggExtractor: ~OggExtractor ++
09-03 23:18:33.111 3093-3093/? I/OggExtractor: ~MyOggExtractor ++ 
09-03 23:18:33.111 3093-3093/? I/OggExtractor: ~MyOggExtractor --
09-03 23:18:33.111 3093-3093/? I/OggExtractor: ~OggExtractor --
09-03 23:18:33.111 626-31052/? V/MediaPlayer: decode(55, 1318796, 5467)
09-03 23:18:33.111 626-626/? D/AllShare(ASF-API): L-d140909 / AllShareConnector.gallery3d : onReceive AllShare Service Start message...^^
09-03 23:18:33.111 626-626/? I/AllShare(ASF-API): L-d140909 / AllShareConnector.gallery3d is Already trying to connecting...wait..
09-03 23:18:33.111 626-626/? I/AllShare(ASF-API): L-d140909 / AllShareConnector.Subscriber onServiceConnected to gallery3d
09-03 23:18:33.111 626-626/? D/AllShare(ASF-API): L-d140909 / AllShareConnector.onConnected to gallery3d
09-03 23:18:33.111 626-626/? I/NearbyClient: ServiceProvider Created : ENABLED
09-03 23:18:33.111 626-626/? D/NearbyClient: setDeviceFinderEventListener. provider and imageviewer
09-03 23:18:33.111 626-626/? D/NearbyClient: refresh device list
09-03 23:18:33.111 16838-16838/? V/AllShare(ASF-DMC): SystemEventMonitor.checkWifiState - WIFI STATE: CONNECTED
09-03 23:18:33.111 626-626/? I/AllShare(ASF-API): L-d140909 / MediaDeviceFinderImpl.refresh
09-03 23:18:33.111 3093-5633/? I/OggExtractor: OggSource::OggSource() mExtractor ref count = 4
09-03 23:18:33.111 16838-29443/? I/AllShare(ASF_DMC): [JNI] rescanDeviceByAppID: 469: Meet unregister app id when rescan !
09-03 23:18:33.111 16838-29443/? V/AllShare(ASF_DMC): [CP_DISCOVERY] Rescan: 449: Sending Rescan.
09-03 23:18:33.111 16838-29443/? E/AllShare(ASF_DMC): [CP_DISCOVERY] Rescan: 498: SendMulticastPacket failed with error 1
09-03 23:18:33.111 16838-29443/? I/AllShare(ASF_DMC): [CP_DISCOVERY] Rescan: 341: Rescan failed.
09-03 23:18:33.111 3093-5633/? I/OMXCodec: Attempting to allocate OMX node 'OMX.google.vorbis.decoder'
09-03 23:18:33.111 626-626/? I/AllShare(ASF-API): L-d140909 / MediaDeviceFinderImpl.getDevices - type[DEVICE_PROVIDER], domain[LOCAL_NETWORK]
09-03 23:18:33.111 16838-16851/? V/AllShare(ASF_DMC): [CP_DISCOVERY] GetDeviceList: 165: interesting device list empty
09-03 23:18:33.111 16838-16851/? I/AllShare(ASF_DMC): [JNI] getDeviceList: 398: getDeviceListFromGenericCP Failed,  [-1020] - can't find device
09-03 23:18:33.111 16838-16851/? I/AllShare(ASF_DMC): [JNI] getDeviceListJNI: 308: pDeviceList == NULL
09-03 23:18:33.111 16838-16851/? W/AllShare(ASF-DMC): DeviceListManagerWrapper.getDeviceList - Get device list with type[2] failed
09-03 23:18:33.111 626-626/? I/AllShare(ASF-API): L-d140909 / MediaDeviceFinderImpl.getDevices - type[DEVICE_IMAGEVIEWER], domain[LOCAL_NETWORK]
09-03 23:18:33.111 16838-31089/? D/AllShare(ASF-DMC): NetworkStatusListener.notifyNICAdded - NIC: wlan0
09-03 23:18:33.111 3093-5633/? I/OMXCodec: Successfully allocated OMX node 'OMX.google.vorbis.decoder'
09-03 23:18:33.111 3093-5633/? I/OMXCodec: >>>UHQA initOutputFormat 16
09-03 23:18:33.111 3093-5633/? I/OMXCodec: [OMX.google.vorbis.decoder] OMXCodec::start mState=1
09-03 23:18:33.111 3093-5633/? I/OMXCodec: [OMX.google.vorbis.decoder] allocating 4 buffers of size 8192 on input port
09-03 23:18:33.111 16838-16838/? V/AllShare(ASF-DMC): SystemEventMonitor.checkP2PState - WIFI P2P STATE: DISCONNECTED
09-03 23:18:33.111 3093-5633/? I/OMXCodec: [OMX.google.vorbis.decoder] allocating 4 buffers of size 32768 on output port
09-03 23:18:33.111 16838-17035/? V/AllShare(ASF_DMC): [CP_DISCOVERY] GetDeviceList: 165: interesting device list empty
09-03 23:18:33.111 3093-31091/? I/OMXCodec: [OMX.google.vorbis.decoder] Now Idle. Component sends idle done Event 
09-03 23:18:33.111 16838-17035/? I/AllShare(ASF_DMC): [JNI] getDeviceList: 398: getDeviceListFromGenericCP Failed,  [-1020] - can't find device
09-03 23:18:33.111 16838-17035/? I/AllShare(ASF_DMC): [JNI] getDeviceListJNI: 308: pDeviceList == NULL
09-03 23:18:33.111 16838-17035/? W/AllShare(ASF-DMC): DeviceListManagerWrapper.getDeviceList - Get device list with type[1] failed
09-03 23:18:33.111 626-626/? D/NearbyClient: device count : 0 Provider : 0 ImageViewer : 0
09-03 23:18:33.111 626-31048/? D/GlLayer: setHoverScrollFlexibleHeightMargin264
09-03 23:18:33.121 16838-31089/? D/AllShare(ASF-DMC): NetworkStatusListener.getNetworkInfo - finding NetworkInterface wlan0... rmnet_data6
09-03 23:18:33.121 16838-31089/? D/AllShare(ASF-DMC): NetworkStatusListener.getNetworkInfo - finding NetworkInterface wlan0... rmnet_data5
09-03 23:18:33.121 16838-31089/? D/AllShare(ASF-DMC): NetworkStatusListener.getNetworkInfo - finding NetworkInterface wlan0... rmnet_data7
09-03 23:18:33.121 16838-31089/? D/AllShare(ASF-DMC): NetworkStatusListener.getNetworkInfo - finding NetworkInterface wlan0... rmnet_data0
09-03 23:18:33.121 16838-31089/? D/AllShare(ASF-DMC): NetworkStatusListener.getNetworkInfo - finding NetworkInterface wlan0... rmnet_data1
09-03 23:18:33.121 16838-31089/? D/AllShare(ASF-DMC): NetworkStatusListener.getNetworkInfo - finding NetworkInterface wlan0... rmnet_data3
09-03 23:18:33.121 16838-31089/? D/AllShare(ASF-DMC): NetworkStatusListener.getNetworkInfo - finding NetworkInterface wlan0... rmnet_data2
09-03 23:18:33.121 16838-31089/? D/AllShare(ASF-DMC): NetworkStatusListener.getNetworkInfo - finding NetworkInterface wlan0... rmnet_data4
09-03 23:18:33.121 16838-31089/? D/AllShare(ASF-DMC): NetworkStatusListener.getNetworkInfo - finding NetworkInterface wlan0... ip6tnl0
09-03 23:18:33.121 16838-31089/? I/AllShare(ASF-DMC): NetworkStatusListener.getNetworkInfo - NetworkInterface found wlan0 == wlan0
09-03 23:18:33.121 16838-31089/? I/AllShare(ASF-DMC): NetworkStatusListener.getNetworkInfo - InetAddress found 2601:644:401:84e2:fedb:b3ff:fee7:4a45%5 in wlan0
09-03 23:18:33.121 16838-31089/? D/AllShare(ASF-DMC): NetworkStatusListener.getNetworkInfo - skip...this is IPv6: 2601:644:401:84e2:fedb:b3ff:fee7:4a45%5 of false||true ||true
09-03 23:18:33.121 16838-31089/? I/AllShare(ASF-DMC): NetworkStatusListener.getNetworkInfo - InetAddress found fe80::fedb:b3ff:fee7:4a45%wlan0 in wlan0
09-03 23:18:33.121 16838-31089/? D/AllShare(ASF-DMC): NetworkStatusListener.getNetworkInfo - skip...this is IPv6: fe80::fedb:b3ff:fee7:4a45%wlan0 of false||true ||true
09-03 23:18:33.121 16838-31089/? I/AllShare(ASF-DMC): NetworkStatusListener.getNetworkInfo - InetAddress found 2601:644:401:84e2:1437:b80f:db2e:8189%5 in wlan0
09-03 23:18:33.121 16838-31089/? D/AllShare(ASF-DMC): NetworkStatusListener.getNetworkInfo - skip...this is IPv6: 2601:644:401:84e2:1437:b80f:db2e:8189%5 of false||true ||true
09-03 23:18:33.121 16838-31089/? I/AllShare(ASF-DMC): NetworkStatusListener.getNetworkInfo - InetAddress found 10.0.0.4 in wlan0
09-03 23:18:33.121 16838-31089/? I/AllShare(ASF-DMC): NetworkStatusListener.getNetworkInfo - this is IPv4 we want: 10.0.0.4 in wlan0
09-03 23:18:33.121 16838-31089/? D/AllShare(ASF-DMC): NetworkStatusListener.notifyNICAdded - ip: 10.0.0.4, subnet mask: 255.255.255.0
09-03 23:18:33.121 16838-31089/? I/AllShare(ASF_DMC): [JNI] JavaNotifyNICAdded: 122: Enter JavaNotifyNICAdded
09-03 23:18:33.121 16838-31089/? V/AllShare(ASF_DMC): [NETWORK_LAYER] OnNetworkChanged: 205: ServerManager::OnNetworkChanged:NIC_ADDED
09-03 23:18:33.121 16838-31089/? D/AllShare(ASF_DMC): [NETWORK_LAYER] Start: 141: TCPServer Started: 10.0.0.4:8187
09-03 23:18:33.121 16838-31089/? D/AllShare(ASF_DMC): [NETWORK_LAYER] Start: 85: listen_address [10.0.0.4]
09-03 23:18:33.121 16838-31089/? D/AllShare(ASF_DMC): [NETWORK_LAYER] Start: 112: New MulticastServer::Start() : 239.255.255.250:1900 Started
09-03 23:18:33.121 16838-31089/? D/AllShare(ASF_DMC): [NETWORK_LAYER] Start: 102: UDPServer Started:10.0.0.4:3942
09-03 23:18:33.121 16838-31089/? V/AllShare(ASF_DMC): [NETWORK_LAYER] NotifyNICIfEvent: 1124: 2 event listeners are notified!!!
09-03 23:18:33.121 16838-31089/? D/AllShare(ASF-DMC): DeviceSubscriber.eventNotifyReceived - receive system event: com.sec.android.allshare.event.EVENT_WIFI_ENABLED
09-03 23:18:33.121 16838-31062/? D/AllShare(ASF_DMC): [NETWORK_LAYER] NotifyNICEventByID: 1204: Notifying NIC Change 0 for wlan0 listener_id 0
09-03 23:18:33.121 16838-31062/? D/AllShare(ASF_DMC): [CP_DISCOVERY] OnNetworkChanged: 53: Received NIC change event [0] for [wlan0]
09-03 23:18:33.121 16838-31089/? D/AllShare(ASF-DMC): NetworkStatusListener.notifyNICRemoved - NIC: p2p-wlan0-0
09-03 23:18:33.121 16838-31063/? D/AllShare(ASF_DMC): [NETWORK_LAYER] NotifyNICEventByID: 1204: Notifying NIC Change 0 for wlan0 listener_id 1
09-03 23:18:33.121 16838-31089/? I/AllShare(ASF_DMC): [JNI] JavaNotifyNICRemoved: 137: Enter JavaNotifyNICRemoved
09-03 23:18:33.121 16838-31062/? V/AllShare(ASF_DMC): [CP_DISCOVERY] Rescan: 449: Sending Rescan.
09-03 23:18:33.121 16838-31089/? I/AllShare(ASF_DMC): [NETWORK_LAYER] NotifyNICRemoved: 1078: Interface [p2p-wlan0-0] is already removed!!
09-03 23:18:33.121 16838-31063/? D/AllShare(ASF_DMC): [STREAMING] OnNetworkChanged: 155: NW event arrived for interface name wlan0
09-03 23:18:33.121 16838-31089/? D/AllShare(ASF-DMC): DeviceSubscriber.eventNotifyReceived - receive system event: com.sec.android.allshare.event.EVENT_WIFI_P2P_DISABLED
09-03 23:18:33.121 3633-4944/? D/NetworkPolicy: isUidForegroundLocked: 10003, mScreenOn: true, uidstate: 16, mProxSensorScreenOff: false
09-03 23:18:33.121 3093-31091/? I/OMXCodec: [OMX.google.vorbis.decoder] 0onCmdComplete  mState =  7
09-03 23:18:33.121 3093-31091/? I/OMXCodec: [OMX.google.vorbis.decoder] PORT_DISABLED(1)
09-03 23:18:33.121 3093-31091/? I/OMXCodec: >>>UHQA initOutputFormat 16
09-03 23:18:33.121 3633-4944/? V/NetworkPolicy: getFirewallRuleWifi UID:10003 policy:0
09-03 23:18:33.121 3093-31091/? I/OMXCodec: [OMX.google.vorbis.decoder] allocating 4 buffers of size 32768 on output port
09-03 23:18:33.121 3093-31091/? I/OMXCodec: [OMX.google.vorbis.decoder] End Of Stream
09-03 23:18:33.131 3093-5633/? I/SoundExtractor: extract() reached EOS
09-03 23:18:33.131 3093-5633/? I/OMXCodec: [OMX.google.vorbis.decoder] stop mState=4
09-03 23:18:33.131 3093-5633/? I/OMXCodec: [OMX.google.vorbis.decoder] stop() sendCommand(3238, OMX_CommandStateSet, OMX_StateIdle)
09-03 23:18:33.131 3093-31091/? I/OMXCodec: [OMX.google.vorbis.decoder] Now Idle. Component sends idle done Event 
09-03 23:18:33.131 3093-5633/? I/OMXCodec: [OMX.google.vorbis.decoder] stopOmxComponent_l() mstate = 1
09-03 23:18:33.131 3093-5633/? I/OggExtractor: OggSource::stop() mExtractor ref count = 1
09-03 23:18:33.131 3093-5633/? I/OggExtractor: OggSource::~OggSource() mExtractor !mStarted ref count = 1
09-03 23:18:33.131 3093-5633/? I/OggExtractor: ~OggSource --
09-03 23:18:33.131 3093-5633/? I/OggExtractor: ~OggExtractor ++
09-03 23:18:33.131 3093-5633/? I/OggExtractor: ~MyOggExtractor ++ 
09-03 23:18:33.131 3093-5633/? I/OggExtractor: ~MyOggExtractor --
09-03 23:18:33.131 3093-5633/? I/OggExtractor: ~OggExtractor --
09-03 23:18:33.131 626-31052/? V/MediaPlayer: decode(69, 0, 4705)
09-03 23:18:33.131 3093-4168/? I/OggExtractor: OggSource::OggSource() mExtractor ref count = 4
09-03 23:18:33.131 3093-4168/? I/OMXCodec: Attempting to allocate OMX node 'OMX.google.vorbis.decoder'
09-03 23:18:33.131 3093-4168/? I/OMXCodec: Successfully allocated OMX node 'OMX.google.vorbis.decoder'
09-03 23:18:33.131 3093-4168/? I/OMXCodec: >>>UHQA initOutputFormat 16
09-03 23:18:33.131 3093-4168/? I/OMXCodec: [OMX.google.vorbis.decoder] OMXCodec::start mState=1
09-03 23:18:33.131 3093-4168/? I/OMXCodec: [OMX.google.vorbis.decoder] allocating 4 buffers of size 8192 on input port
09-03 23:18:33.131 3093-4168/? I/OMXCodec: [OMX.google.vorbis.decoder] allocating 4 buffers of size 32768 on output port
09-03 23:18:33.131 3093-31093/? I/OMXCodec: [OMX.google.vorbis.decoder] Now Idle. Component sends idle done Event 
09-03 23:18:33.131 3093-31093/? I/OMXCodec: [OMX.google.vorbis.decoder] End Of Stream
09-03 23:18:33.131 3093-31093/? I/OMXCodec: [OMX.google.vorbis.decoder] 0onCmdComplete  mState =  7
09-03 23:18:33.131 3093-31093/? I/OMXCodec: [OMX.google.vorbis.decoder] PORT_DISABLED(1)
09-03 23:18:33.131 3093-31093/? I/OMXCodec: >>>UHQA initOutputFormat 16
09-03 23:18:33.131 3093-31093/? I/OMXCodec: [OMX.google.vorbis.decoder] allocating 4 buffers of size 32768 on output port
09-03 23:18:33.131 3093-4168/? I/SoundExtractor: extract() reached EOS
09-03 23:18:33.131 3093-4168/? I/OMXCodec: [OMX.google.vorbis.decoder] stop mState=4
09-03 23:18:33.131 3093-4168/? I/OMXCodec: [OMX.google.vorbis.decoder] stop() sendCommand(3239, OMX_CommandStateSet, OMX_StateIdle)
09-03 23:18:33.131 3093-31093/? I/OMXCodec: [OMX.google.vorbis.decoder] Now Idle. Component sends idle done Event 
09-03 23:18:33.131 3093-4168/? I/OMXCodec: [OMX.google.vorbis.decoder] stopOmxComponent_l() mstate = 1
09-03 23:18:33.131 3093-4168/? I/OggExtractor: OggSource::stop() mExtractor ref count = 1
09-03 23:18:33.131 3093-4168/? I/OggExtractor: OggSource::~OggSource() mExtractor !mStarted ref count = 1
09-03 23:18:33.131 3093-4168/? I/OggExtractor: ~OggSource --
09-03 23:18:33.131 3093-4168/? I/OggExtractor: ~OggExtractor ++
09-03 23:18:33.131 3093-4168/? I/OggExtractor: ~MyOggExtractor ++ 
09-03 23:18:33.131 3093-4168/? I/OggExtractor: ~MyOggExtractor --
09-03 23:18:33.131 3093-4168/? I/OggExtractor: ~OggExtractor --
09-03 23:18:33.141 16838-31068/? V/AllShare(ASF_DMC): [CP_DISCOVERY] SendDeviceDescriptionRequest: 379: Making description request for [uuid:a784f457-142a-cad5-fcc0-ecd2a10ca09b+wlan0]
09-03 23:18:33.141 16838-31068/? D/AllShare(ASF_DMC): [CP_DISCOVERY] OnUDPRequestReceived: 203: Recv M-SEARCH res from NEW dev [uuid:a784f457-142a-cad5-fcc0-ecd2a10ca09b+wlan0] client_ip = [10.0.0.1] Interface ip [10.0.0.4]
09-03 23:18:33.171 16838-31073/? V/AllShare(ASF_DMC): [CP_DISCOVERY] PopulateServiceDescription: 350: Sent request for 1 services
09-03 23:18:33.191 16838-31073/? I/AllShare(ASF_DMC): [CP_DISCOVERY] OnResponseReceived: 183: service description received
09-03 23:18:33.191 16838-31073/? V/AllShare(ASF_DMC): [CP_DISCOVERY] ServiceDescriptionReceived: 550: All services available for device uuid:a784f457-142a-cad5-fcc0-ecd2a10ca09b+wlan0 
09-03 23:18:33.301 3633-4468/? D/InputReader: Input event(3): value=1 when=154750407112000
09-03 23:18:33.301 3633-4468/? D/InputReader: Input event(3): value=1 when=154750407112000
09-03 23:18:33.301 3633-4468/? I/InputReader: Touch event's action is 0x0 (deviceType=0) [pCnt=1, s=0.12110 ] when=154750407112000
09-03 23:18:33.301 3633-4468/? D/InputReader: lastThreadEndTime = 154749696267414, currentThreadStartTime = 154749696268914, diff = 0
09-03 23:18:33.301 3633-4467/? I/InputDispatcher: Delivering touch to (19026): action: 0x4, toolType: 1
09-03 23:18:33.301 3633-4467/? I/InputDispatcher: Delivering touch to (626): action: 0x0, toolType: 1
09-03 23:18:33.301 19026-19026/? D/AutoHideHelper: ###check Single invalid
09-03 23:18:33.301 626-626/? D/ViewRootImpl: ViewPostImeInputStage processPointer 0
09-03 23:18:33.301 626-31048/? D/GlHoverController: onMessage msg = 3
09-03 23:18:33.301 626-31048/? D/GlHoverController: removeHoverView removed message = 0
09-03 23:18:33.301 3633-5273/? D/CustomFrequencyManagerService: acquireDVFSLockLocked : type : DVFS_MIN_LIMIT  frequency : 800000  uid : 1000  pid : 3633  pkgName : GALLERY_LIST_SCROLL@631
09-03 23:18:33.301 626-31057/? D/CpuBoostScrollCmd: Scroll Boost CPU Clock
09-03 23:18:33.341 3633-4941/? D/ConnectivityService: returning getNetworkInfo for network type 0 : [type: MOBILE[] - MOBILE, state: DISCONNECTED/DISCONNECTED, reason: (unspecified), extra: (none), roaming: false, failover: false, isAvailable: true]
09-03 23:18:33.341 3633-4604/? D/ConnectivityService: returning getNetworkInfo for network type 1 : [type: WIFI[] - WIFI, state: CONNECTED/CONNECTED, reason: (unspecified), extra: "HOME-E0A8", roaming: false, failover: false, isAvailable: true]
09-03 23:18:33.341 3633-3633/? D/CustomFrequencyManagerService: releaseDVFSLockLocked : Getting Lock type frm List : DVFS_MIN_LIMIT  frequency : 1800000  uid : 1000  pid : 3633  tag : ACTIVITY_RESUME_BOOSTER@9
09-03 23:18:33.381 3633-4468/? D/InputReader: Input event(3): value=0 when=154750487405000
09-03 23:18:33.381 3633-4468/? D/InputReader: Input event(3): value=0 when=154750487405000
09-03 23:18:33.381 3633-4468/? I/InputReader: Touch event's action is 0x1 (deviceType=0) [pCnt=1, s=] when=154750487405000
09-03 23:18:33.381 3633-4467/? I/InputDispatcher: Delivering touch to (626): action: 0x1, toolType: 1
09-03 23:18:33.381 626-626/? D/ViewRootImpl: ViewPostImeInputStage processPointer 1
09-03 23:18:33.381 626-626/? E/AlbumViewState: cannot start anmation to PhotoView. bitmap is null
09-03 23:18:33.381 3633-3649/? V/AudioService: AudioService playSoundEffect Type : 10, volume : -1.0
09-03 23:18:33.381 3633-4960/? V/AudioService: received MSG_PLAY_SOUND_EFFECT onPlaySoundEffect start
09-03 23:18:33.381 3093-5635/? I/APM::AudioPolicyManager: getSituationVolume: isBTConnected:0 isHeadConnected:0
09-03 23:18:33.391 626-626/? V/StateManager: startState class com.sec.samsung.gallery.view.photosplitview.PhotoSplitViewState
09-03 23:18:33.391 626-626/? I/Gallery_Performance: AlbumViewState onPause Start
09-03 23:18:33.391 626-626/? I/GlLayer: pause = com.sec.samsung.gallery.glview.composeView.GlComposeAlbumView@5c85a98, state = 1
09-03 23:18:33.391 626-626/? I/Gallery_Performance: AlbumViewState onPause End
09-03 23:18:33.391 626-626/? I/Gallery_Performance: PhotoSplitViewState onCreate Start
09-03 23:18:33.391 626-626/? D/ComposeViewDataLoader: checkIncreaseAlbumSet start
09-03 23:18:33.391 626-626/? I/Gallery_Performance: PhotoSplitViewState onCreate End
09-03 23:18:33.391 626-626/? I/Gallery_Performance: PhotoSplitViewState onResume Start
09-03 23:18:33.391 626-626/? D/GlComposeBaseView: GlComposeBaseView = com.sec.samsung.gallery.glview.composeView.GlComposeAlbumPhotoView@56f335e
09-03 23:18:33.391 3093-3749/? W/AudioPolicyIntefaceImpl: Skipped to add effects on session 1337
09-03 23:18:33.391 3093-3749/? I/APM::AudioPolicyManager: startOutput() output 4, stream 1, session 1337
09-03 23:18:33.391 3633-3706/? V/BroadcastQueue: [background] Process cur broadcast BroadcastRecord{d7abd19 u0 com.samsung.android.providers.context.log.action.USE_APP_FEATURE_SURVEY qIdx=4}, state= (APP_RECEIVE) DELIVERED for app ProcessRecord{5e94ccc 5869:com.samsung.android.providers.context/u0a380}
09-03 23:18:33.391 626-626/? D/GlComposeBaseView: GlComposeBaseView = com.sec.samsung.gallery.glview.composeView.GlComposeSplitView@ab3b33f
09-03 23:18:33.401 3633-5551/? V/BroadcastQueue: [background] Process cur broadcast BroadcastRecord{d3651de u0 com.samsung.android.providers.context.log.action.USE_APP_FEATURE_SURVEY qIdx=4}, state= (APP_RECEIVE) DELIVERED for app ProcessRecord{5e94ccc 5869:com.samsung.android.providers.context/u0a380}
09-03 23:18:33.401 3093-3727/? D/audio_hw_primary: out_set_parameters: enter: kvpairs: routing=2
09-03 23:18:33.401 3093-3727/? I/audio_hw_primary: out_set_parameters adev->out_device:2
09-03 23:18:33.401 3093-3727/? I/audio_hw_primary: is_voice_wakeup : ret =  1  , wakeup_baby_cry_enabled = 0  ,  wakeup_mic_enabled = 1 
09-03 23:18:33.401 3093-3727/? I/audio_hw_primary: get_scenario : scenario_type = 36
09-03 23:18:33.401 3093-3727/? I/audio_hw_primary: get_input_snd_device_id device:0xc
09-03 23:18:33.401 3093-3727/? V/audio_hw_primary: select_devices output_scenario:0 input_scenario:36 out_snd_device 0x2 in_snd_device:0xc
09-03 23:18:33.401 3093-3727/? I/audio_hw_primary: select_devices - do not update mixer_path
09-03 23:18:33.401 3093-3727/? D/AudioFlinger: setCurDevice() 0x2
09-03 23:18:33.411 626-626/? I/GlRootView: attachLayer = com.sec.samsung.gallery.glview.composeView.GlComposeAlbumView@5c85a98, new = com.sec.samsung.gallery.glview.composeView.GlComposeSplitView@ab3b33f, type = 1
09-03 23:18:33.411 626-626/? I/GlRootView: exit attachLayer
09-03 23:18:33.411 626-31095/? D/ComposeViewDataLoader: checkIncreaseAlbumSet start
09-03 23:18:33.411 626-31095/? D/ComposeViewDataLoader: loadSet done old = 13, new = 13
09-03 23:18:33.411 626-31095/? D/ComposeViewDataLoader: loadCoveritems count =0, updS = 8, updE = 1
09-03 23:18:33.411 626-31095/? D/ComposeViewDataLoader: loadCoveritems count =0, updS = 8, updE = 1
09-03 23:18:33.411 3633-3706/? V/BroadcastQueue: [background] Process cur broadcast BroadcastRecord{cc6afbf u0 com.samsung.android.providers.context.log.action.USE_APP_FEATURE_SURVEY qIdx=4}, state= (APP_RECEIVE) DELIVERED for app ProcessRecord{5e94ccc 5869:com.samsung.android.providers.context/u0a380}
09-03 23:18:33.411 626-31097/? E/NFC: isAndroidBeamAllowed - Begin
09-03 23:18:33.421 626-31097/? I/NFC: showMsg is false
09-03 23:18:33.421 3633-4604/? D/SecContentProvider: query(), uri = 15 selection = isAndroidBeamAllowed
09-03 23:18:33.431 626-626/? I/Gallery_Performance: PhotoSplitViewState onResume End
09-03 23:18:33.431 626-31048/? I/GlRootView: enter replaceLayer = com.sec.samsung.gallery.glview.composeView.GlComposeAlbumView@5c85a98, new = com.sec.samsung.gallery.glview.composeView.GlComposeSplitView@ab3b33f, type = 1
09-03 23:18:33.431 626-31048/? I/GlLayer: pause = com.sec.samsung.gallery.glview.composeView.GlComposeAlbumView@5c85a98, state = 2
09-03 23:18:33.431 626-31048/? I/GlLayer: destroy = com.sec.samsung.gallery.glview.composeView.GlComposeAlbumView@5c85a98, state = 2
09-03 23:18:33.431 626-31048/? D/GlComposeView: setAdapter = com.sec.samsung.gallery.view.adapter.ComposeAlbumSetAdapter@af6184f, new = null
09-03 23:18:33.431 626-626/? I/InjectionManager: dispatchCreateOptionsMenu :com.sec.android.gallery3d.app.GalleryActivity
09-03 23:18:33.431 626-626/? I/InjectionManager: dispatchPrepareOptionsMenu :com.sec.android.gallery3d.app.GalleryActivity
09-03 23:18:33.431 626-31048/? D/GlRootView: isWideMode : false
09-03 23:18:33.431 3633-5842/? D/CustomFrequencyManagerService: releaseDVFSLockLocked : Getting Lock type frm List : DVFS_MIN_LIMIT  frequency : 800000  uid : 1000  pid : 3633  tag : GALLERY_LIST_SCROLL@631
09-03 23:18:33.431 626-31048/? I/GlLayer: create = com.sec.samsung.gallery.glview.composeView.GlComposeSplitView@ab3b33f, state = 0
09-03 23:18:33.431 626-31057/? D/CpuBoostScrollCmd: Scroll Boost Release
09-03 23:18:33.431 626-31048/? E/PositionControllerAlbumPhoto: resetAttributes :: mTitleCanvsH : 160 mTitleCanvsW:0
09-03 23:18:33.431 626-31048/? D/GlLayer: setHoverScrollFlexibleHeightMargin264
09-03 23:18:33.431 626-31097/? E/NFC: isAndroidBeamAllowed - Begin
09-03 23:18:33.431 626-31097/? I/NFC: showMsg is false
09-03 23:18:33.431 626-31048/? I/GlLayer: create = com.sec.samsung.gallery.glview.composeView.GlComposeAlbumPhotoView@56f335e, state = 0
09-03 23:18:33.431 3633-3649/? D/SecContentProvider: query(), uri = 15 selection = isAndroidBeamAllowed
09-03 23:18:33.431 626-31048/? E/PositionControllerAlbumPhoto: resetAttributes :: mTitleCanvsH : 128 mTitleCanvsW:0
09-03 23:18:33.441 626-31048/? D/GlLayer: setHoverScrollFlexibleHeightMargin228
09-03 23:18:33.441 626-31048/? D/PhotoSplitViewState: onViewInitialize
09-03 23:18:33.441 626-31048/? D/GlComposeView: setAdapter = null, new = com.sec.samsung.gallery.view.adapter.ComposePhotoViewAlbumSetAdapter@8585036
09-03 23:18:33.441 626-31048/? D/ComposeViewDataLoader: applyViewListener = com.sec.samsung.gallery.glview.composeView.GlComposeView$2@5cecb37, count = -1, notiCount = -1
09-03 23:18:33.441 626-31048/? D/GlComposeView: onSizeChanged= 13
09-03 23:18:33.441 626-31048/? D/GlComposeView: setAdapter = null, new = com.sec.samsung.gallery.view.adapter.ComposeMediaItemAdapter@e8178a4
09-03 23:18:33.441 626-31048/? I/GlLayer: resume = com.sec.samsung.gallery.glview.composeView.GlComposeSplitView@ab3b33f, state = 1
09-03 23:18:33.441 626-31048/? I/GlRootView: exit replaceLayer
09-03 23:18:33.441 3633-5551/? V/BroadcastQueue: [background] Process cur broadcast BroadcastRecord{6df368c u0 com.samsung.android.providers.context.log.action.REPORT_APP_STATUS_SURVEY qIdx=4}, state= (APP_RECEIVE) DELIVERED for app ProcessRecord{5e94ccc 5869:com.samsung.android.providers.context/u0a380}
09-03 23:18:33.451 3093-3727/? D/AudioFlinger: mixer(0xede40000) throttle end: throttle time(11)
09-03 23:18:33.461 626-31048/? W/PositionControllerAlbumPhoto: update left albumType : -2
09-03 23:18:33.461 626-31048/? W/PositionControllerAlbumPhoto: update left albumType : -2
09-03 23:18:33.461 626-31048/? W/PositionControllerAlbumPhoto: update left albumType : -2
09-03 23:18:33.461 626-31048/? W/PositionControllerAlbumPhoto: update left albumType : -2
09-03 23:18:33.461 626-31096/? D/ComposeViewDataLoader: applyViewListener = null, count = 100, notiCount = -1
09-03 23:18:33.461 626-31096/? D/GlComposeView: onSizeChanged= 100
09-03 23:18:33.461 626-31096/? D/GlComposeView: onContentChanged=0,end=39
09-03 23:18:33.461 626-31095/? D/ComposeViewDataLoader: loadCoveritems count =0, updS = 8, updE = 1
09-03 23:18:33.461 626-31048/? W/PositionControllerAlbumPhoto: update left albumType : -2
09-03 23:18:33.471 626-626/? D/PhotoViewEventHandle: onAlbumClick: 5-th album selected
09-03 23:18:33.471 626-31048/? D/GlComposePhotoView: updateSize = 100
09-03 23:18:33.471 626-626/? I/InjectionManager: dispatchCreateOptionsMenu :com.sec.android.gallery3d.app.GalleryActivity
09-03 23:18:33.471 626-626/? I/InjectionManager: dispatchPrepareOptionsMenu :com.sec.android.gallery3d.app.GalleryActivity
09-03 23:18:33.491 3093-3624/? I/APM::AudioPolicyManager: stopOutput() output 4, stream 1, session 1337
09-03 23:18:33.521 626-626/? D/PhotoViewEventHandle: onAlbumClick: 5-th album selected
09-03 23:18:33.621 5248-5248/? D/Recents: onTaskStackChanged
09-03 23:18:34.061 3633-4468/? D/InputReader: Input event(3): value=1 when=154751164788000
09-03 23:18:34.061 3633-4468/? D/InputReader: Input event(3): value=1 when=154751164788000
09-03 23:18:34.061 3633-4468/? I/InputReader: Touch event's action is 0x0 (deviceType=0) [pCnt=1, s=0.12111 ] when=154751164788000
09-03 23:18:34.061 3633-4468/? D/InputReader: lastThreadEndTime = 154750487690581, currentThreadStartTime = 154750487693456, diff = 0
09-03 23:18:34.061 3633-4467/? I/InputDispatcher: Delivering touch to (19026): action: 0x4, toolType: 1
09-03 23:18:34.061 3633-4467/? I/InputDispatcher: Delivering touch to (626): action: 0x0, toolType: 1
09-03 23:18:34.061 626-626/? D/ViewRootImpl: ViewPostImeInputStage processPointer 0
09-03 23:18:34.061 19026-19026/? D/AutoHideHelper: ###check Single invalid
09-03 23:18:34.061 3633-5550/? D/CustomFrequencyManagerService: acquireDVFSLockLocked : type : DVFS_MIN_LIMIT  frequency : 800000  uid : 1000  pid : 3633  pkgName : GALLERY_LIST_SCROLL@631
09-03 23:18:34.061 626-31057/? D/CpuBoostScrollCmd: Scroll Boost CPU Clock
09-03 23:18:34.081 626-31048/? D/GlHoverController: onMessage msg = 3
09-03 23:18:34.081 626-31048/? D/GlHoverController: removeHoverView removed message = 0
09-03 23:18:34.181 626-31096/? D/GlComposeView: onContentChanged=40,end=79
09-03 23:18:34.231 626-31096/? D/GlComposeView: onContentChanged=80,end=83
09-03 23:18:34.281 626-31096/? D/GlComposeView: onContentChanged=84,end=87
09-03 23:18:34.301 5169-5363/? D/NetworkController.MobileSignalController(0/4): onSignalStrengthsChanged signalStrength=SignalStrength: 99 99 -120 -160 -120 -1 -1 19 -108 -12 -8 -1 2147483647 0x2000 gsm|lte level=2
09-03 23:18:34.301 5169-5363/? D/NetworkController.MobileSignalController(0/4): getMobileIconGroup(): 13
09-03 23:18:34.301 5169-5363/? D/NetworkController.MobileSignalController(0/4): updateCMCCMobileIconGroup(): 13
09-03 23:18:34.481 626-31096/? D/GlComposeView: onContentChanged=88,end=91
09-03 23:18:34.531 3633-4468/? D/InputReader: Input event(3): value=0 when=154751633316000
09-03 23:18:34.531 3633-4468/? D/InputReader: Input event(3): value=0 when=154751633316000
09-03 23:18:34.531 3633-4468/? I/InputReader: Touch event's action is 0x1 (deviceType=0) [pCnt=1, s=] when=154751633316000
09-03 23:18:34.531 3633-4467/? I/InputDispatcher: Delivering touch to (626): action: 0x1, toolType: 1
09-03 23:18:34.531 626-626/? D/ViewRootImpl: ViewPostImeInputStage processPointer 1
09-03 23:18:34.531 626-626/? D/GlBoundaryAnim: startFling = 673.60004, mDec = -56.0
09-03 23:18:34.531 3633-7848/? D/CustomFrequencyManagerService: acquireDVFSLockLocked : type : DVFS_MIN_LIMIT  frequency : 800000  uid : 1000  pid : 3633  pkgName : GESTURE_DETECTED@CPU_MIN@34
09-03 23:18:34.531 3633-5548/? D/CustomFrequencyManagerService: releaseDVFSLockLocked : Getting Lock type frm List : DVFS_MIN_LIMIT  frequency : 800000  uid : 1000  pid : 3633  tag : GALLERY_LIST_SCROLL@631
09-03 23:18:34.531 626-31057/? D/CpuBoostScrollCmd: Scroll Boost Release
09-03 23:18:34.531 3633-7848/? D/CustomFrequencyManagerService: releaseDVFSLockLocked : Getting Lock type frm List : DVFS_MIN_LIMIT  frequency : 800000  uid : 1000  pid : 3633  tag : GESTURE_DETECTED@CPU_MIN@34
09-03 23:18:34.531 3633-7848/? D/CustomFrequencyManagerService: acquireDVFSLockLocked : type : DVFS_MIN_LIMIT  frequency : 800000  uid : 1000  pid : 3633  pkgName : GESTURE_DETECTED@CPU_MIN@34
09-03 23:18:34.531 3633-5617/? D/CustomFrequencyManagerService: acquireDVFSLockLocked : type : DVFS_MIN_LIMIT  frequency : 800000  uid : 1000  pid : 3633  pkgName : GALLERY_LIST_SCROLL@631
09-03 23:18:34.531 626-31057/? D/CpuBoostScrollCmd: Scroll Boost CPU Clock
09-03 23:18:34.841 3633-5549/? D/ConnectivityService: returning getNetworkInfo for network type 0 : [type: MOBILE[] - MOBILE, state: DISCONNECTED/DISCONNECTED, reason: (unspecified), extra: (none), roaming: false, failover: false, isAvailable: true]
09-03 23:18:34.841 3633-5550/? D/ConnectivityService: returning getNetworkInfo for network type 1 : [type: WIFI[] - WIFI, state: CONNECTED/CONNECTED, reason: (unspecified), extra: "HOME-E0A8", roaming: false, failover: false, isAvailable: true]
09-03 23:18:35.031 3633-3633/? D/CustomFrequencyManagerService: releaseDVFSLockLocked : Getting Lock type frm List : DVFS_MIN_LIMIT  frequency : 800000  uid : 1000  pid : 3633  tag : GESTURE_DETECTED@CPU_MIN@34
09-03 23:18:35.131 16838-31064/? V/AllShare(ASF_DMC): [CP_DISCOVERY] RescanTimerExpiredCallBack: 310: Creating new thread for invalid device removal. timer_id: 2
09-03 23:18:35.481 5169-5363/? D/NetworkController.MobileSignalController(0/4): onSignalStrengthsChanged signalStrength=SignalStrength: 99 99 -120 -160 -120 -1 -1 19 -108 -12 8 -1 2147483647 0x2000 gsm|lte level=2
09-03 23:18:35.481 5169-5363/? D/NetworkController.MobileSignalController(0/4): getMobileIconGroup(): 13
09-03 23:18:35.481 5169-5363/? D/NetworkController.MobileSignalController(0/4): updateCMCCMobileIconGroup(): 13
09-03 23:18:35.781 3633-4954/? D/ConnectivityService: updateCapabilities: oldCap = [ Transports: WIFI Capabilities: INTERNET&NOT_RESTRICTED&TRUSTED&NOT_VPN&VALIDATED LinkUpBandwidth>=1048576Kbps LinkDnBandwidth>=1048576Kbps SignalStrength: -62], newCap = [ Transports: WIFI Capabilities: INTERNET&NOT_RESTRICTED&TRUSTED&NOT_VPN LinkUpBandwidth>=1048576Kbps LinkDnBandwidth>=1048576Kbps SignalStrength: -64]
09-03 23:18:35.781 3633-4954/? D/ConnectivityService: rematching NetworkAgentInfo [WIFI () - 613]
09-03 23:18:35.781 3633-4954/? D/ConnectivityService:  network has: NetworkAgentInfo{ ni{[type: WIFI[] - WIFI, state: CONNECTED/CONNECTED, reason: (unspecified), extra: "HOME-E0A8", roaming: false, failover: false, isAvailable: true]}  network{613}  lp{{InterfaceName: wlan0 LinkAddresses: [fe80::fedb:b3ff:fee7:4a45/64,2601:644:401:84e2:fedb:b3ff:fee7:4a45/64,2601:644:401:84e2:1437:b80f:db2e:8189/64,10.0.0.4/24,]  Routes: [fe80::/64 -> :: wlan0,::/0 -> fe80::4632:c8ff:fecc:e0a7 wlan0,2601:644:401:84e2::/64 -> :: wlan0,10.0.0.0/24 -> 0.0.0.0 wlan0,0.0.0.0/0 -> 10.0.0.1 wlan0,] DnsAddresses: [2001:558:feed::1,2001:558:feed::2,75.75.75.75,75.75.76.76,] Domains:  MTU: 0 TcpBufferSizes: 524288,1048576,4525824,524288,1048576,4525824}}  nc{[ Transports: WIFI Capabilities: INTERNET&NOT_RESTRICTED&TRUSTED&NOT_VPN&VALIDATED LinkUpBandwidth>=1048576Kbps LinkDnBandwidth>=1048576Kbps SignalStrength: -64]}  Score{60}  everValidated{true}  lastValidated{true}  created{true} lingering{false} explicitlySelected{false} acceptUnvalidated{false} everCaptivePortalDetected{false} lastCaptivePortalDetected{false} }
09-03 23:18:35.781 3633-4954/? D/ConnectivityService: Network NetworkAgentInfo [WIFI () - 613] was already satisfying request 1. No change.
09-03 23:18:35.781 3633-4954/? D/ConnectivityService:   checking if request is: NetworkRequest [ id=3, legacyType=-1, [ Capabilities: NOT_RESTRICTED&TRUSTED&NOT_VPN] ] satisfies: true nri.isRequest: false
09-03 23:18:35.781 3633-4954/? D/ConnectivityService:   checking if request is: NetworkRequest [ id=183, legacyType=-1, [ Capabilities: INTERNET&NOT_RESTRICTED&TRUSTED&NOT_VPN] ] satisfies: true nri.isRequest: false
09-03 23:18:35.781 3633-4954/? D/ConnectivityService:   checking if request is: NetworkRequest [ id=184, legacyType=-1, [ Capabilities: INTERNET&NOT_RESTRICTED&TRUSTED&NOT_VPN] ] satisfies: true nri.isRequest: false
09-03 23:18:35.781 3633-4954/? D/ConnectivityService:   checking if request is: NetworkRequest [ id=5, legacyType=-1, [ Transports: CELLULAR Capabilities: INTERNET&NOT_RESTRICTED&TRUSTED&NOT_VPN] ] satisfies: false nri.isRequest: false
09-03 23:18:35.781 3633-4954/? D/ConnectivityService:   checking if request is: NetworkRequest [ id=4, legacyType=-1, [] ] satisfies: true nri.isRequest: false
09-03 23:18:35.781 3633-4954/? D/ConnectivityService:   checking if request is: NetworkRequest [ id=6, legacyType=-1, [ Transports: WIFI Capabilities: INTERNET&NOT_RESTRICTED&TRUSTED&NOT_VPN] ] satisfies: true nri.isRequest: false
