09-03 23:18:19.071 626-30895/? I/GlLayer: destroy = com.sec.samsung.gallery.glview.composeView.GlComposeAlbumView@c33332a, state = 2
09-03 23:18:19.071 626-30895/? D/GlComposeView: setAdapter = com.sec.samsung.gallery.view.adapter.ComposeAlbumSetAdapter@5eedcc9, new = null
09-03 23:18:19.081 626-626/? I/InjectionManager: dispatchCreateOptionsMenu :com.sec.android.gallery3d.app.GalleryActivity
09-03 23:18:19.081 626-30905/? D/CpuBoostScrollCmd: Scroll Boost Release
09-03 23:18:19.081 626-626/? I/InjectionManager: dispatchPrepareOptionsMenu :com.sec.android.gallery3d.app.GalleryActivity
09-03 23:18:19.081 626-30895/? D/GlRootView: isWideMode : false
09-03 23:18:19.081 626-30895/? I/GlLayer: create = com.sec.samsung.gallery.glview.composeView.GlComposeSplitView@4eb8a39, state = 0
09-03 23:18:19.081 626-30945/? E/NFC: isAndroidBeamAllowed - Begin
09-03 23:18:19.081 626-30945/? I/NFC: showMsg is false
09-03 23:18:19.081 626-30895/? E/PositionControllerAlbumPhoto: resetAttributes :: mTitleCanvsH : 160 mTitleCanvsW:0
09-03 23:18:19.081 626-30895/? D/GlLayer: setHoverScrollFlexibleHeightMargin264
09-03 23:18:19.081 626-30895/? I/GlLayer: create = com.sec.samsung.gallery.glview.composeView.GlComposeAlbumPhotoView@6788200, state = 0
09-03 23:18:19.081 3633-5622/? D/SecContentProvider: query(), uri = 15 selection = isAndroidBeamAllowed
09-03 23:18:19.081 626-30895/? E/PositionControllerAlbumPhoto: resetAttributes :: mTitleCanvsH : 128 mTitleCanvsW:0
09-03 23:18:19.081 626-30895/? D/GlLayer: setHoverScrollFlexibleHeightMargin228
09-03 23:18:19.081 626-30895/? D/PhotoSplitViewState: onViewInitialize
09-03 23:18:19.081 626-30895/? D/GlComposeView: setAdapter = null, new = com.sec.samsung.gallery.view.adapter.ComposePhotoViewAlbumSetAdapter@5e49118
09-03 23:18:19.081 626-30895/? D/ComposeViewDataLoader: applyViewListener = com.sec.samsung.gallery.glview.composeView.GlComposeView$2@7174771, count = -1, notiCount = -1
09-03 23:18:19.081 626-30895/? D/GlComposeView: onSizeChanged= 13
09-03 23:18:19.081 626-30895/? D/GlComposeView: setAdapter = null, new = com.sec.samsung.gallery.view.adapter.ComposeMediaItemAdapter@f140956
09-03 23:18:19.081 626-30895/? I/GlLayer: resume = com.sec.samsung.gallery.glview.composeView.GlComposeSplitView@4eb8a39, state = 1
09-03 23:18:19.081 626-30895/? I/GlRootView: exit replaceLayer
09-03 23:18:19.091 3633-5549/? V/BroadcastQueue: [background] Process cur broadcast BroadcastRecord{3a92a57 u0 com.samsung.android.providers.context.log.action.REPORT_APP_STATUS_SURVEY qIdx=4}, state= (APP_RECEIVE) DELIVERED for app ProcessRecord{5e94ccc 5869:com.samsung.android.providers.context/u0a380}
09-03 23:18:19.101 626-30945/? E/NFC: isAndroidBeamAllowed - Begin
09-03 23:18:19.101 626-30945/? I/NFC: showMsg is false
09-03 23:18:19.101 626-30895/? W/PositionControllerAlbumPhoto: update left albumType : -2
09-03 23:18:19.101 626-30895/? W/PositionControllerAlbumPhoto: update left albumType : -2
09-03 23:18:19.101 626-30895/? W/PositionControllerAlbumPhoto: update left albumType : -2
09-03 23:18:19.101 626-30895/? W/PositionControllerAlbumPhoto: update left albumType : -2
09-03 23:18:19.111 626-30895/? W/PositionControllerAlbumPhoto: update left albumType : -2
09-03 23:18:19.111 3633-5126/? D/SecContentProvider: query(), uri = 15 selection = isAndroidBeamAllowed
09-03 23:18:19.111 626-30944/? D/ComposeViewDataLoader: applyViewListener = null, count = 100, notiCount = -1
09-03 23:18:19.111 626-30943/? D/ComposeViewDataLoader: loadCoveritems count =0, updS = 8, updE = 1
09-03 23:18:19.111 626-30944/? D/GlComposeView: onSizeChanged= 100
09-03 23:18:19.111 626-30944/? D/GlComposeView: onContentChanged=0,end=39
09-03 23:18:19.121 626-626/? D/PhotoViewEventHandle: onAlbumClick: 5-th album selected
09-03 23:18:19.121 626-30895/? D/GlComposePhotoView: updateSize = 100
09-03 23:18:19.131 3093-3624/? I/APM::AudioPolicyManager: stopOutput() output 4, stream 1, session 1331
09-03 23:18:19.141 626-626/? I/InjectionManager: dispatchCreateOptionsMenu :com.sec.android.gallery3d.app.GalleryActivity
09-03 23:18:19.141 626-626/? I/InjectionManager: dispatchPrepareOptionsMenu :com.sec.android.gallery3d.app.GalleryActivity
09-03 23:18:19.171 626-626/? D/PhotoViewEventHandle: onAlbumClick: 5-th album selected
09-03 23:18:19.241 5248-5248/? D/Recents: onTaskStackChanged
09-03 23:18:19.591 3633-4468/? D/InputReader: Input event(3): value=1 when=154736698176000
09-03 23:18:19.591 3633-4468/? D/InputReader: Input event(3): value=1 when=154736698176000
09-03 23:18:19.591 3633-4468/? I/InputReader: Touch event's action is 0x0 (deviceType=0) [pCnt=1, s=0.12102 ] when=154736698176000
09-03 23:18:19.591 3633-4468/? D/InputReader: lastThreadEndTime = 154736138721991, currentThreadStartTime = 154736138725741, diff = 0
09-03 23:18:19.591 3633-4467/? I/InputDispatcher: Delivering touch to (19026): action: 0x4, toolType: 1
09-03 23:18:19.591 3633-4467/? I/InputDispatcher: Delivering touch to (626): action: 0x0, toolType: 1
09-03 23:18:19.591 626-626/? D/ViewRootImpl: ViewPostImeInputStage processPointer 0
09-03 23:18:19.601 19026-19026/? D/AutoHideHelper: ###check Single invalid
09-03 23:18:19.601 3633-3648/? D/CustomFrequencyManagerService: acquireDVFSLockLocked : type : DVFS_MIN_LIMIT  frequency : 800000  uid : 1000  pid : 3633  pkgName : GALLERY_LIST_SCROLL@623
09-03 23:18:19.601 626-30905/? D/CpuBoostScrollCmd: Scroll Boost CPU Clock
09-03 23:18:19.601 626-30895/? D/GlHoverController: onMessage msg = 3
09-03 23:18:19.601 626-30895/? D/GlHoverController: removeHoverView removed message = 0
09-03 23:18:19.691 626-30944/? D/GlComposeView: onContentChanged=40,end=79
09-03 23:18:19.741 626-30944/? D/GlComposeView: onContentChanged=80,end=83
09-03 23:18:19.781 626-30944/? D/GlComposeView: onContentChanged=84,end=87
09-03 23:18:19.811 3633-5617/? D/ConnectivityService: returning getNetworkInfo for network type 0 : [type: MOBILE[] - MOBILE, state: DISCONNECTED/DISCONNECTED, reason: (unspecified), extra: (none), roaming: false, failover: false, isAvailable: true]
09-03 23:18:19.811 3633-5551/? D/ConnectivityService: returning getNetworkInfo for network type 1 : [type: WIFI[] - WIFI, state: CONNECTED/CONNECTED, reason: (unspecified), extra: "HOME-E0A8", roaming: false, failover: false, isAvailable: true]
09-03 23:18:19.981 626-30944/? D/GlComposeView: onContentChanged=88,end=91
09-03 23:18:20.151 3633-4468/? D/InputReader: Input event(3): value=0 when=154737258575000
09-03 23:18:20.151 3633-4468/? D/InputReader: Input event(3): value=0 when=154737258575000
09-03 23:18:20.151 3633-4468/? I/InputReader: Touch event's action is 0x1 (deviceType=0) [pCnt=1, s=] when=154737258575000
09-03 23:18:20.151 3633-4467/? I/InputDispatcher: Delivering touch to (626): action: 0x1, toolType: 1
09-03 23:18:20.151 626-626/? D/ViewRootImpl: ViewPostImeInputStage processPointer 1
09-03 23:18:20.161 3633-5607/? D/CustomFrequencyManagerService: releaseDVFSLockLocked : Getting Lock type frm List : DVFS_MIN_LIMIT  frequency : 800000  uid : 1000  pid : 3633  tag : GALLERY_LIST_SCROLL@623
09-03 23:18:20.161 626-30905/? D/CpuBoostScrollCmd: Scroll Boost Release
09-03 23:18:20.581 3633-7848/? D/SSRM:n: SIOP:: AP = 380, PST = 369 (W:12), CP = 249, CUR = -70, LCD = 132
09-03 23:18:20.651 3633-4468/? D/InputReader: Input event(3): value=1 when=154737753334000
09-03 23:18:20.651 3633-4468/? D/InputReader: Input event(3): value=1 when=154737753334000
09-03 23:18:20.651 3633-4468/? I/InputReader: Touch event's action is 0x0 (deviceType=0) [pCnt=1, s=0.12103 ] when=154737753334000
09-03 23:18:20.651 3633-4468/? D/InputReader: lastThreadEndTime = 154737258826325, currentThreadStartTime = 154737258829450, diff = 0
09-03 23:18:20.651 3633-4467/? I/InputDispatcher: Delivering touch to (19026): action: 0x4, toolType: 1
09-03 23:18:20.651 3633-4467/? I/InputDispatcher: Delivering touch to (626): action: 0x0, toolType: 1
09-03 23:18:20.651 626-626/? D/ViewRootImpl: ViewPostImeInputStage processPointer 0
09-03 23:18:20.651 19026-19026/? D/AutoHideHelper: ###check Single invalid
09-03 23:18:20.661 3633-4941/? D/CustomFrequencyManagerService: acquireDVFSLockLocked : type : DVFS_MIN_LIMIT  frequency : 800000  uid : 1000  pid : 3633  pkgName : GALLERY_LIST_SCROLL@623
09-03 23:18:20.661 626-30905/? D/CpuBoostScrollCmd: Scroll Boost CPU Clock
09-03 23:18:20.661 626-30895/? D/GlHoverController: onMessage msg = 3
09-03 23:18:20.661 626-30895/? D/GlHoverController: removeHoverView removed message = 0
09-03 23:18:20.711 3633-7848/? D/ConnectivityService: returning getNetworkInfo for network type 1 : [type: WIFI[] - WIFI, state: CONNECTED/CONNECTED, reason: (unspecified), extra: "HOME-E0A8", roaming: false, failover: false, isAvailable: true]
09-03 23:18:20.731 3633-4468/? D/InputReader: Input event(3): value=0 when=154737833726000
09-03 23:18:20.731 3633-4468/? D/InputReader: Input event(3): value=0 when=154737833726000
09-03 23:18:20.731 3633-4468/? I/InputReader: Touch event's action is 0x1 (deviceType=0) [pCnt=1, s=] when=154737833726000
09-03 23:18:20.751 3633-4467/? I/InputDispatcher: Delivering touch to (626): action: 0x1, toolType: 1
09-03 23:18:20.751 626-626/? D/ViewRootImpl: ViewPostImeInputStage processPointer 1
09-03 23:18:20.761 3633-5551/? V/AudioService: AudioService playSoundEffect Type : 10, volume : -1.0
09-03 23:18:20.761 3633-4960/? V/AudioService: received MSG_PLAY_SOUND_EFFECT onPlaySoundEffect start
09-03 23:18:20.761 16838-30912/? V/AllShare(ASF_DMC): [CP_DISCOVERY] RescanTimerExpiredCallBack: 310: Creating new thread for invalid device removal. timer_id: 2
09-03 23:18:20.761 16838-30912/? V/AllShare(ASF_DMC): [CP_DISCOVERY] RescanTimerExpiredCallBack: 310: Creating new thread for invalid device removal. timer_id: 3
09-03 23:18:20.761 3093-5633/? I/APM::AudioPolicyManager: getSituationVolume: isBTConnected:0 isHeadConnected:0
09-03 23:18:20.771 3633-5551/? D/InputDispatcher: Focused application set to: xxxx
09-03 23:18:20.771 3093-3093/? W/AudioPolicyIntefaceImpl: Skipped to add effects on session 1332
09-03 23:18:20.771 3093-3093/? I/APM::AudioPolicyManager: startOutput() output 4, stream 1, session 1332
09-03 23:18:20.771 626-626/? I/Gallery_Performance: Gallery onPause Start
09-03 23:18:20.771 3633-5127/? D/CustomFrequencyManagerService: releaseDVFSLockLocked : Getting Lock type frm List : DVFS_MIN_LIMIT  frequency : 800000  uid : 1000  pid : 3633  tag : GALLERY_LIST_SCROLL@623
09-03 23:18:20.771 3093-3727/? D/audio_hw_primary: out_set_parameters: enter: kvpairs: routing=2
09-03 23:18:20.771 3093-3727/? I/audio_hw_primary: out_set_parameters adev->out_device:2
09-03 23:18:20.771 626-30905/? D/CpuBoostScrollCmd: Scroll Boost Release
09-03 23:18:20.771 3093-3727/? I/audio_hw_primary: is_voice_wakeup : ret =  1  , wakeup_baby_cry_enabled = 0  ,  wakeup_mic_enabled = 1 
09-03 23:18:20.771 3093-3727/? I/audio_hw_primary: get_scenario : scenario_type = 36
09-03 23:18:20.771 3093-3727/? I/audio_hw_primary: get_input_snd_device_id device:0xc
09-03 23:18:20.771 3093-3727/? V/audio_hw_primary: select_devices output_scenario:0 input_scenario:36 out_snd_device 0x2 in_snd_device:0xc
09-03 23:18:20.771 3093-3727/? I/audio_hw_primary: select_devices - do not update mixer_path
09-03 23:18:20.771 3093-3727/? D/AudioFlinger: setCurDevice() 0x2
09-03 23:18:20.771 3071-4514/? D/libEGL: eglTerminate EGLDisplay = 0x7f7db7ee78
09-03 23:18:20.781 3071-3071/? D/libEGL: eglTerminate EGLDisplay = 0x7ffb5b68d8
09-03 23:18:20.781 626-30895/? D/libEGL: eglTerminate EGLDisplay = 0x7f872bee28
09-03 23:18:20.781 626-626/? D/GlRootView: onPause mGlActive = true
09-03 23:18:20.781 626-626/? I/GlLayer: pause = com.sec.samsung.gallery.glview.composeView.GlComposeAlbumPhotoView@6788200, state = 1
09-03 23:18:20.781 626-626/? I/Gallery_Performance: PostGalleryCmd pause() START 
09-03 23:18:20.781 626-626/? I/Gallery_Performance: PostGalleryCmd pause() END
09-03 23:18:20.781 626-626/? I/Gallery_Performance: Gallery onPause End
09-03 23:18:20.781 3633-5548/? D/CustomFrequencyManagerService: acquireDVFSLockLocked : type : DVFS_MIN_LIMIT  frequency : 1800000  uid : 1000  pid : 3633  pkgName : ACTIVITY_RESUME_BOOSTER@3
09-03 23:18:20.791 3633-5548/? D/ActivityManager: mDVFSHelper.acquire()
09-03 23:18:20.791 3633-5548/? D/ActivityManager:  Launching com.sh1r0.caffe_android_demo, updated priority
09-03 23:18:20.801 3633-3633/? D/GameManagerService: NotifyRunnable. pkg: com.sh1r0.caffe_android_demo, type: 4, isMinimized: false, isTunableApp: false
09-03 23:18:20.801 3633-4604/? D/InputDispatcher: Focus left window: 626
09-03 23:18:20.801 3633-3712/? D/PointerIcon: setMouseIconStyle1 pointerType: 1001 iconType:101 flag:0 pid:3633 uid:1000
09-03 23:18:20.801 3633-3712/? D/PointerIcon: setMouseCustomIcon IconType is same.101
09-03 23:18:20.801 3633-3707/? W/ContextImpl: Calling a method in the system process without a qualified user: android.app.ContextImpl.sendBroadcast:830 com.android.server.policy.PhoneWindowManager.notifyToSSRM:8645 com.android.server.policy.PhoneWindowManager.access$1500:307 com.android.server.policy.PhoneWindowManager$PolicyHandler.handleMessage:1206 android.os.Handler.dispatchMessage:102 
09-03 23:18:20.811 3633-7848/? D/ConnectivityService: returning getNetworkInfo for network type 1 : [type: WIFI[] - WIFI, state: CONNECTED/CONNECTED, reason: (unspecified), extra: "HOME-E0A8", roaming: false, failover: false, isAvailable: true]
09-03 23:18:20.821 27424-27424/? D/MainActivity: /storage/emulated/0/DCIM/Camera/test/Elephant/567.jpg
09-03 23:18:20.821 27424-27424/? D/MainActivity: 256
09-03 23:18:20.821 27424-27424/? D/MainActivity: 384
09-03 23:18:20.831 27424-27424/? D/ViewRootImpl: #1 mView = com.android.internal.policy.PhoneWindow$DecorView{a4d2b5f V.E...... R.....I. 0,0-0,0}
09-03 23:18:20.831 3633-3649/? D/ISSUE_DEBUG: InputChannelName : c4ca2d Predicting...
09-03 23:18:20.831 3633-3707/? D/StatusBarManagerService: manageDisableList userId=0 what=0x0 pkg=Window{c4ca2d u0 d0 Predicting...}
09-03 23:18:20.831 3633-3649/? D/InputDispatcher: Focus entered window: 27424
09-03 23:18:20.831 3633-3712/? D/PointerIcon: setMouseIconStyle1 pointerType: 1001 iconType:101 flag:0 pid:3633 uid:1000
09-03 23:18:20.831 3633-3712/? D/PointerIcon: setMouseCustomIcon IconType is same.101
09-03 23:18:20.831 5169-5169/? D/PhoneStatusBar: setSystemUiVisibility vis=8000 mask=ffffffff oldVal=8600 newVal=8000 diff=600
09-03 23:18:20.851 3633-5607/? D/ActivityManager: post active user change for 0 fullscreen true isFloatingActivity() false isHomeActivity() false
09-03 23:18:20.851 3633-5607/? D/KnoxTimeoutHandler: postActiveUserChange [MsgParam] userId: 0 fullscreen is true showWhenlocked is false
09-03 23:18:20.851 3633-3633/? D/KnoxTimeoutHandler: handleActiveUserChange [MsgParam] userId: 0 fullscreen is true showWhenlocked is false
09-03 23:18:20.851 3633-3633/? I/KnoxTimeoutHandler: Shared devices show user statefalse
09-03 23:18:20.861 3093-3624/? I/APM::AudioPolicyManager: stopOutput() output 4, stream 1, session 1332
09-03 23:18:20.871 3071-3071/? I/SurfaceFlinger: id=3612 createSurf (1x1),1 flag=4, 
09-03 23:18:20.881 27424-27446/? D/mali_winsys: new_window_surface returns 0x3000,  [1336x648]-format:1
09-03 23:18:20.891 3071-3071/? I/SurfaceFlinger: id=3613 createSurf (1440x2560),1 flag=404, NainActivit
09-03 23:18:20.891 27424-27446/? D/mali_winsys: new_window_surface returns 0x3000,  [1440x2560]-format:1
09-03 23:18:20.901 27424-27424/? W/ActivityThread: AppLock checkAppLockState isAppLocked = false pkgName = com.sh1r0.caffe_android_demo showWhenLocked = false
09-03 23:18:20.901 27424-27424/? W/DisplayListCanvas: DisplayListCanvas is started on unbinded RenderNode (without mOwningView)
09-03 23:18:20.911 3633-5550/? V/WindowStateAnimator: Finishing drawing window Window{c4ca2d u0 d0 Predicting...}: mDrawState=DRAW_PENDING
09-03 23:18:20.911 3071-3071/? D/libEGL: eglInitialize EGLDisplay = 0x7ffb5b6848
09-03 23:18:20.931 3071-3071/? D/libEGL: eglInitialize EGLDisplay = 0x7ffb5b6848
09-03 23:18:20.961 3633-5127/? V/WindowStateAnimator: Finishing drawing window Window{62cf0c4 u0 d0 com.sh1r0.caffe_android_demo/com.sh1r0.caffe_android_demo.MainActivity}: mDrawState=DRAW_PENDING
09-03 23:18:20.961 27424-27424/? D/ViewRootImpl: MSG_RESIZED_REPORT: ci=Rect(0, 0 - 0, 0) vi=Rect(0, 0 - 0, 0) or=1
09-03 23:18:20.971 3633-3712/? D/KnoxTimeoutHandler: notifyActivityDrawn [MsgParam] userId: 0 fullscreen is true showWhenlocked is false
09-03 23:18:20.971 3633-3633/? D/KnoxTimeoutHandler: activityDrawn [MsgParam] userId: 0 fullscreen is true showWhenlocked is false
09-03 23:18:20.971 3633-3712/? I/ActivityManager: Displayed com.sh1r0.caffe_android_demo/.MainActivity: +181ms
09-03 23:18:20.971 3633-3633/? I/KnoxTimeoutHandler: SD activityfalse
09-03 23:18:20.981 3633-3707/? D/StatusBarManagerService: manageDisableList userId=0 what=0x0 pkg=Window{c4ca2d u0 d0 Predicting...}
09-03 23:18:20.981 5169-5169/? D/PhoneStatusBar: setSystemUiVisibility vis=0 mask=ffffffff oldVal=8000 newVal=0 diff=8000
09-03 23:18:21.001 3071-3071/? D/libEGL: eglInitialize EGLDisplay = 0x7ffb5b6848
09-03 23:18:21.011 3633-5273/? V/WindowStateAnimator: Finishing drawing window Window{c4ca2d u0 d0 Predicting...}: mDrawState=HAS_DRAWN
09-03 23:18:21.011 626-626/? I/GlRootView: surfaceDestroyed, type = 1
09-03 23:18:21.011 626-626/? I/GlRootView: enter replaceLayer = com.sec.samsung.gallery.glview.composeView.GlComposeSplitView@4eb8a39, new = null, type = 1
09-03 23:18:21.011 626-626/? I/GlLayer: pause = com.sec.samsung.gallery.glview.composeView.GlComposeSplitView@4eb8a39, state = 1
09-03 23:18:21.011 626-626/? I/GlLayer: pause = com.sec.samsung.gallery.glview.composeView.GlComposeAlbumPhotoView@6788200, state = 2
09-03 23:18:21.011 626-626/? I/GlLayer: destroy = com.sec.samsung.gallery.glview.composeView.GlComposeSplitView@4eb8a39, state = 2
09-03 23:18:21.011 626-626/? I/GlLayer: destroy = com.sec.samsung.gallery.glview.composeView.GlComposeAlbumPhotoView@6788200, state = 2
09-03 23:18:21.011 626-626/? D/GlComposeView: setAdapter = com.sec.samsung.gallery.view.adapter.ComposeMediaItemAdapter@f140956, new = null
09-03 23:18:21.011 626-626/? D/GlComposeView: setAdapter = com.sec.samsung.gallery.view.adapter.ComposePhotoViewAlbumSetAdapter@5e49118, new = null
09-03 23:18:21.011 626-626/? I/GlRootView: exit replaceLayer
09-03 23:18:21.011 626-626/? I/GlRootView: finalizeView layer = null, content = null, GlAvala, type = 1
09-03 23:18:21.011 19026-19026/? D/ViewRootImpl: MSG_RESIZED: ci=Rect(0, 0 - 0, 0) vi=Rect(0, 0 - 0, 0) or=1
09-03 23:18:21.011 27424-27424/? D/ViewRootImpl: MSG_RESIZED: ci=Rect(0, 0 - 0, 0) vi=Rect(0, 0 - 0, 0) or=1
09-03 23:18:21.021 27424-27424/? I/Timeline: Timeline: Activity_idle id: android.os.BinderProxy@9491856 time:154738121
09-03 23:18:21.021 3071-4573/? D/libEGL: eglTerminate EGLDisplay = 0x7f7ba7ae78
09-03 23:18:21.021 3071-4573/? D/libEGL: eglTerminate EGLDisplay = 0x7f7ba7ae78
09-03 23:18:21.031 3071-3071/? D/libEGL: eglInitialize EGLDisplay = 0x7ffb5b6848
09-03 23:18:21.221 3633-3712/? D/CustomFrequencyManagerService: releaseDVFSLockLocked : Getting Lock type frm List : DVFS_MIN_LIMIT  frequency : 1800000  uid : 1000  pid : 3633  tag : ACTIVITY_RESUME_BOOSTER@3
09-03 23:18:21.221 3633-3712/? D/ActivityManager: mDVFSHelper.release()
09-03 23:18:21.221 3633-3712/? I/Timeline: Timeline: Activity_windows_visible id: ActivityRecord{1e900b8 u0 com.sh1r0.caffe_android_demo/.MainActivity t13367} time:154738325
09-03 23:18:21.221 3071-3299/? I/SurfaceFlinger: id=3610 Removed HalleryActi (8/11)
09-03 23:18:21.221 3071-4514/? I/SurfaceFlinger: id=3610 Removed HalleryActi (-2/11)
09-03 23:18:21.221 3071-4514/? I/SurfaceFlinger: id=3611 Removed TurfaceView (7/10)
09-03 23:18:21.221 3071-3299/? I/SurfaceFlinger: id=3611 Removed TurfaceView (-2/10)
09-03 23:18:21.231 3071-3071/? D/libEGL: eglTerminate EGLDisplay = 0x7ffb5b6978
09-03 23:18:21.231 3071-3071/? D/libEGL: eglTerminate EGLDisplay = 0x7ffb5b6948
09-03 23:18:21.241 626-626/? I/Gallery_Performance: Gallery onDestroy Start
09-03 23:18:21.241 626-626/? D/GalleryActivityLifecycleCallback: destroyed : count 0
09-03 23:18:21.241 626-626/? I/NearbyUtils: stop nearby framework
09-03 23:18:21.241 626-626/? E/NearbyClient: stop player called
09-03 23:18:21.241 626-626/? E/NearbyClient: mViewer is null 
09-03 23:18:21.241 626-626/? E/NearbyClient: handleScreenSharingNotify: currDevice is null 
09-03 23:18:21.241 3633-3706/? D/CustomFrequencyManagerService: acquireDVFSLockLocked : type : DVFS_MIN_LIMIT  frequency : 1800000  uid : 1000  pid : 3633  pkgName : ACTIVITY_RESUME_BOOSTER@9
09-03 23:18:21.241 3633-3712/? D/KnoxTimeoutHandler: notifyActivityDrawn [MsgParam] userId: 0 fullscreen is true showWhenlocked is false
09-03 23:18:21.241 3633-3633/? D/KnoxTimeoutHandler: activityDrawn [MsgParam] userId: 0 fullscreen is true showWhenlocked is false
09-03 23:18:21.251 3633-4944/? D/NetworkPolicy: isUidForegroundLocked: 10044, mScreenOn: true, uidstate: 16, mProxSensorScreenOff: false
09-03 23:18:21.251 3633-4944/? V/NetworkPolicy: getFirewallRuleWifi UID:10044 policy:0
09-03 23:18:21.251 3633-3633/? I/KnoxTimeoutHandler: SD activityfalse
09-03 23:18:21.261 16838-29443/? W/AllShare(ASF-DMC): SubscriberManager.existGlobalEventSubscription - com.sec.android.allshare.event.EVENT_IMAGE_VIEWER_DISCOVERY not subscribed to android.os.Messenger@221a6b
09-03 23:18:21.261 16838-17249/? W/AllShare(ASF-DMC): SubscriberManager.existGlobalEventSubscription - com.sec.android.allshare.event.EVENT_PROVIDER_DISCOVERY not subscribed to android.os.Messenger@221a6b
09-03 23:18:21.261 626-626/? I/AllShare(ASF-API): L-d140909 / AllShareConnector.Subscriber onServiceDisconnected from gallery3d
09-03 23:18:21.261 626-626/? D/AllShare(ASF-API): L-d140909 / AllShareConnector.onDisconnected from gallery3d
09-03 23:18:21.261 626-626/? I/NearbyClient: ServiceProvider Deleted
09-03 23:18:21.261 626-626/? D/AllShare(ASF-API): L-d140909 / AllShareConnector.before destroyInstance, mConnecting=false
09-03 23:18:21.261 626-626/? D/AllShare(ASF-API): L-d140909 / AllShareConnector.after destroyInstance, mConnecting=false
09-03 23:18:21.261 626-626/? D/NearbyUtils: clear nearby caches
09-03 23:18:21.261 16838-16838/? D/AllShare(ASF-DMC): ServiceManager.onUnbind - [ TRACE ] onUnbind
09-03 23:18:21.261 626-626/? V/StateManager: destroy
09-03 23:18:21.261 16838-16838/? D/AllShare(ASF-DMC): ServiceManager.unbindServiceManager - unbind method executed....  ACTION            : com.samsung.android.allshare.service.mediashare.SUBSCRIBE_SERVICE
09-03 23:18:21.261 626-626/? I/Gallery_Performance: AlbumViewState onDestroy Start
09-03 23:18:21.261 626-626/? I/Gallery_Performance: AlbumViewState onDestroy Start
09-03 23:18:21.261 626-626/? I/Gallery_Performance: PostGalleryCmd destroy() START 
09-03 23:18:21.261 626-626/? I/Gallery_Performance: PostGalleryCmd destroy() END
09-03 23:18:21.281 626-626/? I/Gallery_Performance: Gallery onDestroy End
09-03 23:18:21.291 626-626/? D/MultiPhoneWindow: performUpdateVisibility, same visibility false
09-03 23:18:21.291 626-626/? D/ViewRootImpl: #3 mView = null
09-03 23:18:21.311 3633-5549/? D/ConnectivityService: returning getNetworkInfo for network type 0 : [type: MOBILE[] - MOBILE, state: DISCONNECTED/DISCONNECTED, reason: (unspecified), extra: (none), roaming: false, failover: false, isAvailable: true]
09-03 23:18:21.311 3633-5126/? D/ConnectivityService: returning getNetworkInfo for network type 1 : [type: WIFI[] - WIFI, state: CONNECTED/CONNECTED, reason: (unspecified), extra: "HOME-E0A8", roaming: false, failover: false, isAvailable: true]
09-03 23:18:21.411 5169-5363/? D/NetworkController.MobileSignalController(0/4): onSignalStrengthsChanged signalStrength=SignalStrength: 99 99 -120 -160 -120 -1 -1 19 -108 -14 -20 -1 2147483647 0x2000 gsm|lte level=2
09-03 23:18:21.411 5169-5363/? D/NetworkController.MobileSignalController(0/4): getMobileIconGroup(): 13
09-03 23:18:21.411 5169-5363/? D/NetworkController.MobileSignalController(0/4): updateCMCCMobileIconGroup(): 13
09-03 23:18:21.491 3633-3643/? I/art: Background partial concurrent mark sweep GC freed 158541(10MB) AllocSpace objects, 39(796KB) LOS objects, 21% free, 57MB/73MB, paused 1.547ms total 221.946ms
09-03 23:18:21.541 3633-3633/? D/CustomFrequencyManagerService: releaseDVFSLockLocked : Getting Lock type frm List : DVFS_MIN_LIMIT  frequency : 1800000  uid : 1000  pid : 3633  tag : ACTIVITY_RESUME_BOOSTER@9
09-03 23:18:21.801 5248-5248/? D/Recents: onTaskStackChanged
09-03 23:18:21.941 27424-28270/? I/caffe_jni: I0903 23:18:21.953392 28270 caffe_mobile.cpp:211] Forwarding time: 4459.08 ms.
09-03 23:18:21.941 27424-27424/? I/MainActivity: elapsed wall time: 1104 ms
09-03 23:18:21.961 3071-3297/? D/libEGL: eglTerminate EGLDisplay = 0x7f82840e78
09-03 23:18:21.961 3071-3297/? D/libEGL: eglTerminate EGLDisplay = 0x7f82840e78
09-03 23:18:21.961 27424-27424/? D/ViewRootImpl: #3 mView = null
09-03 23:18:21.961 3633-5127/? D/InputDispatcher: Focus left window: 27424
09-03 23:18:21.961 3633-5127/? D/InputDispatcher: Focus entered window: 27424
09-03 23:18:21.961 3633-3712/? D/PointerIcon: setMouseIconStyle1 pointerType: 1001 iconType:101 flag:0 pid:3633 uid:1000
09-03 23:18:21.961 3633-3712/? D/PointerIcon: setMouseCustomIcon IconType is same.101
09-03 23:18:21.961 3633-5551/? D/InputMethodManagerService: windowGainedFocus mCurrentFocusedUserId - 0 and mSecureKeypadEnabled-false
09-03 23:18:21.961 6395-6395/? D/SamsungIME: IMPL finishInput
09-03 23:18:21.961 6395-6395/? D/RMHelper: SamsungIME : RMisReady() : client is null
09-03 23:18:21.961 6395-6395/? D/RMHelper: SamsungIME : RMisReady() : client is null
09-03 23:18:21.961 6395-6395/? D/RMHelper: RMHelper : initHelper()
09-03 23:18:21.961 27424-27424/? E/ViewRootImpl: sendUserActionEvent() mView == null
09-03 23:18:21.961 6395-6395/? E/ActivityThread: Failed to find provider info for com.sec.android.inputmethod.resourcemanager
09-03 23:18:21.961 6395-6395/? D/RMHelper: SamsungIME : initHelper() : client is null
09-03 23:18:21.961 6395-6395/? D/RMHelper: SamsungIME : RMisReady() : client is null
09-03 23:18:21.961 6395-6395/? D/RMHelper: SamsungIME : RMisReady() : client is null
09-03 23:18:21.961 6395-6395/? D/RMHelper: RMHelper : initHelper()
09-03 23:18:21.961 6395-6395/? E/ActivityThread: Failed to find provider info for com.sec.android.inputmethod.resourcemanager
09-03 23:18:21.961 6395-6395/? D/RMHelper: SamsungIME : initHelper() : client is null
09-03 23:18:21.961 6395-6395/? D/RMHelper: SamsungIME : RMisReady() : client is null
09-03 23:18:21.961 6395-6395/? D/RMHelper: SamsungIME : RMisReady() : client is null
09-03 23:18:21.971 6395-6395/? E/ActivityThread: Failed to find provider info for com.sec.android.inputmethod.resourcemanager
09-03 23:18:21.961 6395-6395/? D/RMHelper: RMHelper : initHelper()
09-03 23:18:21.971 6395-6395/? D/RMHelper: SamsungIME : initHelper() : client is null
09-03 23:18:21.971 6395-6395/? D/SamsungIME: onStartInput: No inputType, No imeOption, isInputViewShown = false, isExtractViewShown = false, isShowInputRequested = false, isConfigChanged = false
09-03 23:18:21.971 3071-3071/? D/libEGL: eglInitialize EGLDisplay = 0x7ffb5b6848
09-03 23:18:21.991 3071-3071/? D/libEGL: eglInitialize EGLDisplay = 0x7ffb5b6848
09-03 23:18:22.221 3071-4573/? I/SurfaceFlinger: id=3612 Removed  (6/9)
09-03 23:18:22.221 3071-3297/? I/SurfaceFlinger: id=3612 Removed  (-2/9)
09-03 23:18:22.241 3071-3071/? D/libEGL: eglTerminate EGLDisplay = 0x7ffb5b6978
09-03 23:18:22.441 3633-5549/? D/BatteryService: !@BatteryListener : batteryPropertiesChanged!
09-03 23:18:22.441 3633-5549/? D/BatteryService: level:62, scale:100, status:2, health:2, present:true, voltage: 3947, temperature: 254, technology: Li-ion, AC powered:false, USB powered:true, POGO powered:false, Wireless powered:false, icon:17303413, invalid charger:0, maxChargingCurrent:0
09-03 23:18:22.441 3633-5549/? D/BatteryService: online:4, current avg:-197, charge type:1, power sharing:false, high voltage charger:false, capacity:280000, batterySWSelfDischarging:false, current_now:251
09-03 23:18:22.441 3633-3633/? D/BatteryService: Sending ACTION_BATTERY_CHANGED.
09-03 23:18:22.441 3633-3633/? I/MotionRecognitionService: Plugged
09-03 23:18:22.441 3633-3633/? D/MotionRecognitionService:   cableConnection= 1
09-03 23:18:22.441 3633-3633/? D/MotionRecognitionService: setPowerConnected | current backoffstate  = 1024 , state =1024
09-03 23:18:22.441 3633-3633/? D/MotionRecognitionService: skip setTransmitPower. 
09-03 23:18:22.441 5169-5169/? D/KeyguardUpdateMonitor: received broadcast android.intent.action.BATTERY_CHANGED
09-03 23:18:22.441 5169-5169/? D/KeyguardUpdateMonitor: handleBatteryUpdate
09-03 23:18:22.451 5199-5199/? D/CommonServiceConfiguration: getStringValueSetting
09-03 23:18:22.451 5169-5169/? D/PowerUI: priorPlugType = 2 mPlugType =  2
09-03 23:18:22.451 5169-5169/? D/PowerUI.Notification: showChargingNotice oldChargingType : 1 currentChargingType : 1 oldChargingTime : 8165000 mChargingTime : 8165000
09-03 23:18:22.451 5169-5169/? D/PowerUI.Notification: There is no change about charging status, so return!
09-03 23:18:22.451 5199-5199/? D/BatteryMonitor: new battery level: 62
09-03 23:18:22.451 5169-5169/? D/BatteryMeterView: ACTION_BATTERY_CHANGED : level:62 status:2 health:2
09-03 23:18:22.471 5169-5169/? D/BatteryMeterView: ACTION_BATTERY_CHANGED : level:62 status:2 health:2
09-03 23:18:22.471 5169-5169/? D/CoverUpdateMonitor: received broadcast android.intent.action.BATTERY_CHANGED
09-03 23:18:22.821 3633-5607/? D/ConnectivityService: returning getNetworkInfo for network type 0 : [type: MOBILE[] - MOBILE, state: DISCONNECTED/DISCONNECTED, reason: (unspecified), extra: (none), roaming: false, failover: false, isAvailable: true]
09-03 23:18:22.821 3633-3649/? D/ConnectivityService: returning getNetworkInfo for network type 1 : [type: WIFI[] - WIFI, state: CONNECTED/CONNECTED, reason: (unspecified), extra: "HOME-E0A8", roaming: false, failover: false, isAvailable: true]
09-03 23:18:23.831 3093-3727/? I/audio_hw_primary: do_out_standby +
09-03 23:18:23.851 3093-3727/? D/audio_hw_primary: output_devices devices:0
09-03 23:18:23.851 3093-3727/? D/audio_hw_primary: output_devices devices:0
09-03 23:18:23.851 3093-3727/? I/audio_hw_primary: is_voice_wakeup : ret =  1  , wakeup_baby_cry_enabled = 0  ,  wakeup_mic_enabled = 1 
09-03 23:18:23.851 3093-3727/? I/audio_hw_primary: get_scenario : scenario_type = 36
09-03 23:18:23.851 3093-3727/? I/audio_hw_primary: get_input_snd_device_id device:0xc
09-03 23:18:23.851 3093-3727/? V/audio_hw_primary: select_devices output_scenario:-1 input_scenario:36 out_snd_device 0x0 in_snd_device:0xc
09-03 23:18:23.851 3093-3727/? I/audio_hw_primary: set_spk_rx_mute mute(1), rx val=0
09-03 23:18:23.851 3093-3727/? I/audio_route: > audio_route_reset :
09-03 23:18:23.851 3093-3727/? I/audio_route: > audio_route_apply_path : "voice_control-mic"
09-03 23:18:23.851 3093-3727/? V/audio_hw_primary: select_devices() input_route "voice_control-mic" 
09-03 23:18:23.851 3093-3727/? I/audio_route: > audio_route_apply_path : "gain-voice_control-mic"
09-03 23:18:23.851 3093-3727/? V/audio_hw_primary: select_devices() input_gain "gain-voice_control-mic" 
09-03 23:18:23.851 3093-3727/? I/audio_route: > audio_route_update_mixer : +
09-03 23:18:23.861 3093-3727/? I/audio_route: > audio_route_update_mixer : changed(7) -
09-03 23:18:23.861 3093-3727/? V/audio_hw_primary: select_devices : set seamless_buf_offset
09-03 23:18:23.861 3093-3727/? I/audio_route: > audio_values_apply_path : "seamless_buf_offset"
09-03 23:18:23.861 3093-3727/? I/audio_hw_primary: select_devices - 
09-03 23:18:23.861 3093-3727/? I/audio_hw_primary: do_out_standby -
09-03 23:18:24.261 16838-16838/? D/AllShare(ASF-DMC): ServiceManager.mRunnableTimer - [ TRACE ] Stop Service
09-03 23:18:24.261 16838-16838/? D/AllShare(ASF-DMC): ServiceManager.onDestroy - [ TRACE ] onDestroy
09-03 23:18:24.271 16838-16838/? I/AllShare(ASF-DMC): ServiceManager.stopServiceManager - Stop AllShare Service...
09-03 23:18:24.271 16838-16838/? D/AllShare(ASF-DMC): DeviceSubscriber.clear - clear the subscribed devices
09-03 23:18:24.271 16838-16838/? V/AllShare(ASF_DMC): [CP_DISCOVERY] GetDeviceList: 165: interesting device list empty
09-03 23:18:24.271 16838-16838/? E/AllShare(ASF_DMC): [MSCP] FormMediaServerList: 498: GetDeviceList Failed
09-03 23:18:24.271 16838-16838/? V/AllShare(ASF_DMC): [CP_DISCOVERY] UnRegisterCP: 139: UnRegistering CP Success
09-03 23:18:24.271 16838-16838/? I/AllShare(ASF-DMC): ServiceManager.stopServiceManager - stop mscp successfully!
09-03 23:18:24.271 16838-16838/? I/AllShare(ASF_DMC): [STREAMING] DeleteReference: 130: StreamingManager::DeleteReference Ref Count [1]
09-03 23:18:24.271 16838-16838/? I/AllShare(ASF_DMC): [STREAMING] DestroyInstance: 61: StreamingManager::DestroyInstance Ref Count [1]
09-03 23:18:24.271 16838-16838/? V/AllShare(ASF_DMC): [CP_DISCOVERY] UnRegisterCP: 139: UnRegistering CP Success
09-03 23:18:24.271 16838-16838/? E/AllShare(ASF_DMC): [MRCP] Stop: 201: Unregistering CP Successful 
09-03 23:18:24.271 16838-16838/? I/AllShare(ASF-DMC): ServiceManager.stopServiceManager - stop mrcp successfully!
09-03 23:18:24.271 16838-16838/? V/AllShare(ASF_DMC): [KIES_CP] StopKiescp: 297: StopKiescp
09-03 23:18:24.271 16838-16838/? V/AllShare(ASF_DMC): [CP_DISCOVERY] GetDeviceList: 165: interesting device list empty
09-03 23:18:24.271 16838-16838/? E/AllShare(ASF_DMC): [KIES_CP] FormKiesDeviceList: 154: Getting Device List Failed
09-03 23:18:24.271 16838-16838/? V/AllShare(ASF_DMC): [CP_DISCOVERY] UnRegisterCP: 139: UnRegistering CP Success
09-03 23:18:24.271 16838-16838/? I/AllShare(ASF-DMC): ServiceManager.stopServiceManager - stop kies cp successfully!
09-03 23:18:24.271 16838-16838/? I/AllShare(ASF-DMC): MessageAllocateTask.setStopFlag - mStopFlag = false
09-03 23:18:24.271 16838-16838/? I/AllShare(ASF-DMC): MessagePublishTask.setStopFlag - mStopFlag = false
09-03 23:18:24.271 16838-30931/? W/AllShare(ASF-DMC): MessageAllocateTask.handleAllocateMessage - Oops~~. Undefined Context Variable type...
09-03 23:18:24.271 16838-30930/? W/AllShare(ASF-DMC): MessagePublishTask.handlePublishMessage - Oops~~. Undefined Context Variable type...
09-03 23:18:24.271 16838-16838/? D/AllShare(ASF-DMC): ServiceManager.finiServiceManager - Finalize AllShare Service Manager...
09-03 23:18:24.271 16838-16838/? V/AllShare(ASF_DMC): [JNI] JavaTerminateAllShareFrameworkCore: 56: Enter AllShareFrameworkCoreNativeAPI_terminateAllShareFrameworkCore.
09-03 23:18:24.271 16838-16838/? V/AllShare(ASF_DMC): [CP_DISCOVERY] UnRegisterCP: 139: UnRegistering CP Success
09-03 23:18:24.271 16838-16838/? V/AllShare(ASF_DMC): [CP_DISCOVERY] Terminate: 97: CP Discovery Terminate
09-03 23:18:24.271 16838-16838/? V/AllShare(ASF_DMC): [STREAMING] DeleteReference: 92: Stopping streaming threads
09-03 23:18:24.271 16838-16838/? I/AllShare(ASF_DMC): [STREAMING] DeleteReference: 130: StreamingManager::DeleteReference Ref Count [0]
09-03 23:18:24.271 16838-16838/? I/AllShare(ASF_DMC): [STREAMING] DestroyInstance: 61: StreamingManager::DestroyInstance Ref Count [0]
09-03 23:18:24.271 16838-16838/? V/AllShare(ASF_DMC): [CP_DISCOVERY] CleanUp: 53: cleanup start
09-03 23:18:24.271 16838-16838/? V/AllShare(ASF_DMC): [CP_DISCOVERY] CleanUp: 76: joining rescan threads
09-03 23:18:24.271 16838-16838/? V/AllShare(ASF_DMC): [CP_DISCOVERY] CleanUp: 117: cleanup done
09-03 23:18:24.271 16838-16838/? V/AllShare(ASF_DMC): [CP_DISCOVERY] Terminate: 99: CP Discovery Terminate DeviceList
09-03 23:18:24.271 16838-16838/? V/AllShare(ASF_DMC): [CP_DISCOVERY] ClearDeviceList: 56: exit
09-03 23:18:24.271 16838-16838/? V/AllShare(ASF_DMC): [CP_DISCOVERY] Terminate: 101: CP Discovery Terminate Finish
09-03 23:18:24.271 16838-16838/? V/AllShare(ASF_DMC): [FRAMEWORK_CONTROLLER] TerminateUPnP: 176: cp_discovery Terminated
09-03 23:18:24.271 16838-30957/? V/AllShare(ASF-DMC): ServiceManager.finiActionHandlers - Found AsyncActionHandler : com.samsung.android.allshare.service.mediashare.handler.playercontrol.AVPlayerAsyncActionHandler
09-03 23:18:24.271 16838-16838/? V/AllShare(ASF_DMC): [FRAMEWORK_CONTROLLER] TerminateUPnP: 178: cp_control Terminated
09-03 23:18:24.271 16838-16838/? V/AllShare(ASF_DMC): [FRAMEWORK_CONTROLLER] TerminateFrameworkCore: 212: Enter
09-03 23:18:24.271 16838-30957/? V/AllShare(ASF-DMC): ServiceManager.finiActionHandlers - Found AsyncActionHandler : com.samsung.android.allshare.service.mediashare.handler.playercontrol.SlideShowPlayerAsyncActionHandler
09-03 23:18:24.271 16838-16838/? V/AllShare(ASF_DMC): [NETWORK_LAYER] StopNetworkLayer: 122: Enter
09-03 23:18:24.271 16838-16838/? V/AllShare(ASF_DMC): [NETWORK_LAYER] StopNetworkLayer: 129: 1: Calling StopClientThreads
09-03 23:18:24.271 16838-30957/? V/AllShare(ASF-DMC): ServiceManager.finiActionHandlers - Found AsyncActionHandler : com.samsung.android.allshare.service.mediashare.handler.playercontrol.ImageViewerAsyncActionHandler
09-03 23:18:24.271 16838-30957/? V/AllShare(ASF-DMC): ServiceManager.finiActionHandlers - Found AsyncActionHandler : com.samsung.android.allshare.service.mediashare.handler.upnpdevice.KiesAsyncActionHandler
09-03 23:18:24.271 16838-30957/? V/AllShare(ASF-DMC): ServiceManager.finiActionHandlers - Found AsyncActionHandler : com.samsung.android.allshare.service.mediashare.handler.server.ProviderAsyncActionHandler
09-03 23:18:24.271 16838-30957/? V/AllShare(ASF-DMC): ServiceManager.finiActionHandlers - Found AsyncActionHandler : com.samsung.android.allshare.service.mediashare.handler.server.ReceiverAsyncActionHandler
09-03 23:18:24.271 16838-30957/? V/AllShare(ASF-DMC): ServiceManager.finiActionHandlers - Found AsyncActionHandler : com.samsung.android.allshare.service.mediashare.handler.playercontrol.URIPlayerAsyncActionHandler
09-03 23:18:24.271 16838-30957/? V/AllShare(ASF-DMC): ServiceManager.finiActionHandlers - Found AsyncActionHandler : com.samsung.android.allshare.service.mediashare.handler.playercontrol.PlaylistPlayerAsyncActionHandler
09-03 23:18:24.271 16838-30957/? V/AllShare(ASF-DMC): ServiceManager.finiActionHandlers - Found AsyncActionHandler : com.samsung.android.allshare.service.mediashare.handler.playercontrol.ViewControllerAsyncActionHandler
09-03 23:18:24.271 16838-30957/? V/AllShare(ASF-DMC): ServiceManager.finiActionHandlers - Found SyncActionHandler : com.samsung.android.allshare.service.mediashare.handler.playercontrol.ImageViewerSyncActionHandler
09-03 23:18:24.271 16838-30957/? V/AllShare(ASF-DMC): ServiceManager.finiActionHandlers - Found SyncActionHandler : com.samsung.android.allshare.service.mediashare.handler.devicefinder.DeviceFinderDeviceSyncActionHandler
09-03 23:18:24.271 16838-30957/? V/AllShare(ASF-DMC): ServiceManager.finiActionHandlers - Found SyncActionHandler : com.samsung.android.allshare.service.mediashare.handler.playercontrol.AVPlayerSyncActionHandler
09-03 23:18:24.271 16838-30957/? V/AllShare(ASF-DMC): ServiceManager.finiActionHandlers - Found SyncActionHandler : com.samsung.android.allshare.service.mediashare.handler.playercontrol.PlaylistPlayerSyncActionHandler
09-03 23:18:24.271 16838-30957/? V/AllShare(ASF-DMC): ServiceManager.finiActionHandlers - Found SyncActionHandler : com.samsung.android.allshare.service.mediashare.handler.download.DownloadSyncActionHandler
09-03 23:18:24.271 16838-30957/? D/AllShare(ASF-DMC): ServiceManager.finiActionHandlers - Finalize Action Handler : com.samsung.android.allshare.service.mediashare.handler.playercontrol.AVPlayerAsyncActionHandler
09-03 23:18:24.271 16838-30957/? D/AllShare(ASF-DMC): ServiceManager.finiActionHandlers - Finalize Action Handler : com.samsung.android.allshare.service.mediashare.handler.playercontrol.SlideShowPlayerAsyncActionHandler
09-03 23:18:24.271 16838-16838/? V/AllShare(ASF_DMC): [NETWORK_LAYER] StopNetworkLayer: 133: 2: StopClientThreads done
09-03 23:18:24.271 16838-30957/? D/AllShare(ASF-DMC): ServiceManager.finiActionHandlers - Finalize Action Handler : com.samsung.android.allshare.service.mediashare.handler.playercontrol.ImageViewerAsyncActionHandler
09-03 23:18:24.271 16838-16838/? V/AllShare(ASF_DMC): [NETWORK_LAYER] StopNetworkLayer: 140: 3: Calling StopServerThreads
09-03 23:18:24.271 16838-16838/? V/AllShare(ASF_DMC): [NETWORK_LAYER] __stop_server_sockets: 36: StopServerSockets
09-03 23:18:24.271 16838-30957/? D/AllShare(ASF-DMC): ServiceManager.finiActionHandlers - Finalize Action Handler : com.samsung.android.allshare.service.mediashare.handler.upnpdevice.KiesAsyncActionHandler
09-03 23:18:24.271 16838-30957/? D/AllShare(ASF-DMC): ServiceManager.finiActionHandlers - Finalize Action Handler : com.samsung.android.allshare.service.mediashare.handler.server.ProviderAsyncActionHandler
09-03 23:18:24.271 16838-30923/? E/AllShare(ASF_DMC): [NETWORK_LAYER] handle_accept: 187: [TCPServer::handle_accept] Acceptor closed [Operation Canceled]
09-03 23:18:24.271 16838-30957/? D/AllShare(ASF-DMC): ServiceManager.finiActionHandlers - Finalize Action Handler : com.samsung.android.allshare.service.mediashare.handler.server.ReceiverAsyncActionHandler
09-03 23:18:24.271 16838-16838/? D/AllShare(ASF_DMC): [NETWORK_LAYER] Stop: 128: Leaving multicast group at interface [wlan0]
09-03 23:18:24.271 16838-30957/? D/AllShare(ASF-DMC): ServiceManager.finiActionHandlers - Finalize Action Handler : com.samsung.android.allshare.service.mediashare.handler.playercontrol.URIPlayerAsyncActionHandler
09-03 23:18:24.271 16838-30957/? D/AllShare(ASF-DMC): ServiceManager.finiActionHandlers - Finalize Action Handler : com.samsung.android.allshare.service.mediashare.handler.playercontrol.PlaylistPlayerAsyncActionHandler
09-03 23:18:24.271 16838-30957/? D/AllShare(ASF-DMC): ServiceManager.finiActionHandlers - Finalize Action Handler : com.samsung.android.allshare.service.mediashare.handler.playercontrol.ViewControllerAsyncActionHandler
09-03 23:18:24.271 16838-30957/? D/AllShare(ASF-DMC): ServiceManager.finiActionHandlers - Finalize Action Handler : com.samsung.android.allshare.service.mediashare.handler.playercontrol.ImageViewerSyncActionHandler
09-03 23:18:24.271 16838-30957/? D/AllShare(ASF-DMC): ServiceManager.finiActionHandlers - Finalize Action Handler : com.samsung.android.allshare.service.mediashare.handler.devicefinder.DeviceFinderDeviceSyncActionHandler
09-03 23:18:24.271 16838-30957/? D/AllShare(ASF-DMC): ServiceManager.finiActionHandlers - Finalize Action Handler : com.samsung.android.allshare.service.mediashare.handler.playercontrol.AVPlayerSyncActionHandler
09-03 23:18:24.271 16838-30957/? D/AllShare(ASF-DMC): ServiceManager.finiActionHandlers - Finalize Action Handler : com.samsung.android.allshare.service.mediashare.handler.playercontrol.PlaylistPlayerSyncActionHandler
09-03 23:18:24.271 16838-30957/? D/AllShare(ASF-DMC): ServiceManager.finiActionHandlers - Finalize Action Handler : com.samsung.android.allshare.service.mediashare.handler.download.DownloadSyncActionHandler
09-03 23:18:24.271 16838-30926/? E/AllShare(ASF_DMC): [NETWORK_LAYER] receive_handler: 264: [Multicast Server::receive_handler] Canceled [Operation Canceled]
09-03 23:18:24.271 16838-30925/? E/AllShare(ASF_DMC): [NETWORK_LAYER] read_handler: 230: [UDPServer::read_handler] Canceled [Operation Canceled]
09-03 23:18:24.271 16838-16838/? V/AllShare(ASF_DMC): [NETWORK_LAYER] __stop_server_sockets: 45: StopServerSockets return
09-03 23:18:24.271 16838-16838/? E/AllShare(ASF_DMC): [NETWORK_LAYER] Reset: 231: [TCPServer::Reset] ref reset
09-03 23:18:24.271 16838-16838/? V/AllShare(ASF_DMC): [NETWORK_LAYER] StopNetworkLayer: 149: 4: Calling Stopcallback handler threads
09-03 23:18:24.271 16838-16838/? V/AllShare(ASF_DMC): [NETWORK_LAYER] StopNetworkLayer: 153: Exit
09-03 23:18:24.271 16838-16838/? V/AllShare(ASF_DMC): [FRAMEWORK_CONTROLLER] TerminateFrameworkCore: 222: StopNetworkLayer finished
09-03 23:18:24.271 16838-16838/? V/AllShare(ASF_DMC): [FRAMEWORK_CONTROLLER] TerminateFrameworkCore: 226: StopFrameworkCore finished
09-03 23:18:24.271 16838-16838/? V/AllShare(ASF_DMC): [FRAMEWORK_CONTROLLER] TerminateFrameworkCore: 230: TerminateUPnP finished
09-03 23:18:24.271 16838-16838/? V/AllShare(ASF_DMC): [FRAMEWORK_CONTROLLER] TerminateFrameworkCore: 234: Timer Terminate finished
09-03 23:18:24.271 16838-16838/? V/AllShare(ASF_DMC): [NETWORK_LAYER] TerminateNetworkLayer: 62: Enter
09-03 23:18:24.281 16838-16838/? V/AllShare(ASF_DMC): [NETWORK_LAYER] TerminateNetworkLayer: 66: NetworkInterface Destroyed
09-03 23:18:24.281 16838-16838/? V/AllShare(ASF_DMC): [NETWORK_LAYER] TerminateNetworkLayer: 73: ServerManager Destroyed
09-03 23:18:24.281 16838-16838/? V/AllShare(ASF_DMC): [NETWORK_LAYER] TerminateNetworkLayer: 77: CallBackHandler Destroyed, Exit
09-03 23:18:24.281 16838-16838/? V/AllShare(ASF_DMC): [FRAMEWORK_CONTROLLER] TerminateFrameworkCore: 240: Exit
09-03 23:18:24.321 3633-5548/? D/ConnectivityService: returning getNetworkInfo for network type 0 : [type: MOBILE[] - MOBILE, state: DISCONNECTED/DISCONNECTED, reason: (unspecified), extra: (none), roaming: false, failover: false, isAvailable: true]
09-03 23:18:24.321 3633-5550/? D/ConnectivityService: returning getNetworkInfo for network type 1 : [type: WIFI[] - WIFI, state: CONNECTED/CONNECTED, reason: (unspecified), extra: "HOME-E0A8", roaming: false, failover: false, isAvailable: true]
09-03 23:18:24.471 3766-3785/? D/ContactsProvider_EventLog: contents_sample_state: [contacts(81) raw_contacts(104) raw_contacts deleted(2) data(302) accounts({com.tencent.mm.account=24, vnd.sec.contact.phone=80}) accounts deleted({com.tencent.mm.account=2}) ]
09-03 23:18:24.831 3633-4468/? D/InputReader: Input event(3): value=1 when=154741936070000
09-03 23:18:24.831 3633-4468/? D/InputReader: Input event(3): value=1 when=154741936070000
09-03 23:18:24.831 3633-4468/? I/InputReader: Touch event's action is 0x0 (deviceType=0) [pCnt=1, s=0.12104 ] when=154741936070000
09-03 23:18:24.831 3633-4468/? D/InputReader: lastThreadEndTime = 154737857294700, currentThreadStartTime = 154737857298700, diff = 0
09-03 23:18:24.831 3633-4467/? I/InputDispatcher: Delivering touch to (5169): action: 0x4, toolType: 1
09-03 23:18:24.831 3633-4467/? I/InputDispatcher: Delivering touch to (19026): action: 0x4, toolType: 1
09-03 23:18:24.831 3633-4467/? I/InputDispatcher: Delivering touch to (27424): action: 0x0, toolType: 1
09-03 23:18:24.831 27424-27424/? D/ViewRootImpl: ViewPostImeInputStage processPointer 0
09-03 23:18:24.831 19026-19026/? D/AutoHideHelper: ###check Single invalid
09-03 23:18:24.921 3633-4468/? D/InputReader: Input event(3): value=0 when=154742027005000
09-03 23:18:24.921 3633-4468/? D/InputReader: Input event(3): value=0 when=154742027005000
09-03 23:18:24.921 3633-4468/? I/InputReader: Touch event's action is 0x1 (deviceType=0) [pCnt=1, s=] when=154742027005000
09-03 23:18:24.921 3633-4467/? I/InputDispatcher: Delivering touch to (27424): action: 0x1, toolType: 1
09-03 23:18:24.921 27424-27424/? D/ViewRootImpl: ViewPostImeInputStage processPointer 1
09-03 23:18:24.921 3633-3648/? V/AudioService: AudioService playSoundEffect Type : 0, volume : -1.0
09-03 23:18:24.921 3633-4960/? V/AudioService: received MSG_PLAY_SOUND_EFFECT onPlaySoundEffect start
09-03 23:18:24.921 3093-3093/? I/APM::AudioPolicyManager: getSituationVolume: isBTConnected:0 isHeadConnected:0
09-03 23:18:24.931 3093-4167/? W/AudioPolicyIntefaceImpl: Skipped to add effects on session 1333
09-03 23:18:24.931 3093-4167/? I/APM::AudioPolicyManager: startOutput() output 4, stream 1, session 1333
09-03 23:18:24.941 3093-3727/? D/audio_hw_primary: out_set_parameters: enter: kvpairs: routing=2
09-03 23:18:24.941 3093-3727/? D/AudioFlinger: setCurDevice() 0x2
09-03 23:18:24.941 3633-5126/? D/ActivityManager: AppLocked getMultiWindowStyle:null
09-03 23:18:24.941 3633-5126/? D/ActivityManager: AppLocked isLaunchedFromRecents:false hasMultiWindowStyle:false not normal : false
09-03 23:18:24.941 3633-5126/? D/GameManagerService: identifyGamePackage. com.sec.android.gallery3d
09-03 23:18:24.941 3633-5126/? D/MultiWindowPolicy: Gamemode - return 0,  when calling  identifyForegroundApp(com.sec.android.gallery3d)
09-03 23:18:24.941 3633-5126/? D/CustomFrequencyManagerService: acquireDVFSLockLocked : type : DVFS_MIN_LIMIT  frequency : 1800000  uid : 1000  pid : 3633  pkgName : ACTIVITY_RESUME_BOOSTER@3
09-03 23:18:24.951 3633-5126/? D/ActivityManager: mDVFSHelper.acquire()
09-03 23:18:24.951 3093-3727/? V/audio_hw_primary: start_output_stream+, out->device : 00000002 , out->type = 1
09-03 23:18:24.951 3633-5126/? V/WindowManager: addAppToken: AppWindowToken{519989d token=Token{e1dfb74 ActivityRecord{2f35747 u0 com.sec.android.gallery3d/.app.GalleryActivity t13367}}} to stack=1 task=13367 at 1
09-03 23:18:24.951 3093-3727/? D/audio_hw_primary: start_output_stream (0xedba4000) out->pcm_device:6 out->config.rate:48000 out->config.format:0 out->period_size:240
09-03 23:18:24.951 3093-3727/? D/audio_hw_primary: start_output_stream (0xedba4000) out->config.rate:48000 out->config.format:0 out->period_size:240
09-03 23:18:24.951 3093-3727/? I/audio_hw_primary: is_voice_wakeup : ret =  1  , wakeup_baby_cry_enabled = 0  ,  wakeup_mic_enabled = 1 
09-03 23:18:24.951 3093-3727/? I/audio_hw_primary: get_scenario : scenario_type = 36
09-03 23:18:24.951 3093-3727/? I/audio_hw_primary: get_input_snd_device_id device:0xc
09-03 23:18:24.951 3093-3727/? V/audio_hw_primary: select_devices output_scenario:0 input_scenario:36 out_snd_device 0x2 in_snd_device:0xc
09-03 23:18:24.951 3093-3727/? I/audio_route: > audio_route_reset :
09-03 23:18:24.951 3093-3727/? I/audio_route: > audio_route_apply_path : "voice_control-mic"
09-03 23:18:24.951 3633-5126/? D/ActivityManager:  Launching com.sec.android.gallery3d, updated priority
09-03 23:18:24.951 3093-3727/? V/audio_hw_primary: select_devices() input_route "voice_control-mic" 
09-03 23:18:24.951 3093-3727/? I/audio_route: > audio_route_apply_path : "media-speaker"
