09-03 23:18:25.461 16838-30982/? D/AllShare(ASF_DMC): [NETWORK_LAYER] NotifyNICEventByID: 1204: Notifying NIC Change 0 for wlan0 listener_id 0
09-03 23:18:25.461 16838-30981/? D/AllShare(ASF_DMC): [NETWORK_LAYER] NotifyNICEventByID: 1204: Notifying NIC Change 0 for wlan0 listener_id 1
09-03 23:18:25.461 16838-30982/? D/AllShare(ASF_DMC): [CP_DISCOVERY] OnNetworkChanged: 53: Received NIC change event [0] for [wlan0]
09-03 23:18:25.461 16838-30981/? D/AllShare(ASF_DMC): [STREAMING] OnNetworkChanged: 155: NW event arrived for interface name wlan0
09-03 23:18:25.461 16838-31009/? D/AllShare(ASF-DMC): DeviceSubscriber.eventNotifyReceived - receive system event: com.sec.android.allshare.event.EVENT_WIFI_ENABLED
09-03 23:18:25.461 16838-30982/? V/AllShare(ASF_DMC): [CP_DISCOVERY] Rescan: 449: Sending Rescan.
09-03 23:18:25.461 16838-31009/? D/AllShare(ASF-DMC): NetworkStatusListener.notifyNICRemoved - NIC: p2p-wlan0-0
09-03 23:18:25.461 16838-31009/? I/AllShare(ASF_DMC): [JNI] JavaNotifyNICRemoved: 137: Enter JavaNotifyNICRemoved
09-03 23:18:25.461 16838-31009/? I/AllShare(ASF_DMC): [NETWORK_LAYER] NotifyNICRemoved: 1078: Interface [p2p-wlan0-0] is already removed!!
09-03 23:18:25.461 3093-4167/? I/OMXCodec: Attempting to allocate OMX node 'OMX.google.vorbis.decoder'
09-03 23:18:25.461 16838-31009/? D/AllShare(ASF-DMC): DeviceSubscriber.eventNotifyReceived - receive system event: com.sec.android.allshare.event.EVENT_WIFI_P2P_DISABLED
09-03 23:18:25.471 3093-4167/? I/OMXCodec: Successfully allocated OMX node 'OMX.google.vorbis.decoder'
09-03 23:18:25.471 3093-4167/? I/OMXCodec: >>>UHQA initOutputFormat 16
09-03 23:18:25.471 3093-4167/? I/OMXCodec: [OMX.google.vorbis.decoder] OMXCodec::start mState=1
09-03 23:18:25.471 3093-4167/? I/OMXCodec: [OMX.google.vorbis.decoder] allocating 4 buffers of size 8192 on input port
09-03 23:18:25.471 3093-4167/? I/OMXCodec: [OMX.google.vorbis.decoder] allocating 4 buffers of size 32768 on output port
09-03 23:18:25.471 3093-31014/? I/OMXCodec: [OMX.google.vorbis.decoder] Now Idle. Component sends idle done Event 
09-03 23:18:25.471 3093-31014/? I/OMXCodec: [OMX.google.vorbis.decoder] 0onCmdComplete  mState =  7
09-03 23:18:25.471 3093-31014/? I/OMXCodec: [OMX.google.vorbis.decoder] PORT_DISABLED(1)
09-03 23:18:25.471 3093-31014/? I/OMXCodec: >>>UHQA initOutputFormat 16
09-03 23:18:25.471 3093-31014/? I/OMXCodec: [OMX.google.vorbis.decoder] allocating 4 buffers of size 32768 on output port
09-03 23:18:25.471 3093-31014/? I/OMXCodec: [OMX.google.vorbis.decoder] End Of Stream
09-03 23:18:25.471 3093-4167/? I/SoundExtractor: extract() reached EOS
09-03 23:18:25.471 3093-4167/? I/OMXCodec: [OMX.google.vorbis.decoder] stop mState=4
09-03 23:18:25.471 3093-4167/? I/OMXCodec: [OMX.google.vorbis.decoder] stop() sendCommand(3231, OMX_CommandStateSet, OMX_StateIdle)
09-03 23:18:25.471 3093-31014/? I/OMXCodec: [OMX.google.vorbis.decoder] Now Idle. Component sends idle done Event 
09-03 23:18:25.471 3093-4167/? I/OMXCodec: [OMX.google.vorbis.decoder] stopOmxComponent_l() mstate = 1
09-03 23:18:25.471 3093-4167/? I/OggExtractor: OggSource::stop() mExtractor ref count = 1
09-03 23:18:25.471 3093-4167/? I/OggExtractor: OggSource::~OggSource() mExtractor !mStarted ref count = 1
09-03 23:18:25.471 3093-4167/? I/OggExtractor: ~OggSource --
09-03 23:18:25.471 3093-4167/? I/OggExtractor: ~OggExtractor ++
09-03 23:18:25.471 3093-4167/? I/OggExtractor: ~MyOggExtractor ++ 
09-03 23:18:25.471 3093-4167/? I/OggExtractor: ~MyOggExtractor --
09-03 23:18:25.471 3093-4167/? I/OggExtractor: ~OggExtractor --
09-03 23:18:25.471 626-30971/? V/MediaPlayer: decode(69, 0, 4705)
09-03 23:18:25.471 3093-5635/? I/OggExtractor: OggSource::OggSource() mExtractor ref count = 4
09-03 23:18:25.471 3093-5635/? I/OMXCodec: Attempting to allocate OMX node 'OMX.google.vorbis.decoder'
09-03 23:18:25.471 3093-5635/? I/OMXCodec: Successfully allocated OMX node 'OMX.google.vorbis.decoder'
09-03 23:18:25.471 3093-5635/? I/OMXCodec: >>>UHQA initOutputFormat 16
09-03 23:18:25.471 3093-5635/? I/OMXCodec: [OMX.google.vorbis.decoder] OMXCodec::start mState=1
09-03 23:18:25.471 3093-5635/? I/OMXCodec: [OMX.google.vorbis.decoder] allocating 4 buffers of size 8192 on input port
09-03 23:18:25.471 3093-5635/? I/OMXCodec: [OMX.google.vorbis.decoder] allocating 4 buffers of size 32768 on output port
09-03 23:18:25.471 3093-31016/? I/OMXCodec: [OMX.google.vorbis.decoder] Now Idle. Component sends idle done Event 
09-03 23:18:25.481 3093-31016/? I/OMXCodec: [OMX.google.vorbis.decoder] End Of Stream
09-03 23:18:25.481 3093-31016/? I/OMXCodec: [OMX.google.vorbis.decoder] 0onCmdComplete  mState =  7
09-03 23:18:25.481 3093-31016/? I/OMXCodec: [OMX.google.vorbis.decoder] PORT_DISABLED(1)
09-03 23:18:25.481 3093-31016/? I/OMXCodec: >>>UHQA initOutputFormat 16
09-03 23:18:25.481 3093-31016/? I/OMXCodec: [OMX.google.vorbis.decoder] allocating 4 buffers of size 32768 on output port
09-03 23:18:25.481 3093-5635/? I/SoundExtractor: extract() reached EOS
09-03 23:18:25.481 3093-5635/? I/OMXCodec: [OMX.google.vorbis.decoder] stop mState=4
09-03 23:18:25.481 3093-5635/? I/OMXCodec: [OMX.google.vorbis.decoder] stop() sendCommand(3232, OMX_CommandStateSet, OMX_StateIdle)
09-03 23:18:25.481 3093-31016/? I/OMXCodec: [OMX.google.vorbis.decoder] Now Idle. Component sends idle done Event 
09-03 23:18:25.481 3093-5635/? I/OMXCodec: [OMX.google.vorbis.decoder] stopOmxComponent_l() mstate = 1
09-03 23:18:25.481 3093-5635/? I/OggExtractor: OggSource::stop() mExtractor ref count = 1
09-03 23:18:25.481 3093-5635/? I/OggExtractor: OggSource::~OggSource() mExtractor !mStarted ref count = 1
09-03 23:18:25.481 3093-5635/? I/OggExtractor: ~OggSource --
09-03 23:18:25.481 3093-5635/? I/OggExtractor: ~OggExtractor ++
09-03 23:18:25.481 3093-5635/? I/OggExtractor: ~MyOggExtractor ++ 
09-03 23:18:25.481 3093-5635/? I/OggExtractor: ~MyOggExtractor --
09-03 23:18:25.481 3093-5635/? I/OggExtractor: ~OggExtractor --
09-03 23:18:25.501 16838-30987/? V/AllShare(ASF_DMC): [CP_DISCOVERY] SendDeviceDescriptionRequest: 379: Making description request for [uuid:a784f457-142a-cad5-fcc0-ecd2a10ca09b+wlan0]
09-03 23:18:25.501 16838-30987/? D/AllShare(ASF_DMC): [CP_DISCOVERY] OnUDPRequestReceived: 203: Recv M-SEARCH res from NEW dev [uuid:a784f457-142a-cad5-fcc0-ecd2a10ca09b+wlan0] client_ip = [10.0.0.1] Interface ip [10.0.0.4]
09-03 23:18:25.591 16838-30993/? V/AllShare(ASF_DMC): [CP_DISCOVERY] PopulateServiceDescription: 350: Sent request for 1 services
09-03 23:18:25.611 16838-30993/? I/AllShare(ASF_DMC): [CP_DISCOVERY] OnResponseReceived: 183: service description received
09-03 23:18:25.611 16838-30993/? V/AllShare(ASF_DMC): [CP_DISCOVERY] ServiceDescriptionReceived: 550: All services available for device uuid:a784f457-142a-cad5-fcc0-ecd2a10ca09b+wlan0 
09-03 23:18:25.651 3633-4468/? D/InputReader: Input event(3): value=1 when=154742750002000
09-03 23:18:25.651 3633-4468/? D/InputReader: Input event(3): value=1 when=154742750002000
09-03 23:18:25.651 3633-4468/? I/InputReader: Touch event's action is 0x0 (deviceType=0) [pCnt=1, s=0.12105 ] when=154742750002000
09-03 23:18:25.651 3633-4468/? D/InputReader: lastThreadEndTime = 154742027486827, currentThreadStartTime = 154742027491202, diff = 0
09-03 23:18:25.651 3633-4467/? I/InputDispatcher: Delivering touch to (19026): action: 0x4, toolType: 1
09-03 23:18:25.651 3633-4467/? I/InputDispatcher: Delivering touch to (626): action: 0x0, toolType: 1
09-03 23:18:25.651 626-626/? D/ViewRootImpl: ViewPostImeInputStage processPointer 0
09-03 23:18:25.651 3633-4467/? D/PowerManagerService: [api] userActivityFromNative : 790 (event: 2 flags: 0) eventTime = 154742750
09-03 23:18:25.651 19026-19026/? D/AutoHideHelper: ###check Single invalid
09-03 23:18:25.651 3633-5273/? D/CustomFrequencyManagerService: acquireDVFSLockLocked : type : DVFS_MIN_LIMIT  frequency : 800000  uid : 1000  pid : 3633  pkgName : GALLERY_LIST_SCROLL@627
09-03 23:18:25.651 626-30977/? D/CpuBoostScrollCmd: Scroll Boost CPU Clock
09-03 23:18:25.651 626-30967/? D/GlHoverController: onMessage msg = 3
09-03 23:18:25.651 626-30967/? D/GlHoverController: removeHoverView removed message = 0
09-03 23:18:25.671 3633-3633/? D/CustomFrequencyManagerService: releaseDVFSLockLocked : Getting Lock type frm List : DVFS_MIN_LIMIT  frequency : 1800000  uid : 1000  pid : 3633  tag : ACTIVITY_RESUME_BOOSTER@9
09-03 23:18:25.701 3633-4468/? D/InputReader: Input event(3): value=0 when=154742807157000
09-03 23:18:25.701 3633-4468/? D/InputReader: Input event(3): value=0 when=154742807157000
09-03 23:18:25.701 3633-4468/? I/InputReader: Touch event's action is 0x1 (deviceType=0) [pCnt=1, s=] when=154742807157000
09-03 23:18:25.701 3633-4467/? I/InputDispatcher: Delivering touch to (626): action: 0x1, toolType: 1
09-03 23:18:25.701 626-626/? D/ViewRootImpl: ViewPostImeInputStage processPointer 1
09-03 23:18:25.701 16116-16137/? I/ReschedulableTimer: [#CMH#] ReschedulableTimer started 
09-03 23:18:25.701 3633-4941/? V/AudioService: AudioService playSoundEffect Type : 10, volume : -1.0
09-03 23:18:25.701 626-626/? E/AlbumViewState: cannot start anmation to PhotoView. bitmap is null
09-03 23:18:25.701 3633-4960/? V/AudioService: received MSG_PLAY_SOUND_EFFECT onPlaySoundEffect start
09-03 23:18:25.701 3093-4168/? I/APM::AudioPolicyManager: getSituationVolume: isBTConnected:0 isHeadConnected:0
09-03 23:18:25.711 626-626/? V/StateManager: startState class com.sec.samsung.gallery.view.photosplitview.PhotoSplitViewState
09-03 23:18:25.711 626-626/? I/Gallery_Performance: AlbumViewState onPause Start
09-03 23:18:25.711 626-626/? I/GlLayer: pause = com.sec.samsung.gallery.glview.composeView.GlComposeAlbumView@1155acb, state = 1
09-03 23:18:25.711 626-626/? I/Gallery_Performance: AlbumViewState onPause End
09-03 23:18:25.711 626-626/? I/Gallery_Performance: PhotoSplitViewState onCreate Start
09-03 23:18:25.711 3093-5633/? W/AudioPolicyIntefaceImpl: Skipped to add effects on session 1334
09-03 23:18:25.711 3093-5633/? I/APM::AudioPolicyManager: startOutput() output 4, stream 1, session 1334
09-03 23:18:25.711 626-626/? D/ComposeViewDataLoader: checkIncreaseAlbumSet start
09-03 23:18:25.711 626-626/? I/Gallery_Performance: PhotoSplitViewState onCreate End
09-03 23:18:25.711 626-626/? I/Gallery_Performance: PhotoSplitViewState onResume Start
09-03 23:18:25.711 3633-3706/? V/BroadcastQueue: [background] Process cur broadcast BroadcastRecord{5359e9 u0 com.samsung.android.providers.context.log.action.USE_APP_FEATURE_SURVEY qIdx=4}, state= (APP_RECEIVE) DELIVERED for app ProcessRecord{5e94ccc 5869:com.samsung.android.providers.context/u0a380}
09-03 23:18:25.711 626-626/? D/GlComposeBaseView: GlComposeBaseView = com.sec.samsung.gallery.glview.composeView.GlComposeAlbumPhotoView@4801aab
09-03 23:18:25.711 626-626/? D/GlComposeBaseView: GlComposeBaseView = com.sec.samsung.gallery.glview.composeView.GlComposeSplitView@deda508
09-03 23:18:25.721 3633-5127/? V/BroadcastQueue: [background] Process cur broadcast BroadcastRecord{c18766e u0 com.samsung.android.providers.context.log.action.USE_APP_FEATURE_SURVEY qIdx=4}, state= (APP_RECEIVE) DELIVERED for app ProcessRecord{5e94ccc 5869:com.samsung.android.providers.context/u0a380}
09-03 23:18:25.721 3093-3727/? D/audio_hw_primary: out_set_parameters: enter: kvpairs: routing=2
09-03 23:18:25.721 3093-3727/? I/audio_hw_primary: out_set_parameters adev->out_device:2
09-03 23:18:25.721 3093-3727/? I/audio_hw_primary: is_voice_wakeup : ret =  1  , wakeup_baby_cry_enabled = 0  ,  wakeup_mic_enabled = 1 
09-03 23:18:25.721 3093-3727/? I/audio_hw_primary: get_scenario : scenario_type = 36
09-03 23:18:25.721 3093-3727/? I/audio_hw_primary: get_input_snd_device_id device:0xc
09-03 23:18:25.721 3093-3727/? V/audio_hw_primary: select_devices output_scenario:0 input_scenario:36 out_snd_device 0x2 in_snd_device:0xc
09-03 23:18:25.721 3093-3727/? I/audio_hw_primary: select_devices - do not update mixer_path
09-03 23:18:25.721 3093-3727/? D/AudioFlinger: setCurDevice() 0x2
09-03 23:18:25.731 626-626/? I/GlRootView: attachLayer = com.sec.samsung.gallery.glview.composeView.GlComposeAlbumView@1155acb, new = com.sec.samsung.gallery.glview.composeView.GlComposeSplitView@deda508, type = 1
09-03 23:18:25.731 626-626/? I/GlRootView: exit attachLayer
09-03 23:18:25.731 626-31018/? D/ComposeViewDataLoader: checkIncreaseAlbumSet start
09-03 23:18:25.731 626-31018/? D/ComposeViewDataLoader: loadSet done old = 13, new = 13
09-03 23:18:25.731 626-31018/? D/ComposeViewDataLoader: loadCoveritems count =0, updS = 8, updE = 1
09-03 23:18:25.731 626-31018/? D/ComposeViewDataLoader: loadCoveritems count =0, updS = 8, updE = 1
09-03 23:18:25.731 3633-5127/? V/BroadcastQueue: [background] Process cur broadcast BroadcastRecord{194210f u0 com.samsung.android.providers.context.log.action.USE_APP_FEATURE_SURVEY qIdx=4}, state= (APP_RECEIVE) DELIVERED for app ProcessRecord{5e94ccc 5869:com.samsung.android.providers.context/u0a380}
09-03 23:18:25.731 626-31021/? E/NFC: isAndroidBeamAllowed - Begin
09-03 23:18:25.731 626-31021/? I/NFC: showMsg is false
09-03 23:18:25.741 3633-5273/? D/SecContentProvider: query(), uri = 15 selection = isAndroidBeamAllowed
09-03 23:18:25.741 626-626/? I/Gallery_Performance: PhotoSplitViewState onResume End
09-03 23:18:25.741 626-30967/? I/GlRootView: enter replaceLayer = com.sec.samsung.gallery.glview.composeView.GlComposeAlbumView@1155acb, new = com.sec.samsung.gallery.glview.composeView.GlComposeSplitView@deda508, type = 1
09-03 23:18:25.741 3633-5622/? D/CustomFrequencyManagerService: releaseDVFSLockLocked : Getting Lock type frm List : DVFS_MIN_LIMIT  frequency : 800000  uid : 1000  pid : 3633  tag : GALLERY_LIST_SCROLL@627
09-03 23:18:25.741 626-30967/? I/GlLayer: pause = com.sec.samsung.gallery.glview.composeView.GlComposeAlbumView@1155acb, state = 2
09-03 23:18:25.741 626-30967/? I/GlLayer: destroy = com.sec.samsung.gallery.glview.composeView.GlComposeAlbumView@1155acb, state = 2
09-03 23:18:25.741 626-30967/? D/GlComposeView: setAdapter = com.sec.samsung.gallery.view.adapter.ComposeAlbumSetAdapter@c968cbb, new = null
09-03 23:18:25.741 626-626/? I/InjectionManager: dispatchCreateOptionsMenu :com.sec.android.gallery3d.app.GalleryActivity
09-03 23:18:25.741 626-626/? I/InjectionManager: dispatchPrepareOptionsMenu :com.sec.android.gallery3d.app.GalleryActivity
09-03 23:18:25.741 626-30977/? D/CpuBoostScrollCmd: Scroll Boost Release
09-03 23:18:25.741 626-30967/? D/GlRootView: isWideMode : false
09-03 23:18:25.741 626-30967/? I/GlLayer: create = com.sec.samsung.gallery.glview.composeView.GlComposeSplitView@deda508, state = 0
09-03 23:18:25.741 626-30967/? E/PositionControllerAlbumPhoto: resetAttributes :: mTitleCanvsH : 160 mTitleCanvsW:0
09-03 23:18:25.741 626-30967/? D/GlLayer: setHoverScrollFlexibleHeightMargin264
09-03 23:18:25.741 626-30967/? I/GlLayer: create = com.sec.samsung.gallery.glview.composeView.GlComposeAlbumPhotoView@4801aab, state = 0
09-03 23:18:25.751 626-30967/? E/PositionControllerAlbumPhoto: resetAttributes :: mTitleCanvsH : 128 mTitleCanvsW:0
09-03 23:18:25.751 626-30967/? D/GlLayer: setHoverScrollFlexibleHeightMargin228
09-03 23:18:25.751 626-30967/? D/PhotoSplitViewState: onViewInitialize
09-03 23:18:25.751 626-30967/? D/GlComposeView: setAdapter = null, new = com.sec.samsung.gallery.view.adapter.ComposePhotoViewAlbumSetAdapter@c3a5952
09-03 23:18:25.751 626-30967/? D/ComposeViewDataLoader: applyViewListener = com.sec.samsung.gallery.glview.composeView.GlComposeView$2@37b3423, count = -1, notiCount = -1
09-03 23:18:25.751 626-30967/? D/GlComposeView: onSizeChanged= 13
09-03 23:18:25.751 626-30967/? D/GlComposeView: setAdapter = null, new = com.sec.samsung.gallery.view.adapter.ComposeMediaItemAdapter@b6a0d20
09-03 23:18:25.751 626-30967/? I/GlLayer: resume = com.sec.samsung.gallery.glview.composeView.GlComposeSplitView@deda508, state = 1
09-03 23:18:25.751 626-30967/? I/GlRootView: exit replaceLayer
09-03 23:18:25.761 626-31021/? E/NFC: isAndroidBeamAllowed - Begin
09-03 23:18:25.761 626-31021/? I/NFC: showMsg is false
09-03 23:18:25.761 3633-5842/? D/SecContentProvider: query(), uri = 15 selection = isAndroidBeamAllowed
09-03 23:18:25.761 3633-5127/? V/BroadcastQueue: [background] Process cur broadcast BroadcastRecord{ebed59c u0 com.samsung.android.providers.context.log.action.REPORT_APP_STATUS_SURVEY qIdx=4}, state= (APP_RECEIVE) DELIVERED for app ProcessRecord{5e94ccc 5869:com.samsung.android.providers.context/u0a380}
09-03 23:18:25.771 626-30967/? W/PositionControllerAlbumPhoto: update left albumType : -2
09-03 23:18:25.771 626-30967/? W/PositionControllerAlbumPhoto: update left albumType : -2
09-03 23:18:25.771 626-30967/? W/PositionControllerAlbumPhoto: update left albumType : -2
09-03 23:18:25.771 626-30967/? W/PositionControllerAlbumPhoto: update left albumType : -2
09-03 23:18:25.771 626-30967/? W/PositionControllerAlbumPhoto: update left albumType : -2
09-03 23:18:25.781 626-31020/? D/ComposeViewDataLoader: applyViewListener = null, count = 100, notiCount = -1
09-03 23:18:25.781 626-31018/? D/ComposeViewDataLoader: loadCoveritems count =0, updS = 8, updE = 1
09-03 23:18:25.781 626-31020/? D/GlComposeView: onSizeChanged= 100
09-03 23:18:25.781 626-31020/? D/GlComposeView: onContentChanged=0,end=39
09-03 23:18:25.791 626-30967/? D/GlComposePhotoView: updateSize = 100
09-03 23:18:25.791 626-626/? D/PhotoViewEventHandle: onAlbumClick: 5-th album selected
09-03 23:18:25.801 626-626/? I/InjectionManager: dispatchCreateOptionsMenu :com.sec.android.gallery3d.app.GalleryActivity
09-03 23:18:25.801 626-626/? I/InjectionManager: dispatchPrepareOptionsMenu :com.sec.android.gallery3d.app.GalleryActivity
09-03 23:18:25.811 3093-3624/? I/APM::AudioPolicyManager: stopOutput() output 4, stream 1, session 1334
09-03 23:18:25.821 3633-5551/? D/ConnectivityService: returning getNetworkInfo for network type 0 : [type: MOBILE[] - MOBILE, state: DISCONNECTED/DISCONNECTED, reason: (unspecified), extra: (none), roaming: false, failover: false, isAvailable: true]
09-03 23:18:25.821 3633-3648/? D/ConnectivityService: returning getNetworkInfo for network type 1 : [type: WIFI[] - WIFI, state: CONNECTED/CONNECTED, reason: (unspecified), extra: "HOME-E0A8", roaming: false, failover: false, isAvailable: true]
09-03 23:18:25.841 626-626/? D/PhotoViewEventHandle: onAlbumClick: 5-th album selected
09-03 23:18:25.951 5248-5248/? D/Recents: onTaskStackChanged
09-03 23:18:26.341 3633-4468/? D/InputReader: Input event(3): value=1 when=154743443053000
09-03 23:18:26.341 3633-4468/? D/InputReader: Input event(3): value=1 when=154743443053000
09-03 23:18:26.341 3633-4468/? I/InputReader: Touch event's action is 0x0 (deviceType=0) [pCnt=1, s=0.12106 ] when=154743443053000
09-03 23:18:26.341 3633-4468/? D/InputReader: lastThreadEndTime = 154742807389828, currentThreadStartTime = 154742807393994, diff = 0
09-03 23:18:26.341 3633-4467/? I/InputDispatcher: Delivering touch to (19026): action: 0x4, toolType: 1
09-03 23:18:26.341 3633-4467/? I/InputDispatcher: Delivering touch to (626): action: 0x0, toolType: 1
09-03 23:18:26.341 626-626/? D/ViewRootImpl: ViewPostImeInputStage processPointer 0
09-03 23:18:26.341 19026-19026/? D/AutoHideHelper: ###check Single invalid
09-03 23:18:26.341 3633-4941/? D/CustomFrequencyManagerService: acquireDVFSLockLocked : type : DVFS_MIN_LIMIT  frequency : 800000  uid : 1000  pid : 3633  pkgName : GALLERY_LIST_SCROLL@627
09-03 23:18:26.341 626-30977/? D/CpuBoostScrollCmd: Scroll Boost CPU Clock
09-03 23:18:26.351 626-30967/? D/GlHoverController: onMessage msg = 3
09-03 23:18:26.351 626-30967/? D/GlHoverController: removeHoverView removed message = 0
09-03 23:18:26.441 626-31020/? D/GlComposeView: onContentChanged=40,end=79
09-03 23:18:26.481 626-31020/? D/GlComposeView: onContentChanged=80,end=83
09-03 23:18:26.551 626-31020/? D/GlComposeView: onContentChanged=84,end=87
09-03 23:18:26.621 5169-5363/? D/NetworkController.MobileSignalController(0/4): onSignalStrengthsChanged signalStrength=SignalStrength: 99 99 -120 -160 -120 -1 -1 19 -108 -14 -22 -1 2147483647 0x2000 gsm|lte level=2
09-03 23:18:26.621 5169-5363/? D/NetworkController.MobileSignalController(0/4): getMobileIconGroup(): 13
09-03 23:18:26.621 5169-5363/? D/NetworkController.MobileSignalController(0/4): updateCMCCMobileIconGroup(): 13
09-03 23:18:26.851 3633-4468/? D/InputReader: Input event(3): value=0 when=154743958149000
09-03 23:18:26.851 3633-4468/? D/InputReader: Input event(3): value=0 when=154743958149000
09-03 23:18:26.851 3633-4468/? I/InputReader: Touch event's action is 0x1 (deviceType=0) [pCnt=1, s=] when=154743958149000
09-03 23:18:26.851 3633-4467/? I/InputDispatcher: Delivering touch to (626): action: 0x1, toolType: 1
09-03 23:18:26.851 3633-7848/? D/CustomFrequencyManagerService: acquireDVFSLockLocked : type : DVFS_MIN_LIMIT  frequency : 800000  uid : 1000  pid : 3633  pkgName : GESTURE_DETECTED@CPU_MIN@34
09-03 23:18:26.851 3633-7848/? D/CustomFrequencyManagerService: releaseDVFSLockLocked : Getting Lock type frm List : DVFS_MIN_LIMIT  frequency : 800000  uid : 1000  pid : 3633  tag : GESTURE_DETECTED@CPU_MIN@34
09-03 23:18:26.851 3633-7848/? D/CustomFrequencyManagerService: acquireDVFSLockLocked : type : DVFS_MIN_LIMIT  frequency : 800000  uid : 1000  pid : 3633  pkgName : GESTURE_DETECTED@CPU_MIN@34
09-03 23:18:26.861 626-626/? D/ViewRootImpl: ViewPostImeInputStage processPointer 1
09-03 23:18:26.861 626-626/? D/GlBoundaryAnim: startFling = 177.6, mDec = -56.0
09-03 23:18:26.861 3633-4941/? D/CustomFrequencyManagerService: releaseDVFSLockLocked : Getting Lock type frm List : DVFS_MIN_LIMIT  frequency : 800000  uid : 1000  pid : 3633  tag : GALLERY_LIST_SCROLL@627
09-03 23:18:26.861 626-30977/? D/CpuBoostScrollCmd: Scroll Boost Release
09-03 23:18:26.861 3633-5254/? D/CustomFrequencyManagerService: acquireDVFSLockLocked : type : DVFS_MIN_LIMIT  frequency : 800000  uid : 1000  pid : 3633  pkgName : GALLERY_LIST_SCROLL@627
09-03 23:18:26.861 626-30977/? D/CpuBoostScrollCmd: Scroll Boost CPU Clock
09-03 23:18:27.331 3633-5548/? D/ConnectivityService: returning getNetworkInfo for network type 0 : [type: MOBILE[] - MOBILE, state: DISCONNECTED/DISCONNECTED, reason: (unspecified), extra: (none), roaming: false, failover: false, isAvailable: true]
09-03 23:18:27.331 3633-5622/? D/ConnectivityService: returning getNetworkInfo for network type 1 : [type: WIFI[] - WIFI, state: CONNECTED/CONNECTED, reason: (unspecified), extra: "HOME-E0A8", roaming: false, failover: false, isAvailable: true]
09-03 23:18:27.361 3633-3633/? D/CustomFrequencyManagerService: releaseDVFSLockLocked : Getting Lock type frm List : DVFS_MIN_LIMIT  frequency : 800000  uid : 1000  pid : 3633  tag : GESTURE_DETECTED@CPU_MIN@34
09-03 23:18:27.471 16838-30983/? V/AllShare(ASF_DMC): [CP_DISCOVERY] RescanTimerExpiredCallBack: 310: Creating new thread for invalid device removal. timer_id: 2
09-03 23:18:27.521 3633-4468/? D/InputReader: Input event(3): value=1 when=154744624628000
09-03 23:18:27.521 3633-4468/? D/InputReader: Input event(3): value=1 when=154744624628000
09-03 23:18:27.521 3633-4468/? I/InputReader: Touch event's action is 0x0 (deviceType=0) [pCnt=1, s=0.12107 ] when=154744624628000
09-03 23:18:27.521 3633-4468/? D/InputReader: lastThreadEndTime = 154743958396120, currentThreadStartTime = 154743958400287, diff = 0
09-03 23:18:27.521 3633-4467/? I/InputDispatcher: Delivering touch to (19026): action: 0x4, toolType: 1
09-03 23:18:27.521 3633-4467/? I/InputDispatcher: Delivering touch to (626): action: 0x0, toolType: 1
09-03 23:18:27.521 19026-19026/? D/AutoHideHelper: ###check Single invalid
09-03 23:18:27.521 626-626/? D/ViewRootImpl: ViewPostImeInputStage processPointer 0
09-03 23:18:27.521 3633-4604/? D/CustomFrequencyManagerService: releaseDVFSLockLocked : Getting Lock type frm List : DVFS_MIN_LIMIT  frequency : 800000  uid : 1000  pid : 3633  tag : GALLERY_LIST_SCROLL@627
09-03 23:18:27.521 3633-5273/? D/CustomFrequencyManagerService: acquireDVFSLockLocked : type : DVFS_MIN_LIMIT  frequency : 800000  uid : 1000  pid : 3633  pkgName : GALLERY_LIST_SCROLL@627
09-03 23:18:27.521 626-30977/? D/CpuBoostScrollCmd: Scroll Boost CPU Clock
09-03 23:18:27.521 3633-5607/? D/CustomFrequencyManagerService: releaseDVFSLockLocked : Getting Lock type frm List : DVFS_MIN_LIMIT  frequency : 800000  uid : 1000  pid : 3633  tag : GALLERY_LIST_SCROLL@627
09-03 23:18:27.521 626-30977/? D/CpuBoostScrollCmd: Scroll Boost Release
09-03 23:18:27.531 626-30967/? D/GlHoverController: onMessage msg = 3
09-03 23:18:27.531 626-30967/? D/GlHoverController: removeHoverView removed message = 0
09-03 23:18:27.631 626-31020/? D/GlComposeView: onContentChanged=88,end=91
09-03 23:18:27.831 11193-16976/? D/QPSingleUpdEngine: [E]Engine started
09-03 23:18:27.831 11193-16976/? I/QPSingleUpdEngine: [E]updateFileDirInit
09-03 23:18:27.831 11193-27600/? D/QPSingleUpdEngine: [E]Engine started
09-03 23:18:27.831 11193-27600/? I/QPSingleUpdEngine: [E]updateFileDirInit
09-03 23:18:27.831 11193-27600/? D/QPSingleUpdEngine: [E]Begin Request
09-03 23:18:27.831 11193-27600/? D/QPSingleUpdEngine: [E]getBaseInfo
09-03 23:18:27.831 11193-16976/? D/QPSingleUpdEngine: [E]Begin Request
09-03 23:18:27.831 11193-16976/? D/QPSingleUpdEngine: [E]getBaseInfo
09-03 23:18:27.841 11193-27600/? D/QPSingleUpdEngine: [E]1014206071read---->readphonenumberflag = 0
09-03 23:18:27.841 11193-27600/? D/QPSingleUpdEngine: [E]1014206071read---->encodephonenumber = 
09-03 23:18:27.841 3633-3648/? D/ConnectivityService: returning getNetworkInfo for network type 1 : [type: WIFI[] - WIFI, state: CONNECTED/CONNECTED, reason: (unspecified), extra: "HOME-E0A8", roaming: false, failover: false, isAvailable: true]
09-03 23:18:27.841 11193-16976/? D/QPSingleUpdEngine: [E]1014206071read---->readphonenumberflag = 0
09-03 23:18:27.841 11193-16976/? D/QPSingleUpdEngine: [E]1014206071read---->encodephonenumber = 
09-03 23:18:27.841 3633-5842/? D/ConnectivityService: returning getNetworkInfo for network type 0 : [type: MOBILE[] - MOBILE, state: DISCONNECTED/DISCONNECTED, reason: (unspecified), extra: (none), roaming: false, failover: false, isAvailable: true]
09-03 23:18:27.841 3633-5622/? D/ConnectivityService: returning getNetworkInfo for network type 1 : [type: WIFI[] - WIFI, state: CONNECTED/CONNECTED, reason: (unspecified), extra: "HOME-E0A8", roaming: false, failover: false, isAvailable: true]
09-03 23:18:27.841 3633-4604/? D/ConnectivityService: returning getNetworkInfo for network type 0 : [type: MOBILE[] - MOBILE, state: DISCONNECTED/DISCONNECTED, reason: (unspecified), extra: (none), roaming: false, failover: false, isAvailable: true]
09-03 23:18:27.841 11193-27600/? W/System.err: java.lang.NullPointerException: Attempt to invoke virtual method 'int java.lang.String.length()' on a null object reference
09-03 23:18:27.841 11193-16976/? W/System.err: java.lang.NullPointerException: Attempt to invoke virtual method 'int java.lang.String.length()' on a null object reference
09-03 23:18:27.841 11193-27600/? W/System.err:     at org.json.JSONTokener.nextCleanInternal(JSONTokener.java:116)
09-03 23:18:27.841 11193-27600/? W/System.err:     at 	at org.json.JSONTokener.nextValue(JSONTokener.java:94)
09-03 23:18:27.841 11193-16976/? W/System.err:     at org.json.JSONTokener.nextCleanInternal(JSONTokener.java:116)
09-03 23:18:27.841 11193-27600/? W/System.err:     at org.json.JSONObject.<init>(JSONObject.java:156)
09-03 23:18:27.841 11193-16976/? W/System.err:     at org.json.JSONTokener.nextValue(JSONTokener.java:94)
09-03 23:18:27.841 11193-27600/? W/System.err:     at org.json.JSONObject.<init>(JSONObject.java:173)
09-03 23:18:27.841 11193-16976/? W/System.err:     at org.json.JSONObject.<init>(JSONObject.java:156)
09-03 23:18:27.841 11193-27600/? W/System.err:     at com.tencent.mqpsdk.secsrv.MQPEmuDetectService.a(ProGuard:50)
09-03 23:18:27.841 11193-16976/? W/System.err:     at org.json.JSONObject.<init>(JSONObject.java:173)
09-03 23:18:27.841 11193-27600/? W/System.err:     at com.tencent.msfmqpsdkbridge.MSFEmuDetectWrapper.a(ProGuard:65)
09-03 23:18:27.841 11193-16976/? W/System.err:     at com.tencent.mqpsdk.secsrv.MQPEmuDetectService.a(ProGuard:50)
09-03 23:18:27.841 11193-27600/? W/System.err:     at com.tencent.qqprotect.singleupdate.QPSingleUpdEngine.a(ProGuard:341)
09-03 23:18:27.841 11193-16976/? W/System.err:     at com.tencent.msfmqpsdkbridge.MSFEmuDetectWrapper.a(ProGuard:65)
09-03 23:18:27.841 11193-27600/? W/System.err:     at com.tencent.qqprotect.singleupdate.QPSingleUpdEngine.a(ProGuard:407)
09-03 23:18:27.841 11193-16976/? W/System.err:     at com.tencent.qqprotect.singleupdate.QPSingleUpdEngine.a(ProGuard:341)
09-03 23:18:27.841 11193-27600/? W/System.err:     at com.tencent.qqprotect.singleupdate.QPSingleUpdEngine.a(ProGuard:145)
09-03 23:18:27.841 11193-16976/? W/System.err:     at com.tencent.qqprotect.singleupdate.QPSingleUpdEngine.a(ProGuard:407)
09-03 23:18:27.841 11193-27600/? W/System.err:     at com.tencent.qqprotect.singleupdate.QPSingleUpdThread.run(ProGuard:21)
09-03 23:18:27.841 11193-16976/? W/System.err: com.tencent.qqprotect.singleupdate.QPSingleUpdEngine.a(ProGuard:145)
09-03 23:18:27.841 11193-16976/? W/System.err:     at com.tencent.qqprotect.singleupdate.QPSingleUpdThread.run(ProGuard:21)
09-03 23:18:27.951 3633-4468/? D/InputReader: Input event(3): value=0 when=154745059218000
09-03 23:18:27.951 3633-4468/? D/InputReader: Input event(3): value=0 when=154745059218000
09-03 23:18:27.951 3633-4468/? I/InputReader: Touch event's action is 0x1 (deviceType=0) [pCnt=1, s=] when=154745059218000
09-03 23:18:27.951 3633-4467/? I/InputDispatcher: Delivering touch to (626): action: 0x1, toolType: 1
09-03 23:18:27.961 3633-7848/? D/CustomFrequencyManagerService: acquireDVFSLockLocked : type : DVFS_MIN_LIMIT  frequency : 800000  uid : 1000  pid : 3633  pkgName : GESTURE_DETECTED@CPU_MIN@34
09-03 23:18:27.961 3633-7848/? D/CustomFrequencyManagerService: releaseDVFSLockLocked : Getting Lock type frm List : DVFS_MIN_LIMIT  frequency : 800000  uid : 1000  pid : 3633  tag : GESTURE_DETECTED@CPU_MIN@34
09-03 23:18:27.961 3633-7848/? D/CustomFrequencyManagerService: acquireDVFSLockLocked : type : DVFS_MIN_LIMIT  frequency : 800000  uid : 1000  pid : 3633  pkgName : GESTURE_DETECTED@CPU_MIN@34
09-03 23:18:27.961 626-626/? D/ViewRootImpl: ViewPostImeInputStage processPointer 1
09-03 23:18:27.961 626-30977/? D/CpuBoostScrollCmd: Scroll Boost Release
09-03 23:18:27.991 11193-27600/? D/QPSingleUpdEngine: [E]new = 2016-09-03 23:18:28.01
09-03 23:18:28.001 11193-27600/? D/QPSingleUpdEngine: [E]getBaseInfo___end
09-03 23:18:28.001 3080-3700/? D/EnterpriseController: netId is 0
09-03 23:18:28.001 3080-3700/? D/Netd: getNetworkForDns: using netid 613 for uid 10247
09-03 23:18:28.001 11193-27600/? D/QPSingleUpdEngine: [E]Start Create Socket!!!
09-03 23:18:28.001 11193-27600/? I/QPSingleUpdEngine: [E]Req/Rsp IOException read or write Error
09-03 23:18:28.001 11193-27600/? I/QPSingleUpdEngine: [E]fuck error!!!
09-03 23:18:28.001 11193-27600/? I/QPSingleUpdEngine: [E]QPSingleUpdThread.run() Exception 3 times!!!
09-03 23:18:28.001 11193-27600/? I/QPSingleUpdEngine: [E]QPSingleUpdThread.run() Exception !!!
09-03 23:18:28.001 11193-16976/? D/QPSingleUpdEngine: [E]new = 2016-09-03 23:18:28.018
09-03 23:18:28.001 11193-16976/? D/QPSingleUpdEngine: [E]getBaseInfo___end
09-03 23:18:28.001 11193-16976/? D/QPSingleUpdEngine: [E]Start Create Socket!!!
09-03 23:18:28.001 11193-16976/? I/QPSingleUpdEngine: [E]Req/Rsp IOException read or write Error
09-03 23:18:28.001 11193-16976/? I/QPSingleUpdEngine: [E]fuck error!!!
09-03 23:18:28.001 11193-16976/? I/QPSingleUpdEngine: [E]QPSingleUpdThread.run() Exception 3 times!!!
09-03 23:18:28.011 11193-16976/? I/QPSingleUpdEngine: [E]QPSingleUpdThread.run() Exception !!!
09-03 23:18:28.241 3633-4468/? D/InputReader: Input event(3): value=1 when=154745346791000
09-03 23:18:28.241 3633-4468/? D/InputReader: Input event(3): value=1 when=154745346791000
09-03 23:18:28.241 3633-4468/? I/InputReader: Touch event's action is 0x0 (deviceType=0) [pCnt=1, s=0.12108 ] when=154745346791000
09-03 23:18:28.241 3633-4468/? D/InputReader: lastThreadEndTime = 154745059493829, currentThreadStartTime = 154745059497829, diff = 0
09-03 23:18:28.241 3633-4467/? I/InputDispatcher: Delivering touch to (19026): action: 0x4, toolType: 1
09-03 23:18:28.241 3633-4467/? I/InputDispatcher: Delivering touch to (626): action: 0x0, toolType: 1
09-03 23:18:28.241 626-626/? D/ViewRootImpl: ViewPostImeInputStage processPointer 0
09-03 23:18:28.241 19026-19026/? D/AutoHideHelper: ###check Single invalid
09-03 23:18:28.251 3633-3649/? D/CustomFrequencyManagerService: acquireDVFSLockLocked : type : DVFS_MIN_LIMIT  frequency : 800000  uid : 1000  pid : 3633  pkgName : GALLERY_LIST_SCROLL@627
09-03 23:18:28.251 626-30977/? D/CpuBoostScrollCmd: Scroll Boost CPU Clock
09-03 23:18:28.251 626-30967/? D/GlHoverController: onMessage msg = 3
09-03 23:18:28.251 626-30967/? D/GlHoverController: removeHoverView removed message = 0
09-03 23:18:28.311 3633-4468/? D/InputReader: Input event(3): value=0 when=154745415406000
09-03 23:18:28.311 3633-4468/? D/InputReader: Input event(3): value=0 when=154745415406000
09-03 23:18:28.311 3633-4468/? I/InputReader: Touch event's action is 0x1 (deviceType=0) [pCnt=1, s=] when=154745415406000
09-03 23:18:28.311 3633-4467/? I/InputDispatcher: Delivering touch to (626): action: 0x1, toolType: 1
09-03 23:18:28.311 626-626/? D/ViewRootImpl: ViewPostImeInputStage processPointer 1
09-03 23:18:28.311 3633-4941/? V/AudioService: AudioService playSoundEffect Type : 10, volume : -1.0
09-03 23:18:28.311 3633-4960/? V/AudioService: received MSG_PLAY_SOUND_EFFECT onPlaySoundEffect start
09-03 23:18:28.311 3093-4167/? I/APM::AudioPolicyManager: getSituationVolume: isBTConnected:0 isHeadConnected:0
09-03 23:18:28.321 3093-6337/? W/AudioPolicyIntefaceImpl: Skipped to add effects on session 1335
09-03 23:18:28.321 3093-6337/? I/APM::AudioPolicyManager: startOutput() output 4, stream 1, session 1335
09-03 23:18:28.321 3633-5549/? D/InputDispatcher: Focused application set to: xxxx
09-03 23:18:28.321 626-626/? I/Gallery_Performance: Gallery onPause Start
09-03 23:18:28.321 3633-5254/? D/CustomFrequencyManagerService: releaseDVFSLockLocked : Getting Lock type frm List : DVFS_MIN_LIMIT  frequency : 800000  uid : 1000  pid : 3633  tag : GALLERY_LIST_SCROLL@627
09-03 23:18:28.321 626-30977/? D/CpuBoostScrollCmd: Scroll Boost Release
09-03 23:18:28.321 3093-3727/? D/audio_hw_primary: out_set_parameters: enter: kvpairs: routing=2
09-03 23:18:28.321 3093-3727/? I/audio_hw_primary: out_set_parameters adev->out_device:2
09-03 23:18:28.321 3093-3727/? I/audio_hw_primary: is_voice_wakeup : ret =  1  , wakeup_baby_cry_enabled = 0  ,  wakeup_mic_enabled = 1 
09-03 23:18:28.321 3093-3727/? I/audio_hw_primary: get_scenario : scenario_type = 36
09-03 23:18:28.321 3093-3727/? I/audio_hw_primary: get_input_snd_device_id device:0xc
09-03 23:18:28.321 3093-3727/? V/audio_hw_primary: select_devices output_scenario:0 input_scenario:36 out_snd_device 0x2 in_snd_device:0xc
09-03 23:18:28.321 3093-3727/? I/audio_hw_primary: select_devices - do not update mixer_path
09-03 23:18:28.321 3093-3727/? D/AudioFlinger: setCurDevice() 0x2
09-03 23:18:28.321 3071-4573/? D/libEGL: eglTerminate EGLDisplay = 0x7f7ba7ae78
09-03 23:18:28.331 626-30967/? D/libEGL: eglTerminate EGLDisplay = 0x7f872bee28
09-03 23:18:28.331 626-626/? D/GlRootView: onPause mGlActive = true
09-03 23:18:28.331 626-626/? I/GlLayer: pause = com.sec.samsung.gallery.glview.composeView.GlComposeAlbumPhotoView@4801aab, state = 1
09-03 23:18:28.331 626-626/? I/Gallery_Performance: PostGalleryCmd pause() START 
09-03 23:18:28.331 626-626/? I/Gallery_Performance: PostGalleryCmd pause() END
09-03 23:18:28.331 626-626/? I/Gallery_Performance: Gallery onPause End
09-03 23:18:28.331 3633-5607/? D/CustomFrequencyManagerService: acquireDVFSLockLocked : type : DVFS_MIN_LIMIT  frequency : 1800000  uid : 1000  pid : 3633  pkgName : ACTIVITY_RESUME_BOOSTER@3
09-03 23:18:28.331 3071-3071/? D/libEGL: eglTerminate EGLDisplay = 0x7ffb5b68d8
09-03 23:18:28.331 3633-5607/? D/ActivityManager: mDVFSHelper.acquire()
09-03 23:18:28.341 3633-5607/? D/ActivityManager:  Launching com.sh1r0.caffe_android_demo, updated priority
09-03 23:18:28.341 3633-3633/? D/GameManagerService: NotifyRunnable. pkg: com.sh1r0.caffe_android_demo, type: 4, isMinimized: false, isTunableApp: false
09-03 23:18:28.341 3633-3707/? W/ContextImpl: Calling a method in the system process without a qualified user: android.app.ContextImpl.sendBroadcast:830 com.android.server.policy.PhoneWindowManager.notifyToSSRM:8645 com.android.server.policy.PhoneWindowManager.access$1500:307 com.android.server.policy.PhoneWindowManager$PolicyHandler.handleMessage:1206 android.os.Handler.dispatchMessage:102 
09-03 23:18:28.351 3633-5273/? D/InputDispatcher: Focus left window: 626
09-03 23:18:28.351 3633-3712/? D/PointerIcon: setMouseIconStyle1 pointerType: 1001 iconType:101 flag:0 pid:3633 uid:1000
09-03 23:18:28.351 3633-3712/? D/PointerIcon: setMouseCustomIcon IconType is same.101
09-03 23:18:28.371 27424-27424/? D/MainActivity: /storage/emulated/0/DCIM/Camera/test/Elephant/566.jpg
09-03 23:18:28.371 27424-27424/? D/MainActivity: 256
09-03 23:18:28.371 27424-27424/? D/MainActivity: 384
09-03 23:18:28.381 27424-27424/? D/ViewRootImpl: #1 mView = com.android.internal.policy.PhoneWindow$DecorView{6ea08d6 V.E...... R.....I. 0,0-0,0}
09-03 23:18:28.381 3633-5127/? D/ISSUE_DEBUG: InputChannelName : be7aa5d Predicting...
09-03 23:18:28.381 3633-3707/? D/StatusBarManagerService: manageDisableList userId=0 what=0x0 pkg=Window{be7aa5d u0 d0 Predicting...}
09-03 23:18:28.381 3633-5127/? D/InputDispatcher: Focus entered window: 27424
09-03 23:18:28.381 3633-3712/? D/PointerIcon: setMouseIconStyle1 pointerType: 1001 iconType:101 flag:0 pid:3633 uid:1000
09-03 23:18:28.381 3633-3712/? D/PointerIcon: setMouseCustomIcon IconType is same.101
09-03 23:18:28.381 5169-5169/? D/PhoneStatusBar: setSystemUiVisibility vis=8000 mask=ffffffff oldVal=8600 newVal=8000 diff=600
09-03 23:18:28.391 3633-5842/? D/ActivityManager: post active user change for 0 fullscreen true isFloatingActivity() false isHomeActivity() false
09-03 23:18:28.391 3633-5842/? D/KnoxTimeoutHandler: postActiveUserChange [MsgParam] userId: 0 fullscreen is true showWhenlocked is false
09-03 23:18:28.391 3633-3633/? D/KnoxTimeoutHandler: handleActiveUserChange [MsgParam] userId: 0 fullscreen is true showWhenlocked is false
09-03 23:18:28.391 3633-3633/? I/KnoxTimeoutHandler: Shared devices show user statefalse
09-03 23:18:28.391 3071-3071/? I/SurfaceFlinger: id=3616 createSurf (1x1),1 flag=4, 
09-03 23:18:28.411 27424-27446/? D/mali_winsys: new_window_surface returns 0x3000,  [1336x648]-format:1
09-03 23:18:28.411 3093-3624/? I/APM::AudioPolicyManager: stopOutput() output 4, stream 1, session 1335
09-03 23:18:28.411 3071-3071/? I/SurfaceFlinger: id=3617 createSurf (1440x2560),1 flag=404, NainActivit
09-03 23:18:28.411 27424-27446/? D/mali_winsys: new_window_surface returns 0x3000,  [1440x2560]-format:1
09-03 23:18:28.421 27424-27424/? W/ActivityThread: AppLock checkAppLockState isAppLocked = false pkgName = com.sh1r0.caffe_android_demo showWhenLocked = false
09-03 23:18:28.431 27424-27424/? W/DisplayListCanvas: DisplayListCanvas is started on unbinded RenderNode (without mOwningView)
09-03 23:18:28.431 3633-5551/? V/WindowStateAnimator: Finishing drawing window Window{be7aa5d u0 d0 Predicting...}: mDrawState=DRAW_PENDING
09-03 23:18:28.431 3071-3071/? D/libEGL: eglInitialize EGLDisplay = 0x7ffb5b6848
09-03 23:18:28.451 3071-3071/? D/libEGL: eglInitialize EGLDisplay = 0x7ffb5b6848
09-03 23:18:28.461 3633-3633/? D/CustomFrequencyManagerService: releaseDVFSLockLocked : Getting Lock type frm List : DVFS_MIN_LIMIT  frequency : 800000  uid : 1000  pid : 3633  tag : GESTURE_DETECTED@CPU_MIN@34
09-03 23:18:28.471 3633-3649/? V/WindowStateAnimator: Finishing drawing window Window{62cf0c4 u0 d0 com.sh1r0.caffe_android_demo/com.sh1r0.caffe_android_demo.MainActivity}: mDrawState=DRAW_PENDING
09-03 23:18:28.471 27424-27424/? D/ViewRootImpl: MSG_RESIZED_REPORT: ci=Rect(0, 0 - 0, 0) vi=Rect(0, 0 - 0, 0) or=1
09-03 23:18:28.481 3633-7848/? D/ConnectivityService: returning getNetworkInfo for network type 1 : [type: WIFI[] - WIFI, state: CONNECTED/CONNECTED, reason: (unspecified), extra: "HOME-E0A8", roaming: false, failover: false, isAvailable: true]
09-03 23:18:28.481 3633-3712/? D/KnoxTimeoutHandler: notifyActivityDrawn [MsgParam] userId: 0 fullscreen is true showWhenlocked is false
09-03 23:18:28.481 3633-3707/? D/StatusBarManagerService: manageDisableList userId=0 what=0x0 pkg=Window{be7aa5d u0 d0 Predicting...}
09-03 23:18:28.481 3633-3633/? D/KnoxTimeoutHandler: activityDrawn [MsgParam] userId: 0 fullscreen is true showWhenlocked is false
09-03 23:18:28.481 5169-5169/? D/PhoneStatusBar: setSystemUiVisibility vis=0 mask=ffffffff oldVal=8000 newVal=0 diff=8000
09-03 23:18:28.481 5169-5363/? D/NetworkController.MobileSignalController(0/4): onSignalStrengthsChanged signalStrength=SignalStrength: 99 99 -120 -160 -120 -1 -1 18 -108 -10 104 -1 2147483647 0x2000 gsm|lte level=2
09-03 23:18:28.481 5169-5363/? D/NetworkController.MobileSignalController(0/4): getMobileIconGroup(): 13
09-03 23:18:28.481 5169-5363/? D/NetworkController.MobileSignalController(0/4): updateCMCCMobileIconGroup(): 13
09-03 23:18:28.481 3633-5842/? V/WindowStateAnimator: Finishing drawing window Window{be7aa5d u0 d0 Predicting...}: mDrawState=HAS_DRAWN
09-03 23:18:28.481 3633-3712/? I/ActivityManager: Displayed com.sh1r0.caffe_android_demo/.MainActivity: +149ms
09-03 23:18:28.491 3071-3071/? D/libEGL: eglInitialize EGLDisplay = 0x7ffb5b6848
09-03 23:18:28.491 27424-27424/? D/ViewRootImpl: MSG_RESIZED: ci=Rect(0, 0 - 0, 0) vi=Rect(0, 0 - 0, 0) or=1
09-03 23:18:28.491 27424-27424/? I/Timeline: Timeline: Activity_idle id: android.os.BinderProxy@9491856 time:154745595
09-03 23:18:28.491 3633-3633/? I/KnoxTimeoutHandler: SD activityfalse
09-03 23:18:28.501 19026-19026/? D/ViewRootImpl: MSG_RESIZED: ci=Rect(0, 0 - 0, 0) vi=Rect(0, 0 - 0, 0) or=1
09-03 23:18:28.501 626-626/? I/GlRootView: surfaceDestroyed, type = 1
09-03 23:18:28.501 626-626/? I/GlRootView: enter replaceLayer = com.sec.samsung.gallery.glview.composeView.GlComposeSplitView@deda508, new = null, type = 1
09-03 23:18:28.501 626-626/? I/GlLayer: pause = com.sec.samsung.gallery.glview.composeView.GlComposeSplitView@deda508, state = 1
09-03 23:18:28.501 626-626/? I/GlLayer: pause = com.sec.samsung.gallery.glview.composeView.GlComposeAlbumPhotoView@4801aab, state = 2
09-03 23:18:28.501 626-626/? I/GlLayer: destroy = com.sec.samsung.gallery.glview.composeView.GlComposeSplitView@deda508, state = 2
09-03 23:18:28.501 626-626/? I/GlLayer: destroy = com.sec.samsung.gallery.glview.composeView.GlComposeAlbumPhotoView@4801aab, state = 2
09-03 23:18:28.501 626-626/? D/GlComposeView: setAdapter = com.sec.samsung.gallery.view.adapter.ComposeMediaItemAdapter@b6a0d20, new = null
09-03 23:18:28.501 626-626/? D/GlComposeView: setAdapter = com.sec.samsung.gallery.view.adapter.ComposePhotoViewAlbumSetAdapter@c3a5952, new = null
09-03 23:18:28.501 626-626/? I/GlRootView: exit replaceLayer
09-03 23:18:28.501 626-626/? I/GlRootView: finalizeView layer = null, content = null, GlAvala, type = 1
09-03 23:18:28.511 3071-3297/? D/libEGL: eglTerminate EGLDisplay = 0x7f82840e78
09-03 23:18:28.511 3071-3297/? D/libEGL: eglTerminate EGLDisplay = 0x7f82840e78
09-03 23:18:28.721 3633-3712/? D/CustomFrequencyManagerService: releaseDVFSLockLocked : Getting Lock type frm List : DVFS_MIN_LIMIT  frequency : 1800000  uid : 1000  pid : 3633  tag : ACTIVITY_RESUME_BOOSTER@3
09-03 23:18:28.721 3633-3712/? D/ActivityManager: mDVFSHelper.release()
09-03 23:18:28.721 3633-3712/? I/Timeline: Timeline: Activity_windows_visible id: ActivityRecord{1e900b8 u0 com.sh1r0.caffe_android_demo/.MainActivity t13367} time:154745828
09-03 23:18:28.731 3071-4573/? I/SurfaceFlinger: id=3614 Removed HalleryActi (8/11)
09-03 23:18:28.731 3071-4514/? I/SurfaceFlinger: id=3615 Removed TurfaceView (7/10)
09-03 23:18:28.731 3071-4514/? I/SurfaceFlinger: id=3614 Removed HalleryActi (-2/10)
09-03 23:18:28.731 3071-3297/? I/SurfaceFlinger: id=3615 Removed TurfaceView (-2/10)
09-03 23:18:28.731 626-626/? I/Gallery_Performance: Gallery onDestroy Start
09-03 23:18:28.731 626-626/? D/GalleryActivityLifecycleCallback: destroyed : count 0
09-03 23:18:28.731 626-626/? I/NearbyUtils: stop nearby framework
09-03 23:18:28.731 626-626/? E/NearbyClient: stop player called
09-03 23:18:28.731 626-626/? E/NearbyClient: mViewer is null 
09-03 23:18:28.731 626-626/? E/NearbyClient: handleScreenSharingNotify: currDevice is null 
09-03 23:18:28.731 16838-29443/? W/AllShare(ASF-DMC): SubscriberManager.existGlobalEventSubscription - com.sec.android.allshare.event.EVENT_IMAGE_VIEWER_DISCOVERY not subscribed to android.os.Messenger@f392b9d
09-03 23:18:28.731 16838-16851/? W/AllShare(ASF-DMC): SubscriberManager.existGlobalEventSubscription - com.sec.android.allshare.event.EVENT_PROVIDER_DISCOVERY not subscribed to android.os.Messenger@f392b9d
09-03 23:18:28.731 3633-3712/? D/KnoxTimeoutHandler: notifyActivityDrawn [MsgParam] userId: 0 fullscreen is true showWhenlocked is false
09-03 23:18:28.731 3633-3706/? D/CustomFrequencyManagerService: acquireDVFSLockLocked : type : DVFS_MIN_LIMIT  frequency : 1800000  uid : 1000  pid : 3633  pkgName : ACTIVITY_RESUME_BOOSTER@9
09-03 23:18:28.731 3633-3633/? D/KnoxTimeoutHandler: activityDrawn [MsgParam] userId: 0 fullscreen is true showWhenlocked is false
09-03 23:18:28.731 3633-4944/? D/NetworkPolicy: isUidForegroundLocked: 10044, mScreenOn: true, uidstate: 16, mProxSensorScreenOff: false
09-03 23:18:28.731 3633-4944/? V/NetworkPolicy: getFirewallRuleWifi UID:10044 policy:0
09-03 23:18:28.731 3633-3633/? I/KnoxTimeoutHandler: SD activityfalse
09-03 23:18:28.731 626-626/? I/AllShare(ASF-API): L-d140909 / AllShareConnector.Subscriber onServiceDisconnected from gallery3d
09-03 23:18:28.731 626-626/? D/AllShare(ASF-API): L-d140909 / AllShareConnector.onDisconnected from gallery3d
09-03 23:18:28.731 626-626/? I/NearbyClient: ServiceProvider Deleted
09-03 23:18:28.731 16838-16838/? D/AllShare(ASF-DMC): ServiceManager.onUnbind - [ TRACE ] onUnbind
09-03 23:18:28.731 626-626/? D/AllShare(ASF-API): L-d140909 / AllShareConnector.before destroyInstance, mConnecting=false
09-03 23:18:28.731 626-626/? D/AllShare(ASF-API): L-d140909 / AllShareConnector.after destroyInstance, mConnecting=false
09-03 23:18:28.731 626-626/? D/NearbyUtils: clear nearby caches
09-03 23:18:28.731 16838-16838/? D/AllShare(ASF-DMC): ServiceManager.unbindServiceManager - unbind method executed....  ACTION            : com.samsung.android.allshare.service.mediashare.SUBSCRIBE_SERVICE
09-03 23:18:28.731 626-626/? V/StateManager: destroy
09-03 23:18:28.741 626-626/? I/Gallery_Performance: AlbumViewState onDestroy Start
09-03 23:18:28.741 626-626/? I/Gallery_Performance: AlbumViewState onDestroy Start
09-03 23:18:28.741 3071-3071/? D/libEGL: eglTerminate EGLDisplay = 0x7ffb5b6978
09-03 23:18:28.741 3071-3071/? D/libEGL: eglTerminate EGLDisplay = 0x7ffb5b6948
09-03 23:18:28.741 626-626/? I/Gallery_Performance: PostGalleryCmd destroy() START 
09-03 23:18:28.741 626-626/? I/Gallery_Performance: PostGalleryCmd destroy() END
09-03 23:18:28.751 626-626/? I/Gallery_Performance: Gallery onDestroy End
09-03 23:18:28.751 626-626/? D/MultiPhoneWindow: performUpdateVisibility, same visibility false
09-03 23:18:28.751 626-626/? D/ViewRootImpl: #3 mView = null
09-03 23:18:28.751 3071-3071/? D/libEGL: eglInitialize EGLDisplay = 0x7ffb5b6848
09-03 23:18:28.831 3633-4604/? D/ConnectivityService: returning getNetworkInfo for network type 0 : [type: MOBILE[] - MOBILE, state: DISCONNECTED/DISCONNECTED, reason: (unspecified), extra: (none), roaming: false, failover: false, isAvailable: true]
09-03 23:18:28.831 3633-5550/? D/ConnectivityService: returning getNetworkInfo for network type 1 : [type: WIFI[] - WIFI, state: CONNECTED/CONNECTED, reason: (unspecified), extra: "HOME-E0A8", roaming: false, failover: false, isAvailable: true]
09-03 23:18:29.031 3633-3633/? D/CustomFrequencyManagerService: releaseDVFSLockLocked : Getting Lock type frm List : DVFS_MIN_LIMIT  frequency : 1800000  uid : 1000  pid : 3633  tag : ACTIVITY_RESUME_BOOSTER@9
09-03 23:18:29.321 27424-28384/? I/caffe_jni: I0903 23:18:29.333299 28384 caffe_mobile.cpp:211] Forwarding time: 4038.5 ms.
09-03 23:18:29.321 27424-27424/? I/MainActivity: elapsed wall time: 933 ms
09-03 23:18:29.331 3071-4514/? D/libEGL: eglTerminate EGLDisplay = 0x7f7db7ee78
09-03 23:18:29.331 3071-4514/? D/libEGL: eglTerminate EGLDisplay = 0x7f7db7ee78
09-03 23:18:29.331 27424-27424/? D/ViewRootImpl: #3 mView = null
09-03 23:18:29.331 3633-4941/? D/InputDispatcher: Focus left window: 27424
09-03 23:18:29.331 3633-4941/? D/InputDispatcher: Focus entered window: 27424
09-03 23:18:29.331 3633-3712/? D/PointerIcon: setMouseIconStyle1 pointerType: 1001 iconType:101 flag:0 pid:3633 uid:1000
09-03 23:18:29.331 3633-3712/? D/PointerIcon: setMouseCustomIcon IconType is same.101
09-03 23:18:29.331 3633-5254/? D/InputMethodManagerService: windowGainedFocus mCurrentFocusedUserId - 0 and mSecureKeypadEnabled-false
09-03 23:18:29.331 27424-27424/? E/ViewRootImpl: sendUserActionEvent() mView == null
09-03 23:18:29.331 6395-6395/? D/SamsungIME: IMPL finishInput
09-03 23:18:29.331 6395-6395/? D/RMHelper: SamsungIME : RMisReady() : client is null
09-03 23:18:29.331 6395-6395/? D/RMHelper: SamsungIME : RMisReady() : client is null
09-03 23:18:29.331 6395-6395/? D/RMHelper: RMHelper : initHelper()
09-03 23:18:29.331 6395-6395/? E/ActivityThread: Failed to find provider info for com.sec.android.inputmethod.resourcemanager
09-03 23:18:29.331 6395-6395/? D/RMHelper: SamsungIME : initHelper() : client is null
