CROLL@411
09-03 23:06:15.321 626-26310/? D/CpuBoostScrollCmd: Scroll Boost CPU Clock
09-03 23:06:15.321 3093-26342/? I/OMXCodec: [OMX.google.vorbis.decoder] 0onCmdComplete  mState =  7
09-03 23:06:15.321 3093-26342/? I/OMXCodec: [OMX.google.vorbis.decoder] PORT_DISABLED(1)
09-03 23:06:15.321 3093-26342/? I/OMXCodec: >>>UHQA initOutputFormat 16
09-03 23:06:15.321 3093-26342/? I/OMXCodec: [OMX.google.vorbis.decoder] allocating 4 buffers of size 32768 on output port
09-03 23:06:15.321 3093-26342/? I/OMXCodec: [OMX.google.vorbis.decoder] End Of Stream
09-03 23:06:15.321 3093-4167/? I/SoundExtractor: extract() reached EOS
09-03 23:06:15.321 3093-4167/? I/OMXCodec: [OMX.google.vorbis.decoder] stop mState=4
09-03 23:06:15.321 3093-4167/? I/OMXCodec: [OMX.google.vorbis.decoder] stop() sendCommand(2853, OMX_CommandStateSet, OMX_StateIdle)
09-03 23:06:15.321 3093-26342/? I/OMXCodec: [OMX.google.vorbis.decoder] Now Idle. Component sends idle done Event 
09-03 23:06:15.321 3093-4167/? I/OMXCodec: [OMX.google.vorbis.decoder] stopOmxComponent_l() mstate = 1
09-03 23:06:15.321 3093-4167/? I/OggExtractor: OggSource::stop() mExtractor ref count = 1
09-03 23:06:15.321 3093-4167/? I/OggExtractor: OggSource::~OggSource() mExtractor !mStarted ref count = 1
09-03 23:06:15.321 3093-4167/? I/OggExtractor: ~OggSource --
09-03 23:06:15.321 3093-4167/? I/OggExtractor: ~OggExtractor ++
09-03 23:06:15.321 3093-4167/? I/OggExtractor: ~MyOggExtractor ++ 
09-03 23:06:15.321 3093-4167/? I/OggExtractor: ~MyOggExtractor --
09-03 23:06:15.321 3093-4167/? I/OggExtractor: ~OggExtractor --
09-03 23:06:15.321 626-26299/? D/GlLayer: setHoverScrollFlexibleHeightMargin264
09-03 23:06:15.321 3071-3071/? D/libEGL: eglInitialize EGLDisplay = 0x7ffb5b6848
09-03 23:06:15.321 626-26299/? D/GlHoverController: onMessage msg = 3
09-03 23:06:15.321 626-26299/? D/GlHoverController: removeHoverView removed message = 0
09-03 23:06:15.321 626-26304/? V/MediaPlayer: decode(69, 0, 4705)
09-03 23:06:15.331 3093-3093/? I/OggExtractor: OggSource::OggSource() mExtractor ref count = 4
09-03 23:06:15.331 3093-3093/? I/OMXCodec: Attempting to allocate OMX node 'OMX.google.vorbis.decoder'
09-03 23:06:15.331 3093-3093/? I/OMXCodec: Successfully allocated OMX node 'OMX.google.vorbis.decoder'
09-03 23:06:15.331 3093-3093/? I/OMXCodec: >>>UHQA initOutputFormat 16
09-03 23:06:15.331 3093-3093/? I/OMXCodec: [OMX.google.vorbis.decoder] OMXCodec::start mState=1
09-03 23:06:15.331 3093-3093/? I/OMXCodec: [OMX.google.vorbis.decoder] allocating 4 buffers of size 8192 on input port
09-03 23:06:15.331 3093-3093/? I/OMXCodec: [OMX.google.vorbis.decoder] allocating 4 buffers of size 32768 on output port
09-03 23:06:15.331 3093-26344/? I/OMXCodec: [OMX.google.vorbis.decoder] Now Idle. Component sends idle done Event 
09-03 23:06:15.331 3093-26344/? I/OMXCodec: [OMX.google.vorbis.decoder] End Of Stream
09-03 23:06:15.331 3093-26344/? I/OMXCodec: [OMX.google.vorbis.decoder] 0onCmdComplete  mState =  7
09-03 23:06:15.331 3093-26344/? I/OMXCodec: [OMX.google.vorbis.decoder] PORT_DISABLED(1)
09-03 23:06:15.331 3093-26344/? I/OMXCodec: >>>UHQA initOutputFormat 16
09-03 23:06:15.331 3093-26344/? I/OMXCodec: [OMX.google.vorbis.decoder] allocating 4 buffers of size 32768 on output port
09-03 23:06:15.331 3093-3093/? I/SoundExtractor: extract() reached EOS
09-03 23:06:15.331 3093-3093/? I/OMXCodec: [OMX.google.vorbis.decoder] stop mState=4
09-03 23:06:15.331 3093-3093/? I/OMXCodec: [OMX.google.vorbis.decoder] stop() sendCommand(2854, OMX_CommandStateSet, OMX_StateIdle)
09-03 23:06:15.331 3093-26344/? I/OMXCodec: [OMX.google.vorbis.decoder] Now Idle. Component sends idle done Event 
09-03 23:06:15.331 3093-3093/? I/OMXCodec: [OMX.google.vorbis.decoder] stopOmxComponent_l() mstate = 1
09-03 23:06:15.331 3093-3093/? I/OggExtractor: OggSource::stop() mExtractor ref count = 1
09-03 23:06:15.331 3093-3093/? I/OggExtractor: OggSource::~OggSource() mExtractor !mStarted ref count = 1
09-03 23:06:15.331 3093-3093/? I/OggExtractor: ~OggSource --
09-03 23:06:15.331 3093-3093/? I/OggExtractor: ~OggExtractor ++
09-03 23:06:15.331 3093-3093/? I/OggExtractor: ~MyOggExtractor ++ 
09-03 23:06:15.331 3093-3093/? I/OggExtractor: ~MyOggExtractor --
09-03 23:06:15.331 3093-3093/? I/OggExtractor: ~OggExtractor --
09-03 23:06:15.341 626-626/? D/AllShare(ASF-API): L-d140909 / AllShareConnector.gallery3d : onReceive AllShare Service Start message...^^
09-03 23:06:15.341 626-626/? I/AllShare(ASF-API): L-d140909 / AllShareConnector.gallery3d is Already trying to connecting...wait..
09-03 23:06:15.341 16838-16838/? V/AllShare(ASF-DMC): SystemEventMonitor.checkWifiState - WIFI STATE: CONNECTED
09-03 23:06:15.341 16838-26345/? D/AllShare(ASF-DMC): NetworkStatusListener.notifyNICAdded - NIC: wlan0
09-03 23:06:15.341 16838-16838/? V/AllShare(ASF-DMC): SystemEventMonitor.checkP2PState - WIFI P2P STATE: DISCONNECTED
09-03 23:06:15.341 16838-26345/? D/AllShare(ASF-DMC): NetworkStatusListener.getNetworkInfo - finding NetworkInterface wlan0... rmnet_data6
09-03 23:06:15.341 16838-26345/? D/AllShare(ASF-DMC): NetworkStatusListener.getNetworkInfo - finding NetworkInterface wlan0... rmnet_data5
09-03 23:06:15.341 16838-26345/? D/AllShare(ASF-DMC): NetworkStatusListener.getNetworkInfo - finding NetworkInterface wlan0... rmnet_data7
09-03 23:06:15.341 16838-26345/? D/AllShare(ASF-DMC): NetworkStatusListener.getNetworkInfo - finding NetworkInterface wlan0... rmnet_data0
09-03 23:06:15.341 16838-26345/? D/AllShare(ASF-DMC): NetworkStatusListener.getNetworkInfo - finding NetworkInterface wlan0... rmnet_data1
09-03 23:06:15.341 16838-26345/? D/AllShare(ASF-DMC): NetworkStatusListener.getNetworkInfo - finding NetworkInterface wlan0... rmnet_data3
09-03 23:06:15.341 16838-26345/? D/AllShare(ASF-DMC): NetworkStatusListener.getNetworkInfo - finding NetworkInterface wlan0... rmnet_data2
09-03 23:06:15.341 16838-26345/? D/AllShare(ASF-DMC): NetworkStatusListener.getNetworkInfo - finding NetworkInterface wlan0... rmnet_data4
09-03 23:06:15.341 16838-26345/? D/AllShare(ASF-DMC): NetworkStatusListener.getNetworkInfo - finding NetworkInterface wlan0... ip6tnl0
09-03 23:06:15.341 16838-26345/? I/AllShare(ASF-DMC): NetworkStatusListener.getNetworkInfo - NetworkInterface found wlan0 == wlan0
09-03 23:06:15.341 16838-26345/? I/AllShare(ASF-DMC): NetworkStatusListener.getNetworkInfo - InetAddress found 2601:644:401:84e2:fedb:b3ff:fee7:4a45%5 in wlan0
09-03 23:06:15.341 16838-26345/? D/AllShare(ASF-DMC): NetworkStatusListener.getNetworkInfo - skip...this is IPv6: 2601:644:401:84e2:fedb:b3ff:fee7:4a45%5 of false||true ||true
09-03 23:06:15.341 16838-26345/? I/AllShare(ASF-DMC): NetworkStatusListener.getNetworkInfo - InetAddress found fe80::fedb:b3ff:fee7:4a45%wlan0 in wlan0
09-03 23:06:15.341 16838-26345/? D/AllShare(ASF-DMC): NetworkStatusListener.getNetworkInfo - skip...this is IPv6: fe80::fedb:b3ff:fee7:4a45%wlan0 of false||true ||true
09-03 23:06:15.341 16838-26345/? I/AllShare(ASF-DMC): NetworkStatusListener.getNetworkInfo - InetAddress found 2601:644:401:84e2:1437:b80f:db2e:8189%5 in wlan0
09-03 23:06:15.341 16838-26345/? D/AllShare(ASF-DMC): NetworkStatusListener.getNetworkInfo - skip...this is IPv6: 2601:644:401:84e2:1437:b80f:db2e:8189%5 of false||true ||true
09-03 23:06:15.341 16838-26345/? I/AllShare(ASF-DMC): NetworkStatusListener.getNetworkInfo - InetAddress found 10.0.0.4 in wlan0
09-03 23:06:15.341 16838-26345/? I/AllShare(ASF-DMC): NetworkStatusListener.getNetworkInfo - this is IPv4 we want: 10.0.0.4 in wlan0
09-03 23:06:15.341 16838-26345/? D/AllShare(ASF-DMC): NetworkStatusListener.notifyNICAdded - ip: 10.0.0.4, subnet mask: 255.255.255.0
09-03 23:06:15.341 16838-26345/? I/AllShare(ASF_DMC): [JNI] JavaNotifyNICAdded: 122: Enter JavaNotifyNICAdded
09-03 23:06:15.341 16838-26345/? V/AllShare(ASF_DMC): [NETWORK_LAYER] OnNetworkChanged: 205: ServerManager::OnNetworkChanged:NIC_ADDED
09-03 23:06:15.341 16838-26345/? D/AllShare(ASF_DMC): [NETWORK_LAYER] Start: 141: TCPServer Started: 10.0.0.4:8187
09-03 23:06:15.341 16838-26345/? D/AllShare(ASF_DMC): [NETWORK_LAYER] Start: 85: listen_address [10.0.0.4]
09-03 23:06:15.341 16838-26345/? D/AllShare(ASF_DMC): [NETWORK_LAYER] Start: 112: New MulticastServer::Start() : 239.255.255.250:1900 Started
09-03 23:06:15.341 16838-26345/? D/AllShare(ASF_DMC): [NETWORK_LAYER] Start: 102: UDPServer Started:10.0.0.4:3942
09-03 23:06:15.341 16838-26345/? V/AllShare(ASF_DMC): [NETWORK_LAYER] NotifyNICIfEvent: 1124: 2 event listeners are notified!!!
09-03 23:06:15.341 16838-26345/? D/AllShare(ASF-DMC): DeviceSubscriber.eventNotifyReceived - receive system event: com.sec.android.allshare.event.EVENT_WIFI_ENABLED
09-03 23:06:15.341 16838-26316/? D/AllShare(ASF_DMC): [NETWORK_LAYER] NotifyNICEventByID: 1204: Notifying NIC Change 0 for wlan0 listener_id 1
09-03 23:06:15.341 16838-26316/? D/AllShare(ASF_DMC): [STREAMING] OnNetworkChanged: 155: NW event arrived for interface name wlan0
09-03 23:06:15.341 16838-26317/? D/AllShare(ASF_DMC): [NETWORK_LAYER] NotifyNICEventByID: 1204: Notifying NIC Change 0 for wlan0 listener_id 0
09-03 23:06:15.341 16838-26345/? D/AllShare(ASF-DMC): NetworkStatusListener.notifyNICRemoved - NIC: p2p-wlan0-0
09-03 23:06:15.341 16838-26317/? D/AllShare(ASF_DMC): [CP_DISCOVERY] OnNetworkChanged: 53: Received NIC change event [0] for [wlan0]
09-03 23:06:15.341 16838-26345/? I/AllShare(ASF_DMC): [JNI] JavaNotifyNICRemoved: 137: Enter JavaNotifyNICRemoved
09-03 23:06:15.341 16838-26317/? V/AllShare(ASF_DMC): [CP_DISCOVERY] Rescan: 449: Sending Rescan.
09-03 23:06:15.341 16838-26345/? I/AllShare(ASF_DMC): [NETWORK_LAYER] NotifyNICRemoved: 1078: Interface [p2p-wlan0-0] is already removed!!
09-03 23:06:15.341 16838-26345/? D/AllShare(ASF-DMC): DeviceSubscriber.eventNotifyReceived - receive system event: com.sec.android.allshare.event.EVENT_WIFI_P2P_DISABLED
09-03 23:06:15.351 626-626/? I/AllShare(ASF-API): L-d140909 / AllShareConnector.Subscriber onServiceConnected to gallery3d
09-03 23:06:15.351 626-626/? D/AllShare(ASF-API): L-d140909 / AllShareConnector.onConnected to gallery3d
09-03 23:06:15.351 626-626/? I/NearbyClient: ServiceProvider Created : ENABLED
09-03 23:06:15.351 626-626/? D/NearbyClient: setDeviceFinderEventListener. provider and imageviewer
09-03 23:06:15.351 626-626/? D/NearbyClient: refresh device list
09-03 23:06:15.351 626-626/? I/AllShare(ASF-API): L-d140909 / MediaDeviceFinderImpl.refresh
09-03 23:06:15.361 16838-17035/? I/AllShare(ASF_DMC): [JNI] rescanDeviceByAppID: 469: Meet unregister app id when rescan !
09-03 23:06:15.361 16838-17035/? D/AllShare(ASF_DMC): [CP_DISCOVERY] Rescan: 443: Rescan already in progress for [ssdp:all]
09-03 23:06:15.361 16838-17035/? I/AllShare(ASF_DMC): [CP_DISCOVERY] Rescan: 341: Rescan failed.
09-03 23:06:15.361 626-626/? I/AllShare(ASF-API): L-d140909 / MediaDeviceFinderImpl.getDevices - type[DEVICE_PROVIDER], domain[LOCAL_NETWORK]
09-03 23:06:15.361 16838-16850/? V/AllShare(ASF_DMC): [CP_DISCOVERY] GetDeviceList: 165: interesting device list empty
09-03 23:06:15.361 16838-16850/? I/AllShare(ASF_DMC): [JNI] getDeviceList: 398: getDeviceListFromGenericCP Failed,  [-1020] - can't find device
09-03 23:06:15.361 16838-16850/? I/AllShare(ASF_DMC): [JNI] getDeviceListJNI: 308: pDeviceList == NULL
09-03 23:06:15.361 16838-16850/? W/AllShare(ASF-DMC): DeviceListManagerWrapper.getDeviceList - Get device list with type[2] failed
09-03 23:06:15.361 626-626/? I/AllShare(ASF-API): L-d140909 / MediaDeviceFinderImpl.getDevices - type[DEVICE_IMAGEVIEWER], domain[LOCAL_NETWORK]
09-03 23:06:15.361 16838-17249/? V/AllShare(ASF_DMC): [CP_DISCOVERY] GetDeviceList: 165: interesting device list empty
09-03 23:06:15.361 16838-17249/? I/AllShare(ASF_DMC): [JNI] getDeviceList: 398: getDeviceListFromGenericCP Failed,  [-1020] - can't find device
09-03 23:06:15.361 16838-17249/? I/AllShare(ASF_DMC): [JNI] getDeviceListJNI: 308: pDeviceList == NULL
09-03 23:06:15.361 16838-17249/? W/AllShare(ASF-DMC): DeviceListManagerWrapper.getDeviceList - Get device list with type[1] failed
09-03 23:06:15.361 626-626/? D/NearbyClient: device count : 0 Provider : 0 ImageViewer : 0
09-03 23:06:15.361 3633-4944/? D/NetworkPolicy: isUidForegroundLocked: 10003, mScreenOn: true, uidstate: 16, mProxSensorScreenOff: false
09-03 23:06:15.361 3633-4944/? V/NetworkPolicy: getFirewallRuleWifi UID:10003 policy:0
09-03 23:06:15.371 16838-26322/? V/AllShare(ASF_DMC): [CP_DISCOVERY] SendDeviceDescriptionRequest: 379: Making description request for [uuid:a784f457-142a-cad5-fcc0-ecd2a10ca09b+wlan0]
09-03 23:06:15.371 16838-26322/? D/AllShare(ASF_DMC): [CP_DISCOVERY] OnUDPRequestReceived: 203: Recv M-SEARCH res from NEW dev [uuid:a784f457-142a-cad5-fcc0-ecd2a10ca09b+wlan0] client_ip = [10.0.0.1] Interface ip [10.0.0.4]
09-03 23:06:15.371 3633-4468/? D/InputReader: Input event(3): value=0 when=154012475917000
09-03 23:06:15.371 3633-4468/? D/InputReader: Input event(3): value=0 when=154012475917000
09-03 23:06:15.371 3633-4468/? I/InputReader: Touch event's action is 0x1 (deviceType=0) [pCnt=1, s=] when=154012475917000
09-03 23:06:15.371 3633-4467/? I/InputDispatcher: Delivering touch to (626): action: 0x1, toolType: 1
09-03 23:06:15.371 626-626/? D/ViewRootImpl: ViewPostImeInputStage processPointer 1
09-03 23:06:15.371 3633-3648/? V/AudioService: AudioService playSoundEffect Type : 10, volume : -1.0
09-03 23:06:15.371 626-626/? E/AlbumViewState: cannot start anmation to PhotoView. bitmap is null
09-03 23:06:15.371 3633-4960/? V/AudioService: received MSG_PLAY_SOUND_EFFECT onPlaySoundEffect start
09-03 23:06:15.371 3093-5635/? I/APM::AudioPolicyManager: getSituationVolume: isBTConnected:0 isHeadConnected:0
09-03 23:06:15.371 626-626/? V/StateManager: startState class com.sec.samsung.gallery.view.photosplitview.PhotoSplitViewState
09-03 23:06:15.371 626-626/? I/Gallery_Performance: AlbumViewState onPause Start
09-03 23:06:15.381 626-626/? I/GlLayer: pause = com.sec.samsung.gallery.glview.composeView.GlComposeAlbumView@d8425dc, state = 1
09-03 23:06:15.381 626-626/? I/Gallery_Performance: AlbumViewState onPause End
09-03 23:06:15.381 626-626/? I/Gallery_Performance: PhotoSplitViewState onCreate Start
09-03 23:06:15.381 3633-3706/? V/BroadcastQueue: [background] Process cur broadcast BroadcastRecord{e80d039 u0 com.samsung.android.providers.context.log.action.USE_APP_FEATURE_SURVEY qIdx=4}, state= (APP_RECEIVE) DELIVERED for app ProcessRecord{5e94ccc 5869:com.samsung.android.providers.context/u0a380}
09-03 23:06:15.381 626-626/? D/ComposeViewDataLoader: checkIncreaseAlbumSet start
09-03 23:06:15.381 626-626/? I/Gallery_Performance: PhotoSplitViewState onCreate End
09-03 23:06:15.381 626-626/? I/Gallery_Performance: PhotoSplitViewState onResume Start
09-03 23:06:15.381 626-626/? D/GlComposeBaseView: GlComposeBaseView = com.sec.samsung.gallery.glview.composeView.GlComposeAlbumPhotoView@6bc2bc5
09-03 23:06:15.381 3093-3749/? W/AudioPolicyIntefaceImpl: Skipped to add effects on session 1153
09-03 23:06:15.381 3093-3749/? I/APM::AudioPolicyManager: startOutput() output 4, stream 1, session 1153
09-03 23:06:15.381 16838-26324/? V/AllShare(ASF_DMC): [CP_DISCOVERY] PopulateServiceDescription: 350: Sent request for 1 services
09-03 23:06:15.381 626-626/? D/GlComposeBaseView: GlComposeBaseView = com.sec.samsung.gallery.glview.composeView.GlComposeSplitView@2d2d91a
09-03 23:06:15.391 3633-3706/? V/BroadcastQueue: [background] Process cur broadcast BroadcastRecord{160367e u0 com.samsung.android.providers.context.log.action.USE_APP_FEATURE_SURVEY qIdx=4}, state= (APP_RECEIVE) DELIVERED for app ProcessRecord{5e94ccc 5869:com.samsung.android.providers.context/u0a380}
09-03 23:06:15.391 626-626/? I/GlRootView: attachLayer = com.sec.samsung.gallery.glview.composeView.GlComposeAlbumView@d8425dc, new = com.sec.samsung.gallery.glview.composeView.GlComposeSplitView@2d2d91a, type = 1
09-03 23:06:15.391 626-626/? I/GlRootView: exit attachLayer
09-03 23:06:15.391 626-26347/? D/ComposeViewDataLoader: checkIncreaseAlbumSet start
09-03 23:06:15.391 626-26347/? D/ComposeViewDataLoader: loadSet done old = 13, new = 13
09-03 23:06:15.391 626-26347/? D/ComposeViewDataLoader: loadCoveritems count =0, updS = 7, updE = 0
09-03 23:06:15.391 626-26347/? D/ComposeViewDataLoader: loadCoveritems count =0, updS = 7, updE = 0
09-03 23:06:15.391 3093-3727/? D/audio_hw_primary: out_set_parameters: enter: kvpairs: routing=2
09-03 23:06:15.391 3093-3727/? I/audio_hw_primary: out_set_parameters adev->out_device:2
09-03 23:06:15.391 3093-3727/? I/audio_hw_primary: is_voice_wakeup : ret =  1  , wakeup_baby_cry_enabled = 0  ,  wakeup_mic_enabled = 1 
09-03 23:06:15.391 3093-3727/? I/audio_hw_primary: get_scenario : scenario_type = 36
09-03 23:06:15.391 3093-3727/? I/audio_hw_primary: get_input_snd_device_id device:0xc
09-03 23:06:15.391 3093-3727/? V/audio_hw_primary: select_devices output_scenario:0 input_scenario:36 out_snd_device 0x2 in_snd_device:0xc
09-03 23:06:15.391 3093-3727/? I/audio_hw_primary: select_devices - do not update mixer_path
09-03 23:06:15.391 3093-3727/? D/AudioFlinger: setCurDevice() 0x2
09-03 23:06:15.391 3633-5254/? V/BroadcastQueue: [background] Process cur broadcast BroadcastRecord{a05c7df u0 com.samsung.android.providers.context.log.action.USE_APP_FEATURE_SURVEY qIdx=4}, state= (APP_RECEIVE) DELIVERED for app ProcessRecord{5e94ccc 5869:com.samsung.android.providers.context/u0a380}
09-03 23:06:15.391 626-26349/? E/NFC: isAndroidBeamAllowed - Begin
09-03 23:06:15.391 626-26349/? I/NFC: showMsg is false
09-03 23:06:15.391 3633-5549/? D/SecContentProvider: query(), uri = 15 selection = isAndroidBeamAllowed
09-03 23:06:15.401 16838-26324/? I/AllShare(ASF_DMC): [CP_DISCOVERY] OnResponseReceived: 183: service description received
09-03 23:06:15.401 16838-26324/? V/AllShare(ASF_DMC): [CP_DISCOVERY] ServiceDescriptionReceived: 550: All services available for device uuid:a784f457-142a-cad5-fcc0-ecd2a10ca09b+wlan0 
09-03 23:06:15.411 626-626/? I/Gallery_Performance: PhotoSplitViewState onResume End
09-03 23:06:15.411 626-26299/? I/GlRootView: enter replaceLayer = com.sec.samsung.gallery.glview.composeView.GlComposeAlbumView@d8425dc, new = com.sec.samsung.gallery.glview.composeView.GlComposeSplitView@2d2d91a, type = 1
09-03 23:06:15.411 626-26299/? I/GlLayer: pause = com.sec.samsung.gallery.glview.composeView.GlComposeAlbumView@d8425dc, state = 2
09-03 23:06:15.411 3633-5549/? D/CustomFrequencyManagerService: releaseDVFSLockLocked : Getting Lock type frm List : DVFS_MIN_LIMIT  frequency : 800000  uid : 1000  pid : 3633  tag : GALLERY_LIST_SCROLL@411
09-03 23:06:15.411 626-26299/? I/GlLayer: destroy = com.sec.samsung.gallery.glview.composeView.GlComposeAlbumView@d8425dc, state = 2
09-03 23:06:15.411 626-26299/? D/GlComposeView: setAdapter = com.sec.samsung.gallery.view.adapter.ComposeAlbumSetAdapter@a8abe0c, new = null
09-03 23:06:15.411 626-626/? I/InjectionManager: dispatchCreateOptionsMenu :com.sec.android.gallery3d.app.GalleryActivity
09-03 23:06:15.411 626-626/? I/InjectionManager: dispatchPrepareOptionsMenu :com.sec.android.gallery3d.app.GalleryActivity
09-03 23:06:15.411 626-26310/? D/CpuBoostScrollCmd: Scroll Boost Release
09-03 23:06:15.411 626-26299/? D/GlRootView: isWideMode : false
09-03 23:06:15.411 626-26299/? I/GlLayer: create = com.sec.samsung.gallery.glview.composeView.GlComposeSplitView@2d2d91a, state = 0
09-03 23:06:15.411 626-26349/? E/NFC: isAndroidBeamAllowed - Begin
09-03 23:06:15.411 626-26349/? I/NFC: showMsg is false
09-03 23:06:15.411 626-26299/? E/PositionControllerAlbumPhoto: resetAttributes :: mTitleCanvsH : 160 mTitleCanvsW:0
09-03 23:06:15.411 626-26299/? D/GlLayer: setHoverScrollFlexibleHeightMargin264
09-03 23:06:15.411 626-26299/? I/GlLayer: create = com.sec.samsung.gallery.glview.composeView.GlComposeAlbumPhotoView@6bc2bc5, state = 0
09-03 23:06:15.411 3633-3706/? V/BroadcastQueue: [background] Process cur broadcast BroadcastRecord{cd63c2c u0 com.samsung.android.providers.context.log.action.REPORT_APP_STATUS_SURVEY qIdx=4}, state= (APP_RECEIVE) DELIVERED for app ProcessRecord{5e94ccc 5869:com.samsung.android.providers.context/u0a380}
09-03 23:06:15.411 3633-5617/? D/SecContentProvider: query(), uri = 15 selection = isAndroidBeamAllowed
09-03 23:06:15.411 626-26299/? E/PositionControllerAlbumPhoto: resetAttributes :: mTitleCanvsH : 128 mTitleCanvsW:0
09-03 23:06:15.411 626-26299/? D/GlLayer: setHoverScrollFlexibleHeightMargin228
09-03 23:06:15.411 626-26299/? D/PhotoSplitViewState: onViewInitialize
09-03 23:06:15.411 626-26299/? D/GlComposeView: setAdapter = null, new = com.sec.samsung.gallery.view.adapter.ComposePhotoViewAlbumSetAdapter@6db7172
09-03 23:06:15.411 626-26299/? D/ComposeViewDataLoader: applyViewListener = com.sec.samsung.gallery.glview.composeView.GlComposeView$2@82c39c3, count = -1, notiCount = -1
09-03 23:06:15.411 626-26299/? D/GlComposeView: onSizeChanged= 13
09-03 23:06:15.411 626-26299/? D/GlComposeView: setAdapter = null, new = com.sec.samsung.gallery.view.adapter.ComposeMediaItemAdapter@4403240
09-03 23:06:15.411 626-26299/? I/GlLayer: resume = com.sec.samsung.gallery.glview.composeView.GlComposeSplitView@2d2d91a, state = 1
09-03 23:06:15.411 626-26299/? I/GlRootView: exit replaceLayer
09-03 23:06:15.421 626-26348/? D/ComposeViewDataLoader: applyViewListener = null, count = 100, notiCount = -1
09-03 23:06:15.421 626-26347/? D/ComposeViewDataLoader: loadCoveritems count =0, updS = 5, updE = 0
09-03 23:06:15.421 626-26348/? D/GlComposeView: onSizeChanged= 100
09-03 23:06:15.421 626-26348/? D/GlComposeView: onContentChanged=0,end=39
09-03 23:06:15.421 626-26299/? W/PositionControllerAlbumPhoto: update left albumType : -2
09-03 23:06:15.431 3093-3727/? D/AudioFlinger: mixer(0xede40000) throttle end: throttle time(4)
09-03 23:06:15.431 626-26299/? W/PositionControllerAlbumPhoto: update left albumType : -2
09-03 23:06:15.431 626-26299/? W/PositionControllerAlbumPhoto: update left albumType : -2
09-03 23:06:15.431 626-26299/? W/PositionControllerAlbumPhoto: update left albumType : -2
09-03 23:06:15.431 626-26299/? W/PositionControllerAlbumPhoto: update left albumType : -2
09-03 23:06:15.431 626-26299/? D/GlComposePhotoView: updateSize = 100
09-03 23:06:15.451 626-626/? D/PhotoViewEventHandle: onAlbumClick: 2-th album selected
09-03 23:06:15.461 626-626/? I/InjectionManager: dispatchCreateOptionsMenu :com.sec.android.gallery3d.app.GalleryActivity
09-03 23:06:15.461 626-626/? I/InjectionManager: dispatchPrepareOptionsMenu :com.sec.android.gallery3d.app.GalleryActivity
09-03 23:06:15.471 626-626/? D/PhotoViewEventHandle: onAlbumClick: 2-th album selected
09-03 23:06:15.481 3093-3624/? I/APM::AudioPolicyManager: stopOutput() output 4, stream 1, session 1153
09-03 23:06:15.511 3633-3633/? D/CustomFrequencyManagerService: releaseDVFSLockLocked : Getting Lock type frm List : DVFS_MIN_LIMIT  frequency : 1800000  uid : 1000  pid : 3633  tag : ACTIVITY_RESUME_BOOSTER@9
09-03 23:06:15.641 5169-5363/? D/NetworkController.MobileSignalController(0/4): onSignalStrengthsChanged signalStrength=SignalStrength: 99 99 -120 -160 -120 -1 -1 18 -110 -10 92 -1 2147483647 0x2000 gsm|lte level=2
09-03 23:06:15.641 5169-5363/? D/NetworkController.MobileSignalController(0/4): getMobileIconGroup(): 13
09-03 23:06:15.641 5169-5363/? D/NetworkController.MobileSignalController(0/4): updateCMCCMobileIconGroup(): 13
09-03 23:06:15.791 5248-5248/? D/Recents: onTaskStackChanged
09-03 23:06:15.801 3633-4468/? D/InputReader: Input event(3): value=1 when=154012905630000
09-03 23:06:15.801 3633-4468/? D/InputReader: Input event(3): value=1 when=154012905630000
09-03 23:06:15.801 3633-4468/? I/InputReader: Touch event's action is 0x0 (deviceType=0) [pCnt=1, s=0.11895 ] when=154012905630000
09-03 23:06:15.801 3633-4468/? D/InputReader: lastThreadEndTime = 154012476508980, currentThreadStartTime = 154012476511355, diff = 0
09-03 23:06:15.801 3633-4467/? I/InputDispatcher: Delivering touch to (19026): action: 0x4, toolType: 1
09-03 23:06:15.801 3633-4467/? I/InputDispatcher: Delivering touch to (626): action: 0x0, toolType: 1
09-03 23:06:15.801 626-626/? D/ViewRootImpl: ViewPostImeInputStage processPointer 0
09-03 23:06:15.801 19026-19026/? D/AutoHideHelper: ###check Single invalid
09-03 23:06:15.801 3633-3648/? D/CustomFrequencyManagerService: acquireDVFSLockLocked : type : DVFS_MIN_LIMIT  frequency : 800000  uid : 1000  pid : 3633  pkgName : GALLERY_LIST_SCROLL@411
09-03 23:06:15.811 626-26310/? D/CpuBoostScrollCmd: Scroll Boost CPU Clock
09-03 23:06:15.811 626-26299/? D/GlHoverController: onMessage msg = 3
09-03 23:06:15.811 626-26299/? D/GlHoverController: removeHoverView removed message = 0
09-03 23:06:15.901 626-26348/? D/GlComposeView: onContentChanged=40,end=83
09-03 23:06:15.951 626-26348/? D/GlComposeView: onContentChanged=84,end=91
09-03 23:06:15.951 3633-4468/? D/InputReader: Input event(3): value=0 when=154013055465000
09-03 23:06:15.951 3633-4468/? D/InputReader: Input event(3): value=0 when=154013055465000
09-03 23:06:15.951 3633-4468/? I/InputReader: Touch event's action is 0x1 (deviceType=0) [pCnt=1, s=] when=154013055465000
09-03 23:06:15.951 3633-4467/? I/InputDispatcher: Delivering touch to (626): action: 0x1, toolType: 1
09-03 23:06:15.951 3633-7848/? D/CustomFrequencyManagerService: acquireDVFSLockLocked : type : DVFS_MIN_LIMIT  frequency : 800000  uid : 1000  pid : 3633  pkgName : GESTURE_DETECTED@CPU_MIN@34
09-03 23:06:15.951 3633-7848/? D/CustomFrequencyManagerService: releaseDVFSLockLocked : Getting Lock type frm List : DVFS_MIN_LIMIT  frequency : 800000  uid : 1000  pid : 3633  tag : GESTURE_DETECTED@CPU_MIN@34
09-03 23:06:15.951 3633-7848/? D/CustomFrequencyManagerService: acquireDVFSLockLocked : type : DVFS_MIN_LIMIT  frequency : 800000  uid : 1000  pid : 3633  pkgName : GESTURE_DETECTED@CPU_MIN@34
09-03 23:06:15.961 626-626/? D/ViewRootImpl: ViewPostImeInputStage processPointer 1
09-03 23:06:15.961 626-626/? D/GlBoundaryAnim: startFling = 12800.0, mDec = -56.0
09-03 23:06:15.961 3633-5548/? D/CustomFrequencyManagerService: releaseDVFSLockLocked : Getting Lock type frm List : DVFS_MIN_LIMIT  frequency : 800000  uid : 1000  pid : 3633  tag : GALLERY_LIST_SCROLL@411
09-03 23:06:15.961 626-26310/? D/CpuBoostScrollCmd: Scroll Boost Release
09-03 23:06:15.971 3633-3649/? D/CustomFrequencyManagerService: acquireDVFSLockLocked : type : DVFS_MIN_LIMIT  frequency : 800000  uid : 1000  pid : 3633  pkgName : GALLERY_LIST_SCROLL@411
09-03 23:06:15.971 626-26310/? D/CpuBoostScrollCmd: Scroll Boost CPU Clock
09-03 23:06:15.991 626-26348/? D/GlComposeView: onContentChanged=92,end=95
09-03 23:06:16.031 626-26348/? D/GlComposeView: onContentChanged=96,end=99
09-03 23:06:16.581 626-26299/? D/GlBoundaryAnim: applyTransform stopped by end of boundeffect
09-03 23:06:16.581 3633-5607/? D/CustomFrequencyManagerService: releaseDVFSLockLocked : Getting Lock type frm List : DVFS_MIN_LIMIT  frequency : 800000  uid : 1000  pid : 3633  tag : GALLERY_LIST_SCROLL@411
09-03 23:06:16.581 626-26310/? D/CpuBoostScrollCmd: Scroll Boost Release
09-03 23:06:17.201 3633-4468/? D/InputReader: Input event(3): value=1 when=154014305420000
09-03 23:06:17.201 3633-4468/? D/InputReader: Input event(3): value=1 when=154014305420000
09-03 23:06:17.201 3633-4468/? I/InputReader: Touch event's action is 0x0 (deviceType=0) [pCnt=1, s=0.11896 ] when=154014305420000
09-03 23:06:17.201 3633-4468/? D/InputReader: lastThreadEndTime = 154013055833146, currentThreadStartTime = 154013055838188, diff = 0
09-03 23:06:17.201 3633-4467/? I/InputDispatcher: Delivering touch to (19026): action: 0x4, toolType: 1
09-03 23:06:17.201 3633-4467/? I/InputDispatcher: Delivering touch to (626): action: 0x0, toolType: 1
09-03 23:06:17.201 626-626/? D/ViewRootImpl: ViewPostImeInputStage processPointer 0
09-03 23:06:17.201 19026-19026/? D/AutoHideHelper: ###check Single invalid
09-03 23:06:17.201 626-26299/? D/GlHoverController: onMessage msg = 3
09-03 23:06:17.201 626-26299/? D/GlHoverController: removeHoverView removed message = 0
09-03 23:06:17.201 3633-5551/? D/CustomFrequencyManagerService: acquireDVFSLockLocked : type : DVFS_MIN_LIMIT  frequency : 800000  uid : 1000  pid : 3633  pkgName : GALLERY_LIST_SCROLL@411
09-03 23:06:17.201 626-26310/? D/CpuBoostScrollCmd: Scroll Boost CPU Clock
09-03 23:06:17.271 3633-4468/? D/InputReader: Input event(3): value=0 when=154014374809000
09-03 23:06:17.271 3633-4468/? D/InputReader: Input event(3): value=0 when=154014374809000
09-03 23:06:17.271 3633-4468/? I/InputReader: Touch event's action is 0x1 (deviceType=0) [pCnt=1, s=] when=154014374809000
09-03 23:06:17.271 3633-4467/? I/InputDispatcher: Delivering touch to (626): action: 0x1, toolType: 1
09-03 23:06:17.271 626-626/? D/ViewRootImpl: ViewPostImeInputStage processPointer 1
09-03 23:06:17.271 3633-5548/? V/AudioService: AudioService playSoundEffect Type : 10, volume : -1.0
09-03 23:06:17.271 3633-4960/? V/AudioService: received MSG_PLAY_SOUND_EFFECT onPlaySoundEffect start
09-03 23:06:17.271 3093-4168/? I/APM::AudioPolicyManager: getSituationVolume: isBTConnected:0 isHeadConnected:0
09-03 23:06:17.271 3093-5633/? W/AudioPolicyIntefaceImpl: Skipped to add effects on session 1154
09-03 23:06:17.271 3093-5633/? I/APM::AudioPolicyManager: startOutput() output 4, stream 1, session 1154
09-03 23:06:17.281 3633-5842/? D/InputDispatcher: Focused application set to: xxxx
09-03 23:06:17.281 626-626/? I/Gallery_Performance: Gallery onPause Start
09-03 23:06:17.281 3633-3649/? D/CustomFrequencyManagerService: releaseDVFSLockLocked : Getting Lock type frm List : DVFS_MIN_LIMIT  frequency : 800000  uid : 1000  pid : 3633  tag : GALLERY_LIST_SCROLL@411
09-03 23:06:17.281 626-26310/? D/CpuBoostScrollCmd: Scroll Boost Release
09-03 23:06:17.281 3093-3727/? D/audio_hw_primary: out_set_parameters: enter: kvpairs: routing=2
09-03 23:06:17.281 3093-3727/? I/audio_hw_primary: out_set_parameters adev->out_device:2
09-03 23:06:17.281 3093-3727/? I/audio_hw_primary: is_voice_wakeup : ret =  1  , wakeup_baby_cry_enabled = 0  ,  wakeup_mic_enabled = 1 
09-03 23:06:17.281 3093-3727/? I/audio_hw_primary: get_scenario : scenario_type = 36
09-03 23:06:17.281 3093-3727/? I/audio_hw_primary: get_input_snd_device_id device:0xc
09-03 23:06:17.281 3093-3727/? V/audio_hw_primary: select_devices output_scenario:0 input_scenario:36 out_snd_device 0x2 in_snd_device:0xc
09-03 23:06:17.281 3093-3727/? I/audio_hw_primary: select_devices - do not update mixer_path
09-03 23:06:17.281 3093-3727/? D/AudioFlinger: setCurDevice() 0x2
09-03 23:06:17.301 3071-3297/? D/libEGL: eglTerminate EGLDisplay = 0x7f82840e78
09-03 23:06:17.301 626-26299/? D/libEGL: eglTerminate EGLDisplay = 0x7f8747ee28
09-03 23:06:17.301 626-626/? D/GlRootView: onPause mGlActive = true
09-03 23:06:17.301 626-626/? I/GlLayer: pause = com.sec.samsung.gallery.glview.composeView.GlComposeAlbumPhotoView@6bc2bc5, state = 1
09-03 23:06:17.301 626-626/? I/Gallery_Performance: PostGalleryCmd pause() START 
09-03 23:06:17.301 626-626/? I/Gallery_Performance: PostGalleryCmd pause() END
09-03 23:06:17.301 626-626/? I/Gallery_Performance: Gallery onPause End
09-03 23:06:17.301 3633-5607/? D/CustomFrequencyManagerService: acquireDVFSLockLocked : type : DVFS_MIN_LIMIT  frequency : 1800000  uid : 1000  pid : 3633  pkgName : ACTIVITY_RESUME_BOOSTER@3
09-03 23:06:17.301 3071-3071/? D/libEGL: eglTerminate EGLDisplay = 0x7ffb5b68d8
09-03 23:06:17.311 3633-5607/? D/ActivityManager: mDVFSHelper.acquire()
09-03 23:06:17.311 3633-5607/? D/ActivityManager:  Launching com.sh1r0.caffe_android_demo, updated priority
09-03 23:06:17.311 3633-3633/? D/GameManagerService: NotifyRunnable. pkg: com.sh1r0.caffe_android_demo, type: 4, isMinimized: false, isTunableApp: false
09-03 23:06:17.321 3633-3707/? W/ContextImpl: Calling a method in the system process without a qualified user: android.app.ContextImpl.sendBroadcast:830 com.android.server.policy.PhoneWindowManager.notifyToSSRM:8645 com.android.server.policy.PhoneWindowManager.access$1500:307 com.android.server.policy.PhoneWindowManager$PolicyHandler.handleMessage:1206 android.os.Handler.dispatchMessage:102 
09-03 23:06:17.321 3633-5622/? D/InputDispatcher: Focus left window: 626
09-03 23:06:17.321 3633-3712/? D/PointerIcon: setMouseIconStyle1 pointerType: 1001 iconType:101 flag:0 pid:3633 uid:1000
09-03 23:06:17.321 3633-3712/? D/PointerIcon: setMouseCustomIcon IconType is same.101
09-03 23:06:17.341 26167-26167/? D/MainActivity: /storage/emulated/0/DCIM/Camera/test/Bus/308.jpg
09-03 23:06:17.341 26167-26167/? D/MainActivity: 256
09-03 23:06:17.341 26167-26167/? D/MainActivity: 384
09-03 23:06:17.341 26167-26167/? D/ViewRootImpl: #1 mView = com.android.internal.policy.PhoneWindow$DecorView{a98f44a V.E...... R.....I. 0,0-0,0}
09-03 23:06:17.351 16838-26318/? V/AllShare(ASF_DMC): [CP_DISCOVERY] RescanTimerExpiredCallBack: 310: Creating new thread for invalid device removal. timer_id: 2
09-03 23:06:17.351 3633-5254/? D/ISSUE_DEBUG: InputChannelName : 3c53c8a Predicting...
09-03 23:06:17.351 3633-3707/? D/StatusBarManagerService: manageDisableList userId=0 what=0x0 pkg=Window{3c53c8a u0 d0 Predicting...}
09-03 23:06:17.351 3633-5254/? D/InputDispatcher: Focus entered window: 26167
09-03 23:06:17.351 5169-5169/? D/PhoneStatusBar: setSystemUiVisibility vis=8000 mask=ffffffff oldVal=8600 newVal=8000 diff=600
09-03 23:06:17.351 3633-3712/? D/PointerIcon: setMouseIconStyle1 pointerType: 1001 iconType:101 flag:0 pid:3633 uid:1000
09-03 23:06:17.351 3633-3712/? D/PointerIcon: setMouseCustomIcon IconType is same.101
09-03 23:06:17.351 3633-5842/? D/ActivityManager: post active user change for 0 fullscreen true isFloatingActivity() false isHomeActivity() false
09-03 23:06:17.351 3633-5842/? D/KnoxTimeoutHandler: postActiveUserChange [MsgParam] userId: 0 fullscreen is true showWhenlocked is false
09-03 23:06:17.351 3633-3633/? D/KnoxTimeoutHandler: handleActiveUserChange [MsgParam] userId: 0 fullscreen is true showWhenlocked is false
09-03 23:06:17.351 3633-3633/? I/KnoxTimeoutHandler: Shared devices show user statefalse
09-03 23:06:17.361 3071-3071/? I/SurfaceFlinger: id=3388 createSurf (1x1),1 flag=4, 
09-03 23:06:17.371 3093-3624/? I/APM::AudioPolicyManager: stopOutput() output 4, stream 1, session 1154
09-03 23:06:17.381 26167-26189/? D/mali_winsys: new_window_surface returns 0x3000,  [1336x648]-format:1
09-03 23:06:17.381 3071-3071/? I/SurfaceFlinger: id=3389 createSurf (1440x2560),1 flag=404, NainActivit
09-03 23:06:17.391 26167-26189/? D/mali_winsys: new_window_surface returns 0x3000,  [1440x2560]-format:1
09-03 23:06:17.411 26167-26167/? W/ActivityThread: AppLock checkAppLockState isAppLocked = false pkgName = com.sh1r0.caffe_android_demo showWhenLocked = false
09-03 23:06:17.411 26167-26167/? W/DisplayListCanvas: DisplayListCanvas is started on unbinded RenderNode (without mOwningView)
09-03 23:06:17.421 3633-3648/? V/WindowStateAnimator: Finishing drawing window Window{3c53c8a u0 d0 Predicting...}: mDrawState=DRAW_PENDING
09-03 23:06:17.421 3071-3071/? D/libEGL: eglInitialize EGLDisplay = 0x7ffb5b6848
09-03 23:06:17.441 3633-7848/? D/ConnectivityService: returning getNetworkInfo for network type 1 : [type: WIFI[] - WIFI, state: CONNECTED/CONNECTED, reason: (unspecified), extra: "HOME-E0A8", roaming: false, failover: false, isAvailable: true]
09-03 23:06:17.471 3071-3071/? D/libEGL: eglInitialize EGLDisplay = 0x7ffb5b6848
09-03 23:06:17.501 3633-5254/? V/WindowStateAnimator: Finishing drawing window Window{69ca18b u0 d0 com.sh1r0.caffe_android_demo/com.sh1r0.caffe_android_demo.MainActivity}: mDrawState=DRAW_PENDING
09-03 23:06:17.501 26167-26167/? D/ViewRootImpl: MSG_RESIZED_REPORT: ci=Rect(0, 0 - 0, 0) vi=Rect(0, 0 - 0, 0) or=1
09-03 23:06:17.511 3633-3712/? D/KnoxTimeoutHandler: notifyActivityDrawn [MsgParam] userId: 0 fullscreen is true showWhenlocked is false
09-03 23:06:17.511 3633-3707/? D/StatusBarManagerService: manageDisableList userId=0 what=0x0 pkg=Window{3c53c8a u0 d0 Predicting...}
09-03 23:06:17.511 3633-3633/? D/KnoxTimeoutHandler: activityDrawn [MsgParam] userId: 0 fullscreen is true showWhenlocked is false
09-03 23:06:17.511 3633-3712/? I/ActivityManager: Displayed com.sh1r0.caffe_android_demo/.MainActivity: +202ms
09-03 23:06:17.511 5169-5169/? D/PhoneStatusBar: setSystemUiVisibility vis=0 mask=ffffffff oldVal=8000 newVal=0 diff=8000
09-03 23:06:17.521 3633-3633/? I/KnoxTimeoutHandler: SD activityfalse
09-03 23:06:17.521 19026-19026/? D/ViewRootImpl: MSG_RESIZED: ci=Rect(0, 0 - 0, 0) vi=Rect(0, 0 - 0, 0) or=1
09-03 23:06:17.521 626-626/? I/GlRootView: surfaceDestroyed, type = 1
09-03 23:06:17.521 626-626/? I/GlRootView: enter replaceLayer = com.sec.samsung.gallery.glview.composeView.GlComposeSplitView@2d2d91a, new = null, type = 1
09-03 23:06:17.521 626-626/? I/GlLayer: pause = com.sec.samsung.gallery.glview.composeView.GlComposeSplitView@2d2d91a, state = 1
09-03 23:06:17.521 626-626/? I/GlLayer: pause = com.sec.samsung.gallery.glview.composeView.GlComposeAlbumPhotoView@6bc2bc5, state = 2
09-03 23:06:17.521 626-626/? I/GlLayer: destroy = com.sec.samsung.gallery.glview.composeView.GlComposeSplitView@2d2d91a, state = 2
09-03 23:06:17.521 626-626/? I/GlLayer: destroy = com.sec.samsung.gallery.glview.composeView.GlComposeAlbumPhotoView@6bc2bc5, state = 2
09-03 23:06:17.521 626-626/? D/GlComposeView: setAdapter = com.sec.samsung.gallery.view.adapter.ComposeMediaItemAdapter@4403240, new = null
09-03 23:06:17.521 626-626/? D/GlComposeView: setAdapter = com.sec.samsung.gallery.view.adapter.ComposePhotoViewAlbumSetAdapter@6db7172, new = null
09-03 23:06:17.521 626-626/? I/GlRootView: exit replaceLayer
09-03 23:06:17.521 626-626/? I/GlRootView: finalizeView layer = null, content = null, GlAvala, type = 1
09-03 23:06:17.551 3071-3299/? D/libEGL: eglTerminate EGLDisplay = 0x7f825fee78
09-03 23:06:17.551 3071-3299/? D/libEGL: eglTerminate EGLDisplay = 0x7f825fee78
09-03 23:06:17.571 3071-3071/? D/libEGL: eglInitialize EGLDisplay = 0x7ffb5b6848
09-03 23:06:17.611 3633-5550/? V/WindowStateAnimator: Finishing drawing window Window{3c53c8a u0 d0 Predicting...}: mDrawState=HAS_DRAWN
09-03 23:06:17.611 26167-26167/? D/ViewRootImpl: MSG_RESIZED: ci=Rect(0, 0 - 0, 0) vi=Rect(0, 0 - 0, 0) or=1
09-03 23:06:17.621 3071-3071/? D/libEGL: eglInitialize EGLDisplay = 0x7ffb5b6848
09-03 23:06:17.621 26167-26167/? I/Timeline: Timeline: Activity_idle id: android.os.BinderProxy@9cb3271 time:154014729
09-03 23:06:17.761 3633-3712/? D/CustomFrequencyManagerService: releaseDVFSLockLocked : Getting Lock type frm List : DVFS_MIN_LIMIT  frequency : 1800000  uid : 1000  pid : 3633  tag : ACTIVITY_RESUME_BOOSTER@3
09-03 23:06:17.761 3633-3712/? D/ActivityManager: mDVFSHelper.release()
09-03 23:06:17.761 3633-3712/? I/Timeline: Timeline: Activity_windows_visible id: ActivityRecord{ec6fa25 u0 com.sh1r0.caffe_android_demo/.MainActivity t13365} time:154014864
09-03 23:06:17.761 3071-3297/? I/SurfaceFlinger: id=3386 Removed HalleryActi (8/11)
09-03 23:06:17.761 3071-3299/? I/SurfaceFlinger: id=3387 Removed TurfaceView (7/10)
09-03 23:06:17.761 3071-3299/? I/SurfaceFlinger: id=3386 Removed HalleryActi (-2/10)
09-03 23:06:17.761 3071-3299/? I/SurfaceFlinger: id=3387 Removed TurfaceView (-2/10)
09-03 23:06:17.771 626-626/? I/Gallery_Performance: Gallery onDestroy Start
09-03 23:06:17.771 626-626/? D/GalleryActivityLifecycleCallback: destroyed : count 0
09-03 23:06:17.771 626-626/? I/NearbyUtils: stop nearby framework
09-03 23:06:17.771 626-626/? E/NearbyClient: stop player called
09-03 23:06:17.771 626-626/? E/NearbyClient: mViewer is null 
09-03 23:06:17.771 626-626/? E/NearbyClient: handleScreenSharingNotify: currDevice is null 
09-03 23:06:17.771 16838-17035/? W/AllShare(ASF-DMC): SubscriberManager.existGlobalEventSubscription - com.sec.android.allshare.event.EVENT_IMAGE_VIEWER_DISCOVERY not subscribed to android.os.Messenger@82db59b
09-03 23:06:17.771 3633-7848/? D/SSRM:n: SIOP:: AP = 320, PST = 309 (W:14), CP = 238, CUR = 202, LCD = 132
09-03 23:06:17.771 16838-16850/? W/AllShare(ASF-DMC): SubscriberManager.existGlobalEventSubscription - com.sec.android.allshare.event.EVENT_PROVIDER_DISCOVERY not subscribed to android.os.Messenger@82db59b
09-03 23:06:17.771 3633-3706/? D/CustomFrequencyManagerService: acquireDVFSLockLocked : type : DVFS_MIN_LIMIT  frequency : 1800000  uid : 1000  pid : 3633  pkgName : ACTIVITY_RESUME_BOOSTER@9
09-03 23:06:17.771 3633-3712/? D/KnoxTimeoutHandler: notifyActivityDrawn [MsgParam] userId: 0 fullscreen is true showWhenlocked is false
09-03 23:06:17.771 3633-4944/? D/NetworkPolicy: isUidForegroundLocked: 10044, mScreenOn: true, uidstate: 16, mProxSensorScreenOff: false
09-03 23:06:17.771 3633-3633/? D/KnoxTimeoutHandler: activityDrawn [MsgParam] userId: 0 fullscreen is true showWhenlocked is false
09-03 23:06:17.771 3633-4944/? V/NetworkPolicy: getFirewallRuleWifi UID:10044 policy:0
09-03 23:06:17.771 3071-3071/? D/libEGL: eglTerminate EGLDisplay = 0x7ffb5b6978
09-03 23:06:17.771 3071-3071/? D/libEGL: eglTerminate EGLDisplay = 0x7ffb5b6948
09-03 23:06:17.781 3633-3633/? I/KnoxTimeoutHandler: SD activityfalse
09-03 23:06:17.781 626-626/? I/AllShare(ASF-API): L-d140909 / AllShareConnector.Subscriber onServiceDisconnected from gallery3d
09-03 23:06:17.781 626-626/? D/AllShare(ASF-API): L-d140909 / AllShareConnector.onDisconnected from gallery3d
09-03 23:06:17.781 626-626/? I/NearbyClient: ServiceProvider Deleted
09-03 23:06:17.781 626-626/? D/AllShare(ASF-API): L-d140909 / AllShareConnector.before destroyInstance, mConnecting=false
09-03 23:06:17.781 626-626/? D/AllShare(ASF-API): L-d140909 / AllShareConnector.after destroyInstance, mConnecting=false
09-03 23:06:17.781 626-626/? D/NearbyUtils: clear nearby caches
09-03 23:06:17.781 16838-16838/? D/AllShare(ASF-DMC): ServiceManager.onUnbind - [ TRACE ] onUnbind
09-03 23:06:17.781 626-626/? V/StateManager: destroy
09-03 23:06:17.781 16838-16838/? D/AllShare(ASF-DMC): ServiceManager.unbindServiceManager - unbind method executed....  ACTION            : com.samsung.android.allshare.service.mediashare.SUBSCRIBE_SERVICE
09-03 23:06:17.791 3633-7848/? D/ConnectivityService: returning getNetworkInfo for network type 1 : [type: WIFI[] - WIFI, state: CONNECTED/CONNECTED, reason: (unspecified), extra: "HOME-E0A8", roaming: false, failover: false, isAvailable: true]
09-03 23:06:17.801 626-626/? I/Gallery_Performance: AlbumViewState onDestroy Start
09-03 23:06:17.801 626-626/? I/Gallery_Performance: AlbumViewState onDestroy Start
09-03 23:06:17.801 626-626/? I/Gallery_Performance: PostGalleryCmd destroy() START 
09-03 23:06:17.801 626-626/? I/Gallery_Performance: PostGalleryCmd destroy() END
09-03 23:06:17.811 626-626/? I/Gallery_Performance: Gallery onDestroy End
09-03 23:06:17.811 626-626/? D/MultiPhoneWindow: performUpdateVisibility, same visibility false
09-03 23:06:17.811 626-626/? D/ViewRootImpl: #3 mView = null
09-03 23:06:18.071 3633-3633/? D/CustomFrequencyManagerService: releaseDVFSLockLocked : Getting Lock type frm List : DVFS_MIN_LIMIT  frequency : 1800000  uid : 1000  pid : 3633  tag : ACTIVITY_RESUME_BOOSTER@9
09-03 23:06:18.101 3633-3633/? D/CustomFrequencyManagerService: releaseDVFSLockLocked : Getting Lock type frm List : DVFS_MIN_LIMIT  frequency : 800000  uid : 1000  pid : 3633  tag : GESTURE_DETECTED@CPU_MIN@34
09-03 23:06:18.321 5248-5248/? D/Recents: onTaskStackChanged
09-03 23:06:18.531 26167-26354/? I/caffe_jni: I0903 23:06:18.543568 26354 caffe_mobile.cpp:211] Forwarding time: 5218.54 ms.
09-03 23:06:18.531 26167-26167/? I/MainActivity: elapsed wall time: 1180 ms
09-03 23:06:18.551 3071-4514/? D/libEGL: eglTerminate EGLDisplay = 0x7f7db7ee78
09-03 23:06:18.551 3071-4514/? D/libEGL: eglTerminate EGLDisplay = 0x7f7db7ee78
09-03 23:06:18.551 26167-26167/? D/ViewRootImpl: #3 mView = null
09-03 23:06:18.551 3633-4941/? D/InputDispatcher: Focus left window: 26167
09-03 23:06:18.551 3633-4941/? D/InputDispatcher: Focus entered window: 26167
09-03 23:06:18.551 3633-3712/? D/PointerIcon: setMouseIconStyle1 pointerType: 1001 iconType:101 flag:0 pid:3633 uid:1000
09-03 23:06:18.551 3633-3712/? D/PointerIcon: setMouseCustomIcon IconType is same.101
09-03 23:06:18.551 26167-26167/? E/ViewRootImpl: sendUserActionEvent() mView == null
09-03 23:06:18.551 3633-5273/? D/InputMethodManagerService: windowGainedFocus mCurrentFocusedUserId - 0 and mSecureKeypadEnabled-false
09-03 23:06:18.551 6395-6395/? D/SamsungIME: IMPL finishInput
09-03 23:06:18.561 6395-6395/? D/RMHelper: SamsungIME : RMisReady() : client is null
09-03 23:06:18.561 6395-6395/? D/RMHelper: SamsungIME : RMisReady() : client is null
09-03 23:06:18.561 6395-6395/? D/RMHelper: RMHelper : initHelper()
09-03 23:06:18.561 6395-6395/? D/RMHelper: SamsungIME : initHelper() : client is null
09-03 23:06:18.561 6395-6395/? E/ActivityThread: Failed to find provider info for com.sec.android.inputmethod.resourcemanager
09-03 23:06:18.561 6395-6395/? D/RMHelper: SamsungIME : RMisReady() : client is null
09-03 23:06:18.561 6395-6395/? D/RMHelper: SamsungIME : RMisReady() : client is null
09-03 23:06:18.561 6395-6395/? D/RMHelper: RMHelper : initHelper()
09-03 23:06:18.561 6395-6395/? E/ActivityThread: Failed to find provider info for com.sec.android.inputmethod.resourcemanager
09-03 23:06:18.561 6395-6395/? D/RMHelper: SamsungIME : initHelper() : client is null
09-03 23:06:18.561 6395-6395/? D/RMHelper: SamsungIME : RMisReady() : client is null
09-03 23:06:18.561 6395-6395/? D/RMHelper: SamsungIME : RMisReady() : client is null
09-03 23:06:18.561 6395-6395/? D/RMHelper: RMHelper : initHelper()
09-03 23:06:18.561 6395-6395/? E/ActivityThread: Failed to find provider info for com.sec.android.inputmethod.resourcemanager
09-03 23:06:18.561 6395-6395/? D/RMHelper: SamsungIME : initHelper() : client is null
09-03 23:06:18.561 6395-6395/? D/SamsungIME: onStartInput: No inputType, No imeOption, isInputViewShown = false, isExtractViewShown = false, isShowInputRequested = false, isConfigChanged = false
09-03 23:06:18.561 3071-3071/? D/libEGL: eglInitialize EGLDisplay = 0x7ffb5b6848
09-03 23:06:18.581 3071-3071/? D/libEGL: eglInitialize EGLDisplay = 0x7ffb5b6848
09-03 23:06:18.721 11193-27600/? D/QPSingleUpdEngine: [E]Engine started
09-03 23:06:18.721 11193-27600/? I/QPSingleUpdEngine: [E]updateFileDirInit
09-03 23:06:18.721 11193-27600/? D/QPSingleUpdEngine: [E]Begin Request
09-03 23:06:18.721 11193-27600/? D/QPSingleUpdEngine: [E]getBaseInfo
09-03 23:06:18.721 11193-27600/? D/QPSingleUpdEngine: [E]1014206071read---->readphonenumberflag = 0
09-03 23:06:18.721 11193-27600/? D/QPSingleUpdEngine: [E]1014206071read---->encodephonenumber = 
09-03 23:06:18.721 3633-5842/? D/ConnectivityService: returning getNetworkInfo for network type 1 : [type: WIFI[] - WIFI, state: CONNECTED/CONNECTED, reason: (unspecified), extra: "HOME-E0A8", roaming: false, failover: false, isAvailable: true]
09-03 23:06:18.721 3633-3649/? D/ConnectivityService: returning getNetworkInfo for network type 0 : [type: MOBILE[] - MOBILE, state: DISCONNECTED/DISCONNECTED, reason: (unspecified), extra: (none), roaming: false, failover: false, isAvailable: true]
09-03 23:06:18.731 11193-27600/? W/System.err: java.lang.NullPointerException: Attempt to invoke virtual method 'int java.lang.String.length()' on a null object reference
09-03 23:06:18.731 11193-27600/? W/System.err:     at org.json.JSONTokener.nextCleanInternal(JSONTokener.java:116)
09-03 23:06:18.731 11193-27600/? W/System.err:     at org.json.JSONTokener.nextValue(JSONTokener.java:94)
09-03 23:06:18.731 11193-27600/? W/System.err:     at org.json.JSONObject.<init>(JSONObject.java:156)
09-03 23:06:18.731 11193-27600/? W/System.err:     at org.json.JSONObject.<init>(JSONObject.java:173)
09-03 23:06:18.731 11193-27600/? W/System.err:     at com.tencent.mqpsdk.secsrv.MQPEmuDetectService.a(ProGuard:50)
09-03 23:06:18.731 11193-27600/? W/System.err:     at com.tencent.msfmqpsdkbridge.MSFEmuDetectWrapper.a(ProGuard:65)
09-03 23:06:18.731 11193-27600/? W/System.err:     at com.tencent.qqprotect.singleupdate.QPSingleUpdEngine.a(ProGuard:341)
09-03 23:06:18.731 11193-27600/? W/System.err:     at com.tencent.qqprotect.singleupdate.QPSingleUpdEngine.a(ProGuard:407)
09-03 23:06:18.731 11193-27600/? W/System.err:     at com.tencent.qqprotect.singleupdate.QPSingleUpdEngine.a(ProGuard:145)
09-03 23:06:18.731 11193-27600/? W/System.err:     at com.tencent.qqprotect.singleupdate.QPSingleUpdThread.run(ProGuard:21)
09-03 23:06:18.771 11193-16976/? D/QPSingleUpdEngine: [E]Engine started
09-03 23:06:18.771 11193-16976/? I/QPSingleUpdEngine: [E]updateFileDirInit
09-03 23:06:18.771 11193-16976/? D/QPSingleUpdEngine: [E]Begin Request
09-03 23:06:18.771 11193-16976/? D/QPSingleUpdEngine: [E]getBaseInfo
09-03 23:06:18.771 11193-16976/? D/QPSingleUpdEngine: [E]1014206071read---->readphonenumberflag = 0
09-03 23:06:18.771 11193-16976/? D/QPSingleUpdEngine: [E]1014206071read---->encodephonenumber = 
09-03 23:06:18.781 3633-3648/? D/ConnectivityService: returning getNetworkInfo for network type 1 : [type: WIFI[] - WIFI, state: CONNECTED/CONNECTED, reason: (unspecified), extra: "HOME-E0A8", roaming: false, failover: false, isAvailable: true]
09-03 23:06:18.781 3633-4604/? D/ConnectivityService: returning getNetworkInfo for network type 0 : [type: MOBILE[] - MOBILE, state: DISCONNECTED/DISCONNECTED, reason: (unspecified), extra: (none), roaming: false, failover: false, isAvailable: true]
09-03 23:06:18.781 11193-16976/? W/System.err: java.lang.NullPointerException: Attempt to invoke virtual method 'int java.lang.String.length()' on a null object reference
09-03 23:06:18.781 11193-16976/? W/System.err:     at org.json.JSONTokener.nextCleanInternal(JSONTokener.java:116)
09-03 23:06:18.781 11193-16976/? W/System.err:     at org.json.JSONTokener.nextValue(JSONTokener.java:94)
09-03 23:06:18.781 11193-16976/? W/System.err:     at org.json.JSONObject.<init>(JSONObject.java:156)
09-03 23:06:18.781 11193-16976/? W/System.err:     at org.json.JSONObject.<init>(JSONObject.java:173)
