09-03 23:06:44.751 3071-3071/? I/SurfaceFlinger: id=3402 createSurf (1440x2560),1 flag=4, HalleryActi
09-03 23:06:44.761 3633-5549/? D/InputDispatcher: Focus entered window: 626
09-03 23:06:44.761 3633-3712/? D/PointerIcon: setMouseIconStyle1 pointerType: 1001 iconType:101 flag:0 pid:3633 uid:1000
09-03 23:06:44.761 3633-3712/? D/PointerIcon: setMouseCustomIcon IconType is same.101
09-03 23:06:44.761 626-677/? D/mali_winsys: new_window_surface returns 0x3000,  [1440x2560]-format:1
09-03 23:06:44.761 3633-3707/? D/StatusBarManagerService: manageDisableList userId=0 what=0x0 pkg=Window{9a8c2d7 u0 d0 com.sec.android.gallery3d/com.sec.android.gallery3d.app.GalleryActivity}
09-03 23:06:44.761 5169-5169/? D/PhoneStatusBar: setSystemUiVisibility vis=600 mask=ffffffff oldVal=0 newVal=600 diff=600
09-03 23:06:44.771 3071-3071/? I/SurfaceFlinger: id=3403 createSurf (1440x2560),3 flag=404, TurfaceView
09-03 23:06:44.771 626-626/? I/GlRootView: surfaceCreated, type = 1
09-03 23:06:44.771 626-626/? I/GlRootView: surfaceChanged, type = 1
09-03 23:06:44.771 626-26617/? D/libEGL: eglInitialize EGLDisplay = 0x7f8747ee28
09-03 23:06:44.771 3633-5127/? V/WindowStateAnimator: Finishing drawing window Window{a3335cf u0 d0 SurfaceView}: mDrawState=DRAW_PENDING
                                                      
                                                      [ 09-03 23:06:44.771   626:26617 D/         ]
                                                      ro.exynos.dss isEnabled: 0
09-03 23:06:44.771 626-26617/? D/mali_winsys: new_window_surface returns 0x3000,  [1440x2560]-format:1
09-03 23:06:44.771 626-26617/? I/LibGLRootView: onSurfaceCreated = com.google.android.gles_jni.GLImpl@7690c85, rootView type = 1
09-03 23:06:44.771 626-26617/? D/GlRootView: initializeGL = false, force = true, type = 1
09-03 23:06:44.771 626-26617/? I/LibGLRootView: onSurfaceChanged: 1440x2560, gl10: com.google.android.gles_jni.GLImpl@7690c85, rootView type = 1
09-03 23:06:44.771 626-26617/? D/GlRootView: initializeGL = true, force = false, type = 1
09-03 23:06:44.771 626-26617/? I/GlRootView: enter replaceLayer = null, new = com.sec.samsung.gallery.glview.composeView.GlComposeAlbumView@a51832a, type = 1
09-03 23:06:44.771 626-26617/? D/GlRootView: isWideMode : false
09-03 23:06:44.771 626-26617/? I/GlLayer: create = com.sec.samsung.gallery.glview.composeView.GlComposeAlbumView@a51832a, state = 0
09-03 23:06:44.771 3633-5550/? V/WindowStateAnimator: Finishing drawing window Window{a3335cf u0 d0 SurfaceView}: mDrawState=READY_TO_SHOW
09-03 23:06:44.771 626-626/? W/DisplayListCanvas: DisplayListCanvas is started on unbinded RenderNode (without mOwningView)
09-03 23:06:44.781 626-26617/? D/GlLayer: setHoverScrollFlexibleHeightMargin264
09-03 23:06:44.781 626-26617/? D/AlbumViewState: initialzieView = com.sec.samsung.gallery.glview.composeView.GlComposeAlbumView@a51832a
09-03 23:06:44.781 626-26617/? D/GlComposeView: setAdapter = null, new = com.sec.samsung.gallery.view.adapter.ComposeAlbumSetAdapter@d690ada
09-03 23:06:44.781 626-26617/? D/ComposeViewDataLoader: applyViewListener = com.sec.samsung.gallery.glview.composeView.GlComposeView$2@5a43b0b, count = -1, notiCount = -1
09-03 23:06:44.781 626-26617/? D/GlComposeView: onSizeChanged= 13
09-03 23:06:44.781 626-26617/? I/GlLayer: resume = com.sec.samsung.gallery.glview.composeView.GlComposeAlbumView@a51832a, state = 1
09-03 23:06:44.781 626-26617/? I/GlRootView: exit replaceLayer
09-03 23:06:44.781 626-26617/? I/GlRootView: renderLogic is changed : 0 -> 2
09-03 23:06:44.781 626-26617/? I/GlRootView: procSurfaceChanged = 1440, height = 2560, type = 1
09-03 23:06:44.781 626-26617/? D/GlRootView: isWideMode : false
09-03 23:06:44.781 626-26617/? D/GlComposeView: TransAnimation for the root object is stopped by layoutChange
09-03 23:06:44.781 626-26617/? D/GlLayer: setHoverScrollFlexibleHeightMargin264
09-03 23:06:44.781 626-26618/? D/ComposeViewDataLoader: loadCoveritems count =0, updS = 7, updE = 0
09-03 23:06:44.791 626-26617/? D/Gallery_Performance: Elapsed time to complete first display : Activity = 126, Application = 3229803
09-03 23:06:44.791 3633-5254/? V/WindowStateAnimator: Finishing drawing window Window{9a8c2d7 u0 d0 com.sec.android.gallery3d/com.sec.android.gallery3d.app.GalleryActivity}: mDrawState=DRAW_PENDING
09-03 23:06:44.801 626-626/? I/InjectionManager: dispatchCreateOptionsMenu :com.sec.android.gallery3d.app.GalleryActivity
09-03 23:06:44.801 626-626/? I/InjectionManager: dispatchPrepareOptionsMenu :com.sec.android.gallery3d.app.GalleryActivity
09-03 23:06:44.801 626-626/? I/InjectionManager: dispatchPrepareOptionsMenu :com.sec.android.gallery3d.app.GalleryActivity
09-03 23:06:44.801 626-626/? D/ViewRootImpl: MSG_RESIZED_REPORT: ci=Rect(0, 0 - 0, 0) vi=Rect(0, 0 - 0, 0) or=1
09-03 23:06:44.801 3633-5548/? D/InputMethodManagerService: windowGainedFocus mCurrentFocusedUserId - 0 and mSecureKeypadEnabled-false
09-03 23:06:44.801 3633-3712/? D/KnoxTimeoutHandler: notifyActivityDrawn [MsgParam] userId: 0 fullscreen is true showWhenlocked is false
09-03 23:06:44.801 3633-3707/? D/StatusBarManagerService: manageDisableList userId=0 what=0x0 pkg=Window{9a8c2d7 u0 d0 com.sec.android.gallery3d/com.sec.android.gallery3d.app.GalleryActivity}
09-03 23:06:44.801 3633-3712/? I/ActivityManager: Displayed com.sec.android.gallery3d/.app.GalleryActivity: +148ms
09-03 23:06:44.801 3633-3633/? D/KnoxTimeoutHandler: activityDrawn [MsgParam] userId: 0 fullscreen is true showWhenlocked is false
09-03 23:06:44.801 5169-5169/? D/PhoneStatusBar: setSystemUiVisibility vis=8600 mask=ffffffff oldVal=600 newVal=8600 diff=8000
09-03 23:06:44.801 3633-3633/? I/KnoxTimeoutHandler: SD activityfalse
09-03 23:06:44.801 3633-3707/? W/ContextImpl: Calling a method in the system process without a qualified user: android.app.ContextImpl.sendBroadcast:830 com.android.server.policy.PhoneWindowManager.notifyToSSRM:8645 com.android.server.policy.PhoneWindowManager.access$1500:307 com.android.server.policy.PhoneWindowManager$PolicyHandler.handleMessage:1206 android.os.Handler.dispatchMessage:102 
09-03 23:06:44.801 3071-3071/? D/libEGL: eglInitialize EGLDisplay = 0x7ffb5b6848
09-03 23:06:44.801 3071-3071/? D/libEGL: eglInitialize EGLDisplay = 0x7ffb5b6848
09-03 23:06:44.801 3633-3712/? D/WindowAnimator: Skip setting animation background if there is an exiting window only.
09-03 23:06:44.801 6395-6395/? D/SamsungIME: IMPL finishInput
09-03 23:06:44.811 19026-19026/? D/ViewRootImpl: MSG_RESIZED: ci=Rect(0, 0 - 0, 0) vi=Rect(0, 0 - 0, 0) or=1
09-03 23:06:44.811 6395-6395/? D/RMHelper: SamsungIME : RMisReady() : client is null
09-03 23:06:44.811 6395-6395/? D/RMHelper: SamsungIME : RMisReady() : client is null
09-03 23:06:44.811 6395-6395/? D/RMHelper: RMHelper : initHelper()
09-03 23:06:44.811 5169-5169/? D/PanelView: updateQsState
09-03 23:06:44.811 5169-5169/? D/KeyguardSwipeHelper: reset()
09-03 23:06:44.811 5169-5169/? D/KeyguardUnlockEventHandler: reset()
09-03 23:06:44.811 5169-5169/? D/KeyguardSwipeHelper: resetChildViewVI()
09-03 23:06:44.811 6395-6395/? E/ActivityThread: Failed to find provider info for com.sec.android.inputmethod.resourcemanager
09-03 23:06:44.811 6395-6395/? D/RMHelper: SamsungIME : initHelper() : client is null
09-03 23:06:44.811 6395-6395/? D/RMHelper: SamsungIME : RMisReady() : client is null
09-03 23:06:44.811 6395-6395/? D/RMHelper: SamsungIME : RMisReady() : client is null
09-03 23:06:44.811 6395-6395/? D/RMHelper: RMHelper : initHelper()
09-03 23:06:44.811 6395-6395/? E/ActivityThread: Failed to find provider info for com.sec.android.inputmethod.resourcemanager
09-03 23:06:44.811 6395-6395/? D/RMHelper: SamsungIME : initHelper() : client is null
09-03 23:06:44.811 6395-6395/? D/RMHelper: SamsungIME : RMisReady() : client is null
09-03 23:06:44.811 6395-6395/? D/RMHelper: SamsungIME : RMisReady() : client is null
09-03 23:06:44.811 6395-6395/? D/RMHelper: RMHelper : initHelper()
09-03 23:06:44.811 6395-6395/? E/ActivityThread: Failed to find provider info for com.sec.android.inputmethod.resourcemanager
09-03 23:06:44.811 6395-6395/? D/RMHelper: SamsungIME : initHelper() : client is null
09-03 23:06:44.811 6395-6395/? D/SamsungIME: onStartInput: No inputType, No imeOption, isInputViewShown = false, isExtractViewShown = false, isShowInputRequested = false, isConfigChanged = false
09-03 23:06:44.811 3633-5607/? V/WindowStateAnimator: Finishing drawing window Window{9a8c2d7 u0 d0 com.sec.android.gallery3d/com.sec.android.gallery3d.app.GalleryActivity}: mDrawState=HAS_DRAWN
09-03 23:06:44.821 3071-3071/? D/libEGL: eglInitialize EGLDisplay = 0x7ffb5b6848
09-03 23:06:44.821 3633-3712/? D/WindowAnimator: Skip setting animation background if there is an exiting window only.
09-03 23:06:44.821 3093-3624/? I/APM::AudioPolicyManager: stopOutput() output 4, stream 1, session 1164
09-03 23:06:44.831 3633-3712/? D/WindowAnimator: Skip setting animation background if there is an exiting window only.
09-03 23:06:44.851 3633-3712/? D/WindowAnimator: Skip setting animation background if there is an exiting window only.
09-03 23:06:44.851 626-626/? I/Timeline: Timeline: Activity_idle id: android.os.BinderProxy@9896d0f time:154041956
09-03 23:06:44.871 3071-3071/? D/libEGL: eglInitialize EGLDisplay = 0x7ffb5b6848
09-03 23:06:44.871 3633-3712/? D/WindowAnimator: Skip setting animation background if there is an exiting window only.
09-03 23:06:44.881 3071-3071/? D/libEGL: eglInitialize EGLDisplay = 0x7ffb5b6848
09-03 23:06:44.881 3633-3712/? D/WindowAnimator: Skip setting animation background if there is an exiting window only.
09-03 23:06:44.901 3633-3712/? D/WindowAnimator: Skip setting animation background if there is an exiting window only.
09-03 23:06:44.921 3633-3712/? D/WindowAnimator: Skip setting animation background if there is an exiting window only.
09-03 23:06:44.941 3633-3712/? D/WindowAnimator: Skip setting animation background if there is an exiting window only.
09-03 23:06:44.951 3633-3712/? D/WindowAnimator: Skip setting animation background if there is an exiting window only.
09-03 23:06:44.971 3633-3712/? D/WindowAnimator: Skip setting animation background if there is an exiting window only.
09-03 23:06:44.991 3633-3712/? D/WindowAnimator: Skip setting animation background if there is an exiting window only.
09-03 23:06:45.001 3633-3712/? D/WindowAnimator: Skip setting animation background if there is an exiting window only.
09-03 23:06:45.021 3633-3712/? D/WindowAnimator: Skip setting animation background if there is an exiting window only.
09-03 23:06:45.041 3633-3712/? D/WindowAnimator: Skip setting animation background if there is an exiting window only.
09-03 23:06:45.051 3633-4468/? D/InputReader: Input event(3): value=1 when=154042156058000
09-03 23:06:45.051 3633-4468/? D/InputReader: Input event(3): value=1 when=154042156058000
09-03 23:06:45.051 3633-4468/? I/InputReader: Touch event's action is 0x0 (deviceType=0) [pCnt=1, s=0.11911 ] when=154042156058000
09-03 23:06:45.051 3633-4468/? D/InputReader: lastThreadEndTime = 154041728717535, currentThreadStartTime = 154041728718868, diff = 0
09-03 23:06:45.051 3633-4467/? I/InputDispatcher: Delivering touch to (19026): action: 0x4, toolType: 1
09-03 23:06:45.051 3633-4467/? I/InputDispatcher: Delivering touch to (626): action: 0x0, toolType: 1
09-03 23:06:45.051 626-626/? D/ViewRootImpl: ViewPostImeInputStage processPointer 0
09-03 23:06:45.051 19026-19026/? D/AutoHideHelper: ###check Single invalid
09-03 23:06:45.051 3633-5842/? D/WifiDisplayAdapter: getWifiDisplayStatusLocked: result=WifiDisplayStatus{featureState=2, scanState=0, activeDisplayState=0, activeDisplay=null, displays=[], sessionInfo=WifiDisplaySessionInfo: Client/Owner: Client GroupId:  Passphrase:  SessionId: 0 IP Address: , connectedState=-1, networkQoS=0}
09-03 23:06:45.051 3633-3712/? D/CustomFrequencyManagerService: releaseDVFSLockLocked : Getting Lock type frm List : DVFS_MIN_LIMIT  frequency : 1800000  uid : 1000  pid : 3633  tag : ACTIVITY_RESUME_BOOSTER@3
09-03 23:06:45.051 3633-3712/? D/ActivityManager: mDVFSHelper.release()
09-03 23:06:45.051 3633-3712/? I/Timeline: Timeline: Activity_windows_visible id: ActivityRecord{349c3da u0 com.sec.android.gallery3d/.app.GalleryActivity t13365} time:154042159
09-03 23:06:45.061 3071-4573/? I/SurfaceFlinger: id=3401 Removed NainActivit (3/10)
09-03 23:06:45.061 3633-3706/? D/CustomFrequencyManagerService: acquireDVFSLockLocked : type : DVFS_MIN_LIMIT  frequency : 1800000  uid : 1000  pid : 3633  pkgName : ACTIVITY_RESUME_BOOSTER@9
09-03 23:06:45.061 3071-4514/? I/SurfaceFlinger: id=3401 Removed NainActivit (-2/10)
09-03 23:06:45.061 3633-3712/? D/KnoxTimeoutHandler: notifyActivityDrawn [MsgParam] userId: 0 fullscreen is true showWhenlocked is false
09-03 23:06:45.061 3633-3633/? D/KnoxTimeoutHandler: activityDrawn [MsgParam] userId: 0 fullscreen is true showWhenlocked is false
09-03 23:06:45.061 3633-3633/? I/KnoxTimeoutHandler: SD activityfalse
09-03 23:06:45.071 626-626/? I/GLIdleTimerCmd: MSG_RUN_LISTENER
09-03 23:06:45.071 3633-5127/? D/CustomFrequencyManagerService: acquireDVFSLockLocked : type : DVFS_MIN_LIMIT  frequency : 800000  uid : 1000  pid : 3633  pkgName : GALLERY_LIST_SCROLL@427
09-03 23:06:45.071 626-26620/? D/CpuBoostScrollCmd: Scroll Boost CPU Clock
09-03 23:06:45.071 626-26622/? V/MediaPlayer: decode(50, 1302088, 9022)
09-03 23:06:45.071 626-626/? I/Gallery_Performance: PostGalleryCmd create() START
09-03 23:06:45.071 3633-3648/? D/CustomFrequencyManagerService: releaseDVFSLockLocked : Getting Lock type frm List : DVFS_MIN_LIMIT  frequency : 800000  uid : 1000  pid : 3633  tag : GALLERY_LIST_SCROLL@427
09-03 23:06:45.071 3093-3093/? I/OggExtractor: OggSource::OggSource() mExtractor ref count = 4
09-03 23:06:45.071 626-626/? V/AllShare(ASF-API): L-d140909 / ServiceConnector.createServiceProvider of com.samsung.android.allshare.media
09-03 23:06:45.071 626-26623/? W/ResourcesManager: getTopLevelResources: /system/priv-app/SecSettings2/SecSettings2.apk / 1.0 running in com.sec.android.gallery3d rsrc of package com.android.settings
09-03 23:06:45.071 626-626/? I/AllShare(ASF-API): L-d140909 / ServiceConnector.ALLSHARE_CONFIG : DMC_ONLY
09-03 23:06:45.071 3071-3071/? D/libEGL: eglTerminate EGLDisplay = 0x7ffb5b6978
09-03 23:06:45.081 3093-3093/? I/OMXCodec: Attempting to allocate OMX node 'OMX.google.vorbis.decoder'
09-03 23:06:45.081 3093-3093/? I/OMXCodec: Successfully allocated OMX node 'OMX.google.vorbis.decoder'
09-03 23:06:45.081 3093-3093/? I/OMXCodec: >>>UHQA initOutputFormat 16
09-03 23:06:45.081 3093-3093/? I/OMXCodec: [OMX.google.vorbis.decoder] OMXCodec::start mState=1
09-03 23:06:45.081 3093-3093/? I/OMXCodec: [OMX.google.vorbis.decoder] allocating 4 buffers of size 8192 on input port
09-03 23:06:45.081 3093-3093/? I/OMXCodec: [OMX.google.vorbis.decoder] allocating 4 buffers of size 32768 on output port
09-03 23:06:45.081 3093-26626/? I/OMXCodec: [OMX.google.vorbis.decoder] Now Idle. Component sends idle done Event 
09-03 23:06:45.081 626-26623/? D/ResourcesManager: For user 0 new overlays fetched [/data/app/se.thegreen.GoldKeyPad.common-1/base.apk, /data/app/se.thegreen.GoldKeyPad.settings-1/base.apk, /data/app/se.thegreen.GoldKeyPad.touchwiz-1/base.apk]
09-03 23:06:45.081 3633-5127/? D/CustomFrequencyManagerService: acquireDVFSLockLocked : type : DVFS_MIN_LIMIT  frequency : 800000  uid : 1000  pid : 3633  pkgName : GALLERY_LIST_SCROLL@427
09-03 23:06:45.081 626-26620/? D/CpuBoostScrollCmd: Scroll Boost CPU Clock
09-03 23:06:45.081 5169-5363/? D/NetworkController.MobileSignalController(0/4): onSignalStrengthsChanged signalStrength=SignalStrength: 99 99 -120 -160 -120 -1 -1 18 -107 -11 68 -1 2147483647 0x2000 gsm|lte level=2
09-03 23:06:45.081 5169-5363/? D/NetworkController.MobileSignalController(0/4): getMobileIconGroup(): 13
09-03 23:06:45.081 5169-5363/? D/NetworkController.MobileSignalController(0/4): updateCMCCMobileIconGroup(): 13
09-03 23:06:45.081 3093-26626/? I/OMXCodec: [OMX.google.vorbis.decoder] 0onCmdComplete  mState =  7
09-03 23:06:45.081 3093-26626/? I/OMXCodec: [OMX.google.vorbis.decoder] PORT_DISABLED(1)
09-03 23:06:45.081 626-26623/? E/NFC: isAndroidBeamAllowed - Begin
09-03 23:06:45.081 626-26623/? I/NFC: showMsg is false
09-03 23:06:45.081 3093-26626/? I/OMXCodec: >>>UHQA initOutputFormat 16
09-03 23:06:45.081 3093-26626/? I/OMXCodec: [OMX.google.vorbis.decoder] allocating 4 buffers of size 32768 on output port
09-03 23:06:45.081 3633-5273/? D/SecContentProvider: query(), uri = 15 selection = isAndroidBeamAllowed
09-03 23:06:45.091 3093-26626/? I/OMXCodec: [OMX.google.vorbis.decoder] End Of Stream
09-03 23:06:45.091 3093-3093/? I/SoundExtractor: extract() reached EOS
09-03 23:06:45.091 3093-3093/? I/OMXCodec: [OMX.google.vorbis.decoder] stop mState=4
09-03 23:06:45.091 3093-3093/? I/OMXCodec: [OMX.google.vorbis.decoder] stop() sendCommand(2877, OMX_CommandStateSet, OMX_StateIdle)
09-03 23:06:45.091 3093-26626/? I/OMXCodec: [OMX.google.vorbis.decoder] Now Idle. Component sends idle done Event 
09-03 23:06:45.091 3093-3093/? I/OMXCodec: [OMX.google.vorbis.decoder] stopOmxComponent_l() mstate = 1
09-03 23:06:45.091 3093-3093/? I/OggExtractor: OggSource::stop() mExtractor ref count = 1
09-03 23:06:45.091 3093-3093/? I/OggExtractor: OggSource::~OggSource() mExtractor !mStarted ref count = 1
09-03 23:06:45.091 3093-3093/? I/OggExtractor: ~OggSource --
09-03 23:06:45.091 3093-3093/? I/OggExtractor: ~OggExtractor ++
09-03 23:06:45.091 3093-3093/? I/OggExtractor: ~MyOggExtractor ++ 
09-03 23:06:45.091 3093-3093/? I/OggExtractor: ~MyOggExtractor --
09-03 23:06:45.091 3093-3093/? I/OggExtractor: ~OggExtractor --
09-03 23:06:45.091 626-26622/? V/MediaPlayer: decode(53, 1311164, 7581)
09-03 23:06:45.091 3093-3749/? I/OggExtractor: OggSource::OggSource() mExtractor ref count = 4
09-03 23:06:45.091 3093-3749/? I/OMXCodec: Attempting to allocate OMX node 'OMX.google.vorbis.decoder'
09-03 23:06:45.091 626-626/? V/AllShare(ASF-API): L-d140909 / AllShareConnector.gallery3d : bindAllShareService...
09-03 23:06:45.091 16838-16838/? D/AllShare(ASF-DMC): ServiceManager.onCreate - [ TRACE ] onCreate
09-03 23:06:45.091 3093-3749/? I/OMXCodec: Successfully allocated OMX node 'OMX.google.vorbis.decoder'
09-03 23:06:45.091 3093-3749/? I/OMXCodec: >>>UHQA initOutputFormat 16
09-03 23:06:45.091 3093-3749/? I/OMXCodec: [OMX.google.vorbis.decoder] OMXCodec::start mState=1
09-03 23:06:45.091 3093-3749/? I/OMXCodec: [OMX.google.vorbis.decoder] allocating 4 buffers of size 8192 on input port
09-03 23:06:45.091 3093-3749/? I/OMXCodec: [OMX.google.vorbis.decoder] allocating 4 buffers of size 32768 on output port
09-03 23:06:45.091 3093-26629/? I/OMXCodec: [OMX.google.vorbis.decoder] Now Idle. Component sends idle done Event 
09-03 23:06:45.091 16838-16838/? D/AllShare(ASF-DMC): ServiceManager.onStartCommand - [ TRACE ] onStartCommand
09-03 23:06:45.091 16838-16838/? D/AllShare(ASF-DMC): ServiceManager.startServiceManager - Start AllShare Service...
09-03 23:06:45.091 16838-16838/? D/AllShare(ASF-DMC): ServiceManager.initServiceManager - Initialize AllShare ServiceManager...
09-03 23:06:45.101 626-26623/? E/NFC: isAndroidBeamAllowed - Begin
09-03 23:06:45.101 626-26623/? I/NFC: showMsg is false
09-03 23:06:45.101 3093-26629/? I/OMXCodec: [OMX.google.vorbis.decoder] 0onCmdComplete  mState =  7
09-03 23:06:45.101 3093-26629/? I/OMXCodec: [OMX.google.vorbis.decoder] PORT_DISABLED(1)
09-03 23:06:45.101 3093-26629/? I/OMXCodec: >>>UHQA initOutputFormat 16
09-03 23:06:45.101 3093-26629/? I/OMXCodec: [OMX.google.vorbis.decoder] allocating 4 buffers of size 32768 on output port
09-03 23:06:45.101 3633-5127/? D/SecContentProvider: query(), uri = 15 selection = isAndroidBeamAllowed
09-03 23:06:45.101 16838-16838/? D/AllShare(ASF-DMC): DownloadManager.init - app max memory: 256MB
09-03 23:06:45.101 16838-16838/? D/AllShare(ASF-DMC): DownloadManager.init - max thumbnail number: 2048
09-03 23:06:45.101 16838-16838/? V/AllShare(ASF_DMC): [JNI] JavaInitializeAllShareFrameworkCore: 43: Enter AllShareFrameworkCoreNativeAPI_initializeAllShareFrameworkCore.
09-03 23:06:45.101 16838-16838/? V/AllShare(ASF_DMC): [NETWORK_LAYER] InitializeNetworkLayer: 33: Enter
09-03 23:06:45.101 626-626/? I/Gallery_Performance: PostGalleryCmd create() END
09-03 23:06:45.101 3633-5273/? D/CustomFrequencyManagerService: releaseDVFSLockLocked : Getting Lock type frm List : DVFS_MIN_LIMIT  frequency : 800000  uid : 1000  pid : 3633  tag : GALLERY_LIST_SCROLL@427
09-03 23:06:45.101 626-626/? I/Gallery_Performance: PostGalleryCmd resume() START 
09-03 23:06:45.101 16838-16838/? V/AllShare(ASF_DMC): [NETWORK_LAYER] InitializeNetworkLayer: 56: Exit
09-03 23:06:45.101 16838-16838/? V/AllShare(ASF_DMC): [NETWORK_LAYER] StartNetworkLayer: 84: Enter
09-03 23:06:45.101 626-26620/? D/CpuBoostScrollCmd: Scroll Boost Release
09-03 23:06:45.101 3633-3649/? D/CustomFrequencyManagerService: acquireDVFSLockLocked : type : DVFS_MIN_LIMIT  frequency : 800000  uid : 1000  pid : 3633  pkgName : GALLERY_LIST_SCROLL@427
09-03 23:06:45.101 16838-16838/? V/AllShare(ASF_DMC): [NETWORK_LAYER] StartNetworkLayer: 116: Exit
09-03 23:06:45.101 16838-16838/? V/AllShare(ASF_DMC): [CP_DISCOVERY] Rescan: 449: Sending Rescan.
09-03 23:06:45.101 626-26620/? D/CpuBoostScrollCmd: Scroll Boost CPU Clock
09-03 23:06:45.101 3633-3706/? V/BroadcastQueue: [background] Process cur broadcast BroadcastRecord{b0bfad5 u0 com.samsung.android.providers.context.log.action.REPORT_APP_STATUS_SURVEY qIdx=4}, state= (APP_RECEIVE) DELIVERED for app ProcessRecord{5e94ccc 5869:com.samsung.android.providers.context/u0a380}
09-03 23:06:45.101 16838-16838/? E/AllShare(ASF_DMC): [CP_DISCOVERY] Rescan: 498: SendMulticastPacket failed with error 1
09-03 23:06:45.101 16838-16838/? I/AllShare(ASF_DMC): [CP_DISCOVERY] Init: 210: Rescan failed.
09-03 23:06:45.101 16838-16838/? V/AllShare(ASF_DMC): [CP_DISCOVERY] Initialize: 90: CP Discovery Initialization SuccessFul
09-03 23:06:45.101 16838-16838/? V/AllShare(ASF_DMC): [CP_DISCOVERY] Rescan: 449: Sending Rescan.
09-03 23:06:45.101 16838-16838/? E/AllShare(ASF_DMC): [CP_DISCOVERY] Rescan: 498: SendMulticastPacket failed with error 1
09-03 23:06:45.101 16838-16838/? I/AllShare(ASF_DMC): [CP_DISCOVERY] AddDeviceChangeListener: 720: Rescan failed. 
09-03 23:06:45.101 16838-16838/? V/AllShare(ASF_DMC): [CP_DISCOVERY] RegisterCP: 132: Registering CP Success
09-03 23:06:45.101 16838-16838/? V/AllShare(ASF_DMC): [CP_DISCOVERY] DisableAutoRescan: 248: Auto rescan already stopped 
09-03 23:06:45.101 16838-16838/? I/AllShare(ASF_DMC): [JNI] JavaInitializeAllShareFrameworkCore: 47: AllShareInitialize error code: 0
09-03 23:06:45.101 3093-26629/? I/OMXCodec: [OMX.google.vorbis.decoder] End Of Stream
09-03 23:06:45.101 3093-3749/? I/SoundExtractor: extract() reached EOS
09-03 23:06:45.101 3093-3749/? I/OMXCodec: [OMX.google.vorbis.decoder] stop mState=4
09-03 23:06:45.101 3093-3749/? I/OMXCodec: [OMX.google.vorbis.decoder] stop() sendCommand(2878, OMX_CommandStateSet, OMX_StateIdle)
09-03 23:06:45.101 3093-26629/? I/OMXCodec: [OMX.google.vorbis.decoder] Now Idle. Component sends idle done Event 
09-03 23:06:45.101 3093-3749/? I/OMXCodec: [OMX.google.vorbis.decoder] stopOmxComponent_l() mstate = 1
09-03 23:06:45.101 3093-3749/? I/OggExtractor: OggSource::stop() mExtractor ref count = 1
09-03 23:06:45.101 3093-3749/? I/OggExtractor: OggSource::~OggSource() mExtractor !mStarted ref count = 1
09-03 23:06:45.101 3093-3749/? I/OggExtractor: ~OggSource --
09-03 23:06:45.101 3093-3749/? I/OggExtractor: ~OggExtractor ++
09-03 23:06:45.101 3093-3749/? I/OggExtractor: ~MyOggExtractor ++ 
09-03 23:06:45.101 3093-3749/? I/OggExtractor: ~MyOggExtractor --
09-03 23:06:45.101 3093-3749/? I/OggExtractor: ~OggExtractor --
09-03 23:06:45.111 16838-16838/? I/AllShare(ASF-DMC): ServiceManager.initServiceManager - Initialized AllShare ServiceManager...taking msec of 12
09-03 23:06:45.111 16838-16838/? I/AllShare(ASF-DMC): ServiceManager.startServiceManager - screen is on, turn on MCAST
09-03 23:06:45.111 16838-16838/? I/AllShare(ASF_DMC): [JNI] JavaSetScreenStatus: 103: Enter AllShareFrameworkCoreNativeAPI_setScreenStatus, j_on_off=1
09-03 23:06:45.111 16838-16838/? V/AllShare(ASF_DMC): [NETWORK_LAYER] ConfigureMulticastSupport: 620: Enabling udp servers!!!
09-03 23:06:45.111 16838-16838/? V/AllShare(ASF_DMC): [CP_DISCOVERY] DisableAutoRescan: 244: Auto rescan stopped 
09-03 23:06:45.111 626-26622/? V/MediaPlayer: decode(55, 1311164, 7581)
09-03 23:06:45.111 3633-4944/? D/NetworkPolicy: isUidForegroundLocked: 10003, mScreenOn: true, uidstate: 2, mProxSensorScreenOff: false
09-03 23:06:45.111 3633-4944/? V/NetworkPolicy: getFirewallRuleWifi UID:10003 policy:0
09-03 23:06:45.111 3093-4167/? I/OggExtractor: OggSource::OggSource() mExtractor ref count = 4
09-03 23:06:45.111 3093-4167/? I/OMXCodec: Attempting to allocate OMX node 'OMX.google.vorbis.decoder'
09-03 23:06:45.111 3093-4167/? I/OMXCodec: Successfully allocated OMX node 'OMX.google.vorbis.decoder'
09-03 23:06:45.111 3093-4167/? I/OMXCodec: >>>UHQA initOutputFormat 16
09-03 23:06:45.111 3093-4167/? I/OMXCodec: [OMX.google.vorbis.decoder] OMXCodec::start mState=1
09-03 23:06:45.111 3093-4167/? I/OMXCodec: [OMX.google.vorbis.decoder] allocating 4 buffers of size 8192 on input port
09-03 23:06:45.111 3093-4167/? I/OMXCodec: [OMX.google.vorbis.decoder] allocating 4 buffers of size 32768 on output port
09-03 23:06:45.111 3093-26655/? I/OMXCodec: [OMX.google.vorbis.decoder] Now Idle. Component sends idle done Event 
09-03 23:06:45.111 3093-26655/? I/OMXCodec: [OMX.google.vorbis.decoder] 0onCmdComplete  mState =  7
09-03 23:06:45.111 3093-26655/? I/OMXCodec: [OMX.google.vorbis.decoder] PORT_DISABLED(1)
09-03 23:06:45.111 3093-26655/? I/OMXCodec: >>>UHQA initOutputFormat 16
09-03 23:06:45.111 3093-26655/? I/OMXCodec: [OMX.google.vorbis.decoder] allocating 4 buffers of size 32768 on output port
09-03 23:06:45.121 3093-26655/? I/OMXCodec: [OMX.google.vorbis.decoder] End Of Stream
09-03 23:06:45.121 3093-4167/? I/SoundExtractor: extract() reached EOS
09-03 23:06:45.121 3093-4167/? I/OMXCodec: [OMX.google.vorbis.decoder] stop mState=4
09-03 23:06:45.121 3093-4167/? I/OMXCodec: [OMX.google.vorbis.decoder] stop() sendCommand(2879, OMX_CommandStateSet, OMX_StateIdle)
09-03 23:06:45.121 3093-26655/? I/OMXCodec: [OMX.google.vorbis.decoder] Now Idle. Component sends idle done Event 
09-03 23:06:45.121 3093-4167/? I/OMXCodec: [OMX.google.vorbis.decoder] stopOmxComponent_l() mstate = 1
09-03 23:06:45.121 3093-4167/? I/OggExtractor: OggSource::stop() mExtractor ref count = 1
09-03 23:06:45.121 3093-4167/? I/OggExtractor: OggSource::~OggSource() mExtractor !mStarted ref count = 1
09-03 23:06:45.121 3093-4167/? I/OggExtractor: ~OggSource --
09-03 23:06:45.121 3093-4167/? I/OggExtractor: ~OggExtractor ++
09-03 23:06:45.121 3093-4167/? I/OggExtractor: ~MyOggExtractor ++ 
09-03 23:06:45.121 3093-4167/? I/OggExtractor: ~MyOggExtractor --
09-03 23:06:45.121 3093-4167/? I/OggExtractor: ~OggExtractor --
09-03 23:06:45.121 626-26622/? V/MediaPlayer: decode(69, 1311164, 7581)
09-03 23:06:45.121 16838-16838/? D/AllShare(ASF-DMC): ServiceManager.checkDeviceName - set default MOBILE Device
09-03 23:06:45.121 626-626/? I/Gallery_Performance: PostGalleryCmd resume() END
09-03 23:06:45.121 3093-6337/? I/OggExtractor: OggSource::OggSource() mExtractor ref count = 4
09-03 23:06:45.121 3633-4468/? D/InputReader: Input event(3): value=0 when=154042225522000
09-03 23:06:45.121 3633-4468/? D/InputReader: Input event(3): value=0 when=154042225522000
09-03 23:06:45.121 3633-4468/? I/InputReader: Touch event's action is 0x1 (deviceType=0) [pCnt=1, s=] when=154042225522000
09-03 23:06:45.121 3633-4467/? I/InputDispatcher: Delivering touch to (626): action: 0x1, toolType: 1
09-03 23:06:45.121 3633-5617/? D/CustomFrequencyManagerService: releaseDVFSLockLocked : Getting Lock type frm List : DVFS_MIN_LIMIT  frequency : 800000  uid : 1000  pid : 3633  tag : GALLERY_LIST_SCROLL@427
09-03 23:06:45.121 626-26617/? D/GlHoverController: onMessage msg = 3
09-03 23:06:45.121 626-26617/? D/GlHoverController: removeHoverView removed message = 0
09-03 23:06:45.121 626-26617/? D/GlComposeView: TransAnimation for the root object is stopped by layoutChange
09-03 23:06:45.121 626-626/? I/InjectionManager: dispatchCreateOptionsMenu :com.sec.android.gallery3d.app.GalleryActivity
09-03 23:06:45.121 626-626/? I/InjectionManager: dispatchPrepareOptionsMenu :com.sec.android.gallery3d.app.GalleryActivity
09-03 23:06:45.121 626-26620/? D/CpuBoostScrollCmd: Scroll Boost Release
09-03 23:06:45.121 3093-6337/? I/OMXCodec: Attempting to allocate OMX node 'OMX.google.vorbis.decoder'
09-03 23:06:45.121 3093-6337/? I/OMXCodec: Successfully allocated OMX node 'OMX.google.vorbis.decoder'
09-03 23:06:45.121 3093-6337/? I/OMXCodec: >>>UHQA initOutputFormat 16
09-03 23:06:45.121 3093-6337/? I/OMXCodec: [OMX.google.vorbis.decoder] OMXCodec::start mState=1
09-03 23:06:45.131 3093-6337/? I/OMXCodec: [OMX.google.vorbis.decoder] allocating 4 buffers of size 8192 on input port
09-03 23:06:45.131 3093-6337/? I/OMXCodec: [OMX.google.vorbis.decoder] allocating 4 buffers of size 32768 on output port
09-03 23:06:45.131 3093-26657/? I/OMXCodec: [OMX.google.vorbis.decoder] Now Idle. Component sends idle done Event 
09-03 23:06:45.131 16116-16134/? I/SystemBroadcastReceiver: [#CMH#] Received broadcast 
09-03 23:06:45.131 16116-16134/? I/PolicyManager: [#CMH#] onReceive action = AUTO_EVENT_STATE_CHANGED
09-03 23:06:45.131 16116-16134/? I/SystemBroadcastReceiver: [#CMH#] onReceive completed 
09-03 23:06:45.131 16838-16838/? I/AllShare(ASF-DMC): ServiceManager.startServiceManager - startMRCP wifiMac : FC:DB:B3:E7:4A:45
09-03 23:06:45.131 16838-16838/? V/AllShare(ASF_DMC): [MRCP] StartMrcp: 601: initializing Mac Address for Screen Sharing
09-03 23:06:45.131 16838-16838/? V/AllShare(ASF_DMC): [CP_DISCOVERY] Rescan: 449: Sending Rescan.
09-03 23:06:45.131 16838-16838/? E/AllShare(ASF_DMC): [CP_DISCOVERY] Rescan: 498: SendMulticastPacket failed with error 1
09-03 23:06:45.131 16838-16838/? I/AllShare(ASF_DMC): [CP_DISCOVERY] AddDeviceChangeListener: 720: Rescan failed. 
09-03 23:06:45.131 16838-16838/? V/AllShare(ASF_DMC): [CP_DISCOVERY] RegisterCP: 132: Registering CP Success
09-03 23:06:45.131 16838-16838/? V/AllShare(ASF_DMC): [MRCP] Start: 70: MRCP Started
09-03 23:06:45.131 16838-16838/? I/AllShare(ASF-DMC): ServiceManager.startServiceManager - start MRCP successfully
09-03 23:06:45.131 16838-16838/? V/AllShare(ASF_DMC): [CP_DISCOVERY] Rescan: 449: Sending Rescan.
09-03 23:06:45.131 16838-16838/? E/AllShare(ASF_DMC): [CP_DISCOVERY] Rescan: 498: SendMulticastPacket failed with error 1
09-03 23:06:45.131 16838-16838/? I/AllShare(ASF_DMC): [CP_DISCOVERY] AddDeviceChangeListener: 720: Rescan failed. 
09-03 23:06:45.131 16838-16838/? V/AllShare(ASF_DMC): [CP_DISCOVERY] RegisterCP: 132: Registering CP Success
09-03 23:06:45.131 16838-16838/? V/AllShare(ASF_DMC): [MSCP] Start: 79: MediaServer CP Started
09-03 23:06:45.131 16838-16838/? I/AllShare(ASF-DMC): ServiceManager.startServiceManager - start MSCP successfully
09-03 23:06:45.131 16838-16838/? V/AllShare(ASF_DMC): [CP_DISCOVERY] Rescan: 449: Sending Rescan.
09-03 23:06:45.131 16838-16838/? E/AllShare(ASF_DMC): [CP_DISCOVERY] Rescan: 498: SendMulticastPacket failed with error 1
09-03 23:06:45.131 16838-16838/? I/AllShare(ASF_DMC): [CP_DISCOVERY] AddDeviceChangeListener: 720: Rescan failed. 
09-03 23:06:45.131 16838-16838/? V/AllShare(ASF_DMC): [CP_DISCOVERY] RegisterCP: 132: Registering CP Success
09-03 23:06:45.131 16838-16838/? V/AllShare(ASF_DMC): [KIES_CP] Start: 75: Kiescp started
09-03 23:06:45.131 16838-16838/? I/AllShare(ASF-DMC): ServiceManager.startServiceManager - start kies cp successfully!
09-03 23:06:45.131 16838-16838/? I/AllShare(ASF-DMC): ServiceManager.startServiceManager - Started AllShare Service...taking msec of 22
09-03 23:06:45.131 16838-16838/? D/AllShare(ASF-DMC): ServiceManager.onBind - [ TRACE ] onBind
09-03 23:06:45.131 16838-16838/? I/AllShare(ASF-DMC): ServiceManager.startServiceManager - AllShare Service is ALREADY running...
09-03 23:06:45.131 16838-16838/? D/AllShare(ASF-DMC): ServiceManager.bindServiceManager - SubscriberID : com.sec.android.gallery3d
09-03 23:06:45.131 3093-26657/? I/OMXCodec: [OMX.google.vorbis.decoder] 0onCmdComplete  mState =  7
09-03 23:06:45.131 3093-26657/? I/OMXCodec: [OMX.google.vorbis.decoder] PORT_DISABLED(1)
09-03 23:06:45.131 3093-26657/? I/OMXCodec: >>>UHQA initOutputFormat 16
09-03 23:06:45.131 3093-26657/? I/OMXCodec: [OMX.google.vorbis.decoder] allocating 4 buffers of size 32768 on output port
09-03 23:06:45.131 3093-26657/? I/OMXCodec: [OMX.google.vorbis.decoder] End Of Stream
09-03 23:06:45.131 3093-6337/? I/SoundExtractor: extract() reached EOS
09-03 23:06:45.131 3093-6337/? I/OMXCodec: [OMX.google.vorbis.decoder] stop mState=4
09-03 23:06:45.131 3093-6337/? I/OMXCodec: [OMX.google.vorbis.decoder] stop() sendCommand(2880, OMX_CommandStateSet, OMX_StateIdle)
09-03 23:06:45.131 3093-26657/? I/OMXCodec: [OMX.google.vorbis.decoder] Now Idle. Component sends idle done Event 
09-03 23:06:45.131 3093-6337/? I/OMXCodec: [OMX.google.vorbis.decoder] stopOmxComponent_l() mstate = 1
09-03 23:06:45.131 3093-6337/? I/OggExtractor: OggSource::stop() mExtractor ref count = 1
09-03 23:06:45.131 3093-6337/? I/OggExtractor: OggSource::~OggSource() mExtractor !mStarted ref count = 1
09-03 23:06:45.131 3093-6337/? I/OggExtractor: ~OggSource --
09-03 23:06:45.131 3093-6337/? I/OggExtractor: ~OggExtractor ++
09-03 23:06:45.131 3093-6337/? I/OggExtractor: ~MyOggExtractor ++ 
09-03 23:06:45.131 3093-6337/? I/OggExtractor: ~MyOggExtractor --
09-03 23:06:45.131 3093-6337/? I/OggExtractor: ~OggExtractor --
09-03 23:06:45.131 626-26622/? V/MediaPlayer: decode(70, 1318796, 5467)
09-03 23:06:45.131 16838-16838/? V/AllShare(ASF-DMC): SystemEventMonitor.checkWifiState - WIFI STATE: CONNECTED
09-03 23:06:45.131 16838-26658/? D/AllShare(ASF-DMC): NetworkStatusListener.notifyNICAdded - NIC: wlan0
09-03 23:06:45.131 16838-16838/? V/AllShare(ASF-DMC): SystemEventMonitor.checkP2PState - WIFI P2P STATE: DISCONNECTED
09-03 23:06:45.131 3093-5633/? I/OggExtractor: OggSource::OggSource() mExtractor ref count = 4
09-03 23:06:45.131 3093-5633/? I/OMXCodec: Attempting to allocate OMX node 'OMX.google.vorbis.decoder'
09-03 23:06:45.131 626-26617/? D/GlLayer: setHoverScrollFlexibleHeightMargin264
09-03 23:06:45.131 3093-5633/? I/OMXCodec: Successfully allocated OMX node 'OMX.google.vorbis.decoder'
09-03 23:06:45.131 3093-5633/? I/OMXCodec: >>>UHQA initOutputFormat 16
09-03 23:06:45.131 3093-5633/? I/OMXCodec: [OMX.google.vorbis.decoder] OMXCodec::start mState=1
09-03 23:06:45.131 3093-5633/? I/OMXCodec: [OMX.google.vorbis.decoder] allocating 4 buffers of size 8192 on input port
09-03 23:06:45.141 3093-5633/? I/OMXCodec: [OMX.google.vorbis.decoder] allocating 4 buffers of size 32768 on output port
09-03 23:06:45.141 3093-26660/? I/OMXCodec: [OMX.google.vorbis.decoder] Now Idle. Component sends idle done Event 
09-03 23:06:45.141 3071-3071/? D/libEGL: eglInitialize EGLDisplay = 0x7ffb5b6848
09-03 23:06:45.141 3093-26660/? I/OMXCodec: [OMX.google.vorbis.decoder] 0onCmdComplete  mState =  7
09-03 23:06:45.141 3093-26660/? I/OMXCodec: [OMX.google.vorbis.decoder] PORT_DISABLED(1)
09-03 23:06:45.141 3093-26660/? I/OMXCodec: >>>UHQA initOutputFormat 16
09-03 23:06:45.141 3093-26660/? I/OMXCodec: [OMX.google.vorbis.decoder] allocating 4 buffers of size 32768 on output port
09-03 23:06:45.141 3093-26660/? I/OMXCodec: [OMX.google.vorbis.decoder] End Of Stream
09-03 23:06:45.141 3093-5633/? I/SoundExtractor: extract() reached EOS
09-03 23:06:45.141 3093-5633/? I/OMXCodec: [OMX.google.vorbis.decoder] stop mState=4
09-03 23:06:45.141 3093-5633/? I/OMXCodec: [OMX.google.vorbis.decoder] stop() sendCommand(2881, OMX_CommandStateSet, OMX_StateIdle)
09-03 23:06:45.141 3093-26660/? I/OMXCodec: [OMX.google.vorbis.decoder] Now Idle. Component sends idle done Event 
09-03 23:06:45.141 3093-5633/? I/OMXCodec: [OMX.google.vorbis.decoder] stopOmxComponent_l() mstate = 1
09-03 23:06:45.141 3093-5633/? I/OggExtractor: OggSource::stop() mExtractor ref count = 1
09-03 23:06:45.141 3093-5633/? I/OggExtractor: OggSource::~OggSource() mExtractor !mStarted ref count = 1
09-03 23:06:45.141 3093-5633/? I/OggExtractor: ~OggSource --
09-03 23:06:45.141 3093-5633/? I/OggExtractor: ~OggExtractor ++
09-03 23:06:45.141 3093-5633/? I/OggExtractor: ~MyOggExtractor ++ 
09-03 23:06:45.141 3093-5633/? I/OggExtractor: ~MyOggExtractor --
09-03 23:06:45.141 3093-5633/? I/OggExtractor: ~OggExtractor --
09-03 23:06:45.141 16838-26658/? D/AllShare(ASF-DMC): NetworkStatusListener.getNetworkInfo - finding NetworkInterface wlan0... rmnet_data6
09-03 23:06:45.141 16838-26658/? D/AllShare(ASF-DMC): NetworkStatusListener.getNetworkInfo - finding NetworkInterface wlan0... rmnet_data5
09-03 23:06:45.141 16838-26658/? D/AllShare(ASF-DMC): NetworkStatusListener.getNetworkInfo - finding NetworkInterface wlan0... rmnet_data7
09-03 23:06:45.141 16838-26658/? D/AllShare(ASF-DMC): NetworkStatusListener.getNetworkInfo - finding NetworkInterface wlan0... rmnet_data0
09-03 23:06:45.141 16838-26658/? D/AllShare(ASF-DMC): NetworkStatusListener.getNetworkInfo - finding NetworkInterface wlan0... rmnet_data1
09-03 23:06:45.141 16838-26658/? D/AllShare(ASF-DMC): NetworkStatusListener.getNetworkInfo - finding NetworkInterface wlan0... rmnet_data3
09-03 23:06:45.141 16838-26658/? D/AllShare(ASF-DMC): NetworkStatusListener.getNetworkInfo - finding NetworkInterface wlan0... rmnet_data2
09-03 23:06:45.141 16838-26658/? D/AllShare(ASF-DMC): NetworkStatusListener.getNetworkInfo - finding NetworkInterface wlan0... rmnet_data4
09-03 23:06:45.141 16838-26658/? D/AllShare(ASF-DMC): NetworkStatusListener.getNetworkInfo - finding NetworkInterface wlan0... ip6tnl0
09-03 23:06:45.141 16838-26658/? I/AllShare(ASF-DMC): NetworkStatusListener.getNetworkInfo - NetworkInterface found wlan0 == wlan0
09-03 23:06:45.141 16838-26658/? I/AllShare(ASF-DMC): NetworkStatusListener.getNetworkInfo - InetAddress found 2601:644:401:84e2:fedb:b3ff:fee7:4a45%5 in wlan0
09-03 23:06:45.141 16838-26658/? D/AllShare(ASF-DMC): NetworkStatusListener.getNetworkInfo - skip...this is IPv6: 2601:644:401:84e2:fedb:b3ff:fee7:4a45%5 of false||true ||true
09-03 23:06:45.141 16838-26658/? I/AllShare(ASF-DMC): NetworkStatusListener.getNetworkInfo - InetAddress found fe80::fedb:b3ff:fee7:4a45%wlan0 in wlan0
09-03 23:06:45.141 16838-26658/? D/AllShare(ASF-DMC): NetworkStatusListener.getNetworkInfo - skip...this is IPv6: fe80::fedb:b3ff:fee7:4a45%wlan0 of false||true ||true
09-03 23:06:45.141 16838-26658/? I/AllShare(ASF-DMC): NetworkStatusListener.getNetworkInfo - InetAddress found 2601:644:401:84e2:1437:b80f:db2e:8189%5 in wlan0
09-03 23:06:45.141 16838-26658/? D/AllShare(ASF-DMC): NetworkStatusListener.getNetworkInfo - skip...this is IPv6: 2601:644:401:84e2:1437:b80f:db2e:8189%5 of false||true ||true
09-03 23:06:45.141 16838-26658/? I/AllShare(ASF-DMC): NetworkStatusListener.getNetworkInfo - InetAddress found 10.0.0.4 in wlan0
09-03 23:06:45.141 16838-26658/? I/AllShare(ASF-DMC): NetworkStatusListener.getNetworkInfo - this is IPv4 we want: 10.0.0.4 in wlan0
09-03 23:06:45.141 626-26622/? V/MediaPlayer: decode(71, 0, 4705)
09-03 23:06:45.141 16838-26658/? D/AllShare(ASF-DMC): NetworkStatusListener.notifyNICAdded - ip: 10.0.0.4, subnet mask: 255.255.255.0
09-03 23:06:45.141 16838-26658/? I/AllShare(ASF_DMC): [JNI] JavaNotifyNICAdded: 122: Enter JavaNotifyNICAdded
09-03 23:06:45.141 16838-26658/? V/AllShare(ASF_DMC): [NETWORK_LAYER] OnNetworkChanged: 205: ServerManager::OnNetworkChanged:NIC_ADDED
09-03 23:06:45.141 16838-26658/? D/AllShare(ASF_DMC): [NETWORK_LAYER] Start: 141: TCPServer Started: 10.0.0.4:8187
09-03 23:06:45.141 16838-26658/? D/AllShare(ASF_DMC): [NETWORK_LAYER] Start: 85: listen_address [10.0.0.4]
09-03 23:06:45.141 16838-26658/? D/AllShare(ASF_DMC): [NETWORK_LAYER] Start: 112: New MulticastServer::Start() : 239.255.255.250:1900 Started
09-03 23:06:45.141 3093-4168/? I/OggExtractor: OggSource::OggSource() mExtractor ref count = 4
09-03 23:06:45.141 16838-26658/? D/AllShare(ASF_DMC): [NETWORK_LAYER] Start: 102: UDPServer Started:10.0.0.4:3942
09-03 23:06:45.141 16838-26658/? V/AllShare(ASF_DMC): [NETWORK_LAYER] NotifyNICIfEvent: 1124: 2 event listeners are notified!!!
09-03 23:06:45.141 16838-26632/? D/AllShare(ASF_DMC): [NETWORK_LAYER] NotifyNICEventByID: 1204: Notifying NIC Change 0 for wlan0 listener_id 0
09-03 23:06:45.141 16838-26632/? D/AllShare(ASF_DMC): [CP_DISCOVERY] OnNetworkChanged: 53: Received NIC change event [0] for [wlan0]
09-03 23:06:45.141 16838-26632/? V/AllShare(ASF_DMC): [CP_DISCOVERY] Rescan: 449: Sending Rescan.
09-03 23:06:45.141 16838-26631/? D/AllShare(ASF_DMC): [NETWORK_LAYER] NotifyNICEventByID: 1204: Notifying NIC Change 0 for wlan0 listener_id 1
09-03 23:06:45.141 16838-26631/? D/AllShare(ASF_DMC): [STREAMING] OnNetworkChanged: 155: NW event arrived for interface name wlan0
09-03 23:06:45.141 3093-4168/? I/OMXCodec: Attempting to allocate OMX node 'OMX.google.vorbis.decoder'
09-03 23:06:45.141 16838-26658/? D/AllShare(ASF-DMC): DeviceSubscriber.eventNotifyReceived - receive system event: com.sec.android.allshare.event.EVENT_WIFI_ENABLED
09-03 23:06:45.141 16838-26658/? D/AllShare(ASF-DMC): NetworkStatusListener.notifyNICRemoved - NIC: p2p-wlan0-0
09-03 23:06:45.141 16838-26658/? I/AllShare(ASF_DMC): [JNI] JavaNotifyNICRemoved: 137: Enter JavaNotifyNICRemoved
09-03 23:06:45.141 16838-26658/? I/AllShare(ASF_DMC): [NETWORK_LAYER] NotifyNICRemoved: 1078: Interface [p2p-wlan0-0] is already removed!!
09-03 23:06:45.141 16838-26658/? D/AllShare(ASF-DMC): DeviceSubscriber.eventNotifyReceived - receive system event: com.sec.android.allshare.event.EVENT_WIFI_P2P_DISABLED
09-03 23:06:45.141 3093-4168/? I/OMXCodec: Successfully allocated OMX node 'OMX.google.vorbis.decoder'
09-03 23:06:45.141 3093-4168/? I/OMXCodec: >>>UHQA initOutputFormat 16
09-03 23:06:45.141 3093-4168/? I/OMXCodec: [OMX.google.vorbis.decoder] OMXCodec::start mState=1
09-03 23:06:45.151 3093-4168/? I/OMXCodec: [OMX.google.vorbis.decoder] allocating 4 buffers of size 8192 on input port
09-03 23:06:45.151 3093-4168/? I/OMXCodec: [OMX.google.vorbis.decoder] allocating 4 buffers of size 32768 on output port
09-03 23:06:45.151 3093-26662/? I/OMXCodec: [OMX.google.vorbis.decoder] Now Idle. Component sends idle done Event 
09-03 23:06:45.151 3093-26662/? I/OMXCodec: [OMX.google.vorbis.decoder] End Of Stream
09-03 23:06:45.151 3093-26662/? I/OMXCodec: [OMX.google.vorbis.decoder] 0onCmdComplete  mState =  7
09-03 23:06:45.151 3093-26662/? I/OMXCodec: [OMX.google.vorbis.decoder] PORT_DISABLED(1)
09-03 23:06:45.151 3093-26662/? I/OMXCodec: >>>UHQA initOutputFormat 16
09-03 23:06:45.151 3093-26662/? I/OMXCodec: [OMX.google.vorbis.decoder] allocating 4 buffers of size 32768 on output port
09-03 23:06:45.151 3093-4168/? I/SoundExtractor: extract() reached EOS
09-03 23:06:45.151 3093-4168/? I/OMXCodec: [OMX.google.vorbis.decoder] stop mState=4
09-03 23:06:45.151 3093-4168/? I/OMXCodec: [OMX.google.vorbis.decoder] stop() sendCommand(2882, OMX_CommandStateSet, OMX_StateIdle)
09-03 23:06:45.151 3093-26662/? I/OMXCodec: [OMX.google.vorbis.decoder] Now Idle. Component sends idle done Event 
09-03 23:06:45.151 3093-4168/? I/OMXCodec: [OMX.google.vorbis.decoder] stopOmxComponent_l() mstate = 1
09-03 23:06:45.151 3093-4168/? I/OggExtractor: OggSource::stop() mExtractor ref count = 1
09-03 23:06:45.151 3093-4168/? I/OggExtractor: OggSource::~OggSource() mExtractor !mStarted ref count = 1
09-03 23:06:45.151 3093-4168/? I/OggExtractor: ~OggSource --
09-03 23:06:45.151 3093-4168/? I/OggExtractor: ~OggExtractor ++
09-03 23:06:45.151 3093-4168/? I/OggExtractor: ~MyOggExtractor ++ 
09-03 23:06:45.151 3093-4168/? I/OggExtractor: ~MyOggExtractor --
09-03 23:06:45.151 3093-4168/? I/OggExtractor: ~OggExtractor --
09-03 23:06:45.161 626-626/? D/ViewRootImpl: ViewPostImeInputStage processPointer 1
09-03 23:06:45.161 626-626/? E/AlbumViewState: cannot start anmation to PhotoView. bitmap is null
09-03 23:06:45.161 3633-5550/? V/AudioService: AudioService playSoundEffect Type : 10, volume : -1.0
09-03 23:06:45.161 3633-4960/? V/AudioService: received MSG_PLAY_SOUND_EFFECT onPlaySoundEffect start
09-03 23:06:45.161 3093-5635/? I/APM::AudioPolicyManager: getSituationVolume: isBTConnected:0 isHeadConnected:0
09-03 23:06:45.161 626-626/? V/StateManager: startState class com.sec.samsung.gallery.view.photosplitview.PhotoSplitViewState
09-03 23:06:45.161 626-626/? I/Gallery_Performance: AlbumViewState onPause Start
09-03 23:06:45.171 16838-26638/? V/AllShare(ASF_DMC): [CP_DISCOVERY] SendDeviceDescriptionRequest: 379: Making description request for [uuid:a784f457-142a-cad5-fcc0-ecd2a10ca09b+wlan0]
09-03 23:06:45.171 626-626/? I/GlLayer: pause = com.sec.samsung.gallery.glview.composeView.GlComposeAlbumView@a51832a, state = 1
09-03 23:06:45.171 16838-26638/? D/AllShare(ASF_DMC): [CP_DISCOVERY] OnUDPRequestReceived: 203: Recv M-SEARCH res from NEW dev [uuid:a784f457-142a-cad5-fcc0-ecd2a10ca09b+wlan0] client_ip = [10.0.0.1] Interface ip [10.0.0.4]
09-03 23:06:45.171 626-626/? I/Gallery_Performance: AlbumViewState onPause End
09-03 23:06:45.171 626-626/? I/Gallery_Performance: PhotoSplitViewState onCreate Start
09-03 23:06:45.171 626-626/? D/ComposeViewDataLoader: checkIncreaseAlbumSet start
09-03 23:06:45.171 626-626/? I/Gallery_Performance: PhotoSplitViewState onCreate End
09-03 23:06:45.171 626-626/? I/Gallery_Performance: PhotoSplitViewState onResume Start
09-03 23:06:45.171 626-626/? D/GlComposeBaseView: GlComposeBaseView = com.sec.samsung.gallery.glview.composeView.GlComposeAlbumPhotoView@4370083
09-03 23:06:45.171 626-626/? D/GlComposeBaseView: GlComposeBaseView = com.sec.samsung.gallery.glview.composeView.GlComposeSplitView@5e55200
09-03 23:06:45.171 3633-3706/? V/BroadcastQueue: [background] Process cur broadcast BroadcastRecord{d555824 u0 com.samsung.android.providers.context.log.action.USE_APP_FEATURE_SURVEY qIdx=4}, state= (APP_RECEIVE) DELIVERED for app ProcessRecord{5e94ccc 5869:com.samsung.android.providers.context/u0a380}
09-03 23:06:45.171 626-626/? I/GlRootView: attachLayer = com.sec.samsung.gallery.glview.composeView.GlComposeAlbumView@a51832a, new = com.sec.samsung.gallery.glview.composeView.GlComposeSplitView@5e55200, type = 1
09-03 23:06:45.171 626-626/? I/GlRootView: exit attachLayer
09-03 23:06:45.171 626-26664/? D/ComposeViewDataLoader: checkIncreaseAlbumSet start
09-03 23:06:45.171 626-26664/? D/ComposeViewDataLoader: loadSet done old = 13, new = 13
09-03 23:06:45.171 626-26664/? D/ComposeViewDataLoader: loadCoveritems count =0, updS = 7, updE = 0
09-03 23:06:45.171 626-26664/? D/ComposeViewDataLoader: loadCoveritems count =0, updS = 7, updE = 0
09-03 23:06:45.171 3093-4167/? W/AudioPolicyIntefaceImpl: Skipped to add effects on session 1165
09-03 23:06:45.171 3093-4167/? I/APM::AudioPolicyManager: startOutput() output 4, stream 1, session 1165
09-03 23:06:45.181 626-26666/? E/NFC: isAndroidBeamAllowed - Begin
09-03 23:06:45.181 626-26666/? I/NFC: showMsg is false
09-03 23:06:45.181 3633-5548/? D/SecContentProvider: query(), uri = 15 selection = isAndroidBeamAllowed
09-03 23:06:45.181 16838-26643/? V/AllShare(ASF_DMC): [CP_DISCOVERY] PopulateServiceDescription: 350: Sent request for 1 services
09-03 23:06:45.181 3633-5273/? V/BroadcastQueue: [background] Process cur broadcast BroadcastRecord{e09af8d u0 com.samsung.android.providers.context.log.action.USE_APP_FEATURE_SURVEY qIdx=4}, state= (APP_RECEIVE) DELIVERED for app ProcessRecord{5e94ccc 5869:com.samsung.android.providers.context/u0a380}
09-03 23:06:45.181 3093-3727/? D/audio_hw_primary: out_set_parameters: enter: kvpairs: routing=2
09-03 23:06:45.181 3093-3727/? I/audio_hw_primary: out_set_parameters adev->out_device:2
09-03 23:06:45.181 3093-3727/? I/audio_hw_primary: is_voice_wakeup : ret =  1  , wakeup_baby_cry_enabled = 0  ,  wakeup_mic_enabled = 1 
09-03 23:06:45.181 3093-3727/? I/audio_hw_primary: get_scenario : scenario_type = 36
09-03 23:06:45.181 3093-3727/? I/audio_hw_primary: get_input_snd_device_id device:0xc
09-03 23:06:45.181 3093-3727/? V/audio_hw_primary: select_devices output_scenario:0 input_scenario:36 out_snd_device 0x2 in_snd_device:0xc
09-03 23:06:45.181 3093-3727/? I/audio_hw_primary: select_devices - do not update mixer_path
09-03 23:06:45.181 3093-3727/? D/AudioFlinger: setCurDevice() 0x2
09-03 23:06:45.191 626-626/? I/Gallery_Performance: PhotoSplitViewState onResume End
09-03 23:06:45.191 626-26620/? D/CpuBoostScrollCmd: Scroll Boost Release
09-03 23:06:45.191 626-26666/? E/NFC: isAndroidBeamAllowed - Begin
09-03 23:06:45.191 626-26666/? I/NFC: showMsg is false
09-03 23:06:45.191 3633-5617/? D/SecContentProvider: query(), uri = 15 selection = isAndroidBeamAllowed
09-03 23:06:45.191 3633-5273/? V/BroadcastQueue: [background] Process cur broadcast BroadcastRecord{1aae542 u0 com.samsung.android.providers.context.log.action.USE_APP_FEATURE_SURVEY qIdx=4}, state= (APP_RECEIVE) DELIVERED for app ProcessRecord{5e94ccc 5869:com.samsung.android.providers.context/u0a380}
09-03 23:06:45.201 16838-26643/? I/AllShare(ASF_DMC): [CP_DISCOVERY] OnResponseReceived: 183: service description received
09-03 23:06:45.201 16838-26643/? V/AllShare(ASF_DMC): [CP_DISCOVERY] ServiceDescriptionReceived: 550: All services available for device uuid:a784f457-142a-cad5-fcc0-ecd2a10ca09b+wlan0 
09-03 23:06:45.211 3633-5273/? V/BroadcastQueue: [background] Process cur broadcast BroadcastRecord{aa9e953 u0 com.samsung.android.providers.context.log.action.REPORT_APP_STATUS_SURVEY qIdx=4}, state= (APP_RECEIVE) DELIVERED for app ProcessRecord{5e94ccc 5869:com.samsung.android.providers.context/u0a380}
