09-03 23:06:28.811 3093-26510/? I/OMXCodec: [OMX.google.vorbis.decoder] End Of Stream
09-03 23:06:28.811 16838-26506/? D/AllShare(ASF_DMC): [NETWORK_LAYER] Start: 112: New MulticastServer::Start() : 239.255.255.250:1900 Started
09-03 23:06:28.811 3633-5622/? D/SecContentProvider: query(), uri = 15 selection = isAndroidBeamAllowed
09-03 23:06:28.811 16838-26506/? D/AllShare(ASF_DMC): [NETWORK_LAYER] Start: 102: UDPServer Started:10.0.0.4:3942
09-03 23:06:28.811 16838-26506/? V/AllShare(ASF_DMC): [NETWORK_LAYER] NotifyNICIfEvent: 1124: 2 event listeners are notified!!!
09-03 23:06:28.811 16838-26477/? D/AllShare(ASF_DMC): [NETWORK_LAYER] NotifyNICEventByID: 1204: Notifying NIC Change 0 for wlan0 listener_id 0
09-03 23:06:28.811 16838-26506/? D/AllShare(ASF-DMC): DeviceSubscriber.eventNotifyReceived - receive system event: com.sec.android.allshare.event.EVENT_WIFI_ENABLED
09-03 23:06:28.811 16838-26477/? D/AllShare(ASF_DMC): [CP_DISCOVERY] OnNetworkChanged: 53: Received NIC change event [0] for [wlan0]
09-03 23:06:28.811 16838-26477/? V/AllShare(ASF_DMC): [CP_DISCOVERY] Rescan: 449: Sending Rescan.
09-03 23:06:28.811 16838-26476/? D/AllShare(ASF_DMC): [NETWORK_LAYER] NotifyNICEventByID: 1204: Notifying NIC Change 0 for wlan0 listener_id 1
09-03 23:06:28.811 16838-26476/? D/AllShare(ASF_DMC): [STREAMING] OnNetworkChanged: 155: NW event arrived for interface name wlan0
09-03 23:06:28.811 16838-26506/? D/AllShare(ASF-DMC): NetworkStatusListener.notifyNICRemoved - NIC: p2p-wlan0-0
09-03 23:06:28.811 16838-26506/? I/AllShare(ASF_DMC): [JNI] JavaNotifyNICRemoved: 137: Enter JavaNotifyNICRemoved
09-03 23:06:28.811 16838-26506/? I/AllShare(ASF_DMC): [NETWORK_LAYER] NotifyNICRemoved: 1078: Interface [p2p-wlan0-0] is already removed!!
09-03 23:06:28.811 16838-26506/? D/AllShare(ASF-DMC): DeviceSubscriber.eventNotifyReceived - receive system event: com.sec.android.allshare.event.EVENT_WIFI_P2P_DISABLED
09-03 23:06:28.811 3093-3749/? I/SoundExtractor: extract() reached EOS
09-03 23:06:28.811 3093-3749/? I/OMXCodec: [OMX.google.vorbis.decoder] stop mState=4
09-03 23:06:28.811 3093-3749/? I/OMXCodec: [OMX.google.vorbis.decoder] stop() sendCommand(2867, OMX_CommandStateSet, OMX_StateIdle)
09-03 23:06:28.811 3093-26510/? I/OMXCodec: [OMX.google.vorbis.decoder] Now Idle. Component sends idle done Event 
09-03 23:06:28.811 626-26462/? E/PositionControllerAlbumPhoto: resetAttributes :: mTitleCanvsH : 160 mTitleCanvsW:0
09-03 23:06:28.811 3093-3749/? I/OMXCodec: [OMX.google.vorbis.decoder] stopOmxComponent_l() mstate = 1
09-03 23:06:28.811 626-26462/? D/GlLayer: setHoverScrollFlexibleHeightMargin264
09-03 23:06:28.811 3093-3749/? I/OggExtractor: OggSource::stop() mExtractor ref count = 1
09-03 23:06:28.811 3093-3749/? I/OggExtractor: OggSource::~OggSource() mExtractor !mStarted ref count = 1
09-03 23:06:28.811 3093-3749/? I/OggExtractor: ~OggSource --
09-03 23:06:28.811 3093-3749/? I/OggExtractor: ~OggExtractor ++
09-03 23:06:28.811 3093-3749/? I/OggExtractor: ~MyOggExtractor ++ 
09-03 23:06:28.811 626-26462/? I/GlLayer: create = com.sec.samsung.gallery.glview.composeView.GlComposeAlbumPhotoView@2df201c, state = 0
09-03 23:06:28.811 3093-3749/? I/OggExtractor: ~MyOggExtractor --
09-03 23:06:28.811 3093-3749/? I/OggExtractor: ~OggExtractor --
09-03 23:06:28.811 626-26462/? E/PositionControllerAlbumPhoto: resetAttributes :: mTitleCanvsH : 128 mTitleCanvsW:0
09-03 23:06:28.811 626-26462/? D/GlLayer: setHoverScrollFlexibleHeightMargin228
09-03 23:06:28.811 626-26462/? D/PhotoSplitViewState: onViewInitialize
09-03 23:06:28.811 626-26462/? D/GlComposeView: setAdapter = null, new = com.sec.samsung.gallery.view.adapter.ComposePhotoViewAlbumSetAdapter@6e8f2dd
09-03 23:06:28.811 626-26462/? D/GlComposeView: setAdapter = null, new = com.sec.samsung.gallery.view.adapter.ComposeMediaItemAdapter@f1cee52
09-03 23:06:28.811 626-26462/? I/GlLayer: resume = com.sec.samsung.gallery.glview.composeView.GlComposeSplitView@6716425, state = 1
09-03 23:06:28.811 626-26462/? I/GlRootView: exit replaceLayer
09-03 23:06:28.811 626-26467/? V/MediaPlayer: decode(71, 0, 4705)
09-03 23:06:28.811 3093-4168/? I/OggExtractor: OggSource::OggSource() mExtractor ref count = 4
09-03 23:06:28.811 3633-3648/? V/BroadcastQueue: [background] Process cur broadcast BroadcastRecord{23589ba u0 com.samsung.android.providers.context.log.action.REPORT_APP_STATUS_SURVEY qIdx=4}, state= (APP_RECEIVE) DELIVERED for app ProcessRecord{5e94ccc 5869:com.samsung.android.providers.context/u0a380}
09-03 23:06:28.811 11193-27600/? D/QPSingleUpdEngine: [E]1014206071read---->readphonenumberflag = 0
09-03 23:06:28.811 11193-27600/? D/QPSingleUpdEngine: [E]1014206071read---->encodephonenumber = 
09-03 23:06:28.811 3093-4168/? I/OMXCodec: Attempting to allocate OMX node 'OMX.google.vorbis.decoder'
09-03 23:06:28.811 3093-4168/? I/OMXCodec: Successfully allocated OMX node 'OMX.google.vorbis.decoder'
09-03 23:06:28.811 3093-4168/? I/OMXCodec: >>>UHQA initOutputFormat 16
09-03 23:06:28.811 3633-5126/? D/ConnectivityService: returning getNetworkInfo for network type 1 : [type: WIFI[] - WIFI, state: CONNECTED/CONNECTED, reason: (unspecified), extra: "HOME-E0A8", roaming: false, failover: false, isAvailable: true]
09-03 23:06:28.811 3093-4168/? I/OMXCodec: [OMX.google.vorbis.decoder] OMXCodec::start mState=1
09-03 23:06:28.811 3093-4168/? I/OMXCodec: [OMX.google.vorbis.decoder] allocating 4 buffers of size 8192 on input port
09-03 23:06:28.811 3093-4168/? I/OMXCodec: [OMX.google.vorbis.decoder] allocating 4 buffers of size 32768 on output port
09-03 23:06:28.811 3093-26513/? I/OMXCodec: [OMX.google.vorbis.decoder] Now Idle. Component sends idle done Event 
09-03 23:06:28.821 3633-5548/? D/ConnectivityService: returning getNetworkInfo for network type 0 : [type: MOBILE[] - MOBILE, state: DISCONNECTED/DISCONNECTED, reason: (unspecified), extra: (none), roaming: false, failover: false, isAvailable: true]
09-03 23:06:28.821 16838-26481/? V/AllShare(ASF_DMC): [CP_DISCOVERY] SendDeviceDescriptionRequest: 379: Making description request for [uuid:a784f457-142a-cad5-fcc0-ecd2a10ca09b+wlan0]
09-03 23:06:28.821 16838-26481/? D/AllShare(ASF_DMC): [CP_DISCOVERY] OnUDPRequestReceived: 203: Recv M-SEARCH res from NEW dev [uuid:a784f457-142a-cad5-fcc0-ecd2a10ca09b+wlan0] client_ip = [10.0.0.1] Interface ip [10.0.0.4]
09-03 23:06:28.821 3093-3727/? D/AudioFlinger: mixer(0xede40000) throttle end: throttle time(4)
09-03 23:06:28.821 11193-27600/? W/System.err: java.lang.NullPointerException: Attempt to invoke virtual method 'int java.lang.String.length()' on a null object reference
09-03 23:06:28.821 11193-27600/? W/System.err:     at org.json.JSONTokener.nextCleanInternal(JSONTokener.java:116)
09-03 23:06:28.821 11193-27600/? W/System.err:     at org.json.JSONTokener.nextValue(JSONTokener.java:94)
09-03 23:06:28.821 11193-27600/? W/System.err:     at org.json.JSONObject.<init>(JSONObject.java:156)
09-03 23:06:28.821 11193-27600/? W/System.err:     at org.json.JSONObject.<init>(JSONObject.java:173)
09-03 23:06:28.821 11193-27600/? W/System.err:     at com.tencent.mqpsdk.secsrv.MQPEmuDetectService.a(ProGuard:50)
09-03 23:06:28.821 11193-27600/? W/System.err:     at com.tencent.msfmqpsdkbridge.MSFEmuDetectWrapper.a(ProGuard:65)
09-03 23:06:28.821 11193-27600/? W/System.err:     at com.tencent.qqprotect.singleupdate.QPSingleUpdEngine.a(ProGuard:341)
09-03 23:06:28.821 11193-27600/? W/System.err:     at com.tencent.qqprotect.singleupdate.QPSingleUpdEngine.a(ProGuard:407)
09-03 23:06:28.821 11193-27600/? W/System.err:     at com.tencent.qqprotect.singleupdate.QPSingleUpdEngine.a(ProGuard:145)
09-03 23:06:28.821 11193-27600/? W/System.err:     at com.tencent.qqprotect.singleupdate.QPSingleUpdThread.run(ProGuard:21)
09-03 23:06:28.831 11193-16976/? D/QPSingleUpdEngine: [E]Engine started
09-03 23:06:28.831 11193-16976/? I/QPSingleUpdEngine: [E]updateFileDirInit
09-03 23:06:28.831 11193-16976/? D/QPSingleUpdEngine: [E]Begin Request
09-03 23:06:28.831 11193-16976/? D/QPSingleUpdEngine: [E]getBaseInfo
09-03 23:06:28.831 16838-26487/? V/AllShare(ASF_DMC): [CP_DISCOVERY] PopulateServiceDescription: 350: Sent request for 1 services
09-03 23:06:28.831 3093-26513/? I/OMXCodec: [OMX.google.vorbis.decoder] End Of Stream
09-03 23:06:28.831 3093-26513/? I/OMXCodec: [OMX.google.vorbis.decoder] 0onCmdComplete  mState =  7
09-03 23:06:28.831 3093-26513/? I/OMXCodec: [OMX.google.vorbis.decoder] PORT_DISABLED(1)
09-03 23:06:28.831 3093-26513/? I/OMXCodec: >>>UHQA initOutputFormat 16
09-03 23:06:28.831 3093-26513/? I/OMXCodec: [OMX.google.vorbis.decoder] allocating 4 buffers of size 32768 on output port
09-03 23:06:28.831 3093-4168/? I/SoundExtractor: extract() reached EOS
09-03 23:06:28.831 3093-4168/? I/OMXCodec: [OMX.google.vorbis.decoder] stop mState=4
09-03 23:06:28.831 3093-4168/? I/OMXCodec: [OMX.google.vorbis.decoder] stop() sendCommand(2868, OMX_CommandStateSet, OMX_StateIdle)
09-03 23:06:28.831 3093-26513/? I/OMXCodec: [OMX.google.vorbis.decoder] Now Idle. Component sends idle done Event 
09-03 23:06:28.831 3093-4168/? I/OMXCodec: [OMX.google.vorbis.decoder] stopOmxComponent_l() mstate = 1
09-03 23:06:28.831 3093-4168/? I/OggExtractor: OggSource::stop() mExtractor ref count = 1
09-03 23:06:28.831 3093-4168/? I/OggExtractor: OggSource::~OggSource() mExtractor !mStarted ref count = 1
09-03 23:06:28.831 3093-4168/? I/OggExtractor: ~OggSource --
09-03 23:06:28.831 3093-4168/? I/OggExtractor: ~OggExtractor ++
09-03 23:06:28.831 3093-4168/? I/OggExtractor: ~MyOggExtractor ++ 
09-03 23:06:28.831 3093-4168/? I/OggExtractor: ~MyOggExtractor --
09-03 23:06:28.831 3093-4168/? I/OggExtractor: ~OggExtractor --
09-03 23:06:28.831 626-26508/? E/NFC: isAndroidBeamAllowed - Begin
09-03 23:06:28.831 626-26508/? I/NFC: showMsg is false
09-03 23:06:28.841 3071-3071/? D/libEGL: eglInitialize EGLDisplay = 0x7ffb5b6848
09-03 23:06:28.841 626-626/? D/AllShare(ASF-API): L-d140909 / AllShareConnector.gallery3d : onReceive AllShare Service Start message...^^
09-03 23:06:28.841 626-626/? I/AllShare(ASF-API): L-d140909 / AllShareConnector.gallery3d is Already trying to connecting...wait..
09-03 23:06:28.841 11193-16976/? D/QPSingleUpdEngine: [E]1014206071read---->readphonenumberflag = 0
09-03 23:06:28.841 626-626/? I/AllShare(ASF-API): L-d140909 / AllShareConnector.Subscriber onServiceConnected to gallery3d
09-03 23:06:28.841 626-626/? D/AllShare(ASF-API): L-d140909 / AllShareConnector.onConnected to gallery3d
09-03 23:06:28.841 626-626/? I/NearbyClient: ServiceProvider Created : ENABLED
09-03 23:06:28.841 11193-16976/? D/QPSingleUpdEngine: [E]1014206071read---->encodephonenumber = 
09-03 23:06:28.841 626-626/? D/NearbyClient: setDeviceFinderEventListener. provider and imageviewer
09-03 23:06:28.841 3633-5551/? D/SecContentProvider: query(), uri = 15 selection = isAndroidBeamAllowed
09-03 23:06:28.841 3633-5127/? D/ConnectivityService: returning getNetworkInfo for network type 1 : [type: WIFI[] - WIFI, state: CONNECTED/CONNECTED, reason: (unspecified), extra: "HOME-E0A8", roaming: false, failover: false, isAvailable: true]
09-03 23:06:28.841 626-626/? D/NearbyClient: refresh device list
09-03 23:06:28.841 3633-5254/? D/ConnectivityService: returning getNetworkInfo for network type 0 : [type: MOBILE[] - MOBILE, state: DISCONNECTED/DISCONNECTED, reason: (unspecified), extra: (none), roaming: false, failover: false, isAvailable: true]
09-03 23:06:28.841 626-626/? I/AllShare(ASF-API): L-d140909 / MediaDeviceFinderImpl.refresh
09-03 23:06:28.841 16838-17035/? I/AllShare(ASF_DMC): [JNI] rescanDeviceByAppID: 469: Meet unregister app id when rescan !
09-03 23:06:28.841 16838-17035/? D/AllShare(ASF_DMC): [CP_DISCOVERY] Rescan: 443: Rescan already in progress for [ssdp:all]
09-03 23:06:28.841 16838-17035/? I/AllShare(ASF_DMC): [CP_DISCOVERY] Rescan: 341: Rescan failed.
09-03 23:06:28.841 626-626/? I/AllShare(ASF-API): L-d140909 / MediaDeviceFinderImpl.getDevices - type[DEVICE_PROVIDER], domain[LOCAL_NETWORK]
09-03 23:06:28.841 11193-16976/? W/System.err: java.lang.NullPointerException: Attempt to invoke virtual method 'int java.lang.String.length()' on a null object reference
09-03 23:06:28.841 11193-16976/? W/System.err:     at org.json.JSONTokener.nextCleanInternal(JSONTokener.java:116)
09-03 23:06:28.841 16838-16850/? V/AllShare(ASF_DMC): [CP_DISCOVERY] GetDeviceList: 165: interesting device list empty
09-03 23:06:28.841 11193-16976/? W/System.err:     at org.json.JSONTokener.nextValue(JSONTokener.java:94)
09-03 23:06:28.841 16838-16850/? I/AllShare(ASF_DMC): [JNI] getDeviceList: 398: getDeviceListFromGenericCP Failed,  [-1020] - can't find device
09-03 23:06:28.841 11193-16976/? W/System.err:     at org.json.JSONObject.<init>(JSONObject.java:156)
09-03 23:06:28.841 16838-16850/? I/AllShare(ASF_DMC): [JNI] getDeviceListJNI: 308: pDeviceList == NULL
09-03 23:06:28.841 11193-16976/? W/System.err:     at org.json.JSONObject.<init>(JSONObject.java:173)
09-03 23:06:28.841 11193-16976/? W/System.err:     at com.tencent.mqpsdk.secsrv.MQPEmuDetectService.a(ProGuard:50)
09-03 23:06:28.841 16838-16850/? W/AllShare(ASF-DMC): DeviceListManagerWrapper.getDeviceList - Get device list with type[2] failed
09-03 23:06:28.841 11193-16976/? W/System.err:     at com.tencent.msfmqpsdkbridge.MSFEmuDetectWrapper.a(ProGuard:65)
09-03 23:06:28.841 11193-16976/? W/System.err:     at com.tencent.qqprotect.singleupdate.QPSingleUpdEngine.a(ProGuard:341)
09-03 23:06:28.841 11193-16976/? W/System.err:     at com.tencent.qqprotect.singleupdate.QPSingleUpdEngine.a(ProGuard:407)
09-03 23:06:28.841 11193-16976/? W/System.err:     at com.tencent.qqprotect.singleupdate.QPSingleUpdEngine.a(ProGuard:145)
09-03 23:06:28.841 11193-16976/? W/System.err:     at com.tencent.qqprotect.singleupdate.QPSingleUpdThread.run(ProGuard:21)
09-03 23:06:28.841 626-626/? I/AllShare(ASF-API): L-d140909 / MediaDeviceFinderImpl.getDevices - type[DEVICE_IMAGEVIEWER], domain[LOCAL_NETWORK]
09-03 23:06:28.841 16838-17249/? V/AllShare(ASF_DMC): [CP_DISCOVERY] GetDeviceList: 165: interesting device list empty
09-03 23:06:28.841 16838-17249/? I/AllShare(ASF_DMC): [JNI] getDeviceList: 398: getDeviceListFromGenericCP Failed,  [-1020] - can't find device
09-03 23:06:28.841 16838-17249/? I/AllShare(ASF_DMC): [JNI] getDeviceListJNI: 308: pDeviceList == NULL
09-03 23:06:28.841 16838-17249/? W/AllShare(ASF-DMC): DeviceListManagerWrapper.getDeviceList - Get device list with type[1] failed
09-03 23:06:28.841 626-626/? D/NearbyClient: device count : 0 Provider : 0 ImageViewer : 0
09-03 23:06:28.851 16838-26487/? I/AllShare(ASF_DMC): [CP_DISCOVERY] OnResponseReceived: 183: service description received
09-03 23:06:28.851 16838-26487/? V/AllShare(ASF_DMC): [CP_DISCOVERY] ServiceDescriptionReceived: 550: All services available for device uuid:a784f457-142a-cad5-fcc0-ecd2a10ca09b+wlan0 
09-03 23:06:28.851 3633-4944/? D/NetworkPolicy: isUidForegroundLocked: 10003, mScreenOn: true, uidstate: 16, mProxSensorScreenOff: false
09-03 23:06:28.851 3633-4944/? V/NetworkPolicy: getFirewallRuleWifi UID:10003 policy:0
09-03 23:06:28.851 626-26505/? D/ComposeViewDataLoader: checkIncreaseAlbumSet start
09-03 23:06:28.851 626-26507/? D/ComposeViewDataLoader: applyViewListener = null, count = 100, notiCount = -1
09-03 23:06:28.851 626-26507/? D/GlComposeView: onSizeChanged= 100
09-03 23:06:28.851 626-26507/? D/GlComposeView: onContentChanged=0,end=39
09-03 23:06:28.851 626-26505/? D/ComposeViewDataLoader: loadSet done old = 13, new = 13
09-03 23:06:28.851 626-26505/? D/ComposeViewDataLoader: loadCoveritems count =0, updS = 7, updE = 0
09-03 23:06:28.851 626-26505/? D/ComposeViewDataLoader: applyViewListener = null, count = 13, notiCount = -1
09-03 23:06:28.851 626-26505/? D/GlComposeView: onSizeChanged= 13
09-03 23:06:28.851 626-26505/? D/ComposeViewDataLoader: loadCoveritems count =0, updS = 7, updE = 0
09-03 23:06:28.871 626-26462/? D/GlComposePhotoView: updateSize = 100
09-03 23:06:28.871 626-26505/? D/ComposeViewDataLoader: loadCoveritems count =0, updS = 5, updE = 0
09-03 23:06:28.881 3093-3624/? I/APM::AudioPolicyManager: stopOutput() output 4, stream 1, session 1159
09-03 23:06:28.891 626-26462/? W/PositionControllerAlbumPhoto: update left albumType : -2
09-03 23:06:28.901 626-26462/? W/PositionControllerAlbumPhoto: update left albumType : -2
09-03 23:06:28.901 626-26462/? W/PositionControllerAlbumPhoto: update left albumType : -2
09-03 23:06:28.901 626-26462/? W/PositionControllerAlbumPhoto: update left albumType : -2
09-03 23:06:28.901 626-26462/? W/PositionControllerAlbumPhoto: update left albumType : -2
09-03 23:06:28.911 626-626/? D/PhotoViewEventHandle: onAlbumClick: 2-th album selected
09-03 23:06:28.911 626-626/? D/PhotoViewEventHandle: onAlbumClick: 2-th album selected
09-03 23:06:28.921 626-626/? I/InjectionManager: dispatchCreateOptionsMenu :com.sec.android.gallery3d.app.GalleryActivity
09-03 23:06:28.921 626-626/? I/InjectionManager: dispatchPrepareOptionsMenu :com.sec.android.gallery3d.app.GalleryActivity
09-03 23:06:28.921 11193-27600/? D/QPSingleUpdEngine: [E]new = 2016-09-03 23:06:28.94
09-03 23:06:28.931 11193-27600/? D/QPSingleUpdEngine: [E]getBaseInfo___end
09-03 23:06:28.931 3080-3700/? D/EnterpriseController: netId is 0
09-03 23:06:28.931 3080-3700/? D/Netd: getNetworkForDns: using netid 613 for uid 10247
09-03 23:06:28.931 11193-27600/? D/QPSingleUpdEngine: [E]Start Create Socket!!!
09-03 23:06:28.931 11193-27600/? I/QPSingleUpdEngine: [E]Req/Rsp IOException read or write Error
09-03 23:06:28.931 11193-27600/? I/QPSingleUpdEngine: [E]fuck error!!!
09-03 23:06:28.931 11193-27600/? I/QPSingleUpdEngine: [E]QPSingleUpdThread.run() Exception 3 times!!!
09-03 23:06:28.931 11193-27600/? I/QPSingleUpdEngine: [E]QPSingleUpdThread.run() Exception !!!
09-03 23:06:28.931 11193-16976/? D/QPSingleUpdEngine: [E]new = 2016-09-03 23:06:28.948
09-03 23:06:28.931 11193-16976/? D/QPSingleUpdEngine: [E]getBaseInfo___end
09-03 23:06:28.931 11193-16976/? D/QPSingleUpdEngine: [E]Start Create Socket!!!
09-03 23:06:28.931 11193-16976/? I/QPSingleUpdEngine: [E]Req/Rsp IOException read or write Error
09-03 23:06:28.931 11193-16976/? I/QPSingleUpdEngine: [E]fuck error!!!
09-03 23:06:28.931 11193-16976/? I/QPSingleUpdEngine: [E]QPSingleUpdThread.run() Exception 3 times!!!
09-03 23:06:28.931 11193-16976/? I/QPSingleUpdEngine: [E]QPSingleUpdThread.run() Exception !!!
09-03 23:06:29.051 3633-3633/? D/CustomFrequencyManagerService: releaseDVFSLockLocked : Getting Lock type frm List : DVFS_MIN_LIMIT  frequency : 1800000  uid : 1000  pid : 3633  tag : ACTIVITY_RESUME_BOOSTER@9
09-03 23:06:29.271 3633-4468/? D/InputReader: Input event(3): value=1 when=154026375642000
09-03 23:06:29.271 3633-4468/? D/InputReader: Input event(3): value=1 when=154026375642000
09-03 23:06:29.271 3633-4468/? I/InputReader: Touch event's action is 0x0 (deviceType=0) [pCnt=1, s=0.11904 ] when=154026375642000
09-03 23:06:29.271 3633-4468/? D/InputReader: lastThreadEndTime = 154025856489528, currentThreadStartTime = 154025856492236, diff = 0
09-03 23:06:29.271 3633-4467/? I/InputDispatcher: Delivering touch to (19026): action: 0x4, toolType: 1
09-03 23:06:29.271 3633-4467/? I/InputDispatcher: Delivering touch to (626): action: 0x0, toolType: 1
09-03 23:06:29.271 19026-19026/? D/AutoHideHelper: ###check Single invalid
09-03 23:06:29.271 626-626/? D/ViewRootImpl: ViewPostImeInputStage processPointer 0
09-03 23:06:29.271 626-26462/? D/GlHoverController: onMessage msg = 3
09-03 23:06:29.271 626-26462/? D/GlHoverController: removeHoverView removed message = 0
09-03 23:06:29.281 3633-5842/? D/CustomFrequencyManagerService: acquireDVFSLockLocked : type : DVFS_MIN_LIMIT  frequency : 800000  uid : 1000  pid : 3633  pkgName : GALLERY_LIST_SCROLL@419
09-03 23:06:29.281 626-26465/? D/CpuBoostScrollCmd: Scroll Boost CPU Clock
09-03 23:06:29.331 5248-5248/? D/Recents: onTaskStackChanged
09-03 23:06:29.361 626-26507/? D/GlComposeView: onContentChanged=40,end=79
09-03 23:06:29.391 3633-3649/? D/BatteryService: !@BatteryListener : batteryPropertiesChanged!
09-03 23:06:29.391 3633-3649/? D/BatteryService: level:62, scale:100, status:2, health:2, present:true, voltage: 3937, temperature: 256, technology: Li-ion, AC powered:false, USB powered:true, POGO powered:false, Wireless powered:false, icon:17303413, invalid charger:0, maxChargingCurrent:0
09-03 23:06:29.391 3633-3649/? D/BatteryService: online:4, current avg:-33, charge type:1, power sharing:false, high voltage charger:false, capacity:280000, batterySWSelfDischarging:false, current_now:86
09-03 23:06:29.391 3633-3633/? D/BatteryService: Sending ACTION_BATTERY_CHANGED.
09-03 23:06:29.401 3633-3633/? I/MotionRecognitionService: Plugged
09-03 23:06:29.401 3633-3633/? D/MotionRecognitionService:   cableConnection= 1
09-03 23:06:29.401 3633-3633/? D/MotionRecognitionService: setPowerConnected | current backoffstate  = 1024 , state =1024
09-03 23:06:29.401 3633-3633/? D/MotionRecognitionService: skip setTransmitPower. 
09-03 23:06:29.411 5169-5169/? D/KeyguardUpdateMonitor: received broadcast android.intent.action.BATTERY_CHANGED
09-03 23:06:29.411 5169-5169/? D/PowerUI: priorPlugType = 2 mPlugType =  2
09-03 23:06:29.411 5199-5199/? D/CommonServiceConfiguration: getStringValueSetting
09-03 23:06:29.411 3633-4468/? D/InputReader: Input event(3): value=0 when=154026513305000
09-03 23:06:29.411 3633-4468/? D/InputReader: Input event(3): value=0 when=154026513305000
09-03 23:06:29.411 3633-4468/? I/InputReader: Touch event's action is 0x1 (deviceType=0) [pCnt=1, s=] when=154026513305000
09-03 23:06:29.411 3633-4467/? I/InputDispatcher: Delivering touch to (626): action: 0x1, toolType: 1
09-03 23:06:29.411 626-626/? D/ViewRootImpl: ViewPostImeInputStage processPointer 1
09-03 23:06:29.411 626-626/? D/GlBoundaryAnim: startFling = 12800.0, mDec = -56.0
09-03 23:06:29.411 3633-7848/? D/CustomFrequencyManagerService: acquireDVFSLockLocked : type : DVFS_MIN_LIMIT  frequency : 800000  uid : 1000  pid : 3633  pkgName : GESTURE_DETECTED@CPU_MIN@34
09-03 23:06:29.411 3633-7848/? D/CustomFrequencyManagerService: releaseDVFSLockLocked : Getting Lock type frm List : DVFS_MIN_LIMIT  frequency : 800000  uid : 1000  pid : 3633  tag : GESTURE_DETECTED@CPU_MIN@34
09-03 23:06:29.411 3633-7848/? D/CustomFrequencyManagerService: acquireDVFSLockLocked : type : DVFS_MIN_LIMIT  frequency : 800000  uid : 1000  pid : 3633  pkgName : GESTURE_DETECTED@CPU_MIN@34
09-03 23:06:29.411 5169-5169/? D/PowerUI.Notification: showChargingNotice oldChargingType : 1 currentChargingType : 1 oldChargingTime : 8345000 mChargingTime : 8345000
09-03 23:06:29.411 5169-5169/? D/KeyguardUpdateMonitor: handleBatteryUpdate
09-03 23:06:29.411 5169-5169/? D/PowerUI.Notification: There is no change about charging status, so return!
09-03 23:06:29.411 3633-5607/? D/CustomFrequencyManagerService: releaseDVFSLockLocked : Getting Lock type frm List : DVFS_MIN_LIMIT  frequency : 800000  uid : 1000  pid : 3633  tag : GALLERY_LIST_SCROLL@419
09-03 23:06:29.411 626-26465/? D/CpuBoostScrollCmd: Scroll Boost Release
09-03 23:06:29.421 5199-5199/? D/BatteryMonitor: new battery level: 62
09-03 23:06:29.421 3633-3648/? D/CustomFrequencyManagerService: acquireDVFSLockLocked : type : DVFS_MIN_LIMIT  frequency : 800000  uid : 1000  pid : 3633  pkgName : GALLERY_LIST_SCROLL@419
09-03 23:06:29.421 626-26465/? D/CpuBoostScrollCmd: Scroll Boost CPU Clock
09-03 23:06:29.441 5169-5169/? D/BatteryMeterView: ACTION_BATTERY_CHANGED : level:62 status:2 health:2
09-03 23:06:29.441 5169-5169/? D/BatteryMeterView: ACTION_BATTERY_CHANGED : level:62 status:2 health:2
09-03 23:06:29.441 5169-5169/? D/CoverUpdateMonitor: received broadcast android.intent.action.BATTERY_CHANGED
09-03 23:06:29.451 626-26507/? D/GlComposeView: onContentChanged=80,end=83
09-03 23:06:29.481 626-26507/? D/GlComposeView: onContentChanged=84,end=99
09-03 23:06:29.821 5169-5363/? D/NetworkController.MobileSignalController(0/4): onSignalStrengthsChanged signalStrength=SignalStrength: 99 99 -120 -160 -120 -1 -1 17 -107 -9 120 -1 2147483647 0x2000 gsm|lte level=2
09-03 23:06:29.821 5169-5363/? D/NetworkController.MobileSignalController(0/4): getMobileIconGroup(): 13
09-03 23:06:29.821 5169-5363/? D/NetworkController.MobileSignalController(0/4): updateCMCCMobileIconGroup(): 13
09-03 23:06:29.831 5169-5363/? D/NetworkController.MobileSignalController(0/4): onSignalStrengthsChanged signalStrength=SignalStrength: 99 99 -120 -160 -120 -1 -1 17 -107 -9 120 -1 2147483647 0x2000 gsm|lte level=2
09-03 23:06:29.831 5169-5363/? D/NetworkController.MobileSignalController(0/4): getMobileIconGroup(): 13
09-03 23:06:29.831 5169-5363/? D/NetworkController.MobileSignalController(0/4): updateCMCCMobileIconGroup(): 13
09-03 23:06:30.051 626-26462/? D/GlBoundaryAnim: applyTransform stopped by end of boundeffect
09-03 23:06:30.051 3633-5551/? D/CustomFrequencyManagerService: releaseDVFSLockLocked : Getting Lock type frm List : DVFS_MIN_LIMIT  frequency : 800000  uid : 1000  pid : 3633  tag : GALLERY_LIST_SCROLL@419
09-03 23:06:30.051 626-26465/? D/CpuBoostScrollCmd: Scroll Boost Release
09-03 23:06:30.141 16116-16137/? I/ReschedulableTimer: [#CMH#] ReschedulableTimer started 
09-03 23:06:30.561 3633-4468/? D/InputReader: Input event(3): value=1 when=154027666038000
09-03 23:06:30.561 3633-4468/? D/InputReader: Input event(3): value=1 when=154027666038000
09-03 23:06:30.561 3633-4468/? I/InputReader: Touch event's action is 0x0 (deviceType=0) [pCnt=1, s=0.11905 ] when=154027666038000
09-03 23:06:30.561 3633-4468/? D/InputReader: lastThreadEndTime = 154026513647486, currentThreadStartTime = 154026513653028, diff = 0
09-03 23:06:30.561 3633-4467/? I/InputDispatcher: Delivering touch to (19026): action: 0x4, toolType: 1
09-03 23:06:30.561 3633-4467/? I/InputDispatcher: Delivering touch to (626): action: 0x0, toolType: 1
09-03 23:06:30.561 19026-19026/? D/AutoHideHelper: ###check Single invalid
09-03 23:06:30.561 3633-4467/? D/PowerManagerService: [api] userActivityFromNative : 590 (event: 2 flags: 0) eventTime = 154027666
09-03 23:06:30.561 626-626/? D/ViewRootImpl: ViewPostImeInputStage processPointer 0
09-03 23:06:30.561 626-26462/? D/GlHoverController: onMessage msg = 3
09-03 23:06:30.561 3633-5273/? D/CustomFrequencyManagerService: acquireDVFSLockLocked : type : DVFS_MIN_LIMIT  frequency : 800000  uid : 1000  pid : 3633  pkgName : GALLERY_LIST_SCROLL@419
09-03 23:06:30.561 626-26462/? D/GlHoverController: removeHoverView removed message = 0
09-03 23:06:30.561 626-26465/? D/CpuBoostScrollCmd: Scroll Boost CPU Clock
09-03 23:06:30.621 3633-4468/? D/InputReader: Input event(3): value=0 when=154027723803000
09-03 23:06:30.621 3633-4468/? D/InputReader: Input event(3): value=0 when=154027723803000
09-03 23:06:30.621 3633-4468/? I/InputReader: Touch event's action is 0x1 (deviceType=0) [pCnt=1, s=] when=154027723803000
09-03 23:06:30.621 3633-4467/? I/InputDispatcher: Delivering touch to (626): action: 0x1, toolType: 1
09-03 23:06:30.621 626-626/? D/ViewRootImpl: ViewPostImeInputStage processPointer 1
09-03 23:06:30.621 3633-4604/? V/AudioService: AudioService playSoundEffect Type : 10, volume : -1.0
09-03 23:06:30.621 3633-4960/? V/AudioService: received MSG_PLAY_SOUND_EFFECT onPlaySoundEffect start
09-03 23:06:30.621 3093-4167/? I/APM::AudioPolicyManager: getSituationVolume: isBTConnected:0 isHeadConnected:0
09-03 23:06:30.631 3633-3649/? D/InputDispatcher: Focused application set to: xxxx
09-03 23:06:30.631 3093-5633/? W/AudioPolicyIntefaceImpl: Skipped to add effects on session 1160
09-03 23:06:30.631 3093-5633/? I/APM::AudioPolicyManager: startOutput() output 4, stream 1, session 1160
09-03 23:06:30.631 626-626/? I/Gallery_Performance: Gallery onPause Start
09-03 23:06:30.631 3633-5622/? D/CustomFrequencyManagerService: releaseDVFSLockLocked : Getting Lock type frm List : DVFS_MIN_LIMIT  frequency : 800000  uid : 1000  pid : 3633  tag : GALLERY_LIST_SCROLL@419
09-03 23:06:30.631 626-26465/? D/CpuBoostScrollCmd: Scroll Boost Release
09-03 23:06:30.641 3093-3727/? D/audio_hw_primary: out_set_parameters: enter: kvpairs: routing=2
09-03 23:06:30.641 3093-3727/? I/audio_hw_primary: out_set_parameters adev->out_device:2
09-03 23:06:30.641 3093-3727/? I/audio_hw_primary: is_voice_wakeup : ret =  1  , wakeup_baby_cry_enabled = 0  ,  wakeup_mic_enabled = 1 
09-03 23:06:30.641 3093-3727/? I/audio_hw_primary: get_scenario : scenario_type = 36
09-03 23:06:30.641 3093-3727/? I/audio_hw_primary: get_input_snd_device_id device:0xc
09-03 23:06:30.641 3093-3727/? V/audio_hw_primary: select_devices output_scenario:0 input_scenario:36 out_snd_device 0x2 in_snd_device:0xc
09-03 23:06:30.641 3093-3727/? I/audio_hw_primary: select_devices - do not update mixer_path
09-03 23:06:30.641 3093-3727/? D/AudioFlinger: setCurDevice() 0x2
09-03 23:06:30.641 3071-3297/? D/libEGL: eglTerminate EGLDisplay = 0x7f82840e78
09-03 23:06:30.641 626-26462/? D/libEGL: eglTerminate EGLDisplay = 0x7f8747ee28
09-03 23:06:30.641 626-626/? D/GlRootView: onPause mGlActive = true
09-03 23:06:30.641 626-626/? I/GlLayer: pause = com.sec.samsung.gallery.glview.composeView.GlComposeAlbumPhotoView@2df201c, state = 1
09-03 23:06:30.641 626-626/? I/Gallery_Performance: PostGalleryCmd pause() START 
09-03 23:06:30.641 626-626/? I/Gallery_Performance: PostGalleryCmd pause() END
09-03 23:06:30.641 626-626/? I/Gallery_Performance: Gallery onPause End
09-03 23:06:30.641 3633-5254/? D/CustomFrequencyManagerService: acquireDVFSLockLocked : type : DVFS_MIN_LIMIT  frequency : 1800000  uid : 1000  pid : 3633  pkgName : ACTIVITY_RESUME_BOOSTER@3
09-03 23:06:30.651 3633-5254/? D/ActivityManager: mDVFSHelper.acquire()
09-03 23:06:30.651 3071-3071/? D/libEGL: eglTerminate EGLDisplay = 0x7ffb5b68d8
09-03 23:06:30.651 3633-5254/? D/ActivityManager:  Launching com.sh1r0.caffe_android_demo, updated priority
09-03 23:06:30.651 3633-3633/? D/GameManagerService: NotifyRunnable. pkg: com.sh1r0.caffe_android_demo, type: 4, isMinimized: false, isTunableApp: false
09-03 23:06:30.661 3633-3707/? W/ContextImpl: Calling a method in the system process without a qualified user: android.app.ContextImpl.sendBroadcast:830 com.android.server.policy.PhoneWindowManager.notifyToSSRM:8645 com.android.server.policy.PhoneWindowManager.access$1500:307 com.android.server.policy.PhoneWindowManager$PolicyHandler.handleMessage:1206 android.os.Handler.dispatchMessage:102 
09-03 23:06:30.671 3633-5548/? D/InputDispatcher: Focus left window: 626
09-03 23:06:30.671 3633-3712/? D/PointerIcon: setMouseIconStyle1 pointerType: 1001 iconType:101 flag:0 pid:3633 uid:1000
09-03 23:06:30.671 3633-3712/? D/PointerIcon: setMouseCustomIcon IconType is same.101
09-03 23:06:30.691 26167-26167/? D/MainActivity: /storage/emulated/0/DCIM/Camera/test/Bus/306.jpg
09-03 23:06:30.691 26167-26167/? D/MainActivity: 256
09-03 23:06:30.691 26167-26167/? D/MainActivity: 384
09-03 23:06:30.691 26167-26167/? D/ViewRootImpl: #1 mView = com.android.internal.policy.PhoneWindow$DecorView{98d1c08 V.E...... R.....I. 0,0-0,0}
09-03 23:06:30.701 3633-5842/? D/ISSUE_DEBUG: InputChannelName : c5f77c8 Predicting...
09-03 23:06:30.701 3633-3707/? D/StatusBarManagerService: manageDisableList userId=0 what=0x0 pkg=Window{c5f77c8 u0 d0 Predicting...}
09-03 23:06:30.701 3633-5842/? D/InputDispatcher: Focus entered window: 26167
09-03 23:06:30.701 5169-5169/? D/PhoneStatusBar: setSystemUiVisibility vis=8000 mask=ffffffff oldVal=8600 newVal=8000 diff=600
09-03 23:06:30.701 3633-3712/? D/PointerIcon: setMouseIconStyle1 pointerType: 1001 iconType:101 flag:0 pid:3633 uid:1000
09-03 23:06:30.701 3633-3712/? D/PointerIcon: setMouseCustomIcon IconType is same.101
09-03 23:06:30.701 3633-7848/? D/ConnectivityService: returning getNetworkInfo for network type 1 : [type: WIFI[] - WIFI, state: CONNECTED/CONNECTED, reason: (unspecified), extra: "HOME-E0A8", roaming: false, failover: false, isAvailable: true]
09-03 23:06:30.701 3633-5617/? D/ActivityManager: post active user change for 0 fullscreen true isFloatingActivity() false isHomeActivity() false
09-03 23:06:30.701 3633-5617/? D/KnoxTimeoutHandler: postActiveUserChange [MsgParam] userId: 0 fullscreen is true showWhenlocked is false
09-03 23:06:30.701 3633-3633/? D/KnoxTimeoutHandler: handleActiveUserChange [MsgParam] userId: 0 fullscreen is true showWhenlocked is false
09-03 23:06:30.701 3633-3633/? I/KnoxTimeoutHandler: Shared devices show user statefalse
09-03 23:06:30.711 3071-3071/? I/SurfaceFlinger: id=3396 createSurf (1x1),1 flag=4, 
09-03 23:06:30.721 26167-26189/? D/mali_winsys: new_window_surface returns 0x3000,  [1336x648]-format:1
09-03 23:06:30.721 3093-3624/? I/APM::AudioPolicyManager: stopOutput() output 4, stream 1, session 1160
09-03 23:06:30.721 3071-3071/? I/SurfaceFlinger: id=3397 createSurf (1440x2560),1 flag=404, NainActivit
09-03 23:06:30.731 26167-26189/? D/mali_winsys: new_window_surface returns 0x3000,  [1440x2560]-format:1
09-03 23:06:30.741 26167-26167/? W/ActivityThread: AppLock checkAppLockState isAppLocked = false pkgName = com.sh1r0.caffe_android_demo showWhenLocked = false
09-03 23:06:30.741 26167-26167/? W/DisplayListCanvas: DisplayListCanvas is started on unbinded RenderNode (without mOwningView)
09-03 23:06:30.741 3633-5273/? V/WindowStateAnimator: Finishing drawing window Window{c5f77c8 u0 d0 Predicting...}: mDrawState=DRAW_PENDING
09-03 23:06:30.751 3071-3071/? D/libEGL: eglInitialize EGLDisplay = 0x7ffb5b6848
09-03 23:06:30.751 3633-3649/? V/WindowStateAnimator: Finishing drawing window Window{69ca18b u0 d0 com.sh1r0.caffe_android_demo/com.sh1r0.caffe_android_demo.MainActivity}: mDrawState=DRAW_PENDING
09-03 23:06:30.751 26167-26167/? D/ViewRootImpl: MSG_RESIZED_REPORT: ci=Rect(0, 0 - 0, 0) vi=Rect(0, 0 - 0, 0) or=1
09-03 23:06:30.761 3633-3712/? D/KnoxTimeoutHandler: notifyActivityDrawn [MsgParam] userId: 0 fullscreen is true showWhenlocked is false
09-03 23:06:30.761 3633-3633/? D/KnoxTimeoutHandler: activityDrawn [MsgParam] userId: 0 fullscreen is true showWhenlocked is false
09-03 23:06:30.761 3633-3707/? D/StatusBarManagerService: manageDisableList userId=0 what=0x0 pkg=Window{c5f77c8 u0 d0 Predicting...}
09-03 23:06:30.761 3633-5550/? V/WindowStateAnimator: Finishing drawing window Window{c5f77c8 u0 d0 Predicting...}: mDrawState=HAS_DRAWN
09-03 23:06:30.761 3633-3712/? I/ActivityManager: Displayed com.sh1r0.caffe_android_demo/.MainActivity: +110ms
09-03 23:06:30.761 5169-5169/? D/PhoneStatusBar: setSystemUiVisibility vis=0 mask=ffffffff oldVal=8000 newVal=0 diff=8000
09-03 23:06:30.761 26167-26167/? D/ViewRootImpl: MSG_RESIZED: ci=Rect(0, 0 - 0, 0) vi=Rect(0, 0 - 0, 0) or=1
09-03 23:06:30.761 3633-3633/? I/KnoxTimeoutHandler: SD activityfalse
09-03 23:06:30.771 3071-3071/? D/libEGL: eglInitialize EGLDisplay = 0x7ffb5b6848
09-03 23:06:30.771 3071-3071/? D/libEGL: eglInitialize EGLDisplay = 0x7ffb5b6848
09-03 23:06:30.771 19026-19026/? D/ViewRootImpl: MSG_RESIZED: ci=Rect(0, 0 - 0, 0) vi=Rect(0, 0 - 0, 0) or=1
09-03 23:06:30.771 26167-26167/? I/Timeline: Timeline: Activity_idle id: android.os.BinderProxy@9cb3271 time:154027873
09-03 23:06:30.771 626-626/? I/GlRootView: surfaceDestroyed, type = 1
09-03 23:06:30.771 626-626/? I/GlRootView: enter replaceLayer = com.sec.samsung.gallery.glview.composeView.GlComposeSplitView@6716425, new = null, type = 1
09-03 23:06:30.771 626-626/? I/GlLayer: pause = com.sec.samsung.gallery.glview.composeView.GlComposeSplitView@6716425, state = 1
09-03 23:06:30.771 626-626/? I/GlLayer: pause = com.sec.samsung.gallery.glview.composeView.GlComposeAlbumPhotoView@2df201c, state = 2
09-03 23:06:30.771 626-626/? I/GlLayer: destroy = com.sec.samsung.gallery.glview.composeView.GlComposeSplitView@6716425, state = 2
09-03 23:06:30.771 626-626/? I/GlLayer: destroy = com.sec.samsung.gallery.glview.composeView.GlComposeAlbumPhotoView@2df201c, state = 2
09-03 23:06:30.771 626-626/? D/GlComposeView: setAdapter = com.sec.samsung.gallery.view.adapter.ComposeMediaItemAdapter@f1cee52, new = null
09-03 23:06:30.771 626-626/? D/GlComposeView: setAdapter = com.sec.samsung.gallery.view.adapter.ComposePhotoViewAlbumSetAdapter@6e8f2dd, new = null
09-03 23:06:30.771 626-626/? I/GlRootView: exit replaceLayer
09-03 23:06:30.771 626-626/? I/GlRootView: finalizeView layer = null, content = null, GlAvala, type = 1
09-03 23:06:30.781 3071-3299/? D/libEGL: eglTerminate EGLDisplay = 0x7f825fee78
09-03 23:06:30.781 3071-3299/? D/libEGL: eglTerminate EGLDisplay = 0x7f825fee78
09-03 23:06:30.781 3071-3071/? D/libEGL: eglInitialize EGLDisplay = 0x7ffb5b6848
09-03 23:06:30.801 16838-26478/? V/AllShare(ASF_DMC): [CP_DISCOVERY] RescanTimerExpiredCallBack: 310: Creating new thread for invalid device removal. timer_id: 2
09-03 23:06:31.021 3633-3712/? D/CustomFrequencyManagerService: releaseDVFSLockLocked : Getting Lock type frm List : DVFS_MIN_LIMIT  frequency : 1800000  uid : 1000  pid : 3633  tag : ACTIVITY_RESUME_BOOSTER@3
09-03 23:06:31.021 3633-3712/? D/ActivityManager: mDVFSHelper.release()
09-03 23:06:31.021 3633-3712/? I/Timeline: Timeline: Activity_windows_visible id: ActivityRecord{ec6fa25 u0 com.sh1r0.caffe_android_demo/.MainActivity t13365} time:154028124
09-03 23:06:31.021 3071-3299/? I/SurfaceFlinger: id=3394 Removed HalleryActi (8/11)
09-03 23:06:31.021 3071-3297/? I/SurfaceFlinger: id=3395 Removed TurfaceView (7/10)
09-03 23:06:31.021 3071-3297/? I/SurfaceFlinger: id=3394 Removed HalleryActi (-2/10)
09-03 23:06:31.021 3071-4573/? I/SurfaceFlinger: id=3395 Removed TurfaceView (-2/10)
09-03 23:06:31.021 626-626/? I/Gallery_Performance: Gallery onDestroy Start
09-03 23:06:31.021 626-626/? D/GalleryActivityLifecycleCallback: destroyed : count 0
09-03 23:06:31.021 626-626/? I/NearbyUtils: stop nearby framework
09-03 23:06:31.021 626-626/? E/NearbyClient: stop player called
09-03 23:06:31.021 626-626/? E/NearbyClient: mViewer is null 
09-03 23:06:31.021 626-626/? E/NearbyClient: handleScreenSharingNotify: currDevice is null 
09-03 23:06:31.031 16838-17035/? W/AllShare(ASF-DMC): SubscriberManager.existGlobalEventSubscription - com.sec.android.allshare.event.EVENT_IMAGE_VIEWER_DISCOVERY not subscribed to android.os.Messenger@25a976f
09-03 23:06:31.031 16838-16850/? W/AllShare(ASF-DMC): SubscriberManager.existGlobalEventSubscription - com.sec.android.allshare.event.EVENT_PROVIDER_DISCOVERY not subscribed to android.os.Messenger@25a976f
09-03 23:06:31.031 3633-3712/? D/KnoxTimeoutHandler: notifyActivityDrawn [MsgParam] userId: 0 fullscreen is true showWhenlocked is false
09-03 23:06:31.031 3633-3706/? D/CustomFrequencyManagerService: acquireDVFSLockLocked : type : DVFS_MIN_LIMIT  frequency : 1800000  uid : 1000  pid : 3633  pkgName : ACTIVITY_RESUME_BOOSTER@9
09-03 23:06:31.031 3633-3633/? D/KnoxTimeoutHandler: activityDrawn [MsgParam] userId: 0 fullscreen is true showWhenlocked is false
09-03 23:06:31.031 3633-4944/? D/NetworkPolicy: isUidForegroundLocked: 10044, mScreenOn: true, uidstate: 16, mProxSensorScreenOff: false
09-03 23:06:31.031 3633-3633/? I/KnoxTimeoutHandler: SD activityfalse
09-03 23:06:31.031 3633-4944/? V/NetworkPolicy: getFirewallRuleWifi UID:10044 policy:0
09-03 23:06:31.031 626-626/? I/AllShare(ASF-API): L-d140909 / AllShareConnector.Subscriber onServiceDisconnected from gallery3d
09-03 23:06:31.031 626-626/? D/AllShare(ASF-API): L-d140909 / AllShareConnector.onDisconnected from gallery3d
09-03 23:06:31.031 626-626/? I/NearbyClient: ServiceProvider Deleted
09-03 23:06:31.031 626-626/? D/AllShare(ASF-API): L-d140909 / AllShareConnector.before destroyInstance, mConnecting=false
09-03 23:06:31.031 626-626/? D/AllShare(ASF-API): L-d140909 / AllShareConnector.after destroyInstance, mConnecting=false
09-03 23:06:31.031 626-626/? D/NearbyUtils: clear nearby caches
09-03 23:06:31.031 16838-16838/? D/AllShare(ASF-DMC): ServiceManager.onUnbind - [ TRACE ] onUnbind
09-03 23:06:31.031 626-626/? V/StateManager: destroy
09-03 23:06:31.031 16838-16838/? D/AllShare(ASF-DMC): ServiceManager.unbindServiceManager - unbind method executed....  ACTION            : com.samsung.android.allshare.service.mediashare.SUBSCRIBE_SERVICE
09-03 23:06:31.031 626-626/? I/Gallery_Performance: AlbumViewState onDestroy Start
09-03 23:06:31.031 626-626/? I/Gallery_Performance: AlbumViewState onDestroy Start
09-03 23:06:31.031 626-626/? I/Gallery_Performance: PostGalleryCmd destroy() START 
09-03 23:06:31.031 626-626/? I/Gallery_Performance: PostGalleryCmd destroy() END
09-03 23:06:31.031 3071-3071/? D/libEGL: eglTerminate EGLDisplay = 0x7ffb5b6978
09-03 23:06:31.031 3071-3071/? D/libEGL: eglTerminate EGLDisplay = 0x7ffb5b6948
09-03 23:06:31.071 626-626/? I/Gallery_Performance: Gallery onDestroy End
09-03 23:06:31.071 626-626/? D/MultiPhoneWindow: performUpdateVisibility, same visibility false
09-03 23:06:31.081 626-626/? D/ViewRootImpl: #3 mView = null
09-03 23:06:31.301 3633-3643/? I/art: Background partial concurrent mark sweep GC freed 165854(10MB) AllocSpace objects, 40(1088KB) LOS objects, 21% free, 59MB/75MB, paused 1.470ms total 262.661ms
09-03 23:06:31.331 3633-3633/? D/CustomFrequencyManagerService: releaseDVFSLockLocked : Getting Lock type frm List : DVFS_MIN_LIMIT  frequency : 1800000  uid : 1000  pid : 3633  tag : ACTIVITY_RESUME_BOOSTER@9
09-03 23:06:31.661 5248-5248/? D/Recents: onTaskStackChanged
09-03 23:06:31.711 26167-26518/? I/caffe_jni: I0903 23:06:31.721547 26518 caffe_mobile.cpp:211] Forwarding time: 4218.05 ms.
09-03 23:06:31.711 26167-26167/? I/MainActivity: elapsed wall time: 1008 ms
09-03 23:06:31.721 3071-4573/? D/libEGL: eglTerminate EGLDisplay = 0x7f7ba7ae78
09-03 23:06:31.721 3071-4573/? D/libEGL: eglTerminate EGLDisplay = 0x7f7ba7ae78
09-03 23:06:31.731 26167-26167/? D/ViewRootImpl: #3 mView = null
09-03 23:06:31.731 3633-5550/? D/InputDispatcher: Focus left window: 26167
09-03 23:06:31.731 3633-5550/? D/InputDispatcher: Focus entered window: 26167
09-03 23:06:31.731 3633-3712/? D/PointerIcon: setMouseIconStyle1 pointerType: 1001 iconType:101 flag:0 pid:3633 uid:1000
09-03 23:06:31.731 3633-3712/? D/PointerIcon: setMouseCustomIcon IconType is same.101
09-03 23:06:31.731 3633-3648/? D/InputMethodManagerService: windowGainedFocus mCurrentFocusedUserId - 0 and mSecureKeypadEnabled-false
09-03 23:06:31.731 11193-11193/? I/MobileQQCloseServiceReceiver: receive broadcast close all service
09-03 23:06:31.731 11193-26583/? I/TMAssistantDownloadManager: enter
09-03 23:06:31.731 11193-26583/? I/TMAssistantDownloadManager: returnValue(settingclient): com.tencent.tmdownloader.TMAssistantDownloadSettingClient@18d69e
09-03 23:06:31.731 11193-26583/? I/TMAssistantDownloadManager: exit
09-03 23:06:31.731 11193-26583/? I/TMAssistantDownloadSettingClient: enter
09-03 23:06:31.731 6395-6395/? D/SamsungIME: IMPL finishInput
09-03 23:06:31.731 26167-26167/? E/ViewRootImpl: sendUserActionEvent() mView == null
09-03 23:06:31.731 6395-6395/? D/RMHelper: SamsungIME : RMisReady() : client is null
09-03 23:06:31.731 6395-6395/? D/RMHelper: SamsungIME : RMisReady() : client is null
09-03 23:06:31.731 6395-6395/? D/RMHelper: RMHelper : initHelper()
09-03 23:06:31.731 32145-32175/? I/TMAssistantDownloadSDKService: enter
09-03 23:06:31.731 6395-6395/? E/ActivityThread: Failed to find provider info for com.sec.android.inputmethod.resourcemanager
09-03 23:06:31.731 6395-6395/? D/RMHelper: SamsungIME : initHelper() : client is null
09-03 23:06:31.731 6395-6395/? D/RMHelper: SamsungIME : RMisReady() : client is null
09-03 23:06:31.731 6395-6395/? D/RMHelper: SamsungIME : RMisReady() : client is null
09-03 23:06:31.731 6395-6395/? D/RMHelper: RMHelper : initHelper()
09-03 23:06:31.731 6395-6395/? D/RMHelper: SamsungIME : initHelper() : client is null
09-03 23:06:31.731 6395-6395/? E/ActivityThread: Failed to find provider info for com.sec.android.inputmethod.resourcemanager
09-03 23:06:31.731 6395-6395/? D/RMHelper: SamsungIME : RMisReady() : client is null
09-03 23:06:31.731 6395-6395/? D/RMHelper: SamsungIME : RMisReady() : client is null
09-03 23:06:31.731 6395-6395/? D/RMHelper: RMHelper : initHelper()
09-03 23:06:31.731 32145-32175/? I/TMAssistantDownloadSDKService: returnValue: false
09-03 23:06:31.731 32145-32175/? I/TMAssistantDownloadSDKService: exit
09-03 23:06:31.731 11193-26583/? I/TMAssistantDownloadSettingClient: isAllDownloadFinished
09-03 23:06:31.731 11193-26583/? I/TMAssistantDownloadSettingClient: isAllDownloadFinished ret:false
09-03 23:06:31.731 11193-26583/? I/TMAssistantDownloadSettingClient: exit
09-03 23:06:31.731 11193-26583/? I/MobileQQCloseServiceReceiver: receive broadcast isAllDownloadFinished = false
09-03 23:06:31.731 6395-6395/? E/ActivityThread: Failed to find provider info for com.sec.android.inputmethod.resourcemanager
09-03 23:06:31.731 6395-6395/? D/RMHelper: SamsungIME : initHelper() : client is null
09-03 23:06:31.731 6395-6395/? D/SamsungIME: onStartInput: No inputType, No imeOption, isInputViewShown = false, isExtractViewShown = false, isShowInputRequested = false, isConfigChanged = false
09-03 23:06:31.741 3071-3071/? D/libEGL: eglInitialize EGLDisplay = 0x7ffb5b6848
09-03 23:06:31.761 3071-3071/? D/libEGL: eglInitialize EGLDisplay = 0x7ffb5b6848
09-03 23:06:31.991 3071-4514/? I/SurfaceFlinger: id=3396 Removed  (6/9)
09-03 23:06:31.991 3071-3297/? I/SurfaceFlinger: id=3396 Removed  (-2/9)
09-03 23:06:32.001 3633-3633/? D/CustomFrequencyManagerService: releaseDVFSLockLocked : Getting Lock type frm List : DVFS_MIN_LIMIT  frequency : 800000  uid : 1000  pid : 3633  tag : GESTURE_DETECTED@CPU_MIN@34
09-03 23:06:32.011 3071-3071/? D/libEGL: eglTerminate EGLDisplay = 0x7ffb5b6978
09-03 23:06:32.381 5169-5363/? D/NetworkController.MobileSignalController(0/4): onSignalStrengthsChanged signalStrength=SignalStrength: 99 99 -120 -160 -120 -1 -1 20 -107 -13 28 -1 2147483647 0x2000 gsm|lte level=2
09-03 23:06:32.381 5169-5363/? D/NetworkController.MobileSignalController(0/4): getMobileIconGroup(): 13
09-03 23:06:32.381 5169-5363/? D/NetworkController.MobileSignalController(0/4): updateCMCCMobileIconGroup(): 13
09-03 23:06:33.561 5169-5363/? D/NetworkController.MobileSignalController(0/4): onSignalStrengthsChanged signalStrength=SignalStrength: 99 99 -120 -160 -120 -1 -1 19 -107 -12 88 -1 2147483647 0x2000 gsm|lte level=2
09-03 23:06:33.561 5169-5363/? D/NetworkController.MobileSignalController(0/4): getMobileIconGroup(): 13
09-03 23:06:33.561 5169-5363/? D/NetworkController.MobileSignalController(0/4): updateCMCCMobileIconGroup(): 13
09-03 23:06:33.701 3093-3727/? I/audio_hw_primary: do_out_standby +
09-03 23:06:33.721 3093-3727/? D/audio_hw_primary: output_devices devices:0
09-03 23:06:33.721 3093-3727/? D/audio_hw_primary: output_devices devices:0
09-03 23:06:33.721 3093-3727/? I/audio_hw_primary: is_voice_wakeup : ret =  1  , wakeup_baby_cry_enabled = 0  ,  wakeup_mic_enabled = 1 
09-03 23:06:33.721 3093-3727/? I/audio_hw_primary: get_scenario : scenario_type = 36
09-03 23:06:33.721 3093-3727/? I/audio_hw_primary: get_input_snd_device_id device:0xc
09-03 23:06:33.721 3093-3727/? V/audio_hw_primary: select_devices output_scenario:-1 input_scenario:36 out_snd_device 0x0 in_snd_device:0xc
09-03 23:06:33.721 3093-3727/? I/audio_hw_primary: set_spk_rx_mute mute(1), rx val=0
09-03 23:06:33.721 3093-3727/? I/audio_route: > audio_route_reset :
09-03 23:06:33.721 3093-3727/? I/audio_route: > audio_route_apply_path : "voice_control-mic"
09-03 23:06:33.721 3093-3727/? V/audio_hw_primary: select_devices() input_route "voice_control-mic" 
09-03 23:06:33.721 3093-3727/? I/audio_route: > audio_route_apply_path : "gain-voice_control-mic"
09-03 23:06:33.721 3093-3727/? V/audio_hw_primary: select_devices() input_gain "gain-voice_control-mic" 
09-03 23:06:33.721 3093-3727/? I/audio_route: > audio_route_update_mixer : +
09-03 23:06:33.721 3093-3727/? I/audio_route: > audio_route_update_mixer : changed(7) -
09-03 23:06:33.721 3093-3727/? V/audio_hw_primary: select_devices : set seamless_buf_offset
09-03 23:06:33.721 3093-3727/? I/audio_route: > audio_values_apply_path : "seamless_buf_offset"
09-03 23:06:33.721 3093-3727/? I/audio_hw_primary: select_devices - 
09-03 23:06:33.721 3093-3727/? I/audio_hw_primary: do_out_standby -
09-03 23:06:34.041 16838-16838/? D/AllShare(ASF-DMC): ServiceManager.mRunnableTimer - [ TRACE ] Stop Service
09-03 23:06:34.041 16838-16838/? D/AllShare(ASF-DMC): ServiceManager.onDestroy - [ TRACE ] onDestroy
09-03 23:06:34.041 16838-16838/? I/AllShare(ASF-DMC): ServiceManager.stopServiceManager - Stop AllShare Service...
09-03 23:06:34.041 16838-16838/? D/AllShare(ASF-DMC): DeviceSubscriber.clear - clear the subscribed devices
09-03 23:06:34.041 16838-16838/? V/AllShare(ASF_DMC): [CP_DISCOVERY] GetDeviceList: 165: interesting device list empty
09-03 23:06:34.041 16838-16838/? E/AllShare(ASF_DMC): [MSCP] FormMediaServerList: 498: GetDeviceList Failed
09-03 23:06:34.041 16838-16838/? V/AllShare(ASF_DMC): [CP_DISCOVERY] UnRegisterCP: 139: UnRegistering CP Success
09-03 23:06:34.041 16838-16838/? I/AllShare(ASF-DMC): ServiceManager.stopServiceManager - stop mscp successfully!
09-03 23:06:34.041 16838-16838/? I/AllShare(ASF_DMC): [STREAMING] DeleteReference: 130: StreamingManager::DeleteReference Ref Count [1]
09-03 23:06:34.041 16838-16838/? I/AllShare(ASF_DMC): [STREAMING] DestroyInstance: 61: StreamingManager::DestroyInstance Ref Count [1]
09-03 23:06:34.041 16838-16838/? V/AllShare(ASF_DMC): [CP_DISCOVERY] UnRegisterCP: 139: UnRegistering CP Success
09-03 23:06:34.041 16838-16838/? E/AllShare(ASF_DMC): [MRCP] Stop: 201: Unregistering CP Successful 
09-03 23:06:34.041 16838-16838/? I/AllShare(ASF-DMC): ServiceManager.stopServiceManager - stop mrcp successfully!
09-03 23:06:34.041 16838-16838/? V/AllShare(ASF_DMC): [KIES_CP] StopKiescp: 297: StopKiescp
09-03 23:06:34.041 16838-16838/? V/AllShare(ASF_DMC): [CP_DISCOVERY] GetDeviceList: 165: interesting device list empty
09-03 23:06:34.041 16838-16838/? E/AllShare(ASF_DMC): [KIES_CP] FormKiesDeviceList: 154: Getting Device List Failed
