09-03 23:06:41.001 3093-3749/? I/APM::AudioPolicyManager: getSituationVolume: isBTConnected:0 isHeadConnected:0
09-03 23:06:41.011 3093-3093/? W/AudioPolicyIntefaceImpl: Skipped to add effects on session 1163
09-03 23:06:41.011 3093-3093/? I/APM::AudioPolicyManager: startOutput() output 4, stream 1, session 1163
09-03 23:06:41.011 3633-5254/? D/InputDispatcher: Focused application set to: xxxx
09-03 23:06:41.011 626-626/? I/Gallery_Performance: Gallery onPause Start
09-03 23:06:41.011 3633-5617/? D/CustomFrequencyManagerService: releaseDVFSLockLocked : Getting Lock type frm List : DVFS_MIN_LIMIT  frequency : 800000  uid : 1000  pid : 3633  tag : GALLERY_LIST_SCROLL@423
09-03 23:06:41.011 626-26547/? D/CpuBoostScrollCmd: Scroll Boost Release
09-03 23:06:41.011 3071-3299/? D/libEGL: eglTerminate EGLDisplay = 0x7f825fee78
09-03 23:06:41.011 3071-3299/? D/libEGL: eglTerminate EGLDisplay = 0x7f825fee78
09-03 23:06:41.021 3093-3727/? D/audio_hw_primary: out_set_parameters: enter: kvpairs: routing=2
09-03 23:06:41.021 3093-3727/? D/AudioFlinger: setCurDevice() 0x2
09-03 23:06:41.021 626-26538/? D/libEGL: eglTerminate EGLDisplay = 0x7f8747ee28
09-03 23:06:41.021 626-626/? D/GlRootView: onPause mGlActive = true
09-03 23:06:41.021 626-626/? I/GlLayer: pause = com.sec.samsung.gallery.glview.composeView.GlComposeAlbumPhotoView@9b8f0d, state = 1
09-03 23:06:41.021 626-626/? I/Gallery_Performance: PostGalleryCmd pause() START 
09-03 23:06:41.021 626-626/? I/Gallery_Performance: PostGalleryCmd pause() END
09-03 23:06:41.021 626-626/? I/Gallery_Performance: Gallery onPause End
09-03 23:06:41.021 3633-5548/? D/CustomFrequencyManagerService: acquireDVFSLockLocked : type : DVFS_MIN_LIMIT  frequency : 1800000  uid : 1000  pid : 3633  pkgName : ACTIVITY_RESUME_BOOSTER@3
09-03 23:06:41.031 3093-3727/? V/audio_hw_primary: start_output_stream+, out->device : 00000002 , out->type = 1
09-03 23:06:41.031 3633-5548/? D/ActivityManager: mDVFSHelper.acquire()
09-03 23:06:41.031 3633-5548/? D/ActivityManager:  Launching com.sh1r0.caffe_android_demo, updated priority
09-03 23:06:41.031 3093-3727/? D/audio_hw_primary: start_output_stream (0xedba4000) out->pcm_device:6 out->config.rate:48000 out->config.format:0 out->period_size:240
09-03 23:06:41.031 3093-3727/? D/audio_hw_primary: start_output_stream (0xedba4000) out->config.rate:48000 out->config.format:0 out->period_size:240
09-03 23:06:41.031 3093-3727/? I/audio_hw_primary: is_voice_wakeup : ret =  1  , wakeup_baby_cry_enabled = 0  ,  wakeup_mic_enabled = 1 
09-03 23:06:41.031 3093-3727/? I/audio_hw_primary: get_scenario : scenario_type = 36
09-03 23:06:41.031 3093-3727/? I/audio_hw_primary: get_input_snd_device_id device:0xc
09-03 23:06:41.031 3093-3727/? V/audio_hw_primary: select_devices output_scenario:0 input_scenario:36 out_snd_device 0x2 in_snd_device:0xc
09-03 23:06:41.031 3093-3727/? I/audio_route: > audio_route_reset :
09-03 23:06:41.031 3093-3727/? I/audio_route: > audio_route_apply_path : "voice_control-mic"
09-03 23:06:41.031 3093-3727/? V/audio_hw_primary: select_devices() input_route "voice_control-mic" 
09-03 23:06:41.031 3093-3727/? I/audio_route: > audio_route_apply_path : "media-speaker"
09-03 23:06:41.031 3633-3633/? D/GameManagerService: NotifyRunnable. pkg: com.sh1r0.caffe_android_demo, type: 4, isMinimized: false, isTunableApp: false
09-03 23:06:41.041 3633-3707/? W/ContextImpl: Calling a method in the system process without a qualified user: android.app.ContextImpl.sendBroadcast:830 com.android.server.policy.PhoneWindowManager.notifyToSSRM:8645 com.android.server.policy.PhoneWindowManager.access$1500:307 com.android.server.policy.PhoneWindowManager$PolicyHandler.handleMessage:1206 android.os.Handler.dispatchMessage:102 
09-03 23:06:41.041 3633-5549/? D/InputDispatcher: Focus left window: 626
09-03 23:06:41.041 3633-3712/? D/PointerIcon: setMouseIconStyle1 pointerType: 1001 iconType:101 flag:0 pid:3633 uid:1000
09-03 23:06:41.041 3633-3712/? D/PointerIcon: setMouseCustomIcon IconType is same.101
09-03 23:06:41.061 26167-26167/? D/MainActivity: /storage/emulated/0/DCIM/Camera/test/Bus/305.jpg
09-03 23:06:41.061 26167-26167/? D/MainActivity: 256
09-03 23:06:41.061 26167-26167/? D/MainActivity: 384
09-03 23:06:41.071 26167-26167/? D/ViewRootImpl: #1 mView = com.android.internal.policy.PhoneWindow$DecorView{ea16420 V.E...... R.....I. 0,0-0,0}
09-03 23:06:41.071 3633-3648/? D/ISSUE_DEBUG: InputChannelName : 891c7b8 Predicting...
09-03 23:06:41.071 3633-3707/? D/StatusBarManagerService: manageDisableList userId=0 what=0x0 pkg=Window{891c7b8 u0 d0 Predicting...}
09-03 23:06:41.071 3633-3648/? D/InputDispatcher: Focus entered window: 26167
09-03 23:06:41.071 5169-5169/? D/PhoneStatusBar: setSystemUiVisibility vis=8000 mask=ffffffff oldVal=8600 newVal=8000 diff=600
09-03 23:06:41.071 3633-3712/? D/PointerIcon: setMouseIconStyle1 pointerType: 1001 iconType:101 flag:0 pid:3633 uid:1000
09-03 23:06:41.071 3633-3712/? D/PointerIcon: setMouseCustomIcon IconType is same.101
09-03 23:06:41.071 3633-5273/? D/ActivityManager: post active user change for 0 fullscreen true isFloatingActivity() false isHomeActivity() false
09-03 23:06:41.071 3633-5273/? D/KnoxTimeoutHandler: postActiveUserChange [MsgParam] userId: 0 fullscreen is true showWhenlocked is false
09-03 23:06:41.071 3633-3633/? D/KnoxTimeoutHandler: handleActiveUserChange [MsgParam] userId: 0 fullscreen is true showWhenlocked is false
09-03 23:06:41.081 3633-7848/? D/ConnectivityService: returning getNetworkInfo for network type 1 : [type: WIFI[] - WIFI, state: CONNECTED/CONNECTED, reason: (unspecified), extra: "HOME-E0A8", roaming: false, failover: false, isAvailable: true]
09-03 23:06:41.091 3093-3727/? V/audio_hw_primary: select_devices() output_route "media-speaker" 
09-03 23:06:41.091 3093-3727/? I/audio_route: > audio_route_apply_path : "gain-voice_control-mic"
09-03 23:06:41.091 3633-3633/? I/KnoxTimeoutHandler: Shared devices show user statefalse
09-03 23:06:41.091 3093-3727/? V/audio_hw_primary: select_devices() input_gain "gain-voice_control-mic" 
09-03 23:06:41.091 3093-3727/? I/audio_route: > audio_route_apply_path : "gain-media-speaker"
09-03 23:06:41.091 3093-3727/? V/audio_hw_primary: select_devices() output_gain "gain-media-speaker" 
09-03 23:06:41.091 3093-3727/? I/audio_route: > audio_route_update_mixer : +
09-03 23:06:41.091 3093-3727/? I/audio_route: > audio_route_update_mixer : changed(0) -
09-03 23:06:41.091 3093-3727/? V/audio_hw_primary: select_devices : set seamless_buf_offset
09-03 23:06:41.091 3093-3727/? I/audio_route: > audio_values_apply_path : "seamless_buf_offset"
09-03 23:06:41.091 3093-3727/? I/audio_hw_primary: select_devices - 
09-03 23:06:41.091 3093-3727/? V/audio_hw_primary: start_output_stream-
09-03 23:06:41.101 3071-3071/? I/SurfaceFlinger: id=3400 createSurf (1x1),1 flag=4, 
09-03 23:06:41.111 26167-26189/? D/mali_winsys: new_window_surface returns 0x3000,  [1336x648]-format:1
09-03 23:06:41.111 3071-3071/? I/SurfaceFlinger: id=3401 createSurf (1440x2560),1 flag=404, NainActivit
09-03 23:06:41.121 26167-26189/? D/mali_winsys: new_window_surface returns 0x3000,  [1440x2560]-format:1
09-03 23:06:41.131 3093-3727/? D/AudioFlinger: mixer(0xede40000) throttle end: throttle time(10)
09-03 23:06:41.141 26167-26167/? W/ActivityThread: AppLock checkAppLockState isAppLocked = false pkgName = com.sh1r0.caffe_android_demo showWhenLocked = false
09-03 23:06:41.141 26167-26167/? D/ViewRootImpl: MSG_RESIZED_REPORT: ci=Rect(0, 0 - 0, 0) vi=Rect(0, 0 - 0, 0) or=1
09-03 23:06:41.141 26167-26167/? W/DisplayListCanvas: DisplayListCanvas is started on unbinded RenderNode (without mOwningView)
09-03 23:06:41.161 3633-3648/? V/WindowStateAnimator: Finishing drawing window Window{891c7b8 u0 d0 Predicting...}: mDrawState=DRAW_PENDING
09-03 23:06:41.161 3071-3071/? D/libEGL: eglInitialize EGLDisplay = 0x7ffb5b6848
09-03 23:06:41.171 3633-4604/? V/WindowStateAnimator: Finishing drawing window Window{69ca18b u0 d0 com.sh1r0.caffe_android_demo/com.sh1r0.caffe_android_demo.MainActivity}: mDrawState=DRAW_PENDING
09-03 23:06:41.171 26167-26167/? I/Timeline: Timeline: Activity_idle id: android.os.BinderProxy@9cb3271 time:154038278
09-03 23:06:41.171 3071-3071/? D/libEGL: eglInitialize EGLDisplay = 0x7ffb5b6848
09-03 23:06:41.181 26167-26167/? D/ViewRootImpl: MSG_RESIZED: ci=Rect(0, 0 - 0, 0) vi=Rect(0, 0 - 0, 0) or=1
09-03 23:06:41.181 3633-3707/? D/StatusBarManagerService: manageDisableList userId=0 what=0x0 pkg=Window{891c7b8 u0 d0 Predicting...}
09-03 23:06:41.181 5169-5169/? D/PhoneStatusBar: setSystemUiVisibility vis=0 mask=ffffffff oldVal=8000 newVal=0 diff=8000
09-03 23:06:41.181 3633-3712/? D/KnoxTimeoutHandler: notifyActivityDrawn [MsgParam] userId: 0 fullscreen is true showWhenlocked is false
09-03 23:06:41.181 3633-3633/? D/KnoxTimeoutHandler: activityDrawn [MsgParam] userId: 0 fullscreen is true showWhenlocked is false
09-03 23:06:41.181 3633-3712/? I/ActivityManager: Displayed com.sh1r0.caffe_android_demo/.MainActivity: +156ms
09-03 23:06:41.191 3633-3633/? I/KnoxTimeoutHandler: SD activityfalse
09-03 23:06:41.191 3093-3624/? I/APM::AudioPolicyManager: stopOutput() output 4, stream 1, session 1163
09-03 23:06:41.191 3071-3071/? D/libEGL: eglInitialize EGLDisplay = 0x7ffb5b6848
09-03 23:06:41.201 626-626/? I/GlRootView: surfaceDestroyed, type = 1
09-03 23:06:41.201 626-626/? I/GlRootView: enter replaceLayer = com.sec.samsung.gallery.glview.composeView.GlComposeSplitView@8e00ec2, new = null, type = 1
09-03 23:06:41.201 626-626/? I/GlLayer: pause = com.sec.samsung.gallery.glview.composeView.GlComposeSplitView@8e00ec2, state = 1
09-03 23:06:41.201 626-626/? I/GlLayer: pause = com.sec.samsung.gallery.glview.composeView.GlComposeAlbumPhotoView@9b8f0d, state = 2
09-03 23:06:41.201 626-626/? I/GlLayer: destroy = com.sec.samsung.gallery.glview.composeView.GlComposeSplitView@8e00ec2, state = 2
09-03 23:06:41.201 626-626/? I/GlLayer: destroy = com.sec.samsung.gallery.glview.composeView.GlComposeAlbumPhotoView@9b8f0d, state = 2
09-03 23:06:41.201 626-626/? D/GlComposeView: setAdapter = com.sec.samsung.gallery.view.adapter.ComposeMediaItemAdapter@b0ccb4b, new = null
09-03 23:06:41.201 626-626/? D/GlComposeView: setAdapter = com.sec.samsung.gallery.view.adapter.ComposePhotoViewAlbumSetAdapter@40092c5, new = null
09-03 23:06:41.201 626-626/? I/GlRootView: exit replaceLayer
09-03 23:06:41.201 626-626/? I/GlRootView: finalizeView layer = null, content = null, GlAvala, type = 1
09-03 23:06:41.211 19026-19026/? D/ViewRootImpl: MSG_RESIZED: ci=Rect(0, 0 - 0, 0) vi=Rect(0, 0 - 0, 0) or=1
09-03 23:06:41.211 3071-3071/? D/libEGL: eglInitialize EGLDisplay = 0x7ffb5b6848
09-03 23:06:41.211 3071-3299/? D/libEGL: eglTerminate EGLDisplay = 0x7f825fee78
09-03 23:06:41.211 3071-3299/? D/libEGL: eglTerminate EGLDisplay = 0x7f825fee78
09-03 23:06:41.431 3633-3712/? D/CustomFrequencyManagerService: releaseDVFSLockLocked : Getting Lock type frm List : DVFS_MIN_LIMIT  frequency : 1800000  uid : 1000  pid : 3633  tag : ACTIVITY_RESUME_BOOSTER@3
09-03 23:06:41.431 3633-3712/? D/ActivityManager: mDVFSHelper.release()
09-03 23:06:41.431 3633-3712/? I/Timeline: Timeline: Activity_windows_visible id: ActivityRecord{ec6fa25 u0 com.sh1r0.caffe_android_demo/.MainActivity t13365} time:154038532
09-03 23:06:41.431 3071-4514/? I/SurfaceFlinger: id=3398 Removed HalleryActi (8/11)
09-03 23:06:41.431 3071-4514/? I/SurfaceFlinger: id=3398 Removed HalleryActi (-2/11)
09-03 23:06:41.431 3071-4514/? I/SurfaceFlinger: id=3399 Removed TurfaceView (7/10)
09-03 23:06:41.431 3071-4514/? I/SurfaceFlinger: id=3399 Removed TurfaceView (-2/10)
09-03 23:06:41.441 626-626/? I/Gallery_Performance: Gallery onDestroy Start
09-03 23:06:41.441 626-626/? D/GalleryActivityLifecycleCallback: destroyed : count 0
09-03 23:06:41.441 626-626/? I/NearbyUtils: stop nearby framework
09-03 23:06:41.441 626-626/? E/NearbyClient: stop player called
09-03 23:06:41.441 626-626/? E/NearbyClient: mViewer is null 
09-03 23:06:41.441 626-626/? E/NearbyClient: handleScreenSharingNotify: currDevice is null 
09-03 23:06:41.441 16838-16850/? W/AllShare(ASF-DMC): SubscriberManager.existGlobalEventSubscription - com.sec.android.allshare.event.EVENT_IMAGE_VIEWER_DISCOVERY not subscribed to android.os.Messenger@6172081
09-03 23:06:41.441 16838-16851/? W/AllShare(ASF-DMC): SubscriberManager.existGlobalEventSubscription - com.sec.android.allshare.event.EVENT_PROVIDER_DISCOVERY not subscribed to android.os.Messenger@6172081
09-03 23:06:41.441 3633-3712/? D/KnoxTimeoutHandler: notifyActivityDrawn [MsgParam] userId: 0 fullscreen is true showWhenlocked is false
09-03 23:06:41.441 3633-3706/? D/CustomFrequencyManagerService: acquireDVFSLockLocked : type : DVFS_MIN_LIMIT  frequency : 1800000  uid : 1000  pid : 3633  pkgName : ACTIVITY_RESUME_BOOSTER@9
09-03 23:06:41.441 3633-3633/? D/KnoxTimeoutHandler: activityDrawn [MsgParam] userId: 0 fullscreen is true showWhenlocked is false
09-03 23:06:41.441 3633-4944/? D/NetworkPolicy: isUidForegroundLocked: 10044, mScreenOn: true, uidstate: 16, mProxSensorScreenOff: false
09-03 23:06:41.441 3633-4944/? V/NetworkPolicy: getFirewallRuleWifi UID:10044 policy:0
09-03 23:06:41.441 3633-3633/? I/KnoxTimeoutHandler: SD activityfalse
09-03 23:06:41.441 626-626/? I/AllShare(ASF-API): L-d140909 / AllShareConnector.Subscriber onServiceDisconnected from gallery3d
09-03 23:06:41.441 16838-16838/? D/AllShare(ASF-DMC): ServiceManager.onUnbind - [ TRACE ] onUnbind
09-03 23:06:41.441 16838-16838/? D/AllShare(ASF-DMC): ServiceManager.unbindServiceManager - unbind method executed....  ACTION            : com.samsung.android.allshare.service.mediashare.SUBSCRIBE_SERVICE
09-03 23:06:41.441 626-626/? D/AllShare(ASF-API): L-d140909 / AllShareConnector.onDisconnected from gallery3d
09-03 23:06:41.441 626-626/? I/NearbyClient: ServiceProvider Deleted
09-03 23:06:41.441 626-626/? D/AllShare(ASF-API): L-d140909 / AllShareConnector.before destroyInstance, mConnecting=false
09-03 23:06:41.441 626-626/? D/AllShare(ASF-API): L-d140909 / AllShareConnector.after destroyInstance, mConnecting=false
09-03 23:06:41.441 626-626/? D/NearbyUtils: clear nearby caches
09-03 23:06:41.441 3071-3071/? D/libEGL: eglTerminate EGLDisplay = 0x7ffb5b6978
09-03 23:06:41.441 626-626/? V/StateManager: destroy
09-03 23:06:41.441 3071-3071/? D/libEGL: eglTerminate EGLDisplay = 0x7ffb5b6978
09-03 23:06:41.451 626-626/? I/Gallery_Performance: AlbumViewState onDestroy Start
09-03 23:06:41.451 626-626/? I/Gallery_Performance: AlbumViewState onDestroy Start
09-03 23:06:41.451 626-626/? I/Gallery_Performance: PostGalleryCmd destroy() START 
09-03 23:06:41.451 626-626/? I/Gallery_Performance: PostGalleryCmd destroy() END
09-03 23:06:41.471 626-626/? I/Gallery_Performance: Gallery onDestroy End
09-03 23:06:41.481 626-626/? D/MultiPhoneWindow: performUpdateVisibility, same visibility false
09-03 23:06:41.481 626-626/? D/ViewRootImpl: #3 mView = null
09-03 23:06:41.741 3633-3633/? D/CustomFrequencyManagerService: releaseDVFSLockLocked : Getting Lock type frm List : DVFS_MIN_LIMIT  frequency : 1800000  uid : 1000  pid : 3633  tag : ACTIVITY_RESUME_BOOSTER@9
09-03 23:06:42.021 26167-26598/? I/caffe_jni: I0903 23:06:42.033520 26598 caffe_mobile.cpp:211] Forwarding time: 3832.98 ms.
09-03 23:06:42.021 26167-26167/? I/MainActivity: elapsed wall time: 948 ms
09-03 23:06:42.031 3071-3297/? D/libEGL: eglTerminate EGLDisplay = 0x7f82840e78
09-03 23:06:42.031 3071-3297/? D/libEGL: eglTerminate EGLDisplay = 0x7f82840e78
09-03 23:06:42.031 26167-26167/? D/ViewRootImpl: #3 mView = null
09-03 23:06:42.031 3633-3649/? D/InputDispatcher: Focus left window: 26167
09-03 23:06:42.031 3633-3649/? D/InputDispatcher: Focus entered window: 26167
09-03 23:06:42.041 5248-5248/? D/Recents: onTaskStackChanged
09-03 23:06:42.041 3633-3712/? D/PointerIcon: setMouseIconStyle1 pointerType: 1001 iconType:101 flag:0 pid:3633 uid:1000
09-03 23:06:42.041 3633-3712/? D/PointerIcon: setMouseCustomIcon IconType is same.101
09-03 23:06:42.041 3633-5607/? D/InputMethodManagerService: windowGainedFocus mCurrentFocusedUserId - 0 and mSecureKeypadEnabled-false
09-03 23:06:42.041 6395-6395/? D/SamsungIME: IMPL finishInput
09-03 23:06:42.041 6395-6395/? D/RMHelper: SamsungIME : RMisReady() : client is null
09-03 23:06:42.041 6395-6395/? D/RMHelper: SamsungIME : RMisReady() : client is null
09-03 23:06:42.041 6395-6395/? E/ActivityThread: Failed to find provider info for com.sec.android.inputmethod.resourcemanager
09-03 23:06:42.041 6395-6395/? D/RMHelper: RMHelper : initHelper()
09-03 23:06:42.041 26167-26167/? E/ViewRootImpl: sendUserActionEvent() mView == null
09-03 23:06:42.041 6395-6395/? E/ActivityThread: Failed to find provider info for com.sec.android.inputmethod.resourcemanager
09-03 23:06:42.041 6395-6395/? D/RMHelper: SamsungIME : initHelper() : client is null
09-03 23:06:42.041 6395-6395/? E/ActivityThread: Failed to find provider info for com.sec.android.inputmethod.resourcemanager
09-03 23:06:42.041 6395-6395/? D/RMHelper: SamsungIME : RMisReady() : client is null
09-03 23:06:42.041 6395-6395/? D/RMHelper: SamsungIME : RMisReady() : client is null
09-03 23:06:42.041 6395-6395/? D/RMHelper: RMHelper : initHelper()
09-03 23:06:42.041 6395-6395/? D/RMHelper: SamsungIME : initHelper() : client is null
09-03 23:06:42.041 6395-6395/? D/RMHelper: SamsungIME : RMisReady() : client is null
09-03 23:06:42.041 6395-6395/? D/RMHelper: SamsungIME : RMisReady() : client is null
09-03 23:06:42.041 6395-6395/? D/RMHelper: RMHelper : initHelper()
09-03 23:06:42.041 6395-6395/? D/RMHelper: SamsungIME : initHelper() : client is null
09-03 23:06:42.041 6395-6395/? D/SamsungIME: onStartInput: No inputType, No imeOption, isInputViewShown = false, isExtractViewShown = false, isShowInputRequested = false, isConfigChanged = false
09-03 23:06:42.051 3071-3071/? D/libEGL: eglInitialize EGLDisplay = 0x7ffb5b6848
09-03 23:06:42.061 3071-3071/? D/libEGL: eglInitialize EGLDisplay = 0x7ffb5b6848
09-03 23:06:42.301 3071-4573/? I/SurfaceFlinger: id=3400 Removed  (6/9)
09-03 23:06:42.301 3071-3297/? I/SurfaceFlinger: id=3400 Removed  (-2/9)
09-03 23:06:42.321 3071-3071/? D/libEGL: eglTerminate EGLDisplay = 0x7ffb5b6978
09-03 23:06:43.761 11193-11193/? I/MobileQQCloseServiceReceiver: receive broadcast close all service
09-03 23:06:43.761 11193-26583/? I/TMAssistantDownloadManager: enter
09-03 23:06:43.761 11193-26583/? I/TMAssistantDownloadManager: returnValue(settingclient): com.tencent.tmdownloader.TMAssistantDownloadSettingClient@18d69e
09-03 23:06:43.761 11193-26583/? I/TMAssistantDownloadManager: exit
09-03 23:06:43.761 11193-26583/? I/TMAssistantDownloadSettingClient: enter
09-03 23:06:43.761 32145-32207/? I/TMAssistantDownloadSDKService: enter
09-03 23:06:43.761 32145-32207/? I/TMAssistantDownloadSDKService: returnValue: false
09-03 23:06:43.761 32145-32207/? I/TMAssistantDownloadSDKService: exit
09-03 23:06:43.761 11193-26583/? I/TMAssistantDownloadSettingClient: isAllDownloadFinished
09-03 23:06:43.761 11193-26583/? I/TMAssistantDownloadSettingClient: isAllDownloadFinished ret:false
09-03 23:06:43.761 11193-26583/? I/TMAssistantDownloadSettingClient: exit
09-03 23:06:43.761 11193-26583/? I/MobileQQCloseServiceReceiver: receive broadcast isAllDownloadFinished = false
09-03 23:06:43.901 5169-5363/? D/NetworkController.MobileSignalController(0/4): onSignalStrengthsChanged signalStrength=SignalStrength: 99 99 -120 -160 -120 -1 -1 20 -107 -14 18 -1 2147483647 0x2000 gsm|lte level=2
09-03 23:06:43.901 5169-5363/? D/NetworkController.MobileSignalController(0/4): getMobileIconGroup(): 13
09-03 23:06:43.901 5169-5363/? D/NetworkController.MobileSignalController(0/4): updateCMCCMobileIconGroup(): 13
09-03 23:06:44.141 16116-16137/? I/ReschedulableTimer: [#CMH#] ReschedulableTimer started 
09-03 23:06:44.161 3093-3727/? I/audio_hw_primary: do_out_standby +
09-03 23:06:44.181 3093-3727/? D/audio_hw_primary: output_devices devices:0
09-03 23:06:44.181 3093-3727/? D/audio_hw_primary: output_devices devices:0
09-03 23:06:44.181 3093-3727/? I/audio_hw_primary: is_voice_wakeup : ret =  1  , wakeup_baby_cry_enabled = 0  ,  wakeup_mic_enabled = 1 
09-03 23:06:44.181 3093-3727/? I/audio_hw_primary: get_scenario : scenario_type = 36
09-03 23:06:44.181 3093-3727/? I/audio_hw_primary: get_input_snd_device_id device:0xc
09-03 23:06:44.181 3093-3727/? V/audio_hw_primary: select_devices output_scenario:-1 input_scenario:36 out_snd_device 0x0 in_snd_device:0xc
09-03 23:06:44.181 3093-3727/? I/audio_hw_primary: set_spk_rx_mute mute(1), rx val=0
09-03 23:06:44.181 3093-3727/? I/audio_route: > audio_route_reset :
09-03 23:06:44.181 3093-3727/? I/audio_route: > audio_route_apply_path : "voice_control-mic"
09-03 23:06:44.181 3093-3727/? V/audio_hw_primary: select_devices() input_route "voice_control-mic" 
09-03 23:06:44.181 3093-3727/? I/audio_route: > audio_route_apply_path : "gain-voice_control-mic"
09-03 23:06:44.181 3093-3727/? V/audio_hw_primary: select_devices() input_gain "gain-voice_control-mic" 
09-03 23:06:44.181 3093-3727/? I/audio_route: > audio_route_update_mixer : +
09-03 23:06:44.181 3093-3727/? I/audio_route: > audio_route_update_mixer : changed(7) -
09-03 23:06:44.181 3093-3727/? V/audio_hw_primary: select_devices : set seamless_buf_offset
09-03 23:06:44.181 3093-3727/? I/audio_route: > audio_values_apply_path : "seamless_buf_offset"
09-03 23:06:44.181 3093-3727/? I/audio_hw_primary: select_devices - 
09-03 23:06:44.181 3093-3727/? I/audio_hw_primary: do_out_standby -
09-03 23:06:44.451 16838-16838/? D/AllShare(ASF-DMC): ServiceManager.mRunnableTimer - [ TRACE ] Stop Service
09-03 23:06:44.451 16838-16838/? D/AllShare(ASF-DMC): ServiceManager.onDestroy - [ TRACE ] onDestroy
09-03 23:06:44.451 16838-16838/? I/AllShare(ASF-DMC): ServiceManager.stopServiceManager - Stop AllShare Service...
09-03 23:06:44.451 16838-16838/? D/AllShare(ASF-DMC): DeviceSubscriber.clear - clear the subscribed devices
09-03 23:06:44.451 16838-16838/? V/AllShare(ASF_DMC): [CP_DISCOVERY] GetDeviceList: 165: interesting device list empty
09-03 23:06:44.451 16838-16838/? E/AllShare(ASF_DMC): [MSCP] FormMediaServerList: 498: GetDeviceList Failed
09-03 23:06:44.451 16838-16838/? V/AllShare(ASF_DMC): [CP_DISCOVERY] UnRegisterCP: 139: UnRegistering CP Success
09-03 23:06:44.451 16838-16838/? I/AllShare(ASF-DMC): ServiceManager.stopServiceManager - stop mscp successfully!
09-03 23:06:44.451 16838-16838/? I/AllShare(ASF_DMC): [STREAMING] DeleteReference: 130: StreamingManager::DeleteReference Ref Count [1]
09-03 23:06:44.451 16838-16838/? I/AllShare(ASF_DMC): [STREAMING] DestroyInstance: 61: StreamingManager::DestroyInstance Ref Count [1]
09-03 23:06:44.451 16838-16838/? V/AllShare(ASF_DMC): [CP_DISCOVERY] UnRegisterCP: 139: UnRegistering CP Success
09-03 23:06:44.451 16838-16838/? E/AllShare(ASF_DMC): [MRCP] Stop: 201: Unregistering CP Successful 
09-03 23:06:44.451 16838-16838/? I/AllShare(ASF-DMC): ServiceManager.stopServiceManager - stop mrcp successfully!
09-03 23:06:44.451 16838-16838/? V/AllShare(ASF_DMC): [KIES_CP] StopKiescp: 297: StopKiescp
09-03 23:06:44.451 16838-16838/? V/AllShare(ASF_DMC): [CP_DISCOVERY] GetDeviceList: 165: interesting device list empty
09-03 23:06:44.451 16838-16838/? E/AllShare(ASF_DMC): [KIES_CP] FormKiesDeviceList: 154: Getting Device List Failed
09-03 23:06:44.451 16838-16838/? V/AllShare(ASF_DMC): [CP_DISCOVERY] UnRegisterCP: 139: UnRegistering CP Success
09-03 23:06:44.451 16838-16838/? I/AllShare(ASF-DMC): ServiceManager.stopServiceManager - stop kies cp successfully!
09-03 23:06:44.451 16838-16838/? I/AllShare(ASF-DMC): MessageAllocateTask.setStopFlag - mStopFlag = false
09-03 23:06:44.451 16838-16838/? I/AllShare(ASF-DMC): MessagePublishTask.setStopFlag - mStopFlag = false
09-03 23:06:44.451 16838-26576/? W/AllShare(ASF-DMC): MessageAllocateTask.handleAllocateMessage - Oops~~. Undefined Context Variable type...
09-03 23:06:44.451 16838-26575/? W/AllShare(ASF-DMC): MessagePublishTask.handlePublishMessage - Oops~~. Undefined Context Variable type...
09-03 23:06:44.451 16838-16838/? D/AllShare(ASF-DMC): ServiceManager.finiServiceManager - Finalize AllShare Service Manager...
09-03 23:06:44.451 16838-16838/? V/AllShare(ASF_DMC): [JNI] JavaTerminateAllShareFrameworkCore: 56: Enter AllShareFrameworkCoreNativeAPI_terminateAllShareFrameworkCore.
09-03 23:06:44.451 16838-16838/? V/AllShare(ASF_DMC): [CP_DISCOVERY] UnRegisterCP: 139: UnRegistering CP Success
09-03 23:06:44.451 16838-16838/? V/AllShare(ASF_DMC): [CP_DISCOVERY] Terminate: 97: CP Discovery Terminate
09-03 23:06:44.451 16838-16838/? V/AllShare(ASF_DMC): [STREAMING] DeleteReference: 92: Stopping streaming threads
09-03 23:06:44.451 16838-16838/? I/AllShare(ASF_DMC): [STREAMING] DeleteReference: 130: StreamingManager::DeleteReference Ref Count [0]
09-03 23:06:44.451 16838-16838/? I/AllShare(ASF_DMC): [STREAMING] DestroyInstance: 61: StreamingManager::DestroyInstance Ref Count [0]
09-03 23:06:44.451 16838-16838/? V/AllShare(ASF_DMC): [CP_DISCOVERY] CleanUp: 53: cleanup start
09-03 23:06:44.451 16838-16838/? V/AllShare(ASF_DMC): [CP_DISCOVERY] CleanUp: 76: joining rescan threads
09-03 23:06:44.451 16838-16838/? V/AllShare(ASF_DMC): [CP_DISCOVERY] CleanUp: 117: cleanup done
09-03 23:06:44.451 16838-16838/? V/AllShare(ASF_DMC): [CP_DISCOVERY] Terminate: 99: CP Discovery Terminate DeviceList
09-03 23:06:44.451 16838-16838/? V/AllShare(ASF_DMC): [CP_DISCOVERY] ClearDeviceList: 56: exit
09-03 23:06:44.451 16838-26607/? V/AllShare(ASF-DMC): ServiceManager.finiActionHandlers - Found AsyncActionHandler : com.samsung.android.allshare.service.mediashare.handler.playercontrol.AVPlayerAsyncActionHandler
09-03 23:06:44.451 16838-16838/? V/AllShare(ASF_DMC): [CP_DISCOVERY] Terminate: 101: CP Discovery Terminate Finish
09-03 23:06:44.451 16838-16838/? V/AllShare(ASF_DMC): [FRAMEWORK_CONTROLLER] TerminateUPnP: 176: cp_discovery Terminated
09-03 23:06:44.451 16838-26607/? V/AllShare(ASF-DMC): ServiceManager.finiActionHandlers - Found AsyncActionHandler : com.samsung.android.allshare.service.mediashare.handler.playercontrol.SlideShowPlayerAsyncActionHandler
09-03 23:06:44.451 16838-26607/? V/AllShare(ASF-DMC): ServiceManager.finiActionHandlers - Found AsyncActionHandler : com.samsung.android.allshare.service.mediashare.handler.playercontrol.ImageViewerAsyncActionHandler
09-03 23:06:44.451 16838-16838/? V/AllShare(ASF_DMC): [FRAMEWORK_CONTROLLER] TerminateUPnP: 178: cp_control Terminated
09-03 23:06:44.451 16838-26607/? V/AllShare(ASF-DMC): ServiceManager.finiActionHandlers - Found AsyncActionHandler : com.samsung.android.allshare.service.mediashare.handler.upnpdevice.KiesAsyncActionHandler
09-03 23:06:44.451 16838-16838/? V/AllShare(ASF_DMC): [FRAMEWORK_CONTROLLER] TerminateFrameworkCore: 212: Enter
09-03 23:06:44.451 16838-16838/? V/AllShare(ASF_DMC): [NETWORK_LAYER] StopNetworkLayer: 122: Enter
09-03 23:06:44.451 16838-26607/? V/AllShare(ASF-DMC): ServiceManager.finiActionHandlers - Found AsyncActionHandler : com.samsung.android.allshare.service.mediashare.handler.server.ProviderAsyncActionHandler
09-03 23:06:44.451 16838-16838/? V/AllShare(ASF_DMC): [NETWORK_LAYER] StopNetworkLayer: 129: 1: Calling StopClientThreads
09-03 23:06:44.451 16838-26607/? V/AllShare(ASF-DMC): ServiceManager.finiActionHandlers - Found AsyncActionHandler : com.samsung.android.allshare.service.mediashare.handler.server.ReceiverAsyncActionHandler
09-03 23:06:44.451 16838-26607/? V/AllShare(ASF-DMC): ServiceManager.finiActionHandlers - Found AsyncActionHandler : com.samsung.android.allshare.service.mediashare.handler.playercontrol.URIPlayerAsyncActionHandler
09-03 23:06:44.451 16838-26607/? V/AllShare(ASF-DMC): ServiceManager.finiActionHandlers - Found AsyncActionHandler : com.samsung.android.allshare.service.mediashare.handler.playercontrol.PlaylistPlayerAsyncActionHandler
09-03 23:06:44.451 16838-26607/? V/AllShare(ASF-DMC): ServiceManager.finiActionHandlers - Found AsyncActionHandler : com.samsung.android.allshare.service.mediashare.handler.playercontrol.ViewControllerAsyncActionHandler
09-03 23:06:44.451 16838-26607/? V/AllShare(ASF-DMC): ServiceManager.finiActionHandlers - Found SyncActionHandler : com.samsung.android.allshare.service.mediashare.handler.playercontrol.ImageViewerSyncActionHandler
09-03 23:06:44.451 16838-26607/? V/AllShare(ASF-DMC): ServiceManager.finiActionHandlers - Found SyncActionHandler : com.samsung.android.allshare.service.mediashare.handler.devicefinder.DeviceFinderDeviceSyncActionHandler
09-03 23:06:44.451 16838-26607/? V/AllShare(ASF-DMC): ServiceManager.finiActionHandlers - Found SyncActionHandler : com.samsung.android.allshare.service.mediashare.handler.playercontrol.AVPlayerSyncActionHandler
09-03 23:06:44.451 16838-26607/? V/AllShare(ASF-DMC): ServiceManager.finiActionHandlers - Found SyncActionHandler : com.samsung.android.allshare.service.mediashare.handler.playercontrol.PlaylistPlayerSyncActionHandler
09-03 23:06:44.451 16838-26607/? V/AllShare(ASF-DMC): ServiceManager.finiActionHandlers - Found SyncActionHandler : com.samsung.android.allshare.service.mediashare.handler.download.DownloadSyncActionHandler
09-03 23:06:44.451 16838-26607/? D/AllShare(ASF-DMC): ServiceManager.finiActionHandlers - Finalize Action Handler : com.samsung.android.allshare.service.mediashare.handler.playercontrol.AVPlayerAsyncActionHandler
09-03 23:06:44.451 16838-16838/? V/AllShare(ASF_DMC): [NETWORK_LAYER] StopNetworkLayer: 133: 2: StopClientThreads done
09-03 23:06:44.451 16838-26607/? D/AllShare(ASF-DMC): ServiceManager.finiActionHandlers - Finalize Action Handler : com.samsung.android.allshare.service.mediashare.handler.playercontrol.SlideShowPlayerAsyncActionHandler
09-03 23:06:44.451 16838-16838/? V/AllShare(ASF_DMC): [NETWORK_LAYER] StopNetworkLayer: 140: 3: Calling StopServerThreads
09-03 23:06:44.451 16838-16838/? V/AllShare(ASF_DMC): [NETWORK_LAYER] __stop_server_sockets: 36: StopServerSockets
09-03 23:06:44.451 16838-26607/? D/AllShare(ASF-DMC): ServiceManager.finiActionHandlers - Finalize Action Handler : com.samsung.android.allshare.service.mediashare.handler.playercontrol.ImageViewerAsyncActionHandler
09-03 23:06:44.451 16838-26607/? D/AllShare(ASF-DMC): ServiceManager.finiActionHandlers - Finalize Action Handler : com.samsung.android.allshare.service.mediashare.handler.upnpdevice.KiesAsyncActionHandler
09-03 23:06:44.451 16838-26607/? D/AllShare(ASF-DMC): ServiceManager.finiActionHandlers - Finalize Action Handler : com.samsung.android.allshare.service.mediashare.handler.server.ProviderAsyncActionHandler
09-03 23:06:44.451 16838-26568/? E/AllShare(ASF_DMC): [NETWORK_LAYER] handle_accept: 187: [TCPServer::handle_accept] Acceptor closed [Operation Canceled]
09-03 23:06:44.451 16838-16838/? D/AllShare(ASF_DMC): [NETWORK_LAYER] Stop: 128: Leaving multicast group at interface [wlan0]
09-03 23:06:44.451 16838-26607/? D/AllShare(ASF-DMC): ServiceManager.finiActionHandlers - Finalize Action Handler : com.samsung.android.allshare.service.mediashare.handler.server.ReceiverAsyncActionHandler
09-03 23:06:44.451 16838-26607/? D/AllShare(ASF-DMC): ServiceManager.finiActionHandlers - Finalize Action Handler : com.samsung.android.allshare.service.mediashare.handler.playercontrol.URIPlayerAsyncActionHandler
09-03 23:06:44.451 16838-26607/? D/AllShare(ASF-DMC): ServiceManager.finiActionHandlers - Finalize Action Handler : com.samsung.android.allshare.service.mediashare.handler.playercontrol.PlaylistPlayerAsyncActionHandler
09-03 23:06:44.451 16838-26607/? D/AllShare(ASF-DMC): ServiceManager.finiActionHandlers - Finalize Action Handler : com.samsung.android.allshare.service.mediashare.handler.playercontrol.ViewControllerAsyncActionHandler
09-03 23:06:44.451 16838-26607/? D/AllShare(ASF-DMC): ServiceManager.finiActionHandlers - Finalize Action Handler : com.samsung.android.allshare.service.mediashare.handler.playercontrol.ImageViewerSyncActionHandler
09-03 23:06:44.461 16838-26607/? D/AllShare(ASF-DMC): ServiceManager.finiActionHandlers - Finalize Action Handler : com.samsung.android.allshare.service.mediashare.handler.devicefinder.DeviceFinderDeviceSyncActionHandler
09-03 23:06:44.461 16838-26607/? D/AllShare(ASF-DMC): ServiceManager.finiActionHandlers - Finalize Action Handler : com.samsung.android.allshare.service.mediashare.handler.playercontrol.AVPlayerSyncActionHandler
09-03 23:06:44.461 16838-26607/? D/AllShare(ASF-DMC): ServiceManager.finiActionHandlers - Finalize Action Handler : com.samsung.android.allshare.service.mediashare.handler.playercontrol.PlaylistPlayerSyncActionHandler
09-03 23:06:44.461 16838-26607/? D/AllShare(ASF-DMC): ServiceManager.finiActionHandlers - Finalize Action Handler : com.samsung.android.allshare.service.mediashare.handler.download.DownloadSyncActionHandler
09-03 23:06:44.461 16838-26571/? E/AllShare(ASF_DMC): [NETWORK_LAYER] receive_handler: 264: [Multicast Server::receive_handler] Canceled [Operation Canceled]
09-03 23:06:44.461 16838-16838/? V/AllShare(ASF_DMC): [NETWORK_LAYER] __stop_server_sockets: 45: StopServerSockets return
09-03 23:06:44.461 16838-26570/? E/AllShare(ASF_DMC): [NETWORK_LAYER] read_handler: 230: [UDPServer::read_handler] Canceled [Operation Canceled]
09-03 23:06:44.461 16838-16838/? E/AllShare(ASF_DMC): [NETWORK_LAYER] Reset: 231: [TCPServer::Reset] ref reset
09-03 23:06:44.461 16838-16838/? V/AllShare(ASF_DMC): [NETWORK_LAYER] StopNetworkLayer: 149: 4: Calling Stopcallback handler threads
09-03 23:06:44.461 16838-16838/? V/AllShare(ASF_DMC): [NETWORK_LAYER] StopNetworkLayer: 153: Exit
09-03 23:06:44.461 16838-16838/? V/AllShare(ASF_DMC): [FRAMEWORK_CONTROLLER] TerminateFrameworkCore: 222: StopNetworkLayer finished
09-03 23:06:44.461 16838-16838/? V/AllShare(ASF_DMC): [FRAMEWORK_CONTROLLER] TerminateFrameworkCore: 226: StopFrameworkCore finished
09-03 23:06:44.471 16838-16838/? V/AllShare(ASF_DMC): [FRAMEWORK_CONTROLLER] TerminateFrameworkCore: 230: TerminateUPnP finished
09-03 23:06:44.471 16838-16838/? V/AllShare(ASF_DMC): [FRAMEWORK_CONTROLLER] TerminateFrameworkCore: 234: Timer Terminate finished
09-03 23:06:44.471 16838-16838/? V/AllShare(ASF_DMC): [NETWORK_LAYER] TerminateNetworkLayer: 62: Enter
09-03 23:06:44.471 16838-16838/? V/AllShare(ASF_DMC): [NETWORK_LAYER] TerminateNetworkLayer: 66: NetworkInterface Destroyed
09-03 23:06:44.471 16838-16838/? V/AllShare(ASF_DMC): [NETWORK_LAYER] TerminateNetworkLayer: 73: ServerManager Destroyed
09-03 23:06:44.471 16838-16838/? V/AllShare(ASF_DMC): [NETWORK_LAYER] TerminateNetworkLayer: 77: CallBackHandler Destroyed, Exit
09-03 23:06:44.471 16838-16838/? V/AllShare(ASF_DMC): [FRAMEWORK_CONTROLLER] TerminateFrameworkCore: 240: Exit
09-03 23:06:44.531 3633-4468/? D/InputReader: Input event(3): value=1 when=154041636696000
09-03 23:06:44.531 3633-4468/? D/InputReader: Input event(3): value=1 when=154041636696000
09-03 23:06:44.531 3633-4468/? I/InputReader: Touch event's action is 0x0 (deviceType=0) [pCnt=1, s=0.11910 ] when=154041636696000
09-03 23:06:44.531 3633-4468/? D/InputReader: lastThreadEndTime = 154038107649408, currentThreadStartTime = 154038107652575, diff = 0
09-03 23:06:44.531 3633-4467/? I/InputDispatcher: Delivering touch to (5169): action: 0x4, toolType: 1
09-03 23:06:44.531 3633-4467/? I/InputDispatcher: Delivering touch to (19026): action: 0x4, toolType: 1
09-03 23:06:44.531 3633-4467/? I/InputDispatcher: Delivering touch to (26167): action: 0x0, toolType: 1
09-03 23:06:44.531 26167-26167/? D/ViewRootImpl: ViewPostImeInputStage processPointer 0
09-03 23:06:44.531 19026-19026/? D/AutoHideHelper: ###check Single invalid
09-03 23:06:44.621 3633-4468/? D/InputReader: Input event(3): value=0 when=154041728576000
09-03 23:06:44.621 3633-4468/? D/InputReader: Input event(3): value=0 when=154041728576000
09-03 23:06:44.621 3633-4468/? I/InputReader: Touch event's action is 0x1 (deviceType=0) [pCnt=1, s=] when=154041728576000
09-03 23:06:44.621 3633-4467/? I/InputDispatcher: Delivering touch to (26167): action: 0x1, toolType: 1
09-03 23:06:44.621 26167-26167/? D/ViewRootImpl: ViewPostImeInputStage processPointer 1
09-03 23:06:44.621 3633-5622/? V/AudioService: AudioService playSoundEffect Type : 0, volume : -1.0
09-03 23:06:44.621 3633-4960/? V/AudioService: received MSG_PLAY_SOUND_EFFECT onPlaySoundEffect start
09-03 23:06:44.631 3093-3749/? I/APM::AudioPolicyManager: getSituationVolume: isBTConnected:0 isHeadConnected:0
09-03 23:06:44.631 3093-5633/? W/AudioPolicyIntefaceImpl: Skipped to add effects on session 1164
09-03 23:06:44.631 3093-5633/? I/APM::AudioPolicyManager: startOutput() output 4, stream 1, session 1164
09-03 23:06:44.641 3093-3727/? D/audio_hw_primary: out_set_parameters: enter: kvpairs: routing=2
09-03 23:06:44.641 3093-3727/? D/AudioFlinger: setCurDevice() 0x2
09-03 23:06:44.641 3633-5127/? D/ActivityManager: AppLocked getMultiWindowStyle:null
09-03 23:06:44.641 3633-5127/? D/ActivityManager: AppLocked isLaunchedFromRecents:false hasMultiWindowStyle:false not normal : false
09-03 23:06:44.641 3633-5127/? D/GameManagerService: identifyGamePackage. com.sec.android.gallery3d
09-03 23:06:44.641 3633-5127/? D/MultiWindowPolicy: Gamemode - return 0,  when calling  identifyForegroundApp(com.sec.android.gallery3d)
09-03 23:06:44.641 3633-5127/? D/CustomFrequencyManagerService: acquireDVFSLockLocked : type : DVFS_MIN_LIMIT  frequency : 1800000  uid : 1000  pid : 3633  pkgName : ACTIVITY_RESUME_BOOSTER@3
09-03 23:06:44.651 3633-5127/? D/ActivityManager: mDVFSHelper.acquire()
09-03 23:06:44.651 3093-3727/? V/audio_hw_primary: start_output_stream+, out->device : 00000002 , out->type = 1
09-03 23:06:44.651 3633-5127/? V/WindowManager: addAppToken: AppWindowToken{e28ee8 token=Token{4b1000b ActivityRecord{349c3da u0 com.sec.android.gallery3d/.app.GalleryActivity t13365}}} to stack=1 task=13365 at 1
09-03 23:06:44.651 3093-3727/? D/audio_hw_primary: start_output_stream (0xedba4000) out->pcm_device:6 out->config.rate:48000 out->config.format:0 out->period_size:240
09-03 23:06:44.651 3093-3727/? D/audio_hw_primary: start_output_stream (0xedba4000) out->config.rate:48000 out->config.format:0 out->period_size:240
09-03 23:06:44.651 3093-3727/? I/audio_hw_primary: is_voice_wakeup : ret =  1  , wakeup_baby_cry_enabled = 0  ,  wakeup_mic_enabled = 1 
09-03 23:06:44.651 3093-3727/? I/audio_hw_primary: get_scenario : scenario_type = 36
09-03 23:06:44.651 3093-3727/? I/audio_hw_primary: get_input_snd_device_id device:0xc
09-03 23:06:44.651 3093-3727/? V/audio_hw_primary: select_devices output_scenario:0 input_scenario:36 out_snd_device 0x2 in_snd_device:0xc
09-03 23:06:44.651 3093-3727/? I/audio_route: > audio_route_reset :
09-03 23:06:44.651 3093-3727/? I/audio_route: > audio_route_apply_path : "voice_control-mic"
09-03 23:06:44.651 3633-5127/? D/ActivityManager:  Launching com.sec.android.gallery3d, updated priority
09-03 23:06:44.651 3093-3727/? V/audio_hw_primary: select_devices() input_route "voice_control-mic" 
09-03 23:06:44.651 3093-3727/? I/audio_route: > audio_route_apply_path : "media-speaker"
09-03 23:06:44.661 3633-3633/? D/GameManagerService: NotifyRunnable. pkg: com.sec.android.gallery3d, type: 4, isMinimized: false, isTunableApp: false
09-03 23:06:44.661 626-626/? W/ResourcesManager: getTopLevelResources: /system/priv-app/SecGallery2015/SecGallery2015.apk / 1.0 running in com.sec.android.gallery3d rsrc of package com.sec.android.gallery3d
09-03 23:06:44.661 3633-5127/? D/InputDispatcher: Focused application set to: xxxx
09-03 23:06:44.661 3633-5127/? D/InputDispatcher: Focus left window: 26167
09-03 23:06:44.661 3633-4944/? D/NetworkPolicy: isUidForegroundLocked: 10044, mScreenOn: true, uidstate: 2, mProxSensorScreenOff: false
09-03 23:06:44.661 3633-4944/? V/NetworkPolicy: getFirewallRuleWifi UID:10044 policy:0
09-03 23:06:44.661 3633-3712/? D/PointerIcon: setMouseIconStyle1 pointerType: 1001 iconType:101 flag:0 pid:3633 uid:1000
09-03 23:06:44.661 3633-3712/? D/PointerIcon: setMouseCustomIcon IconType is same.101
09-03 23:06:44.661 626-626/? I/VerificationLog: onCreate
09-03 23:06:44.661 626-626/? I/Gallery_Performance: Gallery onCreate Start
09-03 23:06:44.661 3633-4944/? V/NetworkPolicy: getFirewallRuleWifi UID:10044 policy:0
09-03 23:06:44.661 626-626/? D/GalleryActivityLifecycleCallback: created : count 1
09-03 23:06:44.671 626-26613/? V/MediaPlayer: decode(27, 8743096, 5795)
09-03 23:06:44.671 3093-4168/? D/OggExtractor:  correct time not found. Let's use approximate value
09-03 23:06:44.671 3093-4168/? I/OggExtractor: OggSource::OggSource() mExtractor ref count = 4
09-03 23:06:44.671 3093-4168/? I/OMXCodec: Attempting to allocate OMX node 'OMX.google.vorbis.decoder'
09-03 23:06:44.671 3093-4168/? I/OMXCodec: Successfully allocated OMX node 'OMX.google.vorbis.decoder'
09-03 23:06:44.671 3093-4168/? I/OMXCodec: >>>UHQA initOutputFormat 16
09-03 23:06:44.671 3093-4168/? I/OMXCodec: [OMX.google.vorbis.decoder] OMXCodec::start mState=1
09-03 23:06:44.671 3093-4168/? I/OMXCodec: [OMX.google.vorbis.decoder] allocating 4 buffers of size 8192 on input port
09-03 23:06:44.671 3093-4168/? I/OMXCodec: [OMX.google.vorbis.decoder] allocating 4 buffers of size 32768 on output port
09-03 23:06:44.671 3093-26616/? I/OMXCodec: [OMX.google.vorbis.decoder] Now Idle. Component sends idle done Event 
09-03 23:06:44.671 3093-26616/? I/OMXCodec: [OMX.google.vorbis.decoder] 0onCmdComplete  mState =  7
09-03 23:06:44.671 3093-26616/? I/OMXCodec: [OMX.google.vorbis.decoder] PORT_DISABLED(1)
09-03 23:06:44.671 3093-26616/? I/OMXCodec: >>>UHQA initOutputFormat 16
09-03 23:06:44.671 3093-26616/? I/OMXCodec: [OMX.google.vorbis.decoder] allocating 4 buffers of size 32768 on output port
09-03 23:06:44.671 3093-26616/? I/OMXCodec: [OMX.google.vorbis.decoder] End Of Stream
09-03 23:06:44.671 3093-4168/? I/SoundExtractor: extract() reached EOS
09-03 23:06:44.671 3093-4168/? I/OMXCodec: [OMX.google.vorbis.decoder] stop mState=4
09-03 23:06:44.671 3093-4168/? I/OMXCodec: [OMX.google.vorbis.decoder] stop() sendCommand(2876, OMX_CommandStateSet, OMX_StateIdle)
09-03 23:06:44.671 3093-26616/? I/OMXCodec: [OMX.google.vorbis.decoder] Now Idle. Component sends idle done Event 
09-03 23:06:44.671 3093-4168/? I/OMXCodec: [OMX.google.vorbis.decoder] stopOmxComponent_l() mstate = 1
09-03 23:06:44.671 3093-4168/? I/OggExtractor: OggSource::stop() mExtractor ref count = 1
09-03 23:06:44.671 3093-4168/? I/OggExtractor: OggSource::~OggSource() mExtractor !mStarted ref count = 1
09-03 23:06:44.671 3093-4168/? I/OggExtractor: ~OggSource --
09-03 23:06:44.671 3093-4168/? I/OggExtractor: ~OggExtractor ++
09-03 23:06:44.671 3093-4168/? I/OggExtractor: ~MyOggExtractor ++ 
09-03 23:06:44.671 3093-4168/? I/OggExtractor: ~MyOggExtractor --
09-03 23:06:44.671 3093-4168/? I/OggExtractor: ~OggExtractor --
09-03 23:06:44.691 3633-3706/? V/BroadcastQueue: [background] Process cur broadcast BroadcastRecord{99043a6 u0 com.samsung.android.providers.context.log.action.USE_APP_FEATURE_SURVEY qIdx=4}, state= (APP_RECEIVE) DELIVERED for app ProcessRecord{5e94ccc 5869:com.samsung.android.providers.context/u0a380}
09-03 23:06:44.701 3633-7848/? D/ConnectivityService: returning getNetworkInfo for network type 1 : [type: WIFI[] - WIFI, state: CONNECTED/CONNECTED, reason: (unspecified), extra: "HOME-E0A8", roaming: false, failover: false, isAvailable: true]
09-03 23:06:44.711 3093-3727/? V/audio_hw_primary: select_devices() output_route "media-speaker" 
09-03 23:06:44.711 3093-3727/? I/audio_route: > audio_route_apply_path : "gain-voice_control-mic"
09-03 23:06:44.711 3093-3727/? V/audio_hw_primary: select_devices() input_gain "gain-voice_control-mic" 
09-03 23:06:44.711 3093-3727/? I/audio_route: > audio_route_apply_path : "gain-media-speaker"
09-03 23:06:44.711 3093-3727/? V/audio_hw_primary: select_devices() output_gain "gain-media-speaker" 
09-03 23:06:44.711 3093-3727/? I/audio_route: > audio_route_update_mixer : +
09-03 23:06:44.711 3093-3727/? I/audio_route: > audio_route_update_mixer : changed(0) -
09-03 23:06:44.711 3093-3727/? V/audio_hw_primary: select_devices : set seamless_buf_offset
09-03 23:06:44.711 3093-3727/? I/audio_route: > audio_values_apply_path : "seamless_buf_offset"
09-03 23:06:44.711 3093-3727/? I/audio_hw_primary: select_devices - 
09-03 23:06:44.711 3093-3727/? V/audio_hw_primary: start_output_stream-
09-03 23:06:44.721 626-626/? V/StateManager: startState class com.sec.samsung.gallery.view.albumview.AlbumViewState
09-03 23:06:44.721 626-626/? I/Gallery_Performance: AlbumViewState onCreate Start
09-03 23:06:44.721 626-626/? D/AlbumViewState: onCreate  = null
09-03 23:06:44.721 626-626/? I/Gallery_Performance: AlbumViewState onCreate End
09-03 23:06:44.721 626-626/? V/GalleryActivity: convertFromTranslucent() : config={1 1.0 themeSeq = 0 showBtnBg = 0 310mcc260mnc en_US ldltr sw360dp w360dp h616dp 640dpi nrml long port finger -keyb/v/h -nav/h mkbd/h s.20}
09-03 23:06:44.721 626-626/? I/Gallery_Performance: Gallery onCreate End 
09-03 23:06:44.721 626-626/? D/Activity: performCreate Call Injection manager
09-03 23:06:44.721 26167-26167/? V/ActivityThread: updateVisibility : ActivityRecord{add85af token=android.os.BinderProxy@9cb3271 {com.sh1r0.caffe_android_demo/com.sh1r0.caffe_android_demo.MainActivity}} show : false
09-03 23:06:44.731 626-626/? I/InjectionManager: dispatchOnViewCreated > Target : com.sec.android.gallery3d.app.GalleryActivity isFragment :false
09-03 23:06:44.731 626-626/? I/VerificationLog: onResume
09-03 23:06:44.731 626-626/? I/Gallery_Performance: Gallery onResume Start
09-03 23:06:44.731 626-626/? I/GLIdleTimerCmd: ADD_GL_IDLE_LISTENER
09-03 23:06:44.731 3633-3706/? V/BroadcastQueue: [background] Process cur broadcast BroadcastRecord{44b8218 u0 com.samsung.android.providers.context.log.action.REPORT_APP_STATUS_SURVEY qIdx=4}, state= (APP_RECEIVE) DELIVERED for app ProcessRecord{5e94ccc 5869:com.samsung.android.providers.context/u0a380}
09-03 23:06:44.731 626-626/? I/Gallery_Performance: AlbumViewState onResume Start
09-03 23:06:44.731 626-626/? D/AlbumViewState: onResume
09-03 23:06:44.731 626-626/? I/GLIdleTimerCmd: ADD_GL_IDLE_LISTENER
09-03 23:06:44.731 626-626/? D/GlComposeBaseView: GlComposeBaseView = com.sec.samsung.gallery.glview.composeView.GlComposeAlbumView@a51832a
09-03 23:06:44.731 626-626/? D/GlComposeView: getLogExtra() : no match viewBytFilterType!!!
09-03 23:06:44.731 626-626/? D/GlComposeView: getLogExtra() : no match viewBytFilterType!!!
09-03 23:06:44.741 626-626/? I/GlRootView: attachLayer = null, new = com.sec.samsung.gallery.glview.composeView.GlComposeAlbumView@a51832a, type = 1
09-03 23:06:44.741 626-626/? I/GlRootView: exit attachLayer
09-03 23:06:44.741 626-26618/? D/ComposeViewDataLoader: checkIncreaseAlbumSet start
09-03 23:06:44.741 626-26618/? D/ComposeViewDataLoader: loadSet done old = 0, new = 13
09-03 23:06:44.741 626-26618/? D/ComposeViewDataLoader: loadCoveritems count =3, updS = 0, updE = 2
09-03 23:06:44.741 626-626/? D/skia: ---- fAsset->read(0) returned 0
09-03 23:06:44.741 626-626/? D/skia: ---- fAsset->read(0) returned 0
09-03 23:06:44.741 626-626/? D/skia: ---- fAsset->read(0) returned 0
09-03 23:06:44.741 626-626/? D/skia: ---- fAsset->read(0) returned 0
09-03 23:06:44.741 3633-3706/? V/BroadcastQueue: [background] Process cur broadcast BroadcastRecord{c59e471 u0 com.samsung.android.providers.context.log.action.USE_APP_FEATURE_SURVEY qIdx=4}, state= (APP_RECEIVE) DELIVERED for app ProcessRecord{5e94ccc 5869:com.samsung.android.providers.context/u0a380}
09-03 23:06:44.741 626-626/? I/Gallery_Performance: AlbumViewState onResume End
09-03 23:06:44.741 626-626/? D/GlRootView: onResume mGlActive = false
09-03 23:06:44.741 626-626/? D/GlRootView: onResume mGlActive = false
09-03 23:06:44.741 626-26618/? I/GlRootView: attachLayer = null, new = com.sec.samsung.gallery.glview.composeView.GlComposeAlbumView@a51832a, type = 1
09-03 23:06:44.741 626-26618/? I/GlRootView: exit attachLayer
09-03 23:06:44.741 626-626/? I/Gallery_Performance: Gallery onResume End 
09-03 23:06:44.741 626-626/? I/VerificationLog: Executed
09-03 23:06:44.741 626-26618/? D/ComposeViewDataLoader: loadCoveritems count =3, updS = 3, updE = 5
09-03 23:06:44.741 626-26618/? D/ComposeViewDataLoader: loadCoveritems count =3, updS = 6, updE = 8
09-03 23:06:44.741 626-26618/? D/ComposeViewDataLoader: loadCoveritems count =3, updS = 9, updE = 11
09-03 23:06:44.741 626-26618/? D/ComposeViewDataLoader: loadCoveritems count =1, updS = 12, updE = 12
09-03 23:06:44.741 626-26618/? D/ComposeViewDataLoader: loadCoveritems count =0, updS = 12, updE = 0
09-03 23:06:44.741 626-626/? D/SecWifiDisplayUtil: Metadata value : SecSettings2
09-03 23:06:44.741 626-626/? D/ViewRootImpl: #1 mView = com.android.internal.policy.MultiPhoneWindow$MultiPhoneDecorView{95f6cc9 I.E...... R.....I. 0,0-0,0}
09-03 23:06:44.741 3071-4514/? D/libEGL: eglTerminate EGLDisplay = 0x7f7db7ee78
09-03 23:06:44.751 3071-4514/? D/libEGL: eglTerminate EGLDisplay = 0x7f7db7ee78
09-03 23:06:44.751 3633-5551/? D/ISSUE_DEBUG: InputChannelName : 9a8c2d7 com.sec.android.gallery3d/com.sec.android.gallery3d.app.GalleryActivity
09-03 23:06:44.751 3633-5548/? D/ActivityManager: post active user change for 0 fullscreen true isFloatingActivity() false isHomeActivity() false
09-03 23:06:44.751 3633-5548/? D/KnoxTimeoutHandler: postActiveUserChange [MsgParam] userId: 0 fullscreen is true showWhenlocked is false
09-03 23:06:44.751 3633-3633/? D/KnoxTimeoutHandler: handleActiveUserChange [MsgParam] userId: 0 fullscreen is true showWhenlocked is false
09-03 23:06:44.751 3633-3633/? I/KnoxTimeoutHandler: Shared devices show user statefalse
09-03 23:06:44.751 626-626/? W/ActivityThread: AppLock checkAppLockState isAppLocked = false pkgName = com.sec.android.gallery3d showWhenLocked = false
09-03 23:06:44.751 3093-3727/? D/AudioFlinger: mixer(0xede40000) throttle end: throttle time(10)
09-03 23:06:44.751 626-626/? D/MultiPhoneWindow: performUpdateVisibility, same visibility false
