09-03 23:30:52.121 5248-5248/? D/Recents: onTaskStackChanged
09-03 23:30:52.171 16116-16137/? I/ReschedulableTimer: [#CMH#] ReschedulableTimer started 
09-03 23:30:52.221 3633-4468/? D/InputReader: Input event(3): value=1 when=155489328687000
09-03 23:30:52.221 3633-4468/? D/InputReader: Input event(3): value=1 when=155489328687000
09-03 23:30:52.221 3633-4468/? I/InputReader: Touch event's action is 0x0 (deviceType=0) [pCnt=1, s=0.12444 ] when=155489328687000
09-03 23:30:52.221 3633-4468/? D/InputReader: lastThreadEndTime = 155489003059600, currentThreadStartTime = 155489003063059, diff = 0
09-03 23:30:52.221 3633-4467/? I/InputDispatcher: Delivering touch to (19026): action: 0x4, toolType: 1
09-03 23:30:52.221 3633-4467/? I/InputDispatcher: Delivering touch to (626): action: 0x0, toolType: 1
09-03 23:30:52.231 626-626/? D/ViewRootImpl: ViewPostImeInputStage processPointer 0
09-03 23:30:52.231 19026-19026/? D/AutoHideHelper: ###check Single invalid
09-03 23:30:52.231 3633-5550/? D/CustomFrequencyManagerService: acquireDVFSLockLocked : type : DVFS_MIN_LIMIT  frequency : 800000  uid : 1000  pid : 3633  pkgName : GALLERY_LIST_SCROLL@835
09-03 23:30:52.231 626-2843/? D/CpuBoostScrollCmd: Scroll Boost CPU Clock
09-03 23:30:52.231 626-2832/? D/GlHoverController: onMessage msg = 3
09-03 23:30:52.231 626-2832/? D/GlHoverController: removeHoverView removed message = 0
09-03 23:30:52.311 626-2881/? D/GlComposeView: onContentChanged=40,end=79
09-03 23:30:52.351 3633-4468/? D/InputReader: Input event(3): value=0 when=155489455414000
09-03 23:30:52.351 3633-4468/? D/InputReader: Input event(3): value=0 when=155489455414000
09-03 23:30:52.351 3633-4468/? I/InputReader: Touch event's action is 0x1 (deviceType=0) [pCnt=1, s=] when=155489455414000
09-03 23:30:52.351 3633-4467/? I/InputDispatcher: Delivering touch to (626): action: 0x1, toolType: 1
09-03 23:30:52.351 3633-7848/? D/CustomFrequencyManagerService: acquireDVFSLockLocked : type : DVFS_MIN_LIMIT  frequency : 800000  uid : 1000  pid : 3633  pkgName : GESTURE_DETECTED@CPU_MIN@34
09-03 23:30:52.351 3633-7848/? D/CustomFrequencyManagerService: releaseDVFSLockLocked : Getting Lock type frm List : DVFS_MIN_LIMIT  frequency : 800000  uid : 1000  pid : 3633  tag : GESTURE_DETECTED@CPU_MIN@34
09-03 23:30:52.351 3633-7848/? D/CustomFrequencyManagerService: acquireDVFSLockLocked : type : DVFS_MIN_LIMIT  frequency : 800000  uid : 1000  pid : 3633  pkgName : GESTURE_DETECTED@CPU_MIN@34
09-03 23:30:52.361 626-626/? D/ViewRootImpl: ViewPostImeInputStage processPointer 1
09-03 23:30:52.361 626-626/? D/GlBoundaryAnim: startFling = 12800.0, mDec = -56.0
09-03 23:30:52.361 626-2881/? D/GlComposeView: onContentChanged=80,end=83
09-03 23:30:52.361 3633-5607/? D/CustomFrequencyManagerService: releaseDVFSLockLocked : Getting Lock type frm List : DVFS_MIN_LIMIT  frequency : 800000  uid : 1000  pid : 3633  tag : GALLERY_LIST_SCROLL@835
09-03 23:30:52.361 626-2843/? D/CpuBoostScrollCmd: Scroll Boost Release
09-03 23:30:52.361 3633-5617/? D/CustomFrequencyManagerService: acquireDVFSLockLocked : type : DVFS_MIN_LIMIT  frequency : 800000  uid : 1000  pid : 3633  pkgName : GALLERY_LIST_SCROLL@835
09-03 23:30:52.371 626-2843/? D/CpuBoostScrollCmd: Scroll Boost CPU Clock
09-03 23:30:52.391 626-2881/? D/GlComposeView: onContentChanged=84,end=95
09-03 23:30:52.421 626-2881/? D/GlComposeView: onContentChanged=96,end=99
09-03 23:30:52.981 3633-5549/? D/ConnectivityService: returning getNetworkInfo for network type 0 : [type: MOBILE[] - MOBILE, state: DISCONNECTED/DISCONNECTED, reason: (unspecified), extra: (none), roaming: false, failover: false, isAvailable: true]
09-03 23:30:52.981 3633-5551/? D/ConnectivityService: returning getNetworkInfo for network type 1 : [type: WIFI[] - WIFI, state: CONNECTED/CONNECTED, reason: (unspecified), extra: "HOME-E0A8", roaming: false, failover: false, isAvailable: true]
09-03 23:30:53.011 626-2832/? D/GlBoundaryAnim: applyTransform stopped by end of boundeffect
09-03 23:30:53.011 3633-5607/? D/CustomFrequencyManagerService: releaseDVFSLockLocked : Getting Lock type frm List : DVFS_MIN_LIMIT  frequency : 800000  uid : 1000  pid : 3633  tag : GALLERY_LIST_SCROLL@835
09-03 23:30:53.011 626-2843/? D/CpuBoostScrollCmd: Scroll Boost Release
09-03 23:30:53.641 16838-2849/? V/AllShare(ASF_DMC): [CP_DISCOVERY] RescanTimerExpiredCallBack: 310: Creating new thread for invalid device removal. timer_id: 2
09-03 23:30:53.771 3633-4468/? D/InputReader: Input event(3): value=1 when=155490877661000
09-03 23:30:53.771 3633-4468/? D/InputReader: Input event(3): value=1 when=155490877661000
09-03 23:30:53.771 3633-4468/? I/InputReader: Touch event's action is 0x0 (deviceType=0) [pCnt=1, s=0.12445 ] when=155490877661000
09-03 23:30:53.771 3633-4468/? D/InputReader: lastThreadEndTime = 155489455765475, currentThreadStartTime = 155489455770434, diff = 0
09-03 23:30:53.771 3633-4467/? I/InputDispatcher: Delivering touch to (19026): action: 0x4, toolType: 1
09-03 23:30:53.771 3633-4467/? I/InputDispatcher: Delivering touch to (626): action: 0x0, toolType: 1
09-03 23:30:53.771 626-626/? D/ViewRootImpl: ViewPostImeInputStage processPointer 0
09-03 23:30:53.771 19026-19026/? D/AutoHideHelper: ###check Single invalid
09-03 23:30:53.781 3633-3649/? D/CustomFrequencyManagerService: acquireDVFSLockLocked : type : DVFS_MIN_LIMIT  frequency : 800000  uid : 1000  pid : 3633  pkgName : GALLERY_LIST_SCROLL@835
09-03 23:30:53.781 626-2843/? D/CpuBoostScrollCmd: Scroll Boost CPU Clock
09-03 23:30:53.781 626-2832/? D/GlHoverController: onMessage msg = 3
09-03 23:30:53.781 626-2832/? D/GlHoverController: removeHoverView removed message = 0
09-03 23:30:53.841 3633-4468/? D/InputReader: Input event(3): value=0 when=155490947464000
09-03 23:30:53.841 3633-4468/? D/InputReader: Input event(3): value=0 when=155490947464000
09-03 23:30:53.841 3633-4468/? I/InputReader: Touch event's action is 0x1 (deviceType=0) [pCnt=1, s=] when=155490947464000
09-03 23:30:53.841 3633-4467/? I/InputDispatcher: Delivering touch to (626): action: 0x1, toolType: 1
09-03 23:30:53.841 626-626/? D/ViewRootImpl: ViewPostImeInputStage processPointer 1
09-03 23:30:53.841 3633-5842/? V/AudioService: AudioService playSoundEffect Type : 10, volume : -1.0
09-03 23:30:53.841 3633-4960/? V/AudioService: received MSG_PLAY_SOUND_EFFECT onPlaySoundEffect start
09-03 23:30:53.851 3093-4167/? I/APM::AudioPolicyManager: getSituationVolume: isBTConnected:0 isHeadConnected:0
09-03 23:30:53.851 3633-4604/? D/InputDispatcher: Focused application set to: xxxx
09-03 23:30:53.851 3093-3749/? W/AudioPolicyIntefaceImpl: Skipped to add effects on session 1491
09-03 23:30:53.851 3093-3749/? I/APM::AudioPolicyManager: startOutput() output 4, stream 1, session 1491
09-03 23:30:53.851 626-626/? I/Gallery_Performance: Gallery onPause Start
09-03 23:30:53.851 3633-5548/? D/CustomFrequencyManagerService: releaseDVFSLockLocked : Getting Lock type frm List : DVFS_MIN_LIMIT  frequency : 800000  uid : 1000  pid : 3633  tag : GALLERY_LIST_SCROLL@835
09-03 23:30:53.851 626-2843/? D/CpuBoostScrollCmd: Scroll Boost Release
09-03 23:30:53.861 3071-4573/? D/libEGL: eglTerminate EGLDisplay = 0x7f7ba7ae78
09-03 23:30:53.861 626-2832/? D/libEGL: eglTerminate EGLDisplay = 0x7f870bfe28
09-03 23:30:53.861 626-626/? D/GlRootView: onPause mGlActive = true
09-03 23:30:53.861 626-626/? I/GlLayer: pause = com.sec.samsung.gallery.glview.composeView.GlComposeAlbumPhotoView@a69b139, state = 1
09-03 23:30:53.861 3071-3071/? D/libEGL: eglTerminate EGLDisplay = 0x7ffb5b68d8
09-03 23:30:53.861 626-626/? I/Gallery_Performance: PostGalleryCmd pause() START 
09-03 23:30:53.861 626-626/? I/Gallery_Performance: PostGalleryCmd pause() END
09-03 23:30:53.861 626-626/? I/Gallery_Performance: Gallery onPause End
09-03 23:30:53.861 3633-5550/? D/CustomFrequencyManagerService: acquireDVFSLockLocked : type : DVFS_MIN_LIMIT  frequency : 1800000  uid : 1000  pid : 3633  pkgName : ACTIVITY_RESUME_BOOSTER@3
09-03 23:30:53.871 3093-3727/? D/audio_hw_primary: out_set_parameters: enter: kvpairs: routing=2
09-03 23:30:53.871 3093-3727/? I/audio_hw_primary: out_set_parameters adev->out_device:2
09-03 23:30:53.871 3093-3727/? I/audio_hw_primary: is_voice_wakeup : ret =  1  , wakeup_baby_cry_enabled = 0  ,  wakeup_mic_enabled = 1 
09-03 23:30:53.871 3093-3727/? I/audio_hw_primary: get_scenario : scenario_type = 36
09-03 23:30:53.871 3093-3727/? I/audio_hw_primary: get_input_snd_device_id device:0xc
09-03 23:30:53.871 3093-3727/? V/audio_hw_primary: select_devices output_scenario:0 input_scenario:36 out_snd_device 0x2 in_snd_device:0xc
09-03 23:30:53.871 3093-3727/? I/audio_hw_primary: select_devices - do not update mixer_path
09-03 23:30:53.871 3093-3727/? D/AudioFlinger: setCurDevice() 0x2
09-03 23:30:53.871 3633-5550/? D/ActivityManager: mDVFSHelper.acquire()
09-03 23:30:53.871 3633-5550/? D/ActivityManager:  Launching com.sh1r0.caffe_android_demo, updated priority
09-03 23:30:53.871 3633-7848/? D/SSRM:n: SIOP:: AP = 390, PST = 382 (W:14), CP = 262, CUR = -85, LCD = 132
09-03 23:30:53.871 3633-3633/? D/GameManagerService: NotifyRunnable. pkg: com.sh1r0.caffe_android_demo, type: 4, isMinimized: false, isTunableApp: false
09-03 23:30:53.881 3633-3707/? W/ContextImpl: Calling a method in the system process without a qualified user: android.app.ContextImpl.sendBroadcast:830 com.android.server.policy.PhoneWindowManager.notifyToSSRM:8645 com.android.server.policy.PhoneWindowManager.access$1500:307 com.android.server.policy.PhoneWindowManager$PolicyHandler.handleMessage:1206 android.os.Handler.dispatchMessage:102 
09-03 23:30:53.881 3633-5127/? D/InputDispatcher: Focus left window: 626
09-03 23:30:53.881 3633-3712/? D/PointerIcon: setMouseIconStyle1 pointerType: 1001 iconType:101 flag:0 pid:3633 uid:1000
09-03 23:30:53.881 3633-3712/? D/PointerIcon: setMouseCustomIcon IconType is same.101
09-03 23:30:53.901 31564-31564/? D/MainActivity: /storage/emulated/0/DCIM/Camera/test/Elephant/519.jpg
09-03 23:30:53.901 31564-31564/? D/MainActivity: 256
09-03 23:30:53.901 31564-31564/? D/MainActivity: 384
09-03 23:30:53.901 3093-3727/? D/AudioFlinger: mixer(0xede40000) throttle end: throttle time(7)
09-03 23:30:53.911 31564-31564/? D/ViewRootImpl: #1 mView = com.android.internal.policy.PhoneWindow$DecorView{8b3bcd4 V.E...... R.....I. 0,0-0,0}
09-03 23:30:53.911 3633-5273/? D/ISSUE_DEBUG: InputChannelName : c3e2d19 Predicting...
09-03 23:30:53.911 3633-3707/? D/StatusBarManagerService: manageDisableList userId=0 what=0x0 pkg=Window{c3e2d19 u0 d0 Predicting...}
09-03 23:30:53.911 3633-5273/? D/InputDispatcher: Focus entered window: 31564
09-03 23:30:53.911 5169-5169/? D/PhoneStatusBar: setSystemUiVisibility vis=8000 mask=ffffffff oldVal=8600 newVal=8000 diff=600
09-03 23:30:53.911 3633-3712/? D/PointerIcon: setMouseIconStyle1 pointerType: 1001 iconType:101 flag:0 pid:3633 uid:1000
09-03 23:30:53.911 3633-3712/? D/PointerIcon: setMouseCustomIcon IconType is same.101
09-03 23:30:53.911 3633-3648/? D/ActivityManager: post active user change for 0 fullscreen true isFloatingActivity() false isHomeActivity() false
09-03 23:30:53.911 3633-3648/? D/KnoxTimeoutHandler: postActiveUserChange [MsgParam] userId: 0 fullscreen is true showWhenlocked is false
09-03 23:30:53.911 3633-3633/? D/KnoxTimeoutHandler: handleActiveUserChange [MsgParam] userId: 0 fullscreen is true showWhenlocked is false
09-03 23:30:53.911 3633-3633/? I/KnoxTimeoutHandler: Shared devices show user statefalse
09-03 23:30:53.921 3071-3071/? I/SurfaceFlinger: id=3827 createSurf (1x1),1 flag=4, 
09-03 23:30:53.931 31564-31586/? D/mali_winsys: new_window_surface returns 0x3000,  [1336x648]-format:1
09-03 23:30:53.931 3071-3071/? I/SurfaceFlinger: id=3828 createSurf (1440x2560),1 flag=404, NainActivit
09-03 23:30:53.941 31564-31586/? D/mali_winsys: new_window_surface returns 0x3000,  [1440x2560]-format:1
09-03 23:30:53.951 31564-31564/? W/ActivityThread: AppLock checkAppLockState isAppLocked = false pkgName = com.sh1r0.caffe_android_demo showWhenLocked = false
09-03 23:30:53.951 31564-31564/? D/ViewRootImpl: MSG_RESIZED_REPORT: ci=Rect(0, 0 - 0, 0) vi=Rect(0, 0 - 0, 0) or=1
09-03 23:30:53.951 31564-31564/? W/DisplayListCanvas: DisplayListCanvas is started on unbinded RenderNode (without mOwningView)
09-03 23:30:53.951 3093-3624/? I/APM::AudioPolicyManager: stopOutput() output 4, stream 1, session 1491
09-03 23:30:53.951 3633-5550/? V/WindowStateAnimator: Finishing drawing window Window{c3e2d19 u0 d0 Predicting...}: mDrawState=DRAW_PENDING
09-03 23:30:53.961 3071-3071/? D/libEGL: eglInitialize EGLDisplay = 0x7ffb5b6848
09-03 23:30:53.961 3071-3071/? D/libEGL: eglInitialize EGLDisplay = 0x7ffb5b6848
09-03 23:30:53.961 3633-5127/? V/WindowStateAnimator: Finishing drawing window Window{3f9ce79 u0 d0 com.sh1r0.caffe_android_demo/com.sh1r0.caffe_android_demo.MainActivity}: mDrawState=DRAW_PENDING
09-03 23:30:53.961 31564-31564/? I/Timeline: Timeline: Activity_idle id: android.os.BinderProxy@1771ffb time:155491069
09-03 23:30:53.971 31564-31564/? D/ViewRootImpl: MSG_RESIZED: ci=Rect(0, 0 - 0, 0) vi=Rect(0, 0 - 0, 0) or=1
09-03 23:30:53.971 3633-3712/? D/KnoxTimeoutHandler: notifyActivityDrawn [MsgParam] userId: 0 fullscreen is true showWhenlocked is false
09-03 23:30:53.971 3633-3707/? D/StatusBarManagerService: manageDisableList userId=0 what=0x0 pkg=Window{c3e2d19 u0 d0 Predicting...}
09-03 23:30:53.971 3633-3633/? D/KnoxTimeoutHandler: activityDrawn [MsgParam] userId: 0 fullscreen is true showWhenlocked is false
09-03 23:30:53.971 3633-3712/? I/ActivityManager: Displayed com.sh1r0.caffe_android_demo/.MainActivity: +102ms
09-03 23:30:53.971 5169-5169/? D/PhoneStatusBar: setSystemUiVisibility vis=0 mask=ffffffff oldVal=8000 newVal=0 diff=8000
09-03 23:30:53.971 3633-3633/? I/KnoxTimeoutHandler: SD activityfalse
09-03 23:30:53.981 3071-3071/? D/libEGL: eglInitialize EGLDisplay = 0x7ffb5b6848
09-03 23:30:53.981 19026-19026/? D/ViewRootImpl: MSG_RESIZED: ci=Rect(0, 0 - 0, 0) vi=Rect(0, 0 - 0, 0) or=1
09-03 23:30:53.991 626-626/? I/GlRootView: surfaceDestroyed, type = 1
09-03 23:30:53.991 626-626/? I/GlRootView: enter replaceLayer = com.sec.samsung.gallery.glview.composeView.GlComposeSplitView@e16037e, new = null, type = 1
09-03 23:30:53.991 626-626/? I/GlLayer: pause = com.sec.samsung.gallery.glview.composeView.GlComposeSplitView@e16037e, state = 1
09-03 23:30:53.991 626-626/? I/GlLayer: pause = com.sec.samsung.gallery.glview.composeView.GlComposeAlbumPhotoView@a69b139, state = 2
09-03 23:30:53.991 626-626/? I/GlLayer: destroy = com.sec.samsung.gallery.glview.composeView.GlComposeSplitView@e16037e, state = 2
09-03 23:30:53.991 626-626/? I/GlLayer: destroy = com.sec.samsung.gallery.glview.composeView.GlComposeAlbumPhotoView@a69b139, state = 2
09-03 23:30:53.991 626-626/? D/GlComposeView: setAdapter = com.sec.samsung.gallery.view.adapter.ComposeMediaItemAdapter@c50456, new = null
09-03 23:30:53.991 626-626/? D/GlComposeView: setAdapter = com.sec.samsung.gallery.view.adapter.ComposePhotoViewAlbumSetAdapter@b005418, new = null
09-03 23:30:53.991 626-626/? I/GlRootView: exit replaceLayer
09-03 23:30:53.991 626-626/? I/GlRootView: finalizeView layer = null, content = null, GlAvala, type = 1
09-03 23:30:53.991 3071-3299/? D/libEGL: eglTerminate EGLDisplay = 0x7f825fee78
09-03 23:30:53.991 3071-3299/? D/libEGL: eglTerminate EGLDisplay = 0x7f825fee78
09-03 23:30:53.991 3071-3071/? D/libEGL: eglInitialize EGLDisplay = 0x7ffb5b6848
09-03 23:30:54.021 3633-7848/? D/ConnectivityService: returning getNetworkInfo for network type 1 : [type: WIFI[] - WIFI, state: CONNECTED/CONNECTED, reason: (unspecified), extra: "HOME-E0A8", roaming: false, failover: false, isAvailable: true]
09-03 23:30:54.021 5169-5363/? D/NetworkController.MobileSignalController(0/4): onSignalStrengthsChanged signalStrength=SignalStrength: 99 99 -120 -160 -120 -1 -1 19 -108 -13 -6 -1 2147483647 0x2000 gsm|lte level=2
09-03 23:30:54.021 5169-5363/? D/NetworkController.MobileSignalController(0/4): getMobileIconGroup(): 13
09-03 23:30:54.021 5169-5363/? D/NetworkController.MobileSignalController(0/4): updateCMCCMobileIconGroup(): 13
09-03 23:30:54.231 3633-3712/? D/CustomFrequencyManagerService: releaseDVFSLockLocked : Getting Lock type frm List : DVFS_MIN_LIMIT  frequency : 1800000  uid : 1000  pid : 3633  tag : ACTIVITY_RESUME_BOOSTER@3
09-03 23:30:54.231 3633-3712/? D/ActivityManager: mDVFSHelper.release()
09-03 23:30:54.231 3633-3712/? I/Timeline: Timeline: Activity_windows_visible id: ActivityRecord{41b5ee3 u0 com.sh1r0.caffe_android_demo/.MainActivity t13368} time:155491337
09-03 23:30:54.231 3071-4514/? I/SurfaceFlinger: id=3825 Removed HalleryActi (8/11)
09-03 23:30:54.231 3071-4573/? I/SurfaceFlinger: id=3825 Removed HalleryActi (-2/11)
09-03 23:30:54.231 3071-3297/? I/SurfaceFlinger: id=3826 Removed TurfaceView (7/10)
09-03 23:30:54.241 3071-3299/? I/SurfaceFlinger: id=3826 Removed TurfaceView (-2/10)
09-03 23:30:54.241 626-626/? I/Gallery_Performance: Gallery onDestroy Start
09-03 23:30:54.241 626-626/? D/GalleryActivityLifecycleCallback: destroyed : count 0
09-03 23:30:54.241 626-626/? I/NearbyUtils: stop nearby framework
09-03 23:30:54.241 626-626/? E/NearbyClient: stop player called
09-03 23:30:54.241 626-626/? E/NearbyClient: mViewer is null 
09-03 23:30:54.241 626-626/? E/NearbyClient: handleScreenSharingNotify: currDevice is null 
09-03 23:30:54.251 3071-3071/? D/libEGL: eglTerminate EGLDisplay = 0x7ffb5b6978
09-03 23:30:54.251 16838-2386/? W/AllShare(ASF-DMC): SubscriberManager.existGlobalEventSubscription - com.sec.android.allshare.event.EVENT_IMAGE_VIEWER_DISCOVERY not subscribed to android.os.Messenger@b26179c
09-03 23:30:54.251 3071-3071/? D/libEGL: eglTerminate EGLDisplay = 0x7ffb5b6948
09-03 23:30:54.251 16838-29443/? W/AllShare(ASF-DMC): SubscriberManager.existGlobalEventSubscription - com.sec.android.allshare.event.EVENT_PROVIDER_DISCOVERY not subscribed to android.os.Messenger@b26179c
09-03 23:30:54.251 3633-3712/? D/KnoxTimeoutHandler: notifyActivityDrawn [MsgParam] userId: 0 fullscreen is true showWhenlocked is false
09-03 23:30:54.251 3633-4944/? D/NetworkPolicy: isUidForegroundLocked: 10044, mScreenOn: true, uidstate: 16, mProxSensorScreenOff: false
09-03 23:30:54.251 3633-3633/? D/KnoxTimeoutHandler: activityDrawn [MsgParam] userId: 0 fullscreen is true showWhenlocked is false
09-03 23:30:54.251 3633-4944/? V/NetworkPolicy: getFirewallRuleWifi UID:10044 policy:0
09-03 23:30:54.251 3633-3633/? I/KnoxTimeoutHandler: SD activityfalse
09-03 23:30:54.251 3633-3706/? D/CustomFrequencyManagerService: acquireDVFSLockLocked : type : DVFS_MIN_LIMIT  frequency : 1800000  uid : 1000  pid : 3633  pkgName : ACTIVITY_RESUME_BOOSTER@9
09-03 23:30:54.261 626-626/? I/AllShare(ASF-API): L-d140909 / AllShareConnector.Subscriber onServiceDisconnected from gallery3d
09-03 23:30:54.261 16838-16838/? D/AllShare(ASF-DMC): ServiceManager.onUnbind - [ TRACE ] onUnbind
09-03 23:30:54.261 16838-16838/? D/AllShare(ASF-DMC): ServiceManager.unbindServiceManager - unbind method executed....  ACTION            : com.samsung.android.allshare.service.mediashare.SUBSCRIBE_SERVICE
09-03 23:30:54.261 626-626/? D/AllShare(ASF-API): L-d140909 / AllShareConnector.onDisconnected from gallery3d
09-03 23:30:54.261 626-626/? I/NearbyClient: ServiceProvider Deleted
09-03 23:30:54.261 626-626/? D/AllShare(ASF-API): L-d140909 / AllShareConnector.before destroyInstance, mConnecting=false
09-03 23:30:54.261 626-626/? D/AllShare(ASF-API): L-d140909 / AllShareConnector.after destroyInstance, mConnecting=false
09-03 23:30:54.261 626-626/? D/NearbyUtils: clear nearby caches
09-03 23:30:54.261 626-626/? V/StateManager: destroy
09-03 23:30:54.271 626-626/? I/Gallery_Performance: AlbumViewState onDestroy Start
09-03 23:30:54.271 626-626/? I/Gallery_Performance: AlbumViewState onDestroy Start
09-03 23:30:54.271 626-626/? I/Gallery_Performance: PostGalleryCmd destroy() START 
09-03 23:30:54.271 626-626/? I/Gallery_Performance: PostGalleryCmd destroy() END
09-03 23:30:54.281 626-626/? I/Gallery_Performance: Gallery onDestroy End
09-03 23:30:54.281 626-626/? D/MultiPhoneWindow: performUpdateVisibility, same visibility false
09-03 23:30:54.281 626-626/? D/ViewRootImpl: #3 mView = null
09-03 23:30:54.491 3633-5551/? D/ConnectivityService: returning getNetworkInfo for network type 0 : [type: MOBILE[] - MOBILE, state: DISCONNECTED/DISCONNECTED, reason: (unspecified), extra: (none), roaming: false, failover: false, isAvailable: true]
09-03 23:30:54.491 3633-5607/? D/ConnectivityService: returning getNetworkInfo for network type 1 : [type: WIFI[] - WIFI, state: CONNECTED/CONNECTED, reason: (unspecified), extra: "HOME-E0A8", roaming: false, failover: false, isAvailable: true]
09-03 23:30:54.551 3633-3633/? D/CustomFrequencyManagerService: releaseDVFSLockLocked : Getting Lock type frm List : DVFS_MIN_LIMIT  frequency : 1800000  uid : 1000  pid : 3633  tag : ACTIVITY_RESUME_BOOSTER@9
09-03 23:30:54.771 31564-31767/? I/caffe_jni: I0903 23:30:54.783520 31767 caffe_mobile.cpp:211] Forwarding time: 3657.14 ms.
09-03 23:30:54.771 31564-31564/? I/MainActivity: elapsed wall time: 860 ms
09-03 23:30:54.791 3071-3299/? D/libEGL: eglTerminate EGLDisplay = 0x7f825fee78
09-03 23:30:54.791 3071-3299/? D/libEGL: eglTerminate EGLDisplay = 0x7f825fee78
09-03 23:30:54.791 31564-31564/? D/ViewRootImpl: #3 mView = null
09-03 23:30:54.791 3633-5550/? D/InputDispatcher: Focus left window: 31564
09-03 23:30:54.791 3633-5550/? D/InputDispatcher: Focus entered window: 31564
09-03 23:30:54.791 3633-3712/? D/PointerIcon: setMouseIconStyle1 pointerType: 1001 iconType:101 flag:0 pid:3633 uid:1000
09-03 23:30:54.791 3633-3712/? D/PointerIcon: setMouseCustomIcon IconType is same.101
09-03 23:30:54.801 3071-3071/? D/libEGL: eglInitialize EGLDisplay = 0x7ffb5b6848
09-03 23:30:54.801 3633-3649/? D/InputMethodManagerService: windowGainedFocus mCurrentFocusedUserId - 0 and mSecureKeypadEnabled-false
09-03 23:30:54.801 6395-6395/? D/SamsungIME: IMPL finishInput
09-03 23:30:54.801 31564-31564/? E/ViewRootImpl: sendUserActionEvent() mView == null
09-03 23:30:54.801 6395-6395/? D/RMHelper: SamsungIME : RMisReady() : client is null
09-03 23:30:54.801 6395-6395/? D/RMHelper: SamsungIME : RMisReady() : client is null
09-03 23:30:54.801 6395-6395/? D/RMHelper: RMHelper : initHelper()
09-03 23:30:54.801 6395-6395/? E/ActivityThread: Failed to find provider info for com.sec.android.inputmethod.resourcemanager
09-03 23:30:54.801 6395-6395/? D/RMHelper: SamsungIME : initHelper() : client is null
09-03 23:30:54.801 6395-6395/? D/RMHelper: SamsungIME : RMisReady() : client is null
09-03 23:30:54.801 6395-6395/? D/RMHelper: SamsungIME : RMisReady() : client is null
09-03 23:30:54.801 6395-6395/? D/RMHelper: RMHelper : initHelper()
09-03 23:30:54.801 6395-6395/? D/RMHelper: SamsungIME : initHelper() : client is null
09-03 23:30:54.801 6395-6395/? E/ActivityThread: Failed to find provider info for com.sec.android.inputmethod.resourcemanager
09-03 23:30:54.801 6395-6395/? D/RMHelper: SamsungIME : RMisReady() : client is null
09-03 23:30:54.801 6395-6395/? D/RMHelper: SamsungIME : RMisReady() : client is null
09-03 23:30:54.801 6395-6395/? D/RMHelper: RMHelper : initHelper()
09-03 23:30:54.801 6395-6395/? D/RMHelper: SamsungIME : initHelper() : client is null
09-03 23:30:54.801 6395-6395/? E/ActivityThread: Failed to find provider info for com.sec.android.inputmethod.resourcemanager
09-03 23:30:54.801 6395-6395/? D/SamsungIME: onStartInput: No inputType, No imeOption, isInputViewShown = false, isExtractViewShown = false, isShowInputRequested = false, isConfigChanged = false
09-03 23:30:54.821 3071-3071/? D/libEGL: eglInitialize EGLDisplay = 0x7ffb5b6848
09-03 23:30:54.831 3633-3633/? D/CustomFrequencyManagerService: releaseDVFSLockLocked : Getting Lock type frm List : DVFS_MIN_LIMIT  frequency : 800000  uid : 1000  pid : 3633  tag : GESTURE_DETECTED@CPU_MIN@34
09-03 23:30:54.881 5248-5248/? D/Recents: onTaskStackChanged
09-03 23:30:55.051 3071-3297/? I/SurfaceFlinger: id=3827 Removed  (6/9)
09-03 23:30:55.051 3071-3299/? I/SurfaceFlinger: id=3827 Removed  (-2/9)
09-03 23:30:55.071 3071-3071/? D/libEGL: eglTerminate EGLDisplay = 0x7ffb5b6978
09-03 23:30:55.421 5169-5363/? D/NetworkController.MobileSignalController(0/4): onSignalStrengthsChanged signalStrength=SignalStrength: 99 99 -120 -160 -120 -1 -1 19 -107 -12 102 -1 2147483647 0x2000 gsm|lte level=2
09-03 23:30:55.421 5169-5363/? D/NetworkController.MobileSignalController(0/4): getMobileIconGroup(): 13
09-03 23:30:55.421 5169-5363/? D/NetworkController.MobileSignalController(0/4): updateCMCCMobileIconGroup(): 13
09-03 23:30:55.751 3633-5254/? D/BatteryService: !@BatteryListener : batteryPropertiesChanged!
09-03 23:30:55.751 3633-5254/? D/BatteryService: level:63, scale:100, status:2, health:2, present:true, voltage: 3970, temperature: 267, technology: Li-ion, AC powered:false, USB powered:true, POGO powered:false, Wireless powered:false, icon:17303413, invalid charger:0, maxChargingCurrent:0
09-03 23:30:55.751 3633-5254/? D/BatteryService: online:4, current avg:-131, charge type:1, power sharing:false, high voltage charger:false, capacity:280000, batterySWSelfDischarging:false, current_now:163
09-03 23:30:55.751 3633-3633/? D/BatteryService: Sending ACTION_BATTERY_CHANGED.
09-03 23:30:55.761 3633-3633/? I/MotionRecognitionService: Plugged
09-03 23:30:55.761 3633-3633/? D/MotionRecognitionService:   cableConnection= 1
09-03 23:30:55.761 3633-3633/? D/MotionRecognitionService: setPowerConnected | current backoffstate  = 1024 , state =1024
09-03 23:30:55.761 3633-3633/? D/MotionRecognitionService: skip setTransmitPower. 
09-03 23:30:55.761 5169-5169/? D/KeyguardUpdateMonitor: received broadcast android.intent.action.BATTERY_CHANGED
09-03 23:30:55.761 5169-5169/? D/PowerUI: priorPlugType = 2 mPlugType =  2
09-03 23:30:55.761 5199-5199/? D/CommonServiceConfiguration: getStringValueSetting
09-03 23:30:55.761 5169-5169/? D/PowerUI.Notification: showChargingNotice oldChargingType : 1 currentChargingType : 1 oldChargingTime : 8140000 mChargingTime : 8140000
09-03 23:30:55.761 5169-5169/? D/KeyguardUpdateMonitor: handleBatteryUpdate
09-03 23:30:55.761 5169-5169/? D/PowerUI.Notification: There is no change about charging status, so return!
09-03 23:30:55.761 5199-5199/? D/BatteryMonitor: new battery level: 63
09-03 23:30:55.761 5169-5169/? D/BatteryMeterView: ACTION_BATTERY_CHANGED : level:63 status:2 health:2
09-03 23:30:55.791 5169-5169/? D/BatteryMeterView: ACTION_BATTERY_CHANGED : level:63 status:2 health:2
09-03 23:30:55.791 5169-5169/? D/CoverUpdateMonitor: received broadcast android.intent.action.BATTERY_CHANGED
09-03 23:30:55.991 3633-3648/? D/ConnectivityService: returning getNetworkInfo for network type 0 : [type: MOBILE[] - MOBILE, state: DISCONNECTED/DISCONNECTED, reason: (unspecified), extra: (none), roaming: false, failover: false, isAvailable: true]
09-03 23:30:55.991 3633-5842/? D/ConnectivityService: returning getNetworkInfo for network type 1 : [type: WIFI[] - WIFI, state: CONNECTED/CONNECTED, reason: (unspecified), extra: "HOME-E0A8", roaming: false, failover: false, isAvailable: true]
09-03 23:30:56.591 5169-5363/? D/NetworkController.MobileSignalController(0/4): onSignalStrengthsChanged signalStrength=SignalStrength: 99 99 -120 -160 -120 -1 -1 18 -107 -12 88 -1 2147483647 0x2000 gsm|lte level=2
09-03 23:30:56.591 5169-5363/? D/NetworkController.MobileSignalController(0/4): getMobileIconGroup(): 13
09-03 23:30:56.591 5169-5363/? D/NetworkController.MobileSignalController(0/4): updateCMCCMobileIconGroup(): 13
09-03 23:30:56.921 3093-3727/? I/audio_hw_primary: do_out_standby +
09-03 23:30:56.941 3093-3727/? D/audio_hw_primary: output_devices devices:0
09-03 23:30:56.941 3093-3727/? D/audio_hw_primary: output_devices devices:0
09-03 23:30:56.941 3093-3727/? I/audio_hw_primary: is_voice_wakeup : ret =  1  , wakeup_baby_cry_enabled = 0  ,  wakeup_mic_enabled = 1 
09-03 23:30:56.941 3093-3727/? I/audio_hw_primary: get_scenario : scenario_type = 36
09-03 23:30:56.941 3093-3727/? I/audio_hw_primary: get_input_snd_device_id device:0xc
09-03 23:30:56.941 3093-3727/? V/audio_hw_primary: select_devices output_scenario:-1 input_scenario:36 out_snd_device 0x0 in_snd_device:0xc
09-03 23:30:56.941 3093-3727/? I/audio_hw_primary: set_spk_rx_mute mute(1), rx val=0
09-03 23:30:56.941 3093-3727/? I/audio_route: > audio_route_reset :
09-03 23:30:56.941 3093-3727/? I/audio_route: > audio_route_apply_path : "voice_control-mic"
09-03 23:30:56.941 3093-3727/? V/audio_hw_primary: select_devices() input_route "voice_control-mic" 
09-03 23:30:56.941 3093-3727/? I/audio_route: > audio_route_apply_path : "gain-voice_control-mic"
09-03 23:30:56.941 3093-3727/? V/audio_hw_primary: select_devices() input_gain "gain-voice_control-mic" 
09-03 23:30:56.941 3093-3727/? I/audio_route: > audio_route_update_mixer : +
09-03 23:30:56.951 3093-3727/? I/audio_route: > audio_route_update_mixer : changed(7) -
09-03 23:30:56.951 3093-3727/? V/audio_hw_primary: select_devices : set seamless_buf_offset
09-03 23:30:56.951 3093-3727/? I/audio_route: > audio_values_apply_path : "seamless_buf_offset"
09-03 23:30:56.951 3093-3727/? I/audio_hw_primary: select_devices - 
09-03 23:30:56.951 3093-3727/? I/audio_hw_primary: do_out_standby -
09-03 23:30:57.271 16838-16838/? D/AllShare(ASF-DMC): ServiceManager.mRunnableTimer - [ TRACE ] Stop Service
09-03 23:30:57.271 16838-16838/? D/AllShare(ASF-DMC): ServiceManager.onDestroy - [ TRACE ] onDestroy
09-03 23:30:57.271 16838-16838/? I/AllShare(ASF-DMC): ServiceManager.stopServiceManager - Stop AllShare Service...
09-03 23:30:57.271 16838-16838/? D/AllShare(ASF-DMC): DeviceSubscriber.clear - clear the subscribed devices
09-03 23:30:57.271 16838-16838/? V/AllShare(ASF_DMC): [CP_DISCOVERY] GetDeviceList: 165: interesting device list empty
09-03 23:30:57.271 16838-16838/? E/AllShare(ASF_DMC): [MSCP] FormMediaServerList: 498: GetDeviceList Failed
09-03 23:30:57.271 16838-16838/? V/AllShare(ASF_DMC): [CP_DISCOVERY] UnRegisterCP: 139: UnRegistering CP Success
09-03 23:30:57.271 16838-16838/? I/AllShare(ASF-DMC): ServiceManager.stopServiceManager - stop mscp successfully!
09-03 23:30:57.271 16838-16838/? I/AllShare(ASF_DMC): [STREAMING] DeleteReference: 130: StreamingManager::DeleteReference Ref Count [1]
09-03 23:30:57.271 16838-16838/? I/AllShare(ASF_DMC): [STREAMING] DestroyInstance: 61: StreamingManager::DestroyInstance Ref Count [1]
09-03 23:30:57.271 16838-16838/? V/AllShare(ASF_DMC): [CP_DISCOVERY] UnRegisterCP: 139: UnRegistering CP Success
09-03 23:30:57.271 16838-16838/? E/AllShare(ASF_DMC): [MRCP] Stop: 201: Unregistering CP Successful 
09-03 23:30:57.271 16838-16838/? I/AllShare(ASF-DMC): ServiceManager.stopServiceManager - stop mrcp successfully!
09-03 23:30:57.271 16838-16838/? V/AllShare(ASF_DMC): [KIES_CP] StopKiescp: 297: StopKiescp
09-03 23:30:57.271 16838-16838/? V/AllShare(ASF_DMC): [CP_DISCOVERY] GetDeviceList: 165: interesting device list empty
09-03 23:30:57.271 16838-16838/? E/AllShare(ASF_DMC): [KIES_CP] FormKiesDeviceList: 154: Getting Device List Failed
09-03 23:30:57.271 16838-16838/? V/AllShare(ASF_DMC): [CP_DISCOVERY] UnRegisterCP: 139: UnRegistering CP Success
09-03 23:30:57.271 16838-16838/? I/AllShare(ASF-DMC): ServiceManager.stopServiceManager - stop kies cp successfully!
09-03 23:30:57.271 16838-16838/? I/AllShare(ASF-DMC): MessageAllocateTask.setStopFlag - mStopFlag = false
09-03 23:30:57.271 16838-16838/? I/AllShare(ASF-DMC): MessagePublishTask.setStopFlag - mStopFlag = false
09-03 23:30:57.271 16838-2869/? W/AllShare(ASF-DMC): MessageAllocateTask.handleAllocateMessage - Oops~~. Undefined Context Variable type...
09-03 23:30:57.271 16838-2868/? W/AllShare(ASF-DMC): MessagePublishTask.handlePublishMessage - Oops~~. Undefined Context Variable type...
09-03 23:30:57.271 16838-16838/? D/AllShare(ASF-DMC): ServiceManager.finiServiceManager - Finalize AllShare Service Manager...
09-03 23:30:57.271 16838-16838/? V/AllShare(ASF_DMC): [JNI] JavaTerminateAllShareFrameworkCore: 56: Enter AllShareFrameworkCoreNativeAPI_terminateAllShareFrameworkCore.
09-03 23:30:57.271 16838-16838/? V/AllShare(ASF_DMC): [CP_DISCOVERY] UnRegisterCP: 139: UnRegistering CP Success
09-03 23:30:57.271 16838-16838/? V/AllShare(ASF_DMC): [CP_DISCOVERY] Terminate: 97: CP Discovery Terminate
09-03 23:30:57.271 16838-16838/? V/AllShare(ASF_DMC): [STREAMING] DeleteReference: 92: Stopping streaming threads
09-03 23:30:57.271 16838-16838/? I/AllShare(ASF_DMC): [STREAMING] DeleteReference: 130: StreamingManager::DeleteReference Ref Count [0]
09-03 23:30:57.271 16838-16838/? I/AllShare(ASF_DMC): [STREAMING] DestroyInstance: 61: StreamingManager::DestroyInstance Ref Count [0]
09-03 23:30:57.271 16838-16838/? V/AllShare(ASF_DMC): [CP_DISCOVERY] CleanUp: 53: cleanup start
09-03 23:30:57.271 16838-16838/? V/AllShare(ASF_DMC): [CP_DISCOVERY] CleanUp: 76: joining rescan threads
09-03 23:30:57.271 16838-16838/? V/AllShare(ASF_DMC): [CP_DISCOVERY] CleanUp: 117: cleanup done
09-03 23:30:57.271 16838-16838/? V/AllShare(ASF_DMC): [CP_DISCOVERY] Terminate: 99: CP Discovery Terminate DeviceList
09-03 23:30:57.271 16838-16838/? V/AllShare(ASF_DMC): [CP_DISCOVERY] ClearDeviceList: 56: exit
09-03 23:30:57.271 16838-16838/? V/AllShare(ASF_DMC): [CP_DISCOVERY] Terminate: 101: CP Discovery Terminate Finish
09-03 23:30:57.271 16838-16838/? V/AllShare(ASF_DMC): [FRAMEWORK_CONTROLLER] TerminateUPnP: 176: cp_discovery Terminated
09-03 23:30:57.271 16838-16838/? V/AllShare(ASF_DMC): [FRAMEWORK_CONTROLLER] TerminateUPnP: 178: cp_control Terminated
09-03 23:30:57.271 16838-2891/? V/AllShare(ASF-DMC): ServiceManager.finiActionHandlers - Found AsyncActionHandler : com.samsung.android.allshare.service.mediashare.handler.playercontrol.AVPlayerAsyncActionHandler
09-03 23:30:57.271 16838-16838/? V/AllShare(ASF_DMC): [FRAMEWORK_CONTROLLER] TerminateFrameworkCore: 212: Enter
09-03 23:30:57.271 16838-16838/? V/AllShare(ASF_DMC): [NETWORK_LAYER] StopNetworkLayer: 122: Enter
09-03 23:30:57.271 16838-2891/? V/AllShare(ASF-DMC): ServiceManager.finiActionHandlers - Found AsyncActionHandler : com.samsung.android.allshare.service.mediashare.handler.playercontrol.SlideShowPlayerAsyncActionHandler
09-03 23:30:57.271 16838-16838/? V/AllShare(ASF_DMC): [NETWORK_LAYER] StopNetworkLayer: 129: 1: Calling StopClientThreads
09-03 23:30:57.271 16838-2891/? V/AllShare(ASF-DMC): ServiceManager.finiActionHandlers - Found AsyncActionHandler : com.samsung.android.allshare.service.mediashare.handler.playercontrol.ImageViewerAsyncActionHandler
09-03 23:30:57.271 16838-2891/? V/AllShare(ASF-DMC): ServiceManager.finiActionHandlers - Found AsyncActionHandler : com.samsung.android.allshare.service.mediashare.handler.upnpdevice.KiesAsyncActionHandler
09-03 23:30:57.271 16838-2891/? V/AllShare(ASF-DMC): ServiceManager.finiActionHandlers - Found AsyncActionHandler : com.samsung.android.allshare.service.mediashare.handler.server.ProviderAsyncActionHandler
09-03 23:30:57.271 16838-2891/? V/AllShare(ASF-DMC): ServiceManager.finiActionHandlers - Found AsyncActionHandler : com.samsung.android.allshare.service.mediashare.handler.server.ReceiverAsyncActionHandler
09-03 23:30:57.271 16838-2891/? V/AllShare(ASF-DMC): ServiceManager.finiActionHandlers - Found AsyncActionHandler : com.samsung.android.allshare.service.mediashare.handler.playercontrol.URIPlayerAsyncActionHandler
09-03 23:30:57.271 16838-2891/? V/AllShare(ASF-DMC): ServiceManager.finiActionHandlers - Found AsyncActionHandler : com.samsung.android.allshare.service.mediashare.handler.playercontrol.PlaylistPlayerAsyncActionHandler
09-03 23:30:57.271 16838-2891/? V/AllShare(ASF-DMC): ServiceManager.finiActionHandlers - Found AsyncActionHandler : com.samsung.android.allshare.service.mediashare.handler.playercontrol.ViewControllerAsyncActionHandler
09-03 23:30:57.271 16838-2891/? V/AllShare(ASF-DMC): ServiceManager.finiActionHandlers - Found SyncActionHandler : com.samsung.android.allshare.service.mediashare.handler.playercontrol.ImageViewerSyncActionHandler
09-03 23:30:57.271 16838-2891/? V/AllShare(ASF-DMC): ServiceManager.finiActionHandlers - Found SyncActionHandler : com.samsung.android.allshare.service.mediashare.handler.devicefinder.DeviceFinderDeviceSyncActionHandler
09-03 23:30:57.271 16838-2891/? V/AllShare(ASF-DMC): ServiceManager.finiActionHandlers - Found SyncActionHandler : com.samsung.android.allshare.service.mediashare.handler.playercontrol.AVPlayerSyncActionHandler
09-03 23:30:57.271 16838-2891/? V/AllShare(ASF-DMC): ServiceManager.finiActionHandlers - Found SyncActionHandler : com.samsung.android.allshare.service.mediashare.handler.playercontrol.PlaylistPlayerSyncActionHandler
09-03 23:30:57.271 16838-2891/? V/AllShare(ASF-DMC): ServiceManager.finiActionHandlers - Found SyncActionHandler : com.samsung.android.allshare.service.mediashare.handler.download.DownloadSyncActionHandler
09-03 23:30:57.271 16838-2891/? D/AllShare(ASF-DMC): ServiceManager.finiActionHandlers - Finalize Action Handler : com.samsung.android.allshare.service.mediashare.handler.playercontrol.AVPlayerAsyncActionHandler
09-03 23:30:57.271 16838-2891/? D/AllShare(ASF-DMC): ServiceManager.finiActionHandlers - Finalize Action Handler : com.samsung.android.allshare.service.mediashare.handler.playercontrol.SlideShowPlayerAsyncActionHandler
09-03 23:30:57.271 16838-2891/? D/AllShare(ASF-DMC): ServiceManager.finiActionHandlers - Finalize Action Handler : com.samsung.android.allshare.service.mediashare.handler.playercontrol.ImageViewerAsyncActionHandler
09-03 23:30:57.271 16838-2891/? D/AllShare(ASF-DMC): ServiceManager.finiActionHandlers - Finalize Action Handler : com.samsung.android.allshare.service.mediashare.handler.upnpdevice.KiesAsyncActionHandler
09-03 23:30:57.271 16838-2891/? D/AllShare(ASF-DMC): ServiceManager.finiActionHandlers - Finalize Action Handler : com.samsung.android.allshare.service.mediashare.handler.server.ProviderAsyncActionHandler
09-03 23:30:57.271 16838-16838/? V/AllShare(ASF_DMC): [NETWORK_LAYER] StopNetworkLayer: 133: 2: StopClientThreads done
09-03 23:30:57.271 16838-2891/? D/AllShare(ASF-DMC): ServiceManager.finiActionHandlers - Finalize Action Handler : com.samsung.android.allshare.service.mediashare.handler.server.ReceiverAsyncActionHandler
09-03 23:30:57.271 16838-16838/? V/AllShare(ASF_DMC): [NETWORK_LAYER] StopNetworkLayer: 140: 3: Calling StopServerThreads
09-03 23:30:57.271 16838-16838/? V/AllShare(ASF_DMC): [NETWORK_LAYER] __stop_server_sockets: 36: StopServerSockets
09-03 23:30:57.271 16838-2891/? D/AllShare(ASF-DMC): ServiceManager.finiActionHandlers - Finalize Action Handler : com.samsung.android.allshare.service.mediashare.handler.playercontrol.URIPlayerAsyncActionHandler
09-03 23:30:57.271 16838-2891/? D/AllShare(ASF-DMC): ServiceManager.finiActionHandlers - Finalize Action Handler : com.samsung.android.allshare.service.mediashare.handler.playercontrol.PlaylistPlayerAsyncActionHandler
09-03 23:30:57.271 16838-2891/? D/AllShare(ASF-DMC): ServiceManager.finiActionHandlers - Finalize Action Handler : com.samsung.android.allshare.service.mediashare.handler.playercontrol.ViewControllerAsyncActionHandler
09-03 23:30:57.271 16838-2860/? E/AllShare(ASF_DMC): [NETWORK_LAYER] handle_accept: 187: [TCPServer::handle_accept] Acceptor closed [Operation Canceled]
09-03 23:30:57.271 16838-16838/? D/AllShare(ASF_DMC): [NETWORK_LAYER] Stop: 128: Leaving multicast group at interface [wlan0]
09-03 23:30:57.271 16838-2891/? D/AllShare(ASF-DMC): ServiceManager.finiActionHandlers - Finalize Action Handler : com.samsung.android.allshare.service.mediashare.handler.playercontrol.ImageViewerSyncActionHandler
09-03 23:30:57.271 16838-2891/? D/AllShare(ASF-DMC): ServiceManager.finiActionHandlers - Finalize Action Handler : com.samsung.android.allshare.service.mediashare.handler.devicefinder.DeviceFinderDeviceSyncActionHandler
09-03 23:30:57.271 16838-2891/? D/AllShare(ASF-DMC): ServiceManager.finiActionHandlers - Finalize Action Handler : com.samsung.android.allshare.service.mediashare.handler.playercontrol.AVPlayerSyncActionHandler
09-03 23:30:57.271 16838-2891/? D/AllShare(ASF-DMC): ServiceManager.finiActionHandlers - Finalize Action Handler : com.samsung.android.allshare.service.mediashare.handler.playercontrol.PlaylistPlayerSyncActionHandler
09-03 23:30:57.271 16838-2891/? D/AllShare(ASF-DMC): ServiceManager.finiActionHandlers - Finalize Action Handler : com.samsung.android.allshare.service.mediashare.handler.download.DownloadSyncActionHandler
09-03 23:30:57.271 16838-2863/? E/AllShare(ASF_DMC): [NETWORK_LAYER] receive_handler: 264: [Multicast Server::receive_handler] Canceled [Operation Canceled]
09-03 23:30:57.271 16838-16838/? V/AllShare(ASF_DMC): [NETWORK_LAYER] __stop_server_sockets: 45: StopServerSockets return
09-03 23:30:57.271 16838-2862/? E/AllShare(ASF_DMC): [NETWORK_LAYER] read_handler: 230: [UDPServer::read_handler] Canceled [Operation Canceled]
09-03 23:30:57.271 16838-16838/? E/AllShare(ASF_DMC): [NETWORK_LAYER] Reset: 231: [TCPServer::Reset] ref reset
09-03 23:30:57.271 16838-16838/? V/AllShare(ASF_DMC): [NETWORK_LAYER] StopNetworkLayer: 149: 4: Calling Stopcallback handler threads
09-03 23:30:57.281 16838-16838/? V/AllShare(ASF_DMC): [NETWORK_LAYER] StopNetworkLayer: 153: Exit
09-03 23:30:57.281 16838-16838/? V/AllShare(ASF_DMC): [FRAMEWORK_CONTROLLER] TerminateFrameworkCore: 222: StopNetworkLayer finished
09-03 23:30:57.281 16838-16838/? V/AllShare(ASF_DMC): [FRAMEWORK_CONTROLLER] TerminateFrameworkCore: 226: StopFrameworkCore finished
09-03 23:30:57.281 16838-16838/? V/AllShare(ASF_DMC): [FRAMEWORK_CONTROLLER] TerminateFrameworkCore: 230: TerminateUPnP finished
09-03 23:30:57.281 16838-16838/? V/AllShare(ASF_DMC): [FRAMEWORK_CONTROLLER] TerminateFrameworkCore: 234: Timer Terminate finished
09-03 23:30:57.281 16838-16838/? V/AllShare(ASF_DMC): [NETWORK_LAYER] TerminateNetworkLayer: 62: Enter
09-03 23:30:57.281 16838-16838/? V/AllShare(ASF_DMC): [NETWORK_LAYER] TerminateNetworkLayer: 66: NetworkInterface Destroyed
09-03 23:30:57.281 16838-16838/? V/AllShare(ASF_DMC): [NETWORK_LAYER] TerminateNetworkLayer: 73: ServerManager Destroyed
09-03 23:30:57.281 16838-16838/? V/AllShare(ASF_DMC): [NETWORK_LAYER] TerminateNetworkLayer: 77: CallBackHandler Destroyed, Exit
09-03 23:30:57.281 16838-16838/? V/AllShare(ASF_DMC): [FRAMEWORK_CONTROLLER] TerminateFrameworkCore: 240: Exit
09-03 23:30:57.291 11193-27600/? D/QPSingleUpdEngine: [E]Engine started
09-03 23:30:57.291 11193-27600/? I/QPSingleUpdEngine: [E]updateFileDirInit
09-03 23:30:57.291 11193-27600/? D/QPSingleUpdEngine: [E]Begin Request
09-03 23:30:57.291 11193-27600/? D/QPSingleUpdEngine: [E]getBaseInfo
09-03 23:30:57.291 11193-27600/? D/QPSingleUpdEngine: [E]1014206071read---->readphonenumberflag = 0
09-03 23:30:57.291 11193-27600/? D/QPSingleUpdEngine: [E]1014206071read---->encodephonenumber = 
09-03 23:30:57.291 3633-5622/? D/ConnectivityService: returning getNetworkInfo for network type 1 : [type: WIFI[] - WIFI, state: CONNECTED/CONNECTED, reason: (unspecified), extra: "HOME-E0A8", roaming: false, failover: false, isAvailable: true]
09-03 23:30:57.291 3633-5548/? D/ConnectivityService: returning getNetworkInfo for network type 0 : [type: MOBILE[] - MOBILE, state: DISCONNECTED/DISCONNECTED, reason: (unspecified), extra: (none), roaming: false, failover: false, isAvailable: true]
09-03 23:30:57.291 11193-27600/? W/System.err: java.lang.NullPointerException: Attempt to invoke virtual method 'int java.lang.String.length()' on a null object reference
09-03 23:30:57.291 11193-27600/? W/System.err:     at org.json.JSONTokener.nextCleanInternal(JSONTokener.java:116)
09-03 23:30:57.291 11193-27600/? W/System.err:     at org.json.JSONTokener.nextValue(JSONTokener.java:94)
09-03 23:30:57.291 11193-27600/? W/System.err:     at org.json.JSONObject.<init>(JSONObject.java:156)
09-03 23:30:57.291 11193-27600/? W/System.err:     at org.json.JSONObject.<init>(JSONObject.java:173)
09-03 23:30:57.291 11193-27600/? W/System.err:     at com.tencent.mqpsdk.secsrv.MQPEmuDetectService.a(ProGuard:50)
09-03 23:30:57.291 11193-27600/? W/System.err:     at com.tencent.msfmqpsdkbridge.MSFEmuDetectWrapper.a(ProGuard:65)
09-03 23:30:57.291 11193-27600/? W/System.err:     at com.tencent.qqprotect.singleupdate.QPSingleUpdEngine.a(ProGuard:341)
09-03 23:30:57.291 11193-27600/? W/System.err:     at com.tencent.qqprotect.singleupdate.QPSingleUpdEngine.a(ProGuard:407)
09-03 23:30:57.291 11193-27600/? W/System.err:     at com.tencent.qqprotect.singleupdate.QPSingleUpdEngine.a(ProGuard:145)
09-03 23:30:57.291 11193-27600/? W/System.err:     at com.tencent.qqprotect.singleupdate.QPSingleUpdThread.run(ProGuard:21)
09-03 23:30:57.301 11193-16976/? D/QPSingleUpdEngine: [E]Engine started
09-03 23:30:57.301 11193-16976/? I/QPSingleUpdEngine: [E]updateFileDirInit
09-03 23:30:57.301 11193-16976/? D/QPSingleUpdEngine: [E]Begin Request
09-03 23:30:57.301 11193-16976/? D/QPSingleUpdEngine: [E]getBaseInfo
09-03 23:30:57.301 11193-16976/? D/QPSingleUpdEngine: [E]1014206071read---->readphonenumberflag = 0
09-03 23:30:57.301 11193-16976/? D/QPSingleUpdEngine: [E]1014206071read---->encodephonenumber = 
09-03 23:30:57.301 3633-5550/? D/ConnectivityService: returning getNetworkInfo for network type 1 : [type: WIFI[] - WIFI, state: CONNECTED/CONNECTED, reason: (unspecified), extra: "HOME-E0A8", roaming: false, failover: false, isAvailable: true]
09-03 23:30:57.311 3633-5127/? D/ConnectivityService: returning getNetworkInfo for network type 0 : [type: MOBILE[] - MOBILE, state: DISCONNECTED/DISCONNECTED, reason: (unspecified), extra: (none), roaming: false, failover: false, isAvailable: true]
09-03 23:30:57.311 11193-16976/? W/System.err: java.lang.NullPointerException: Attempt to invoke virtual method 'int java.lang.String.length()' on a null object reference
09-03 23:30:57.311 11193-16976/? W/System.err:     at org.json.JSONTokener.nextCleanInternal(JSONTokener.java:116)
09-03 23:30:57.311 11193-16976/? W/System.err:     at org.json.JSONTokener.nextValue(JSONTokener.java:94)
09-03 23:30:57.311 11193-16976/? W/System.err:     at org.json.JSONObject.<init>(JSONObject.java:156)
09-03 23:30:57.311 11193-16976/? W/System.err:     at org.json.JSONObject.<init>(JSONObject.java:173)
09-03 23:30:57.311 11193-16976/? W/System.err:     at com.tencent.mqpsdk.secsrv.MQPEmuDetectService.a(ProGuard:50)
09-03 23:30:57.311 11193-16976/? W/System.err:     at com.tencent.msfmqpsdkbridge.MSFEmuDetectWrapper.a(ProGuard:65)
09-03 23:30:57.311 11193-16976/? W/System.err:     at com.tencent.qqprotect.singleupdate.QPSingleUpdEngine.a(ProGuard:341)
09-03 23:30:57.311 11193-16976/? W/System.err:     at com.tencent.qqprotect.singleupdate.QPSingleUpdEngine.a(ProGuard:407)
09-03 23:30:57.311 11193-16976/? W/System.err:     at com.tencent.qqprotect.singleupdate.QPSingleUpdEngine.a(ProGuard:145)
09-03 23:30:57.311 11193-16976/? W/System.err:     at com.tencent.qqprotect.singleupdate.QPSingleUpdThread.run(ProGuard:21)
09-03 23:30:57.321 3633-4468/? D/InputReader: Input event(3): value=1 when=155494428611000
09-03 23:30:57.321 3633-4468/? D/InputReader: Input event(3): value=1 when=155494428611000
09-03 23:30:57.321 3633-4468/? I/InputReader: Touch event's action is 0x0 (deviceType=0) [pCnt=1, s=0.12446 ] when=155494428611000
09-03 23:30:57.321 3633-4468/? D/InputReader: lastThreadEndTime = 155490947670351, currentThreadStartTime = 155490947673476, diff = 0
09-03 23:30:57.321 3633-4467/? I/InputDispatcher: Delivering touch to (5169): action: 0x4, toolType: 1
09-03 23:30:57.321 3633-4467/? I/InputDispatcher: Delivering touch to (19026): action: 0x4, toolType: 1
09-03 23:30:57.321 3633-4467/? I/InputDispatcher: Delivering touch to (31564): action: 0x0, toolType: 1
09-03 23:30:57.321 31564-31564/? D/ViewRootImpl: ViewPostImeInputStage processPointer 0
09-03 23:30:57.331 19026-19026/? D/AutoHideHelper: ###check Single invalid
09-03 23:30:57.391 3633-4468/? D/InputReader: Input event(3): value=0 when=155494497870000
09-03 23:30:57.391 3633-4468/? D/InputReader: Input event(3): value=0 when=155494497870000
09-03 23:30:57.391 3633-4468/? I/InputReader: Touch event's action is 0x1 (deviceType=0) [pCnt=1, s=] when=155494497870000
09-03 23:30:57.391 3633-4467/? I/InputDispatcher: Delivering touch to (31564): action: 0x1, toolType: 1
09-03 23:30:57.391 31564-31564/? D/ViewRootImpl: ViewPostImeInputStage processPointer 1
09-03 23:30:57.401 11193-27600/? D/QPSingleUpdEngine: [E]new = 2016-09-03 23:30:57.417
09-03 23:30:57.401 11193-27600/? D/QPSingleUpdEngine: [E]getBaseInfo___end
09-03 23:30:57.401 3080-3700/? D/EnterpriseController: netId is 0
09-03 23:30:57.401 3080-3700/? D/Netd: getNetworkForDns: using netid 613 for uid 10247
09-03 23:30:57.401 11193-27600/? D/QPSingleUpdEngine: [E]Start Create Socket!!!
09-03 23:30:57.401 11193-27600/? I/QPSingleUpdEngine: [E]Req/Rsp IOException read or write Error
09-03 23:30:57.401 11193-27600/? I/QPSingleUpdEngine: [E]fuck error!!!
09-03 23:30:57.401 11193-27600/? I/QPSingleUpdEngine: [E]QPSingleUpdThread.run() Exception 3 times!!!
09-03 23:30:57.411 11193-27600/? I/QPSingleUpdEngine: [E]QPSingleUpdThread.run() Exception !!!
09-03 23:30:57.411 11193-16976/? D/QPSingleUpdEngine: [E]new = 2016-09-03 23:30:57.428
09-03 23:30:57.411 11193-16976/? D/QPSingleUpdEngine: [E]getBaseInfo___end
09-03 23:30:57.411 11193-16976/? D/QPSingleUpdEngine: [E]Start Create Socket!!!
09-03 23:30:57.411 11193-16976/? I/QPSingleUpdEngine: [E]Req/Rsp IOException read or write Error
09-03 23:30:57.411 11193-16976/? I/QPSingleUpdEngine: [E]fuck error!!!
09-03 23:30:57.411 11193-16976/? I/QPSingleUpdEngine: [E]QPSingleUpdThread.run() Exception 3 times!!!
09-03 23:30:57.411 11193-16976/? I/QPSingleUpdEngine: [E]QPSingleUpdThread.run() Exception !!!
