09-03 23:30:34.141 626-2625/? D/CpuBoostScrollCmd: Scroll Boost Release
09-03 23:30:34.221 3633-4468/? D/InputReader: Input event(3): value=1 when=155471322443000
09-03 23:30:34.221 3633-4468/? D/InputReader: Input event(3): value=1 when=155471322443000
09-03 23:30:34.221 3633-4468/? I/InputReader: Touch event's action is 0x0 (deviceType=0) [pCnt=1, s=0.12433 ] when=155471322443000
09-03 23:30:34.221 3633-4468/? D/InputReader: lastThreadEndTime = 155470965072258, currentThreadStartTime = 155470965076925, diff = 0
09-03 23:30:34.221 3633-4467/? I/InputDispatcher: Delivering touch to (19026): action: 0x4, toolType: 1
09-03 23:30:34.221 3633-4467/? I/InputDispatcher: Delivering touch to (626): action: 0x0, toolType: 1
09-03 23:30:34.221 626-626/? D/ViewRootImpl: ViewPostImeInputStage processPointer 0
09-03 23:30:34.221 19026-19026/? D/AutoHideHelper: ###check Single invalid
09-03 23:30:34.221 626-2616/? D/GlHoverController: onMessage msg = 3
09-03 23:30:34.221 626-2616/? D/GlHoverController: removeHoverView removed message = 0
09-03 23:30:34.221 3633-5622/? D/CustomFrequencyManagerService: acquireDVFSLockLocked : type : DVFS_MIN_LIMIT  frequency : 800000  uid : 1000  pid : 3633  pkgName : GALLERY_LIST_SCROLL@823
09-03 23:30:34.221 626-2625/? D/CpuBoostScrollCmd: Scroll Boost CPU Clock
09-03 23:30:34.311 3633-4468/? D/InputReader: Input event(3): value=0 when=155471414848000
09-03 23:30:34.311 3633-4468/? D/InputReader: Input event(3): value=0 when=155471414848000
09-03 23:30:34.311 3633-4468/? I/InputReader: Touch event's action is 0x1 (deviceType=0) [pCnt=1, s=] when=155471414848000
09-03 23:30:34.311 3633-4467/? I/InputDispatcher: Delivering touch to (626): action: 0x1, toolType: 1
09-03 23:30:34.311 626-626/? D/ViewRootImpl: ViewPostImeInputStage processPointer 1
09-03 23:30:34.311 3633-5254/? V/AudioService: AudioService playSoundEffect Type : 10, volume : -1.0
09-03 23:30:34.311 3633-4960/? V/AudioService: received MSG_PLAY_SOUND_EFFECT onPlaySoundEffect start
09-03 23:30:34.311 3093-4167/? I/APM::AudioPolicyManager: getSituationVolume: isBTConnected:0 isHeadConnected:0
09-03 23:30:34.321 3093-3093/? W/AudioPolicyIntefaceImpl: Skipped to add effects on session 1482
09-03 23:30:34.321 3093-3093/? I/APM::AudioPolicyManager: startOutput() output 4, stream 1, session 1482
09-03 23:30:34.321 3633-4941/? D/InputDispatcher: Focused application set to: xxxx
09-03 23:30:34.321 626-626/? D/GlBoundaryAnim: startFling = 12800.0, mDec = -56.0
09-03 23:30:34.321 3633-5126/? D/CustomFrequencyManagerService: releaseDVFSLockLocked : Getting Lock type frm List : DVFS_MIN_LIMIT  frequency : 800000  uid : 1000  pid : 3633  tag : GALLERY_LIST_SCROLL@823
09-03 23:30:34.321 626-2625/? D/CpuBoostScrollCmd: Scroll Boost Release
09-03 23:30:34.321 626-626/? I/Gallery_Performance: Gallery onPause Start
09-03 23:30:34.321 3093-3727/? D/audio_hw_primary: out_set_parameters: enter: kvpairs: routing=2
09-03 23:30:34.321 3093-3727/? I/audio_hw_primary: out_set_parameters adev->out_device:2
09-03 23:30:34.321 3093-3727/? I/audio_hw_primary: is_voice_wakeup : ret =  1  , wakeup_baby_cry_enabled = 0  ,  wakeup_mic_enabled = 1 
09-03 23:30:34.321 3093-3727/? I/audio_hw_primary: get_scenario : scenario_type = 36
09-03 23:30:34.321 3093-3727/? I/audio_hw_primary: get_input_snd_device_id device:0xc
09-03 23:30:34.321 3093-3727/? V/audio_hw_primary: select_devices output_scenario:0 input_scenario:36 out_snd_device 0x2 in_snd_device:0xc
09-03 23:30:34.321 3093-3727/? I/audio_hw_primary: select_devices - do not update mixer_path
09-03 23:30:34.321 3093-3727/? D/AudioFlinger: setCurDevice() 0x2
09-03 23:30:34.321 3633-5549/? D/CustomFrequencyManagerService: acquireDVFSLockLocked : type : DVFS_MIN_LIMIT  frequency : 800000  uid : 1000  pid : 3633  pkgName : GALLERY_LIST_SCROLL@823
09-03 23:30:34.321 626-2625/? D/CpuBoostScrollCmd: Scroll Boost CPU Clock
09-03 23:30:34.331 3071-4605/? D/libEGL: eglTerminate EGLDisplay = 0x7f7b97be78
09-03 23:30:34.331 626-2616/? D/libEGL: eglTerminate EGLDisplay = 0x7f870bfe28
09-03 23:30:34.331 626-626/? D/GlRootView: onPause mGlActive = true
09-03 23:30:34.331 626-626/? I/GlLayer: pause = com.sec.samsung.gallery.glview.composeView.GlComposeAlbumPhotoView@35f14e2, state = 1
09-03 23:30:34.331 626-626/? I/Gallery_Performance: PostGalleryCmd pause() START 
09-03 23:30:34.331 626-626/? I/Gallery_Performance: PostGalleryCmd pause() END
09-03 23:30:34.331 626-626/? I/Gallery_Performance: Gallery onPause End
09-03 23:30:34.331 3633-5273/? D/CustomFrequencyManagerService: acquireDVFSLockLocked : type : DVFS_MIN_LIMIT  frequency : 1800000  uid : 1000  pid : 3633  pkgName : ACTIVITY_RESUME_BOOSTER@3
09-03 23:30:34.341 3071-3071/? D/libEGL: eglTerminate EGLDisplay = 0x7ffb5b68d8
09-03 23:30:34.341 3633-5273/? D/ActivityManager: mDVFSHelper.acquire()
09-03 23:30:34.341 3633-5273/? D/ActivityManager:  Launching com.sh1r0.caffe_android_demo, updated priority
09-03 23:30:34.341 3633-3633/? D/GameManagerService: NotifyRunnable. pkg: com.sh1r0.caffe_android_demo, type: 4, isMinimized: false, isTunableApp: false
09-03 23:30:34.351 3633-3707/? W/ContextImpl: Calling a method in the system process without a qualified user: android.app.ContextImpl.sendBroadcast:830 com.android.server.policy.PhoneWindowManager.notifyToSSRM:8645 com.android.server.policy.PhoneWindowManager.access$1500:307 com.android.server.policy.PhoneWindowManager$PolicyHandler.handleMessage:1206 android.os.Handler.dispatchMessage:102 
09-03 23:30:34.351 3633-5617/? D/InputDispatcher: Focus left window: 626
09-03 23:30:34.361 3633-3712/? D/PointerIcon: setMouseIconStyle1 pointerType: 1001 iconType:101 flag:0 pid:3633 uid:1000
09-03 23:30:34.361 3633-3712/? D/PointerIcon: setMouseCustomIcon IconType is same.101
09-03 23:30:34.371 31564-31564/? D/MainActivity: /storage/emulated/0/DCIM/Camera/test/Elephant/522.jpg
09-03 23:30:34.371 31564-31564/? D/MainActivity: 256
09-03 23:30:34.371 31564-31564/? D/MainActivity: 384
09-03 23:30:34.381 31564-31564/? D/ViewRootImpl: #1 mView = com.android.internal.policy.PhoneWindow$DecorView{b79765b V.E...... R.....I. 0,0-0,0}
09-03 23:30:34.381 3633-5550/? D/ISSUE_DEBUG: InputChannelName : 86e74f9 Predicting...
09-03 23:30:34.381 3633-3707/? D/StatusBarManagerService: manageDisableList userId=0 what=0x0 pkg=Window{86e74f9 u0 d0 Predicting...}
09-03 23:30:34.381 5169-5169/? D/PhoneStatusBar: setSystemUiVisibility vis=8000 mask=ffffffff oldVal=8600 newVal=8000 diff=600
09-03 23:30:34.381 3633-5550/? D/InputDispatcher: Focus entered window: 31564
09-03 23:30:34.381 3633-3712/? D/PointerIcon: setMouseIconStyle1 pointerType: 1001 iconType:101 flag:0 pid:3633 uid:1000
09-03 23:30:34.381 3633-3712/? D/PointerIcon: setMouseCustomIcon IconType is same.101
09-03 23:30:34.381 3633-3649/? D/ActivityManager: post active user change for 0 fullscreen true isFloatingActivity() false isHomeActivity() false
09-03 23:30:34.381 3633-3649/? D/KnoxTimeoutHandler: postActiveUserChange [MsgParam] userId: 0 fullscreen is true showWhenlocked is false
09-03 23:30:34.381 3633-3633/? D/KnoxTimeoutHandler: handleActiveUserChange [MsgParam] userId: 0 fullscreen is true showWhenlocked is false
09-03 23:30:34.381 3633-3633/? I/KnoxTimeoutHandler: Shared devices show user statefalse
09-03 23:30:34.391 3071-3071/? I/SurfaceFlinger: id=3815 createSurf (1x1),1 flag=4, 
09-03 23:30:34.411 3093-3624/? I/APM::AudioPolicyManager: stopOutput() output 4, stream 1, session 1482
09-03 23:30:34.411 31564-31586/? D/mali_winsys: new_window_surface returns 0x3000,  [1336x648]-format:1
09-03 23:30:34.411 3071-3071/? I/SurfaceFlinger: id=3816 createSurf (1440x2560),1 flag=404, NainActivit
09-03 23:30:34.421 31564-31586/? D/mali_winsys: new_window_surface returns 0x3000,  [1440x2560]-format:1
09-03 23:30:34.421 3633-3633/? D/CustomFrequencyManagerService: releaseDVFSLockLocked : Getting Lock type frm List : DVFS_MIN_LIMIT  frequency : 800000  uid : 1000  pid : 3633  tag : GESTURE_DETECTED@CPU_MIN@34
09-03 23:30:34.421 31564-31564/? W/ActivityThread: AppLock checkAppLockState isAppLocked = false pkgName = com.sh1r0.caffe_android_demo showWhenLocked = false
09-03 23:30:34.421 31564-31564/? W/DisplayListCanvas: DisplayListCanvas is started on unbinded RenderNode (without mOwningView)
09-03 23:30:34.431 3633-5607/? V/WindowStateAnimator: Finishing drawing window Window{86e74f9 u0 d0 Predicting...}: mDrawState=DRAW_PENDING
09-03 23:30:34.441 3071-3071/? D/libEGL: eglInitialize EGLDisplay = 0x7ffb5b6848
09-03 23:30:34.441 3633-5126/? V/WindowStateAnimator: Finishing drawing window Window{3f9ce79 u0 d0 com.sh1r0.caffe_android_demo/com.sh1r0.caffe_android_demo.MainActivity}: mDrawState=DRAW_PENDING
09-03 23:30:34.441 31564-31564/? D/ViewRootImpl: MSG_RESIZED_REPORT: ci=Rect(0, 0 - 0, 0) vi=Rect(0, 0 - 0, 0) or=1
09-03 23:30:34.451 3633-3712/? D/KnoxTimeoutHandler: notifyActivityDrawn [MsgParam] userId: 0 fullscreen is true showWhenlocked is false
09-03 23:30:34.451 3633-3707/? D/StatusBarManagerService: manageDisableList userId=0 what=0x0 pkg=Window{86e74f9 u0 d0 Predicting...}
09-03 23:30:34.451 3633-3633/? D/KnoxTimeoutHandler: activityDrawn [MsgParam] userId: 0 fullscreen is true showWhenlocked is false
09-03 23:30:34.451 5169-5169/? D/PhoneStatusBar: setSystemUiVisibility vis=0 mask=ffffffff oldVal=8000 newVal=0 diff=8000
09-03 23:30:34.451 3633-3633/? I/KnoxTimeoutHandler: SD activityfalse
09-03 23:30:34.451 3633-4941/? V/WindowStateAnimator: Finishing drawing window Window{86e74f9 u0 d0 Predicting...}: mDrawState=HAS_DRAWN
09-03 23:30:34.451 3633-3712/? I/ActivityManager: Displayed com.sh1r0.caffe_android_demo/.MainActivity: +113ms
09-03 23:30:34.451 31564-31564/? D/ViewRootImpl: MSG_RESIZED: ci=Rect(0, 0 - 0, 0) vi=Rect(0, 0 - 0, 0) or=1
09-03 23:30:34.451 3071-3071/? D/libEGL: eglInitialize EGLDisplay = 0x7ffb5b6848
09-03 23:30:34.451 3071-3071/? D/libEGL: eglInitialize EGLDisplay = 0x7ffb5b6848
09-03 23:30:34.461 19026-19026/? D/ViewRootImpl: MSG_RESIZED: ci=Rect(0, 0 - 0, 0) vi=Rect(0, 0 - 0, 0) or=1
09-03 23:30:34.461 31564-31564/? I/Timeline: Timeline: Activity_idle id: android.os.BinderProxy@1771ffb time:155471567
09-03 23:30:34.471 626-626/? I/GlRootView: surfaceDestroyed, type = 1
09-03 23:30:34.471 626-626/? I/GlRootView: enter replaceLayer = com.sec.samsung.gallery.glview.composeView.GlComposeSplitView@a4f073, new = null, type = 1
09-03 23:30:34.471 626-626/? I/GlLayer: pause = com.sec.samsung.gallery.glview.composeView.GlComposeSplitView@a4f073, state = 1
09-03 23:30:34.471 626-626/? I/GlLayer: pause = com.sec.samsung.gallery.glview.composeView.GlComposeAlbumPhotoView@35f14e2, state = 2
09-03 23:30:34.471 626-626/? I/GlLayer: destroy = com.sec.samsung.gallery.glview.composeView.GlComposeSplitView@a4f073, state = 2
09-03 23:30:34.471 626-626/? I/GlLayer: destroy = com.sec.samsung.gallery.glview.composeView.GlComposeAlbumPhotoView@35f14e2, state = 2
09-03 23:30:34.471 626-626/? D/GlComposeView: setAdapter = com.sec.samsung.gallery.view.adapter.ComposeMediaItemAdapter@f1fa048, new = null
09-03 23:30:34.471 626-626/? D/GlComposeView: setAdapter = com.sec.samsung.gallery.view.adapter.ComposePhotoViewAlbumSetAdapter@4aa5e3a, new = null
09-03 23:30:34.471 626-626/? I/GlRootView: exit replaceLayer
09-03 23:30:34.471 626-626/? I/GlRootView: finalizeView layer = null, content = null, GlAvala, type = 1
09-03 23:30:34.471 3071-3071/? D/libEGL: eglInitialize EGLDisplay = 0x7ffb5b6848
09-03 23:30:34.481 3071-4605/? D/libEGL: eglTerminate EGLDisplay = 0x7f7b97be78
09-03 23:30:34.481 3071-4605/? D/libEGL: eglTerminate EGLDisplay = 0x7f7b97be78
09-03 23:30:34.481 3633-7848/? D/ConnectivityService: returning getNetworkInfo for network type 1 : [type: WIFI[] - WIFI, state: CONNECTED/CONNECTED, reason: (unspecified), extra: "HOME-E0A8", roaming: false, failover: false, isAvailable: true]
09-03 23:30:34.711 3633-3712/? D/CustomFrequencyManagerService: releaseDVFSLockLocked : Getting Lock type frm List : DVFS_MIN_LIMIT  frequency : 1800000  uid : 1000  pid : 3633  tag : ACTIVITY_RESUME_BOOSTER@3
09-03 23:30:34.711 3633-3712/? I/Timeline: Timeline: Activity_windows_visible id: ActivityRecord{41b5ee3 u0 com.sh1r0.caffe_android_demo/.MainActivity t13368} time:155471816
09-03 23:30:34.711 3633-3712/? D/ActivityManager: mDVFSHelper.release()
09-03 23:30:34.721 3071-4573/? I/SurfaceFlinger: id=3813 Removed HalleryActi (8/11)
09-03 23:30:34.721 3071-4605/? I/SurfaceFlinger: id=3813 Removed HalleryActi (-2/11)
09-03 23:30:34.721 3071-4514/? I/SurfaceFlinger: id=3814 Removed TurfaceView (7/10)
09-03 23:30:34.721 3071-3299/? I/SurfaceFlinger: id=3814 Removed TurfaceView (-2/10)
09-03 23:30:34.721 3071-3071/? D/libEGL: eglTerminate EGLDisplay = 0x7ffb5b6978
09-03 23:30:34.721 3071-3071/? D/libEGL: eglTerminate EGLDisplay = 0x7ffb5b6948
09-03 23:30:34.731 626-626/? I/Gallery_Performance: Gallery onDestroy Start
09-03 23:30:34.731 626-626/? D/GalleryActivityLifecycleCallback: destroyed : count 0
09-03 23:30:34.731 626-626/? I/NearbyUtils: stop nearby framework
09-03 23:30:34.731 626-626/? E/NearbyClient: stop player called
09-03 23:30:34.731 626-626/? E/NearbyClient: mViewer is null 
09-03 23:30:34.731 626-626/? E/NearbyClient: handleScreenSharingNotify: currDevice is null 
09-03 23:30:34.731 16838-16850/? W/AllShare(ASF-DMC): SubscriberManager.existGlobalEventSubscription - com.sec.android.allshare.event.EVENT_IMAGE_VIEWER_DISCOVERY not subscribed to android.os.Messenger@c3293be
09-03 23:30:34.741 16838-2386/? W/AllShare(ASF-DMC): SubscriberManager.existGlobalEventSubscription - com.sec.android.allshare.event.EVENT_PROVIDER_DISCOVERY not subscribed to android.os.Messenger@c3293be
09-03 23:30:34.741 3633-3712/? D/KnoxTimeoutHandler: notifyActivityDrawn [MsgParam] userId: 0 fullscreen is true showWhenlocked is false
09-03 23:30:34.741 3633-3633/? D/KnoxTimeoutHandler: activityDrawn [MsgParam] userId: 0 fullscreen is true showWhenlocked is false
09-03 23:30:34.741 3633-4944/? D/NetworkPolicy: isUidForegroundLocked: 10044, mScreenOn: true, uidstate: 16, mProxSensorScreenOff: false
09-03 23:30:34.741 3633-4944/? V/NetworkPolicy: getFirewallRuleWifi UID:10044 policy:0
09-03 23:30:34.741 3633-3706/? D/CustomFrequencyManagerService: acquireDVFSLockLocked : type : DVFS_MIN_LIMIT  frequency : 1800000  uid : 1000  pid : 3633  pkgName : ACTIVITY_RESUME_BOOSTER@9
09-03 23:30:34.751 3633-3633/? I/KnoxTimeoutHandler: SD activityfalse
09-03 23:30:34.751 626-626/? I/AllShare(ASF-API): L-d140909 / AllShareConnector.Subscriber onServiceDisconnected from gallery3d
09-03 23:30:34.751 626-626/? D/AllShare(ASF-API): L-d140909 / AllShareConnector.onDisconnected from gallery3d
09-03 23:30:34.751 626-626/? I/NearbyClient: ServiceProvider Deleted
09-03 23:30:34.751 626-626/? D/AllShare(ASF-API): L-d140909 / AllShareConnector.before destroyInstance, mConnecting=false
09-03 23:30:34.751 626-626/? D/AllShare(ASF-API): L-d140909 / AllShareConnector.after destroyInstance, mConnecting=false
09-03 23:30:34.751 626-626/? D/NearbyUtils: clear nearby caches
09-03 23:30:34.751 626-626/? V/StateManager: destroy
09-03 23:30:34.751 16838-16838/? D/AllShare(ASF-DMC): ServiceManager.onUnbind - [ TRACE ] onUnbind
09-03 23:30:34.751 16838-16838/? D/AllShare(ASF-DMC): ServiceManager.unbindServiceManager - unbind method executed....  ACTION            : com.samsung.android.allshare.service.mediashare.SUBSCRIBE_SERVICE
09-03 23:30:34.751 626-626/? I/Gallery_Performance: AlbumViewState onDestroy Start
09-03 23:30:34.751 626-626/? I/Gallery_Performance: AlbumViewState onDestroy Start
09-03 23:30:34.751 626-626/? I/Gallery_Performance: PostGalleryCmd destroy() START 
09-03 23:30:34.761 626-626/? I/Gallery_Performance: PostGalleryCmd destroy() END
09-03 23:30:34.761 626-626/? I/Gallery_Performance: Gallery onDestroy End
09-03 23:30:34.771 626-626/? D/MultiPhoneWindow: performUpdateVisibility, same visibility false
09-03 23:30:34.771 626-626/? D/ViewRootImpl: #3 mView = null
09-03 23:30:34.941 3633-5549/? D/ConnectivityService: returning getNetworkInfo for network type 0 : [type: MOBILE[] - MOBILE, state: DISCONNECTED/DISCONNECTED, reason: (unspecified), extra: (none), roaming: false, failover: false, isAvailable: true]
09-03 23:30:34.941 3633-5551/? D/ConnectivityService: returning getNetworkInfo for network type 1 : [type: WIFI[] - WIFI, state: CONNECTED/CONNECTED, reason: (unspecified), extra: "HOME-E0A8", roaming: false, failover: false, isAvailable: true]
09-03 23:30:35.041 3633-3633/? D/CustomFrequencyManagerService: releaseDVFSLockLocked : Getting Lock type frm List : DVFS_MIN_LIMIT  frequency : 1800000  uid : 1000  pid : 3633  tag : ACTIVITY_RESUME_BOOSTER@9
09-03 23:30:35.251 31564-32269/? I/caffe_jni: I0903 23:30:35.263319 32269 caffe_mobile.cpp:211] Forwarding time: 3690.69 ms.
09-03 23:30:35.251 31564-31564/? I/MainActivity: elapsed wall time: 864 ms
09-03 23:30:35.261 3071-4573/? D/libEGL: eglTerminate EGLDisplay = 0x7f7ba7ae78
09-03 23:30:35.261 3071-4573/? D/libEGL: eglTerminate EGLDisplay = 0x7f7ba7ae78
09-03 23:30:35.261 31564-31564/? D/ViewRootImpl: #3 mView = null
09-03 23:30:35.261 3633-4604/? D/InputDispatcher: Focus left window: 31564
09-03 23:30:35.261 3633-4604/? D/InputDispatcher: Focus entered window: 31564
09-03 23:30:35.261 3633-3712/? D/PointerIcon: setMouseIconStyle1 pointerType: 1001 iconType:101 flag:0 pid:3633 uid:1000
09-03 23:30:35.261 3633-3712/? D/PointerIcon: setMouseCustomIcon IconType is same.101
09-03 23:30:35.271 3633-5254/? D/InputMethodManagerService: windowGainedFocus mCurrentFocusedUserId - 0 and mSecureKeypadEnabled-false
09-03 23:30:35.271 6395-6395/? D/SamsungIME: IMPL finishInput
09-03 23:30:35.271 31564-31564/? E/ViewRootImpl: sendUserActionEvent() mView == null
09-03 23:30:35.271 6395-6395/? D/RMHelper: SamsungIME : RMisReady() : client is null
09-03 23:30:35.271 6395-6395/? D/RMHelper: SamsungIME : RMisReady() : client is null
09-03 23:30:35.271 6395-6395/? D/RMHelper: RMHelper : initHelper()
09-03 23:30:35.271 6395-6395/? E/ActivityThread: Failed to find provider info for com.sec.android.inputmethod.resourcemanager
09-03 23:30:35.271 6395-6395/? D/RMHelper: SamsungIME : initHelper() : client is null
09-03 23:30:35.271 6395-6395/? D/RMHelper: SamsungIME : RMisReady() : client is null
09-03 23:30:35.271 6395-6395/? D/RMHelper: SamsungIME : RMisReady() : client is null
09-03 23:30:35.271 6395-6395/? D/RMHelper: RMHelper : initHelper()
09-03 23:30:35.271 6395-6395/? D/RMHelper: SamsungIME : initHelper() : client is null
09-03 23:30:35.271 6395-6395/? E/ActivityThread: Failed to find provider info for com.sec.android.inputmethod.resourcemanager
09-03 23:30:35.271 6395-6395/? D/RMHelper: SamsungIME : RMisReady() : client is null
09-03 23:30:35.271 6395-6395/? D/RMHelper: SamsungIME : RMisReady() : client is null
09-03 23:30:35.271 6395-6395/? D/RMHelper: RMHelper : initHelper()
09-03 23:30:35.271 6395-6395/? D/RMHelper: SamsungIME : initHelper() : client is null
09-03 23:30:35.271 6395-6395/? E/ActivityThread: Failed to find provider info for com.sec.android.inputmethod.resourcemanager
09-03 23:30:35.271 6395-6395/? D/SamsungIME: onStartInput: No inputType, No imeOption, isInputViewShown = false, isExtractViewShown = false, isShowInputRequested = false, isConfigChanged = false
09-03 23:30:35.281 3071-3071/? D/libEGL: eglInitialize EGLDisplay = 0x7ffb5b6848
09-03 23:30:35.291 3071-3071/? D/libEGL: eglInitialize EGLDisplay = 0x7ffb5b6848
09-03 23:30:35.351 5248-5248/? D/Recents: onTaskStackChanged
09-03 23:30:35.531 3071-4514/? I/SurfaceFlinger: id=3815 Removed  (6/9)
09-03 23:30:35.531 3071-3299/? I/SurfaceFlinger: id=3815 Removed  (-2/9)
09-03 23:30:35.561 3071-3071/? D/libEGL: eglTerminate EGLDisplay = 0x7ffb5b6978
09-03 23:30:35.641 3633-5127/? D/BatteryService: !@BatteryListener : batteryPropertiesChanged!
09-03 23:30:35.641 3633-5127/? D/BatteryService: level:63, scale:100, status:2, health:2, present:true, voltage: 3941, temperature: 266, technology: Li-ion, AC powered:false, USB powered:true, POGO powered:false, Wireless powered:false, icon:17303413, invalid charger:0, maxChargingCurrent:0
09-03 23:30:35.641 3633-5127/? D/BatteryService: online:4, current avg:-154, charge type:1, power sharing:false, high voltage charger:false, capacity:280000, batterySWSelfDischarging:false, current_now:38
09-03 23:30:35.641 3633-3633/? D/BatteryService: Sending ACTION_BATTERY_CHANGED.
09-03 23:30:35.651 3633-3633/? I/MotionRecognitionService: Plugged
09-03 23:30:35.651 3633-3633/? D/MotionRecognitionService:   cableConnection= 1
09-03 23:30:35.651 3633-3633/? D/MotionRecognitionService: setPowerConnected | current backoffstate  = 1024 , state =1024
09-03 23:30:35.651 3633-3633/? D/MotionRecognitionService: skip setTransmitPower. 
09-03 23:30:35.651 5169-5169/? D/KeyguardUpdateMonitor: received broadcast android.intent.action.BATTERY_CHANGED
09-03 23:30:35.651 5169-5169/? D/PowerUI: priorPlugType = 2 mPlugType =  2
09-03 23:30:35.651 5199-5199/? D/CommonServiceConfiguration: getStringValueSetting
09-03 23:30:35.651 5169-5169/? D/PowerUI.Notification: showChargingNotice oldChargingType : 1 currentChargingType : 1 oldChargingTime : 8119000 mChargingTime : 8140000
09-03 23:30:35.651 5169-5169/? D/PowerUI.Notification: showChargingNotification()
09-03 23:30:35.651 5199-5199/? D/BatteryMonitor: new battery level: 63
09-03 23:30:35.661 3633-3649/? D/ApplicationPolicy: isStatusBarNotificationAllowedAsUser: packageName = com.android.systemui,userId = -1
09-03 23:30:35.661 5169-5169/? D/KeyguardUpdateMonitor: handleBatteryUpdate
09-03 23:30:35.661 3633-3633/? W/ResourcesManager: getTopLevelResources: /system/priv-app/SystemUI/SystemUI.apk / 1.0 running in null rsrc of package com.android.systemui
09-03 23:30:35.661 5169-5169/? D/BatteryMeterView: ACTION_BATTERY_CHANGED : level:63 status:2 health:2
09-03 23:30:35.661 5169-5169/? D/BatteryMeterView: ACTION_BATTERY_CHANGED : level:63 status:2 health:2
09-03 23:30:35.661 5169-5169/? D/CoverUpdateMonitor: received broadcast android.intent.action.BATTERY_CHANGED
09-03 23:30:35.661 3633-3633/? D/ResourcesManager: For user 0 new overlays fetched [/data/app/se.thegreen.GoldKeyPad.common-1/base.apk, /data/app/se.thegreen.GoldKeyPad.touchwiz-1/base.apk, /data/app/se.thegreen.GoldKeyPad.lock-1/base.apk]
09-03 23:30:35.661 3633-3633/? D/MARsPolicyManager: NotificationListenerService OngoingNotificationPosted : com.android.systemui
09-03 23:30:35.681 5169-5169/? W/ResourcesManager: getTopLevelResources: /system/priv-app/SystemUI/SystemUI.apk / 1.0 running in com.android.systemui rsrc of package com.android.systemui
09-03 23:30:35.681 5169-5169/? D/PhoneStatusBar: setAreThereNotifications: N=4 any=true clearable=true
09-03 23:30:36.221 5169-5363/? D/NetworkController.MobileSignalController(0/4): onSignalStrengthsChanged signalStrength=SignalStrength: 99 99 -120 -160 -120 -1 -1 18 -108 -11 54 -1 2147483647 0x2000 gsm|lte level=2
09-03 23:30:36.221 5169-5363/? D/NetworkController.MobileSignalController(0/4): getMobileIconGroup(): 13
09-03 23:30:36.221 5169-5363/? D/NetworkController.MobileSignalController(0/4): updateCMCCMobileIconGroup(): 13
09-03 23:30:36.261 3633-4435/? I/TLC_TIMA_PKM_measure_kernel: TIMA: response_id = 3
09-03 23:30:36.261 3633-4435/? I/TLC_TIMA_PKM_measure_kernel: TIMA: response ret = 0, result_ondemand = MSG=Kernel Verification Success;
09-03 23:30:36.281 3633-4435/? D/TimaService: TIMA MEASUREMENT Result: TIMA_STATUS=0;MSG=Kernel Verification Success;
09-03 23:30:36.281 3633-4435/? D/TimaService: TIMA MEASUREMENT success status: TIMA_STATUS=0;MSG=Kernel Verification Success;
09-03 23:30:36.451 3633-3648/? D/ConnectivityService: returning getNetworkInfo for network type 0 : [type: MOBILE[] - MOBILE, state: DISCONNECTED/DISCONNECTED, reason: (unspecified), extra: (none), roaming: false, failover: false, isAvailable: true]
09-03 23:30:36.451 3633-5551/? D/ConnectivityService: returning getNetworkInfo for network type 1 : [type: WIFI[] - WIFI, state: CONNECTED/CONNECTED, reason: (unspecified), extra: "HOME-E0A8", roaming: false, failover: false, isAvailable: true]
09-03 23:30:36.691 3633-5411/? E/Watchdog: !@Sync 5165 [09-03 23:30:36.692]
09-03 23:30:37.071 11193-27600/? D/QPSingleUpdEngine: [E]Engine started
09-03 23:30:37.071 11193-27600/? I/QPSingleUpdEngine: [E]updateFileDirInit
09-03 23:30:37.071 11193-27600/? D/QPSingleUpdEngine: [E]Begin Request
09-03 23:30:37.071 11193-27600/? D/QPSingleUpdEngine: [E]getBaseInfo
09-03 23:30:37.071 11193-27600/? D/QPSingleUpdEngine: [E]1014206071read---->readphonenumberflag = 0
09-03 23:30:37.071 11193-27600/? D/QPSingleUpdEngine: [E]1014206071read---->encodephonenumber = 
09-03 23:30:37.071 3633-4941/? D/ConnectivityService: returning getNetworkInfo for network type 1 : [type: WIFI[] - WIFI, state: CONNECTED/CONNECTED, reason: (unspecified), extra: "HOME-E0A8", roaming: false, failover: false, isAvailable: true]
09-03 23:30:37.071 3633-3649/? D/ConnectivityService: returning getNetworkInfo for network type 0 : [type: MOBILE[] - MOBILE, state: DISCONNECTED/DISCONNECTED, reason: (unspecified), extra: (none), roaming: false, failover: false, isAvailable: true]
09-03 23:30:37.081 11193-27600/? W/System.err: java.lang.NullPointerException: Attempt to invoke virtual method 'int java.lang.String.length()' on a null object reference
09-03 23:30:37.081 11193-27600/? W/System.err:     at org.json.JSONTokener.nextCleanInternal(JSONTokener.java:116)
09-03 23:30:37.081 11193-27600/? W/System.err:     at org.json.JSONTokener.nextValue(JSONTokener.java:94)
09-03 23:30:37.081 11193-27600/? W/System.err:     at org.json.JSONObject.<init>(JSONObject.java:156)
09-03 23:30:37.081 11193-27600/? W/System.err:     at org.json.JSONObject.<init>(JSONObject.java:173)
09-03 23:30:37.081 11193-27600/? W/System.err:     at com.tencent.mqpsdk.secsrv.MQPEmuDetectService.a(ProGuard:50)
09-03 23:30:37.081 11193-27600/? W/System.err:     at com.tencent.msfmqpsdkbridge.MSFEmuDetectWrapper.a(ProGuard:65)
09-03 23:30:37.081 11193-27600/? W/System.err:     at com.tencent.qqprotect.singleupdate.QPSingleUpdEngine.a(ProGuard:341)
09-03 23:30:37.081 11193-27600/? W/System.err:     at com.tencent.qqprotect.singleupdate.QPSingleUpdEngine.a(ProGuard:407)
09-03 23:30:37.081 11193-27600/? W/System.err:     at com.tencent.qqprotect.singleupdate.QPSingleUpdEngine.a(ProGuard:145)
09-03 23:30:37.081 11193-27600/? W/System.err:     at com.tencent.qqprotect.singleupdate.QPSingleUpdThread.run(ProGuard:21)
09-03 23:30:37.081 11193-16976/? D/QPSingleUpdEngine: [E]Engine started
09-03 23:30:37.081 11193-16976/? I/QPSingleUpdEngine: [E]updateFileDirInit
09-03 23:30:37.081 11193-16976/? D/QPSingleUpdEngine: [E]Begin Request
09-03 23:30:37.091 11193-16976/? D/QPSingleUpdEngine: [E]getBaseInfo
09-03 23:30:37.091 11193-16976/? D/QPSingleUpdEngine: [E]1014206071read---->readphonenumberflag = 0
09-03 23:30:37.091 11193-16976/? D/QPSingleUpdEngine: [E]1014206071read---->encodephonenumber = 
09-03 23:30:37.091 3633-3648/? D/ConnectivityService: returning getNetworkInfo for network type 1 : [type: WIFI[] - WIFI, state: CONNECTED/CONNECTED, reason: (unspecified), extra: "HOME-E0A8", roaming: false, failover: false, isAvailable: true]
09-03 23:30:37.091 3633-5551/? D/ConnectivityService: returning getNetworkInfo for network type 0 : [type: MOBILE[] - MOBILE, state: DISCONNECTED/DISCONNECTED, reason: (unspecified), extra: (none), roaming: false, failover: false, isAvailable: true]
09-03 23:30:37.091 11193-16976/? W/System.err: java.lang.NullPointerException: Attempt to invoke virtual method 'int java.lang.String.length()' on a null object reference
09-03 23:30:37.091 11193-16976/? W/System.err:     at org.json.JSONTokener.nextCleanInternal(JSONTokener.java:116)
09-03 23:30:37.091 11193-16976/? W/System.err:     at org.json.JSONTokener.nextValue(JSONTokener.java:94)
09-03 23:30:37.091 11193-16976/? W/System.err:     at org.json.JSONObject.<init>(JSONObject.java:156)
09-03 23:30:37.091 11193-16976/? W/System.err:     at org.json.JSONObject.<init>(JSONObject.java:173)
09-03 23:30:37.091 11193-16976/? W/System.err:     at com.tencent.mqpsdk.secsrv.MQPEmuDetectService.a(ProGuard:50)
09-03 23:30:37.091 11193-16976/? W/System.err:     at com.tencent.msfmqpsdkbridge.MSFEmuDetectWrapper.a(ProGuard:65)
09-03 23:30:37.091 11193-16976/? W/System.err:     at com.tencent.qqprotect.singleupdate.QPSingleUpdEngine.a(ProGuard:341)
09-03 23:30:37.091 11193-16976/? W/System.err:     at com.tencent.qqprotect.singleupdate.QPSingleUpdEngine.a(ProGuard:407)
09-03 23:30:37.091 11193-16976/? W/System.err:     at com.tencent.qqprotect.singleupdate.QPSingleUpdEngine.a(ProGuard:145)
09-03 23:30:37.091 11193-16976/? W/System.err:     at com.tencent.qqprotect.singleupdate.QPSingleUpdThread.run(ProGuard:21)
09-03 23:30:37.181 11193-27600/? D/QPSingleUpdEngine: [E]new = 2016-09-03 23:30:37.198
09-03 23:30:37.181 11193-27600/? D/QPSingleUpdEngine: [E]getBaseInfo___end
09-03 23:30:37.191 3080-3700/? D/EnterpriseController: netId is 0
09-03 23:30:37.191 3080-3700/? D/Netd: getNetworkForDns: using netid 613 for uid 10247
09-03 23:30:37.191 11193-27600/? D/QPSingleUpdEngine: [E]Start Create Socket!!!
09-03 23:30:37.191 11193-27600/? I/QPSingleUpdEngine: [E]Req/Rsp IOException read or write Error
09-03 23:30:37.191 11193-27600/? I/QPSingleUpdEngine: [E]fuck error!!!
09-03 23:30:37.191 11193-27600/? I/QPSingleUpdEngine: [E]QPSingleUpdThread.run() Exception 3 times!!!
09-03 23:30:37.191 11193-27600/? I/QPSingleUpdEngine: [E]QPSingleUpdThread.run() Exception !!!
09-03 23:30:37.191 11193-16976/? D/QPSingleUpdEngine: [E]new = 2016-09-03 23:30:37.206
09-03 23:30:37.191 11193-16976/? D/QPSingleUpdEngine: [E]getBaseInfo___end
09-03 23:30:37.191 11193-16976/? D/QPSingleUpdEngine: [E]Start Create Socket!!!
09-03 23:30:37.191 11193-16976/? I/QPSingleUpdEngine: [E]Req/Rsp IOException read or write Error
09-03 23:30:37.191 11193-16976/? I/QPSingleUpdEngine: [E]fuck error!!!
09-03 23:30:37.191 11193-16976/? I/QPSingleUpdEngine: [E]QPSingleUpdThread.run() Exception 3 times!!!
09-03 23:30:37.191 11193-16976/? I/QPSingleUpdEngine: [E]QPSingleUpdThread.run() Exception !!!
09-03 23:30:37.381 3093-3727/? I/audio_hw_primary: do_out_standby +
09-03 23:30:37.401 3093-3727/? D/audio_hw_primary: output_devices devices:0
09-03 23:30:37.401 3093-3727/? D/audio_hw_primary: output_devices devices:0
09-03 23:30:37.401 3093-3727/? I/audio_hw_primary: is_voice_wakeup : ret =  1  , wakeup_baby_cry_enabled = 0  ,  wakeup_mic_enabled = 1 
09-03 23:30:37.401 3093-3727/? I/audio_hw_primary: get_scenario : scenario_type = 36
09-03 23:30:37.401 3093-3727/? I/audio_hw_primary: get_input_snd_device_id device:0xc
09-03 23:30:37.401 3093-3727/? V/audio_hw_primary: select_devices output_scenario:-1 input_scenario:36 out_snd_device 0x0 in_snd_device:0xc
09-03 23:30:37.401 3093-3727/? I/audio_hw_primary: set_spk_rx_mute mute(1), rx val=0
09-03 23:30:37.401 3093-3727/? I/audio_route: > audio_route_reset :
09-03 23:30:37.401 3093-3727/? I/audio_route: > audio_route_apply_path : "voice_control-mic"
09-03 23:30:37.401 3093-3727/? V/audio_hw_primary: select_devices() input_route "voice_control-mic" 
09-03 23:30:37.401 3093-3727/? I/audio_route: > audio_route_apply_path : "gain-voice_control-mic"
09-03 23:30:37.401 3093-3727/? V/audio_hw_primary: select_devices() input_gain "gain-voice_control-mic" 
09-03 23:30:37.401 3093-3727/? I/audio_route: > audio_route_update_mixer : +
09-03 23:30:37.401 3093-3727/? I/audio_route: > audio_route_update_mixer : changed(7) -
09-03 23:30:37.401 3093-3727/? V/audio_hw_primary: select_devices : set seamless_buf_offset
09-03 23:30:37.401 3093-3727/? I/audio_route: > audio_values_apply_path : "seamless_buf_offset"
09-03 23:30:37.401 3093-3727/? I/audio_hw_primary: select_devices - 
09-03 23:30:37.401 3093-3727/? I/audio_hw_primary: do_out_standby -
09-03 23:30:37.751 16838-16838/? D/AllShare(ASF-DMC): ServiceManager.mRunnableTimer - [ TRACE ] Stop Service
09-03 23:30:37.751 16838-16838/? D/AllShare(ASF-DMC): ServiceManager.onDestroy - [ TRACE ] onDestroy
09-03 23:30:37.761 16838-16838/? I/AllShare(ASF-DMC): ServiceManager.stopServiceManager - Stop AllShare Service...
09-03 23:30:37.761 16838-16838/? D/AllShare(ASF-DMC): DeviceSubscriber.clear - clear the subscribed devices
09-03 23:30:37.761 16838-16838/? V/AllShare(ASF_DMC): [CP_DISCOVERY] GetDeviceList: 165: interesting device list empty
09-03 23:30:37.761 16838-16838/? E/AllShare(ASF_DMC): [MSCP] FormMediaServerList: 498: GetDeviceList Failed
09-03 23:30:37.761 16838-16838/? V/AllShare(ASF_DMC): [CP_DISCOVERY] UnRegisterCP: 139: UnRegistering CP Success
09-03 23:30:37.761 16838-16838/? I/AllShare(ASF-DMC): ServiceManager.stopServiceManager - stop mscp successfully!
09-03 23:30:37.761 16838-16838/? I/AllShare(ASF_DMC): [STREAMING] DeleteReference: 130: StreamingManager::DeleteReference Ref Count [1]
09-03 23:30:37.761 16838-16838/? I/AllShare(ASF_DMC): [STREAMING] DestroyInstance: 61: StreamingManager::DestroyInstance Ref Count [1]
09-03 23:30:37.761 16838-16838/? V/AllShare(ASF_DMC): [CP_DISCOVERY] UnRegisterCP: 139: UnRegistering CP Success
09-03 23:30:37.761 16838-16838/? E/AllShare(ASF_DMC): [MRCP] Stop: 201: Unregistering CP Successful 
09-03 23:30:37.761 16838-16838/? I/AllShare(ASF-DMC): ServiceManager.stopServiceManager - stop mrcp successfully!
09-03 23:30:37.761 16838-16838/? V/AllShare(ASF_DMC): [KIES_CP] StopKiescp: 297: StopKiescp
09-03 23:30:37.761 16838-16838/? V/AllShare(ASF_DMC): [CP_DISCOVERY] GetDeviceList: 165: interesting device list empty
09-03 23:30:37.761 16838-16838/? E/AllShare(ASF_DMC): [KIES_CP] FormKiesDeviceList: 154: Getting Device List Failed
09-03 23:30:37.761 16838-16838/? V/AllShare(ASF_DMC): [CP_DISCOVERY] UnRegisterCP: 139: UnRegistering CP Success
09-03 23:30:37.761 16838-16838/? I/AllShare(ASF-DMC): ServiceManager.stopServiceManager - stop kies cp successfully!
09-03 23:30:37.761 16838-16838/? I/AllShare(ASF-DMC): MessageAllocateTask.setStopFlag - mStopFlag = false
09-03 23:30:37.761 16838-2656/? W/AllShare(ASF-DMC): MessageAllocateTask.handleAllocateMessage - Oops~~. Undefined Context Variable type...
09-03 23:30:37.761 16838-16838/? I/AllShare(ASF-DMC): MessagePublishTask.setStopFlag - mStopFlag = false
09-03 23:30:37.761 16838-2655/? W/AllShare(ASF-DMC): MessagePublishTask.handlePublishMessage - Oops~~. Undefined Context Variable type...
09-03 23:30:37.761 16838-16838/? D/AllShare(ASF-DMC): ServiceManager.finiServiceManager - Finalize AllShare Service Manager...
09-03 23:30:37.761 16838-16838/? V/AllShare(ASF_DMC): [JNI] JavaTerminateAllShareFrameworkCore: 56: Enter AllShareFrameworkCoreNativeAPI_terminateAllShareFrameworkCore.
09-03 23:30:37.761 16838-16838/? V/AllShare(ASF_DMC): [CP_DISCOVERY] UnRegisterCP: 139: UnRegistering CP Success
09-03 23:30:37.761 16838-16838/? V/AllShare(ASF_DMC): [CP_DISCOVERY] Terminate: 97: CP Discovery Terminate
09-03 23:30:37.761 16838-16838/? V/AllShare(ASF_DMC): [STREAMING] DeleteReference: 92: Stopping streaming threads
09-03 23:30:37.761 16838-16838/? I/AllShare(ASF_DMC): [STREAMING] DeleteReference: 130: StreamingManager::DeleteReference Ref Count [0]
09-03 23:30:37.761 16838-16838/? I/AllShare(ASF_DMC): [STREAMING] DestroyInstance: 61: StreamingManager::DestroyInstance Ref Count [0]
09-03 23:30:37.761 16838-16838/? V/AllShare(ASF_DMC): [CP_DISCOVERY] CleanUp: 53: cleanup start
09-03 23:30:37.761 16838-16838/? V/AllShare(ASF_DMC): [CP_DISCOVERY] CleanUp: 76: joining rescan threads
09-03 23:30:37.761 16838-16838/? V/AllShare(ASF_DMC): [CP_DISCOVERY] CleanUp: 117: cleanup done
09-03 23:30:37.761 16838-16838/? V/AllShare(ASF_DMC): [CP_DISCOVERY] Terminate: 99: CP Discovery Terminate DeviceList
09-03 23:30:37.761 16838-16838/? V/AllShare(ASF_DMC): [CP_DISCOVERY] ClearDeviceList: 56: exit
09-03 23:30:37.761 16838-16838/? V/AllShare(ASF_DMC): [CP_DISCOVERY] Terminate: 101: CP Discovery Terminate Finish
09-03 23:30:37.761 16838-16838/? V/AllShare(ASF_DMC): [FRAMEWORK_CONTROLLER] TerminateUPnP: 176: cp_discovery Terminated
09-03 23:30:37.761 16838-16838/? V/AllShare(ASF_DMC): [FRAMEWORK_CONTROLLER] TerminateUPnP: 178: cp_control Terminated
09-03 23:30:37.761 16838-16838/? V/AllShare(ASF_DMC): [FRAMEWORK_CONTROLLER] TerminateFrameworkCore: 212: Enter
09-03 23:30:37.761 16838-16838/? V/AllShare(ASF_DMC): [NETWORK_LAYER] StopNetworkLayer: 122: Enter
09-03 23:30:37.761 16838-16838/? V/AllShare(ASF_DMC): [NETWORK_LAYER] StopNetworkLayer: 129: 1: Calling StopClientThreads
09-03 23:30:37.761 16838-2679/? V/AllShare(ASF-DMC): ServiceManager.finiActionHandlers - Found AsyncActionHandler : com.samsung.android.allshare.service.mediashare.handler.playercontrol.AVPlayerAsyncActionHandler
09-03 23:30:37.761 16838-2679/? V/AllShare(ASF-DMC): ServiceManager.finiActionHandlers - Found AsyncActionHandler : com.samsung.android.allshare.service.mediashare.handler.playercontrol.SlideShowPlayerAsyncActionHandler
09-03 23:30:37.761 16838-2679/? V/AllShare(ASF-DMC): ServiceManager.finiActionHandlers - Found AsyncActionHandler : com.samsung.android.allshare.service.mediashare.handler.playercontrol.ImageViewerAsyncActionHandler
09-03 23:30:37.761 16838-2679/? V/AllShare(ASF-DMC): ServiceManager.finiActionHandlers - Found AsyncActionHandler : com.samsung.android.allshare.service.mediashare.handler.upnpdevice.KiesAsyncActionHandler
09-03 23:30:37.761 16838-2679/? V/AllShare(ASF-DMC): ServiceManager.finiActionHandlers - Found AsyncActionHandler : com.samsung.android.allshare.service.mediashare.handler.server.ProviderAsyncActionHandler
09-03 23:30:37.761 16838-16838/? V/AllShare(ASF_DMC): [NETWORK_LAYER] StopNetworkLayer: 133: 2: StopClientThreads done
09-03 23:30:37.761 16838-2679/? V/AllShare(ASF-DMC): ServiceManager.finiActionHandlers - Found AsyncActionHandler : com.samsung.android.allshare.service.mediashare.handler.server.ReceiverAsyncActionHandler
09-03 23:30:37.761 16838-16838/? V/AllShare(ASF_DMC): [NETWORK_LAYER] StopNetworkLayer: 140: 3: Calling StopServerThreads
09-03 23:30:37.761 16838-16838/? V/AllShare(ASF_DMC): [NETWORK_LAYER] __stop_server_sockets: 36: StopServerSockets
09-03 23:30:37.761 16838-2679/? V/AllShare(ASF-DMC): ServiceManager.finiActionHandlers - Found AsyncActionHandler : com.samsung.android.allshare.service.mediashare.handler.playercontrol.URIPlayerAsyncActionHandler
09-03 23:30:37.761 16838-2679/? V/AllShare(ASF-DMC): ServiceManager.finiActionHandlers - Found AsyncActionHandler : com.samsung.android.allshare.service.mediashare.handler.playercontrol.PlaylistPlayerAsyncActionHandler
09-03 23:30:37.761 16838-2679/? V/AllShare(ASF-DMC): ServiceManager.finiActionHandlers - Found AsyncActionHandler : com.samsung.android.allshare.service.mediashare.handler.playercontrol.ViewControllerAsyncActionHandler
09-03 23:30:37.761 16838-2679/? V/AllShare(ASF-DMC): ServiceManager.finiActionHandlers - Found SyncActionHandler : com.samsung.android.allshare.service.mediashare.handler.playercontrol.ImageViewerSyncActionHandler
09-03 23:30:37.761 16838-16838/? D/AllShare(ASF_DMC): [NETWORK_LAYER] Stop: 128: Leaving multicast group at interface [wlan0]
09-03 23:30:37.761 16838-2679/? V/AllShare(ASF-DMC): ServiceManager.finiActionHandlers - Found SyncActionHandler : com.samsung.android.allshare.service.mediashare.handler.devicefinder.DeviceFinderDeviceSyncActionHandler
09-03 23:30:37.761 16838-2679/? V/AllShare(ASF-DMC): ServiceManager.finiActionHandlers - Found SyncActionHandler : com.samsung.android.allshare.service.mediashare.handler.playercontrol.AVPlayerSyncActionHandler
09-03 23:30:37.761 16838-2679/? V/AllShare(ASF-DMC): ServiceManager.finiActionHandlers - Found SyncActionHandler : com.samsung.android.allshare.service.mediashare.handler.playercontrol.PlaylistPlayerSyncActionHandler
09-03 23:30:37.761 16838-2648/? E/AllShare(ASF_DMC): [NETWORK_LAYER] handle_accept: 159: Incoming sessions cleared. returning handle_accept
09-03 23:30:37.761 16838-2679/? V/AllShare(ASF-DMC): ServiceManager.finiActionHandlers - Found SyncActionHandler : com.samsung.android.allshare.service.mediashare.handler.download.DownloadSyncActionHandler
09-03 23:30:37.761 16838-2679/? D/AllShare(ASF-DMC): ServiceManager.finiActionHandlers - Finalize Action Handler : com.samsung.android.allshare.service.mediashare.handler.playercontrol.AVPlayerAsyncActionHandler
09-03 23:30:37.761 16838-2679/? D/AllShare(ASF-DMC): ServiceManager.finiActionHandlers - Finalize Action Handler : com.samsung.android.allshare.service.mediashare.handler.playercontrol.SlideShowPlayerAsyncActionHandler
09-03 23:30:37.761 16838-2679/? D/AllShare(ASF-DMC): ServiceManager.finiActionHandlers - Finalize Action Handler : com.samsung.android.allshare.service.mediashare.handler.playercontrol.ImageViewerAsyncActionHandler
09-03 23:30:37.771 16838-2679/? D/AllShare(ASF-DMC): ServiceManager.finiActionHandlers - Finalize Action Handler : com.samsung.android.allshare.service.mediashare.handler.upnpdevice.KiesAsyncActionHandler
09-03 23:30:37.771 16838-2679/? D/AllShare(ASF-DMC): ServiceManager.finiActionHandlers - Finalize Action Handler : com.samsung.android.allshare.service.mediashare.handler.server.ProviderAsyncActionHandler
09-03 23:30:37.771 16838-16838/? V/AllShare(ASF_DMC): [NETWORK_LAYER] __stop_server_sockets: 45: StopServerSockets return
09-03 23:30:37.771 16838-2679/? D/AllShare(ASF-DMC): ServiceManager.finiActionHandlers - Finalize Action Handler : com.samsung.android.allshare.service.mediashare.handler.server.ReceiverAsyncActionHandler
09-03 23:30:37.771 16838-2679/? D/AllShare(ASF-DMC): ServiceManager.finiActionHandlers - Finalize Action Handler : com.samsung.android.allshare.service.mediashare.handler.playercontrol.URIPlayerAsyncActionHandler
09-03 23:30:37.771 16838-2651/? E/AllShare(ASF_DMC): [NETWORK_LAYER] receive_handler: 264: [Multicast Server::receive_handler] Canceled [Operation Canceled]
09-03 23:30:37.771 16838-2679/? D/AllShare(ASF-DMC): ServiceManager.finiActionHandlers - Finalize Action Handler : com.samsung.android.allshare.service.mediashare.handler.playercontrol.PlaylistPlayerAsyncActionHandler
09-03 23:30:37.771 16838-2679/? D/AllShare(ASF-DMC): ServiceManager.finiActionHandlers - Finalize Action Handler : com.samsung.android.allshare.service.mediashare.handler.playercontrol.ViewControllerAsyncActionHandler
09-03 23:30:37.771 16838-2679/? D/AllShare(ASF-DMC): ServiceManager.finiActionHandlers - Finalize Action Handler : com.samsung.android.allshare.service.mediashare.handler.playercontrol.ImageViewerSyncActionHandler
09-03 23:30:37.771 16838-2679/? D/AllShare(ASF-DMC): ServiceManager.finiActionHandlers - Finalize Action Handler : com.samsung.android.allshare.service.mediashare.handler.devicefinder.DeviceFinderDeviceSyncActionHandler
09-03 23:30:37.771 16838-2679/? D/AllShare(ASF-DMC): ServiceManager.finiActionHandlers - Finalize Action Handler : com.samsung.android.allshare.service.mediashare.handler.playercontrol.AVPlayerSyncActionHandler
09-03 23:30:37.771 16838-2679/? D/AllShare(ASF-DMC): ServiceManager.finiActionHandlers - Finalize Action Handler : com.samsung.android.allshare.service.mediashare.handler.playercontrol.PlaylistPlayerSyncActionHandler
09-03 23:30:37.771 16838-2679/? D/AllShare(ASF-DMC): ServiceManager.finiActionHandlers - Finalize Action Handler : com.samsung.android.allshare.service.mediashare.handler.download.DownloadSyncActionHandler
09-03 23:30:37.771 16838-16838/? E/AllShare(ASF_DMC): [NETWORK_LAYER] Reset: 231: [TCPServer::Reset] ref reset
09-03 23:30:37.771 16838-16838/? V/AllShare(ASF_DMC): [NETWORK_LAYER] StopNetworkLayer: 149: 4: Calling Stopcallback handler threads
09-03 23:30:37.771 16838-16838/? V/AllShare(ASF_DMC): [NETWORK_LAYER] StopNetworkLayer: 153: Exit
09-03 23:30:37.771 16838-16838/? V/AllShare(ASF_DMC): [FRAMEWORK_CONTROLLER] TerminateFrameworkCore: 222: StopNetworkLayer finished
09-03 23:30:37.771 16838-16838/? V/AllShare(ASF_DMC): [FRAMEWORK_CONTROLLER] TerminateFrameworkCore: 226: StopFrameworkCore finished
09-03 23:30:37.771 16838-16838/? V/AllShare(ASF_DMC): [FRAMEWORK_CONTROLLER] TerminateFrameworkCore: 230: TerminateUPnP finished
09-03 23:30:37.771 16838-16838/? V/AllShare(ASF_DMC): [FRAMEWORK_CONTROLLER] TerminateFrameworkCore: 234: Timer Terminate finished
09-03 23:30:37.771 16838-16838/? V/AllShare(ASF_DMC): [NETWORK_LAYER] TerminateNetworkLayer: 62: Enter
09-03 23:30:37.771 16838-16838/? V/AllShare(ASF_DMC): [NETWORK_LAYER] TerminateNetworkLayer: 66: NetworkInterface Destroyed
09-03 23:30:37.771 16838-16838/? V/AllShare(ASF_DMC): [NETWORK_LAYER] TerminateNetworkLayer: 73: ServerManager Destroyed
09-03 23:30:37.771 16838-16838/? V/AllShare(ASF_DMC): [NETWORK_LAYER] TerminateNetworkLayer: 77: CallBackHandler Destroyed, Exit
09-03 23:30:37.771 16838-16838/? V/AllShare(ASF_DMC): [FRAMEWORK_CONTROLLER] TerminateFrameworkCore: 240: Exit
09-03 23:30:37.931 16116-16137/? I/ReschedulableTimer: [#CMH#] ReschedulableTimer started 
09-03 23:30:37.941 3633-5622/? D/ConnectivityService: returning getNetworkInfo for network type 0 : [type: MOBILE[] - MOBILE, state: DISCONNECTED/DISCONNECTED, reason: (unspecified), extra: (none), roaming: false, failover: false, isAvailable: true]
09-03 23:30:37.941 3633-4941/? D/ConnectivityService: returning getNetworkInfo for network type 1 : [type: WIFI[] - WIFI, state: CONNECTED/CONNECTED, reason: (unspecified), extra: "HOME-E0A8", roaming: false, failover: false, isAvailable: true]
09-03 23:30:38.001 3633-4468/? D/InputReader: Input event(3): value=1 when=155475106636000
09-03 23:30:38.001 3633-4468/? D/InputReader: Input event(3): value=1 when=155475106636000
09-03 23:30:38.001 3633-4468/? I/InputReader: Touch event's action is 0x0 (deviceType=0) [pCnt=1, s=0.12434 ] when=155475106636000
09-03 23:30:38.001 3633-4468/? D/InputReader: lastThreadEndTime = 155473782863260, currentThreadStartTime = 155473782867885, diff = 0
09-03 23:30:38.001 3633-4467/? I/InputDispatcher: Delivering touch to (5169): action: 0x4, toolType: 1
09-03 23:30:38.001 3633-4467/? I/InputDispatcher: Delivering touch to (19026): action: 0x4, toolType: 1
09-03 23:30:38.001 3633-4467/? I/InputDispatcher: Delivering touch to (31564): action: 0x0, toolType: 1
09-03 23:30:38.001 31564-31564/? D/ViewRootImpl: ViewPostImeInputStage processPointer 0
09-03 23:30:38.001 19026-19026/? D/AutoHideHelper: ###check Single invalid
09-03 23:30:38.081 3633-4468/? D/InputReader: Input event(3): value=0 when=155475187019000
09-03 23:30:38.081 3633-4468/? D/InputReader: Input event(3): value=0 when=155475187019000
09-03 23:30:38.081 3633-4468/? I/InputReader: Touch event's action is 0x1 (deviceType=0) [pCnt=1, s=] when=155475187019000
09-03 23:30:38.081 3633-4467/? I/InputDispatcher: Delivering touch to (31564): action: 0x1, toolType: 1
09-03 23:30:38.081 31564-31564/? D/ViewRootImpl: ViewPostImeInputStage processPointer 1
09-03 23:30:38.081 3633-5617/? V/AudioService: AudioService playSoundEffect Type : 0, volume : -1.0
09-03 23:30:38.081 3633-4960/? V/AudioService: received MSG_PLAY_SOUND_EFFECT onPlaySoundEffect start
09-03 23:30:38.081 3093-6337/? I/APM::AudioPolicyManager: getSituationVolume: isBTConnected:0 isHeadConnected:0
09-03 23:30:38.091 3093-4168/? W/AudioPolicyIntefaceImpl: Skipped to add effects on session 1483
09-03 23:30:38.091 3093-4168/? I/APM::AudioPolicyManager: startOutput() output 4, stream 1, session 1483
09-03 23:30:38.101 3093-3727/? D/audio_hw_primary: out_set_parameters: enter: kvpairs: routing=2
09-03 23:30:38.101 3093-3727/? D/AudioFlinger: setCurDevice() 0x2
09-03 23:30:38.101 3633-5273/? D/ActivityManager: AppLocked getMultiWindowStyle:null
09-03 23:30:38.101 3633-5273/? D/ActivityManager: AppLocked isLaunchedFromRecents:false hasMultiWindowStyle:false not normal : false
09-03 23:30:38.101 3633-5273/? D/GameManagerService: identifyGamePackage. com.sec.android.gallery3d
09-03 23:30:38.101 3633-5273/? D/MultiWindowPolicy: Gamemode - return 0,  when calling  identifyForegroundApp(com.sec.android.gallery3d)
09-03 23:30:38.101 3633-5273/? D/CustomFrequencyManagerService: acquireDVFSLockLocked : type : DVFS_MIN_LIMIT  frequency : 1800000  uid : 1000  pid : 3633  pkgName : ACTIVITY_RESUME_BOOSTER@3
09-03 23:30:38.111 3633-5273/? D/ActivityManager: mDVFSHelper.acquire()
09-03 23:30:38.111 3093-3727/? V/audio_hw_primary: start_output_stream+, out->device : 00000002 , out->type = 1
09-03 23:30:38.111 3633-5273/? V/WindowManager: addAppToken: AppWindowToken{8598e69 token=Token{56838f0 ActivityRecord{4a6d33 u0 com.sec.android.gallery3d/.app.GalleryActivity t13368}}} to stack=1 task=13368 at 1
09-03 23:30:38.111 3093-3727/? D/audio_hw_primary: start_output_stream (0xedba4000) out->pcm_device:6 out->config.rate:48000 out->config.format:0 out->period_size:240
09-03 23:30:38.111 3093-3727/? D/audio_hw_primary: start_output_stream (0xedba4000) out->config.rate:48000 out->config.format:0 out->period_size:240
09-03 23:30:38.111 3093-3727/? I/audio_hw_primary: is_voice_wakeup : ret =  1  , wakeup_baby_cry_enabled = 0  ,  wakeup_mic_enabled = 1 
09-03 23:30:38.111 3093-3727/? I/audio_hw_primary: get_scenario : scenario_type = 36
09-03 23:30:38.111 3093-3727/? I/audio_hw_primary: get_input_snd_device_id device:0xc
09-03 23:30:38.111 3093-3727/? V/audio_hw_primary: select_devices output_scenario:0 input_scenario:36 out_snd_device 0x2 in_snd_device:0xc
09-03 23:30:38.111 3093-3727/? I/audio_route: > audio_route_reset :
09-03 23:30:38.111 3093-3727/? I/audio_route: > audio_route_apply_path : "voice_control-mic"
09-03 23:30:38.111 3633-5273/? D/ActivityManager:  Launching com.sec.android.gallery3d, updated priority
09-03 23:30:38.111 3093-3727/? V/audio_hw_primary: select_devices() input_route "voice_control-mic" 
09-03 23:30:38.111 3093-3727/? I/audio_route: > audio_route_apply_path : "media-speaker"
09-03 23:30:38.111 3633-3633/? D/GameManagerService: NotifyRunnable. pkg: com.sec.android.gallery3d, type: 4, isMinimized: false, isTunableApp: false
