09-03 23:30:38.621 16838-2736/? D/AllShare(ASF_DMC): [NETWORK_LAYER] Start: 141: TCPServer Started: 10.0.0.4:8187
09-03 23:30:38.621 16838-2736/? D/AllShare(ASF_DMC): [NETWORK_LAYER] Start: 85: listen_address [10.0.0.4]
09-03 23:30:38.621 16838-2736/? D/AllShare(ASF_DMC): [NETWORK_LAYER] Start: 112: New MulticastServer::Start() : 239.255.255.250:1900 Started
09-03 23:30:38.621 16838-2736/? D/AllShare(ASF_DMC): [NETWORK_LAYER] Start: 102: UDPServer Started:10.0.0.4:3942
09-03 23:30:38.621 16838-2736/? V/AllShare(ASF_DMC): [NETWORK_LAYER] NotifyNICIfEvent: 1124: 2 event listeners are notified!!!
09-03 23:30:38.621 16838-2736/? D/AllShare(ASF-DMC): DeviceSubscriber.eventNotifyReceived - receive system event: com.sec.android.allshare.event.EVENT_WIFI_ENABLED
09-03 23:30:38.621 16838-2708/? D/AllShare(ASF_DMC): [NETWORK_LAYER] NotifyNICEventByID: 1204: Notifying NIC Change 0 for wlan0 listener_id 0
09-03 23:30:38.621 16838-2707/? D/AllShare(ASF_DMC): [NETWORK_LAYER] NotifyNICEventByID: 1204: Notifying NIC Change 0 for wlan0 listener_id 1
09-03 23:30:38.621 16838-2708/? D/AllShare(ASF_DMC): [CP_DISCOVERY] OnNetworkChanged: 53: Received NIC change event [0] for [wlan0]
09-03 23:30:38.621 16838-2707/? D/AllShare(ASF_DMC): [STREAMING] OnNetworkChanged: 155: NW event arrived for interface name wlan0
09-03 23:30:38.621 16838-2708/? V/AllShare(ASF_DMC): [CP_DISCOVERY] Rescan: 449: Sending Rescan.
09-03 23:30:38.621 16838-2736/? D/AllShare(ASF-DMC): NetworkStatusListener.notifyNICRemoved - NIC: p2p-wlan0-0
09-03 23:30:38.621 16838-2736/? I/AllShare(ASF_DMC): [JNI] JavaNotifyNICRemoved: 137: Enter JavaNotifyNICRemoved
09-03 23:30:38.621 16838-2736/? I/AllShare(ASF_DMC): [NETWORK_LAYER] NotifyNICRemoved: 1078: Interface [p2p-wlan0-0] is already removed!!
09-03 23:30:38.621 16838-2736/? D/AllShare(ASF-DMC): DeviceSubscriber.eventNotifyReceived - receive system event: com.sec.android.allshare.event.EVENT_WIFI_P2P_DISABLED
09-03 23:30:38.621 3633-4944/? D/NetworkPolicy: isUidForegroundLocked: 10003, mScreenOn: true, uidstate: 16, mProxSensorScreenOff: false
09-03 23:30:38.631 3093-2735/? I/OMXCodec: [OMX.google.vorbis.decoder] Now Idle. Component sends idle done Event 
09-03 23:30:38.631 3633-4944/? V/NetworkPolicy: getFirewallRuleWifi UID:10003 policy:0
09-03 23:30:38.631 3093-5633/? I/OMXCodec: [OMX.google.vorbis.decoder] stopOmxComponent_l() mstate = 1
09-03 23:30:38.631 3093-5633/? I/OggExtractor: OggSource::stop() mExtractor ref count = 1
09-03 23:30:38.631 3093-5633/? I/OggExtractor: OggSource::~OggSource() mExtractor !mStarted ref count = 1
09-03 23:30:38.631 3093-5633/? I/OggExtractor: ~OggSource --
09-03 23:30:38.631 3093-5633/? I/OggExtractor: ~OggExtractor ++
09-03 23:30:38.631 3093-5633/? I/OggExtractor: ~MyOggExtractor ++ 
09-03 23:30:38.631 3093-5633/? I/OggExtractor: ~MyOggExtractor --
09-03 23:30:38.631 3093-5633/? I/OggExtractor: ~OggExtractor --
09-03 23:30:38.631 626-2697/? V/MediaPlayer: decode(69, 0, 4705)
09-03 23:30:38.631 3093-4168/? I/OggExtractor: OggSource::OggSource() mExtractor ref count = 4
09-03 23:30:38.631 3093-4168/? I/OMXCodec: Attempting to allocate OMX node 'OMX.google.vorbis.decoder'
09-03 23:30:38.631 3093-4168/? I/OMXCodec: Successfully allocated OMX node 'OMX.google.vorbis.decoder'
09-03 23:30:38.631 3093-4168/? I/OMXCodec: >>>UHQA initOutputFormat 16
09-03 23:30:38.631 3093-4168/? I/OMXCodec: [OMX.google.vorbis.decoder] OMXCodec::start mState=1
09-03 23:30:38.631 3093-4168/? I/OMXCodec: [OMX.google.vorbis.decoder] allocating 4 buffers of size 8192 on input port
09-03 23:30:38.631 3093-4168/? I/OMXCodec: [OMX.google.vorbis.decoder] allocating 4 buffers of size 32768 on output port
09-03 23:30:38.631 3093-2738/? I/OMXCodec: [OMX.google.vorbis.decoder] Now Idle. Component sends idle done Event 
09-03 23:30:38.631 3093-2738/? I/OMXCodec: [OMX.google.vorbis.decoder] End Of Stream
09-03 23:30:38.631 3093-2738/? I/OMXCodec: [OMX.google.vorbis.decoder] 0onCmdComplete  mState =  7
09-03 23:30:38.631 3093-2738/? I/OMXCodec: [OMX.google.vorbis.decoder] PORT_DISABLED(1)
09-03 23:30:38.631 3093-2738/? I/OMXCodec: >>>UHQA initOutputFormat 16
09-03 23:30:38.631 3093-2738/? I/OMXCodec: [OMX.google.vorbis.decoder] allocating 4 buffers of size 32768 on output port
09-03 23:30:38.631 3093-4168/? I/SoundExtractor: extract() reached EOS
09-03 23:30:38.631 3093-4168/? I/OMXCodec: [OMX.google.vorbis.decoder] stop mState=4
09-03 23:30:38.631 3093-4168/? I/OMXCodec: [OMX.google.vorbis.decoder] stop() sendCommand(3582, OMX_CommandStateSet, OMX_StateIdle)
09-03 23:30:38.631 3093-2738/? I/OMXCodec: [OMX.google.vorbis.decoder] Now Idle. Component sends idle done Event 
09-03 23:30:38.631 3093-4168/? I/OMXCodec: [OMX.google.vorbis.decoder] stopOmxComponent_l() mstate = 1
09-03 23:30:38.631 3093-4168/? I/OggExtractor: OggSource::stop() mExtractor ref count = 1
09-03 23:30:38.631 3093-4168/? I/OggExtractor: OggSource::~OggSource() mExtractor !mStarted ref count = 1
09-03 23:30:38.631 3093-4168/? I/OggExtractor: ~OggSource --
09-03 23:30:38.631 3093-4168/? I/OggExtractor: ~OggExtractor ++
09-03 23:30:38.641 3093-4168/? I/OggExtractor: ~MyOggExtractor ++ 
09-03 23:30:38.641 3093-4168/? I/OggExtractor: ~MyOggExtractor --
09-03 23:30:38.641 3093-4168/? I/OggExtractor: ~OggExtractor --
09-03 23:30:38.661 16838-2712/? V/AllShare(ASF_DMC): [CP_DISCOVERY] SendDeviceDescriptionRequest: 379: Making description request for [uuid:a784f457-142a-cad5-fcc0-ecd2a10ca09b+wlan0]
09-03 23:30:38.661 16838-2712/? D/AllShare(ASF_DMC): [CP_DISCOVERY] OnUDPRequestReceived: 203: Recv M-SEARCH res from NEW dev [uuid:a784f457-142a-cad5-fcc0-ecd2a10ca09b+wlan0] client_ip = [10.0.0.1] Interface ip [10.0.0.4]
09-03 23:30:38.681 5169-5363/? D/NetworkController.MobileSignalController(0/4): onSignalStrengthsChanged signalStrength=SignalStrength: 99 99 -120 -160 -120 -1 -1 18 -108 -14 -22 -1 2147483647 0x2000 gsm|lte level=2
09-03 23:30:38.681 5169-5363/? D/NetworkController.MobileSignalController(0/4): getMobileIconGroup(): 13
09-03 23:30:38.681 5169-5363/? D/NetworkController.MobileSignalController(0/4): updateCMCCMobileIconGroup(): 13
09-03 23:30:38.691 16838-2718/? V/AllShare(ASF_DMC): [CP_DISCOVERY] PopulateServiceDescription: 350: Sent request for 1 services
09-03 23:30:38.701 16838-2718/? I/AllShare(ASF_DMC): [CP_DISCOVERY] OnResponseReceived: 183: service description received
09-03 23:30:38.701 16838-2718/? V/AllShare(ASF_DMC): [CP_DISCOVERY] ServiceDescriptionReceived: 550: All services available for device uuid:a784f457-142a-cad5-fcc0-ecd2a10ca09b+wlan0 
09-03 23:30:38.821 3633-3633/? D/CustomFrequencyManagerService: releaseDVFSLockLocked : Getting Lock type frm List : DVFS_MIN_LIMIT  frequency : 1800000  uid : 1000  pid : 3633  tag : ACTIVITY_RESUME_BOOSTER@9
09-03 23:30:38.851 3633-4468/? D/InputReader: Input event(3): value=1 when=155475953497000
09-03 23:30:38.851 3633-4468/? D/InputReader: Input event(3): value=1 when=155475953497000
09-03 23:30:38.851 3633-4468/? I/InputReader: Touch event's action is 0x0 (deviceType=0) [pCnt=1, s=0.12435 ] when=155475953497000
09-03 23:30:38.851 3633-4468/? D/InputReader: lastThreadEndTime = 155475187255510, currentThreadStartTime = 155475187256844, diff = 0
09-03 23:30:38.851 3633-4467/? I/InputDispatcher: Delivering touch to (19026): action: 0x4, toolType: 1
09-03 23:30:38.851 3633-4467/? I/InputDispatcher: Delivering touch to (626): action: 0x0, toolType: 1
09-03 23:30:38.851 19026-19026/? D/AutoHideHelper: ###check Single invalid
09-03 23:30:38.851 626-626/? D/ViewRootImpl: ViewPostImeInputStage processPointer 0
09-03 23:30:38.851 626-2693/? D/GlHoverController: onMessage msg = 3
09-03 23:30:38.851 626-2693/? D/GlHoverController: removeHoverView removed message = 0
09-03 23:30:38.851 3633-5254/? D/CustomFrequencyManagerService: acquireDVFSLockLocked : type : DVFS_MIN_LIMIT  frequency : 800000  uid : 1000  pid : 3633  pkgName : GALLERY_LIST_SCROLL@827
09-03 23:30:38.851 626-2701/? D/CpuBoostScrollCmd: Scroll Boost CPU Clock
09-03 23:30:38.941 3633-4468/? D/InputReader: Input event(3): value=0 when=155476046128000
09-03 23:30:38.941 3633-4468/? D/InputReader: Input event(3): value=0 when=155476046128000
09-03 23:30:38.941 3633-4468/? I/InputReader: Touch event's action is 0x1 (deviceType=0) [pCnt=1, s=] when=155476046128000
09-03 23:30:38.941 3633-4467/? I/InputDispatcher: Delivering touch to (626): action: 0x1, toolType: 1
09-03 23:30:38.941 626-626/? D/ViewRootImpl: ViewPostImeInputStage processPointer 1
09-03 23:30:38.941 3633-5622/? V/AudioService: AudioService playSoundEffect Type : 10, volume : -1.0
09-03 23:30:38.941 626-626/? E/AlbumViewState: cannot start anmation to PhotoView. bitmap is null
09-03 23:30:38.941 3633-4960/? V/AudioService: received MSG_PLAY_SOUND_EFFECT onPlaySoundEffect start
09-03 23:30:38.941 3093-3093/? I/APM::AudioPolicyManager: getSituationVolume: isBTConnected:0 isHeadConnected:0
09-03 23:30:38.941 626-626/? V/StateManager: startState class com.sec.samsung.gallery.view.photosplitview.PhotoSplitViewState
09-03 23:30:38.941 626-626/? I/Gallery_Performance: AlbumViewState onPause Start
09-03 23:30:38.951 626-626/? I/GlLayer: pause = com.sec.samsung.gallery.glview.composeView.GlComposeAlbumView@3fd733e, state = 1
09-03 23:30:38.951 626-626/? I/Gallery_Performance: AlbumViewState onPause End
09-03 23:30:38.951 626-626/? I/Gallery_Performance: PhotoSplitViewState onCreate Start
09-03 23:30:38.951 3633-3706/? V/BroadcastQueue: [background] Process cur broadcast BroadcastRecord{7575175 u0 com.samsung.android.providers.context.log.action.USE_APP_FEATURE_SURVEY qIdx=4}, state= (APP_RECEIVE) DELIVERED for app ProcessRecord{5e94ccc 5869:com.samsung.android.providers.context/u0a380}
09-03 23:30:38.951 626-626/? D/ComposeViewDataLoader: checkIncreaseAlbumSet start
09-03 23:30:38.951 626-626/? I/Gallery_Performance: PhotoSplitViewState onCreate End
09-03 23:30:38.951 626-626/? I/Gallery_Performance: PhotoSplitViewState onResume Start
09-03 23:30:38.951 626-626/? D/GlComposeBaseView: GlComposeBaseView = com.sec.samsung.gallery.glview.composeView.GlComposeAlbumPhotoView@307689e
09-03 23:30:38.961 3093-3749/? W/AudioPolicyIntefaceImpl: Skipped to add effects on session 1484
09-03 23:30:38.961 3093-3749/? I/APM::AudioPolicyManager: startOutput() output 4, stream 1, session 1484
09-03 23:30:38.961 626-626/? D/GlComposeBaseView: GlComposeBaseView = com.sec.samsung.gallery.glview.composeView.GlComposeSplitView@43bdf7f
09-03 23:30:38.961 3633-3706/? V/BroadcastQueue: [background] Process cur broadcast BroadcastRecord{7d850a u0 com.samsung.android.providers.context.log.action.USE_APP_FEATURE_SURVEY qIdx=4}, state= (APP_RECEIVE) DELIVERED for app ProcessRecord{5e94ccc 5869:com.samsung.android.providers.context/u0a380}
09-03 23:30:38.971 626-626/? I/GlRootView: attachLayer = com.sec.samsung.gallery.glview.composeView.GlComposeAlbumView@3fd733e, new = com.sec.samsung.gallery.glview.composeView.GlComposeSplitView@43bdf7f, type = 1
09-03 23:30:38.971 626-626/? I/GlRootView: exit attachLayer
09-03 23:30:38.971 626-2740/? D/ComposeViewDataLoader: checkIncreaseAlbumSet start
09-03 23:30:38.971 626-2740/? D/ComposeViewDataLoader: loadSet done old = 13, new = 13
09-03 23:30:38.971 626-2740/? D/ComposeViewDataLoader: loadCoveritems count =0, updS = 8, updE = 1
09-03 23:30:38.971 626-2740/? D/ComposeViewDataLoader: loadCoveritems count =0, updS = 8, updE = 1
09-03 23:30:38.971 3093-3727/? D/audio_hw_primary: out_set_parameters: enter: kvpairs: routing=2
09-03 23:30:38.971 3093-3727/? I/audio_hw_primary: out_set_parameters adev->out_device:2
09-03 23:30:38.971 3093-3727/? I/audio_hw_primary: is_voice_wakeup : ret =  1  , wakeup_baby_cry_enabled = 0  ,  wakeup_mic_enabled = 1 
09-03 23:30:38.971 3093-3727/? I/audio_hw_primary: get_scenario : scenario_type = 36
09-03 23:30:38.971 3093-3727/? I/audio_hw_primary: get_input_snd_device_id device:0xc
09-03 23:30:38.971 3093-3727/? V/audio_hw_primary: select_devices output_scenario:0 input_scenario:36 out_snd_device 0x2 in_snd_device:0xc
09-03 23:30:38.971 3093-3727/? I/audio_hw_primary: select_devices - do not update mixer_path
09-03 23:30:38.971 3093-3727/? D/AudioFlinger: setCurDevice() 0x2
09-03 23:30:38.971 3633-5607/? V/BroadcastQueue: [background] Process cur broadcast BroadcastRecord{3b6e17b u0 com.samsung.android.providers.context.log.action.USE_APP_FEATURE_SURVEY qIdx=4}, state= (APP_RECEIVE) DELIVERED for app ProcessRecord{5e94ccc 5869:com.samsung.android.providers.context/u0a380}
09-03 23:30:38.971 626-626/? I/Gallery_Performance: PhotoSplitViewState onResume End
09-03 23:30:38.971 626-2742/? E/NFC: isAndroidBeamAllowed - Begin
09-03 23:30:38.971 626-2742/? I/NFC: showMsg is false
09-03 23:30:38.971 626-2693/? I/GlRootView: enter replaceLayer = com.sec.samsung.gallery.glview.composeView.GlComposeAlbumView@3fd733e, new = com.sec.samsung.gallery.glview.composeView.GlComposeSplitView@43bdf7f, type = 1
09-03 23:30:38.971 626-2693/? I/GlLayer: pause = com.sec.samsung.gallery.glview.composeView.GlComposeAlbumView@3fd733e, state = 2
09-03 23:30:38.971 626-2693/? I/GlLayer: destroy = com.sec.samsung.gallery.glview.composeView.GlComposeAlbumView@3fd733e, state = 2
09-03 23:30:38.971 626-2693/? D/GlComposeView: setAdapter = com.sec.samsung.gallery.view.adapter.ComposeAlbumSetAdapter@70b27ee, new = null
09-03 23:30:38.981 626-626/? I/InjectionManager: dispatchCreateOptionsMenu :com.sec.android.gallery3d.app.GalleryActivity
09-03 23:30:38.981 626-626/? I/InjectionManager: dispatchPrepareOptionsMenu :com.sec.android.gallery3d.app.GalleryActivity
09-03 23:30:38.981 3633-4941/? D/CustomFrequencyManagerService: releaseDVFSLockLocked : Getting Lock type frm List : DVFS_MIN_LIMIT  frequency : 800000  uid : 1000  pid : 3633  tag : GALLERY_LIST_SCROLL@827
09-03 23:30:38.981 626-2693/? D/GlRootView: isWideMode : false
09-03 23:30:38.981 626-2693/? I/GlLayer: create = com.sec.samsung.gallery.glview.composeView.GlComposeSplitView@43bdf7f, state = 0
09-03 23:30:38.981 3633-5273/? D/SecContentProvider: query(), uri = 15 selection = isAndroidBeamAllowed
09-03 23:30:38.981 626-2693/? E/PositionControllerAlbumPhoto: resetAttributes :: mTitleCanvsH : 160 mTitleCanvsW:0
09-03 23:30:38.981 626-2693/? D/GlLayer: setHoverScrollFlexibleHeightMargin264
09-03 23:30:38.981 626-2693/? I/GlLayer: create = com.sec.samsung.gallery.glview.composeView.GlComposeAlbumPhotoView@307689e, state = 0
09-03 23:30:38.981 626-2701/? D/CpuBoostScrollCmd: Scroll Boost Release
09-03 23:30:38.981 626-2693/? E/PositionControllerAlbumPhoto: resetAttributes :: mTitleCanvsH : 128 mTitleCanvsW:0
09-03 23:30:38.981 626-2693/? D/GlLayer: setHoverScrollFlexibleHeightMargin228
09-03 23:30:38.981 626-2693/? D/PhotoSplitViewState: onViewInitialize
09-03 23:30:38.981 626-2693/? D/GlComposeView: setAdapter = null, new = com.sec.samsung.gallery.view.adapter.ComposePhotoViewAlbumSetAdapter@773a811
09-03 23:30:38.981 626-2693/? D/ComposeViewDataLoader: applyViewListener = com.sec.samsung.gallery.glview.composeView.GlComposeView$2@799ed76, count = -1, notiCount = -1
09-03 23:30:38.981 626-2693/? D/GlComposeView: onSizeChanged= 13
09-03 23:30:38.981 626-2693/? D/GlComposeView: setAdapter = null, new = com.sec.samsung.gallery.view.adapter.ComposeMediaItemAdapter@2283f77
09-03 23:30:38.981 626-2693/? I/GlLayer: resume = com.sec.samsung.gallery.glview.composeView.GlComposeSplitView@43bdf7f, state = 1
09-03 23:30:38.981 626-2693/? I/GlRootView: exit replaceLayer
09-03 23:30:38.991 626-2742/? E/NFC: isAndroidBeamAllowed - Begin
09-03 23:30:38.991 626-2742/? I/NFC: showMsg is false
09-03 23:30:39.001 3633-5607/? V/BroadcastQueue: [background] Process cur broadcast BroadcastRecord{db3ab98 u0 com.samsung.android.providers.context.log.action.REPORT_APP_STATUS_SURVEY qIdx=4}, state= (APP_RECEIVE) DELIVERED for app ProcessRecord{5e94ccc 5869:com.samsung.android.providers.context/u0a380}
09-03 23:30:39.001 626-2693/? W/PositionControllerAlbumPhoto: update left albumType : -2
09-03 23:30:39.011 626-2693/? W/PositionControllerAlbumPhoto: update left albumType : -2
09-03 23:30:39.011 3093-3727/? D/AudioFlinger: mixer(0xede40000) throttle end: throttle time(4)
09-03 23:30:39.011 626-2693/? W/PositionControllerAlbumPhoto: update left albumType : -2
09-03 23:30:39.011 626-2693/? W/PositionControllerAlbumPhoto: update left albumType : -2
09-03 23:30:39.011 626-2693/? W/PositionControllerAlbumPhoto: update left albumType : -2
09-03 23:30:39.021 3633-3648/? D/SecContentProvider: query(), uri = 15 selection = isAndroidBeamAllowed
09-03 23:30:39.021 626-2741/? D/ComposeViewDataLoader: applyViewListener = null, count = 100, notiCount = -1
09-03 23:30:39.021 626-2740/? D/ComposeViewDataLoader: loadCoveritems count =0, updS = 8, updE = 1
09-03 23:30:39.021 626-2741/? D/GlComposeView: onSizeChanged= 100
09-03 23:30:39.021 626-2741/? D/GlComposeView: onContentChanged=0,end=39
09-03 23:30:39.031 626-626/? D/PhotoViewEventHandle: onAlbumClick: 5-th album selected
09-03 23:30:39.031 626-2693/? D/GlComposePhotoView: updateSize = 100
09-03 23:30:39.041 626-626/? I/InjectionManager: dispatchCreateOptionsMenu :com.sec.android.gallery3d.app.GalleryActivity
09-03 23:30:39.041 626-626/? I/InjectionManager: dispatchPrepareOptionsMenu :com.sec.android.gallery3d.app.GalleryActivity
09-03 23:30:39.061 3093-3624/? I/APM::AudioPolicyManager: stopOutput() output 4, stream 1, session 1484
09-03 23:30:39.081 626-626/? D/PhotoViewEventHandle: onAlbumClick: 5-th album selected
09-03 23:30:39.111 5248-5248/? D/Recents: onTaskStackChanged
09-03 23:30:39.351 3633-4468/? D/InputReader: Input event(3): value=1 when=155476455425000
09-03 23:30:39.351 3633-4468/? D/InputReader: Input event(3): value=1 when=155476455425000
09-03 23:30:39.351 3633-4468/? I/InputReader: Touch event's action is 0x0 (deviceType=0) [pCnt=1, s=0.12436 ] when=155476455425000
09-03 23:30:39.351 3633-4468/? D/InputReader: lastThreadEndTime = 155476046357261, currentThreadStartTime = 155476046360552, diff = 0
09-03 23:30:39.351 3633-4467/? I/InputDispatcher: Delivering touch to (19026): action: 0x4, toolType: 1
09-03 23:30:39.351 3633-4467/? I/InputDispatcher: Delivering touch to (626): action: 0x0, toolType: 1
09-03 23:30:39.351 626-626/? D/ViewRootImpl: ViewPostImeInputStage processPointer 0
09-03 23:30:39.351 19026-19026/? D/AutoHideHelper: ###check Single invalid
09-03 23:30:39.351 3633-5126/? D/CustomFrequencyManagerService: acquireDVFSLockLocked : type : DVFS_MIN_LIMIT  frequency : 800000  uid : 1000  pid : 3633  pkgName : GALLERY_LIST_SCROLL@827
09-03 23:30:39.351 626-2701/? D/CpuBoostScrollCmd: Scroll Boost CPU Clock
09-03 23:30:39.361 626-2693/? D/GlHoverController: onMessage msg = 3
09-03 23:30:39.361 626-2693/? D/GlHoverController: removeHoverView removed message = 0
09-03 23:30:39.431 626-2741/? D/GlComposeView: onContentChanged=40,end=79
09-03 23:30:39.451 3633-5127/? D/ConnectivityService: returning getNetworkInfo for network type 0 : [type: MOBILE[] - MOBILE, state: DISCONNECTED/DISCONNECTED, reason: (unspecified), extra: (none), roaming: false, failover: false, isAvailable: true]
09-03 23:30:39.451 3633-3649/? D/ConnectivityService: returning getNetworkInfo for network type 1 : [type: WIFI[] - WIFI, state: CONNECTED/CONNECTED, reason: (unspecified), extra: "HOME-E0A8", roaming: false, failover: false, isAvailable: true]
09-03 23:30:39.481 626-2741/? D/GlComposeView: onContentChanged=80,end=83
09-03 23:30:39.491 626-2741/? D/GlComposeView: onContentChanged=84,end=95
09-03 23:30:39.491 3633-4468/? D/InputReader: Input event(3): value=0 when=155476593636000
09-03 23:30:39.491 3633-4468/? D/InputReader: Input event(3): value=0 when=155476593636000
09-03 23:30:39.491 3633-4468/? I/InputReader: Touch event's action is 0x1 (deviceType=0) [pCnt=1, s=] when=155476593636000
09-03 23:30:39.491 3633-4467/? I/InputDispatcher: Delivering touch to (626): action: 0x1, toolType: 1
09-03 23:30:39.491 3633-7848/? D/CustomFrequencyManagerService: acquireDVFSLockLocked : type : DVFS_MIN_LIMIT  frequency : 800000  uid : 1000  pid : 3633  pkgName : GESTURE_DETECTED@CPU_MIN@34
09-03 23:30:39.491 3633-7848/? D/CustomFrequencyManagerService: releaseDVFSLockLocked : Getting Lock type frm List : DVFS_MIN_LIMIT  frequency : 800000  uid : 1000  pid : 3633  tag : GESTURE_DETECTED@CPU_MIN@34
09-03 23:30:39.491 3633-7848/? D/CustomFrequencyManagerService: acquireDVFSLockLocked : type : DVFS_MIN_LIMIT  frequency : 800000  uid : 1000  pid : 3633  pkgName : GESTURE_DETECTED@CPU_MIN@34
09-03 23:30:39.501 626-626/? D/ViewRootImpl: ViewPostImeInputStage processPointer 1
09-03 23:30:39.501 626-626/? D/GlBoundaryAnim: startFling = 12800.0, mDec = -56.0
09-03 23:30:39.501 3633-5551/? D/CustomFrequencyManagerService: releaseDVFSLockLocked : Getting Lock type frm List : DVFS_MIN_LIMIT  frequency : 800000  uid : 1000  pid : 3633  tag : GALLERY_LIST_SCROLL@827
09-03 23:30:39.501 626-2701/? D/CpuBoostScrollCmd: Scroll Boost Release
09-03 23:30:39.501 3633-5126/? D/CustomFrequencyManagerService: acquireDVFSLockLocked : type : DVFS_MIN_LIMIT  frequency : 800000  uid : 1000  pid : 3633  pkgName : GALLERY_LIST_SCROLL@827
09-03 23:30:39.501 626-2701/? D/CpuBoostScrollCmd: Scroll Boost CPU Clock
09-03 23:30:39.521 626-2741/? D/GlComposeView: onContentChanged=96,end=99
09-03 23:30:40.101 626-2693/? D/GlBoundaryAnim: applyTransform stopped by end of boundeffect
09-03 23:30:40.101 3633-5127/? D/CustomFrequencyManagerService: releaseDVFSLockLocked : Getting Lock type frm List : DVFS_MIN_LIMIT  frequency : 800000  uid : 1000  pid : 3633  tag : GALLERY_LIST_SCROLL@827
09-03 23:30:40.101 626-2701/? D/CpuBoostScrollCmd: Scroll Boost Release
09-03 23:30:40.631 16838-2709/? V/AllShare(ASF_DMC): [CP_DISCOVERY] RescanTimerExpiredCallBack: 310: Creating new thread for invalid device removal. timer_id: 2
09-03 23:30:40.691 3633-4468/? D/InputReader: Input event(3): value=1 when=155477795467000
09-03 23:30:40.691 3633-4468/? D/InputReader: Input event(3): value=1 when=155477795467000
09-03 23:30:40.691 3633-4468/? I/InputReader: Touch event's action is 0x0 (deviceType=0) [pCnt=1, s=0.12437 ] when=155477795467000
09-03 23:30:40.691 3633-4468/? D/InputReader: lastThreadEndTime = 155476593991511, currentThreadStartTime = 155476593995469, diff = 0
09-03 23:30:40.691 3633-4467/? I/InputDispatcher: Delivering touch to (19026): action: 0x4, toolType: 1
09-03 23:30:40.691 3633-4467/? I/InputDispatcher: Delivering touch to (626): action: 0x0, toolType: 1
09-03 23:30:40.691 19026-19026/? D/AutoHideHelper: ###check Single invalid
09-03 23:30:40.691 626-626/? D/ViewRootImpl: ViewPostImeInputStage processPointer 0
09-03 23:30:40.691 3633-5550/? D/CustomFrequencyManagerService: acquireDVFSLockLocked : type : DVFS_MIN_LIMIT  frequency : 800000  uid : 1000  pid : 3633  pkgName : GALLERY_LIST_SCROLL@827
09-03 23:30:40.691 626-2701/? D/CpuBoostScrollCmd: Scroll Boost CPU Clock
09-03 23:30:40.701 626-2693/? D/GlHoverController: onMessage msg = 3
09-03 23:30:40.701 626-2693/? D/GlHoverController: removeHoverView removed message = 0
09-03 23:30:40.771 3633-4468/? D/InputReader: Input event(3): value=0 when=155477876280000
09-03 23:30:40.771 3633-4468/? D/InputReader: Input event(3): value=0 when=155477876280000
09-03 23:30:40.771 3633-4468/? I/InputReader: Touch event's action is 0x1 (deviceType=0) [pCnt=1, s=] when=155477876280000
09-03 23:30:40.771 3633-4467/? I/InputDispatcher: Delivering touch to (626): action: 0x1, toolType: 1
09-03 23:30:40.771 626-626/? D/ViewRootImpl: ViewPostImeInputStage processPointer 1
09-03 23:30:40.771 3633-5254/? V/AudioService: AudioService playSoundEffect Type : 10, volume : -1.0
09-03 23:30:40.771 3633-4960/? V/AudioService: received MSG_PLAY_SOUND_EFFECT onPlaySoundEffect start
09-03 23:30:40.771 3093-3093/? I/APM::AudioPolicyManager: getSituationVolume: isBTConnected:0 isHeadConnected:0
09-03 23:30:40.781 3633-4941/? D/InputDispatcher: Focused application set to: xxxx
09-03 23:30:40.781 3093-6337/? W/AudioPolicyIntefaceImpl: Skipped to add effects on session 1485
09-03 23:30:40.781 3093-6337/? I/APM::AudioPolicyManager: startOutput() output 4, stream 1, session 1485
09-03 23:30:40.781 626-626/? I/Gallery_Performance: Gallery onPause Start
09-03 23:30:40.781 3633-5617/? D/CustomFrequencyManagerService: releaseDVFSLockLocked : Getting Lock type frm List : DVFS_MIN_LIMIT  frequency : 800000  uid : 1000  pid : 3633  tag : GALLERY_LIST_SCROLL@827
09-03 23:30:40.781 626-2701/? D/CpuBoostScrollCmd: Scroll Boost Release
09-03 23:30:40.781 3071-4514/? D/libEGL: eglTerminate EGLDisplay = 0x7f7db7ee78
09-03 23:30:40.781 3071-4514/? D/libEGL: eglTerminate EGLDisplay = 0x7f7db7ee78
09-03 23:30:40.791 626-2693/? D/libEGL: eglTerminate EGLDisplay = 0x7f870c0e28
09-03 23:30:40.791 626-626/? D/GlRootView: onPause mGlActive = true
09-03 23:30:40.791 626-626/? I/GlLayer: pause = com.sec.samsung.gallery.glview.composeView.GlComposeAlbumPhotoView@307689e, state = 1
09-03 23:30:40.791 626-626/? I/Gallery_Performance: PostGalleryCmd pause() START 
09-03 23:30:40.791 626-626/? I/Gallery_Performance: PostGalleryCmd pause() END
09-03 23:30:40.791 626-626/? I/Gallery_Performance: Gallery onPause End
09-03 23:30:40.791 3633-5548/? D/CustomFrequencyManagerService: acquireDVFSLockLocked : type : DVFS_MIN_LIMIT  frequency : 1800000  uid : 1000  pid : 3633  pkgName : ACTIVITY_RESUME_BOOSTER@3
09-03 23:30:40.791 3093-3727/? D/audio_hw_primary: out_set_parameters: enter: kvpairs: routing=2
09-03 23:30:40.791 3093-3727/? I/audio_hw_primary: out_set_parameters adev->out_device:2
09-03 23:30:40.791 3093-3727/? I/audio_hw_primary: is_voice_wakeup : ret =  1  , wakeup_baby_cry_enabled = 0  ,  wakeup_mic_enabled = 1 
09-03 23:30:40.791 3093-3727/? I/audio_hw_primary: get_scenario : scenario_type = 36
09-03 23:30:40.791 3093-3727/? I/audio_hw_primary: get_input_snd_device_id device:0xc
09-03 23:30:40.791 3093-3727/? V/audio_hw_primary: select_devices output_scenario:0 input_scenario:36 out_snd_device 0x2 in_snd_device:0xc
09-03 23:30:40.791 3093-3727/? I/audio_hw_primary: select_devices - do not update mixer_path
09-03 23:30:40.791 3093-3727/? D/AudioFlinger: setCurDevice() 0x2
09-03 23:30:40.801 3633-5548/? D/ActivityManager: mDVFSHelper.acquire()
09-03 23:30:40.801 3633-5548/? D/ActivityManager:  Launching com.sh1r0.caffe_android_demo, updated priority
09-03 23:30:40.801 3633-5622/? D/InputDispatcher: Focus left window: 626
09-03 23:30:40.801 3633-3712/? D/PointerIcon: setMouseIconStyle1 pointerType: 1001 iconType:101 flag:0 pid:3633 uid:1000
09-03 23:30:40.801 3633-3712/? D/PointerIcon: setMouseCustomIcon IconType is same.101
09-03 23:30:40.801 3633-3633/? D/GameManagerService: NotifyRunnable. pkg: com.sh1r0.caffe_android_demo, type: 4, isMinimized: false, isTunableApp: false
09-03 23:30:40.811 3633-3707/? W/ContextImpl: Calling a method in the system process without a qualified user: android.app.ContextImpl.sendBroadcast:830 com.android.server.policy.PhoneWindowManager.notifyToSSRM:8645 com.android.server.policy.PhoneWindowManager.access$1500:307 com.android.server.policy.PhoneWindowManager$PolicyHandler.handleMessage:1206 android.os.Handler.dispatchMessage:102 
09-03 23:30:40.821 31564-31564/? D/MainActivity: /storage/emulated/0/DCIM/Camera/test/Elephant/521.jpg
09-03 23:30:40.821 31564-31564/? D/MainActivity: 256
09-03 23:30:40.821 31564-31564/? D/MainActivity: 384
09-03 23:30:40.831 31564-31564/? D/ViewRootImpl: #1 mView = com.android.internal.policy.PhoneWindow$DecorView{34333c2 V.E...... R.....I. 0,0-0,0}
09-03 23:30:40.831 3093-3727/? D/AudioFlinger: mixer(0xede40000) throttle end: throttle time(4)
09-03 23:30:40.831 3633-5126/? D/ISSUE_DEBUG: InputChannelName : df6e7d6 Predicting...
09-03 23:30:40.831 3633-3707/? D/StatusBarManagerService: manageDisableList userId=0 what=0x0 pkg=Window{df6e7d6 u0 d0 Predicting...}
09-03 23:30:40.831 3633-5126/? D/InputDispatcher: Focus entered window: 31564
09-03 23:30:40.831 5169-5169/? D/PhoneStatusBar: setSystemUiVisibility vis=8000 mask=ffffffff oldVal=8600 newVal=8000 diff=600
09-03 23:30:40.831 3633-3712/? D/PointerIcon: setMouseIconStyle1 pointerType: 1001 iconType:101 flag:0 pid:3633 uid:1000
09-03 23:30:40.831 3633-3712/? D/PointerIcon: setMouseCustomIcon IconType is same.101
09-03 23:30:40.831 3633-5607/? D/ActivityManager: post active user change for 0 fullscreen true isFloatingActivity() false isHomeActivity() false
09-03 23:30:40.831 3633-5607/? D/KnoxTimeoutHandler: postActiveUserChange [MsgParam] userId: 0 fullscreen is true showWhenlocked is false
09-03 23:30:40.831 3633-3633/? D/KnoxTimeoutHandler: handleActiveUserChange [MsgParam] userId: 0 fullscreen is true showWhenlocked is false
09-03 23:30:40.831 3633-3633/? I/KnoxTimeoutHandler: Shared devices show user statefalse
09-03 23:30:40.841 3071-3071/? I/SurfaceFlinger: id=3819 createSurf (1x1),1 flag=4, 
09-03 23:30:40.851 31564-31586/? D/mali_winsys: new_window_surface returns 0x3000,  [1336x648]-format:1
09-03 23:30:40.861 3071-3071/? I/SurfaceFlinger: id=3820 createSurf (1440x2560),1 flag=404, NainActivit
09-03 23:30:40.861 31564-31586/? D/mali_winsys: new_window_surface returns 0x3000,  [1440x2560]-format:1
09-03 23:30:40.871 31564-31564/? W/ActivityThread: AppLock checkAppLockState isAppLocked = false pkgName = com.sh1r0.caffe_android_demo showWhenLocked = false
09-03 23:30:40.871 31564-31564/? W/DisplayListCanvas: DisplayListCanvas is started on unbinded RenderNode (without mOwningView)
09-03 23:30:40.881 3633-5254/? V/WindowStateAnimator: Finishing drawing window Window{df6e7d6 u0 d0 Predicting...}: mDrawState=DRAW_PENDING
09-03 23:30:40.881 3093-3624/? I/APM::AudioPolicyManager: stopOutput() output 4, stream 1, session 1485
09-03 23:30:40.881 3071-3071/? D/libEGL: eglInitialize EGLDisplay = 0x7ffb5b6848
09-03 23:30:40.891 3633-5126/? V/WindowStateAnimator: Finishing drawing window Window{3f9ce79 u0 d0 com.sh1r0.caffe_android_demo/com.sh1r0.caffe_android_demo.MainActivity}: mDrawState=DRAW_PENDING
09-03 23:30:40.891 31564-31564/? D/ViewRootImpl: MSG_RESIZED_REPORT: ci=Rect(0, 0 - 0, 0) vi=Rect(0, 0 - 0, 0) or=1
09-03 23:30:40.891 3633-4941/? V/WindowStateAnimator: Finishing drawing window Window{df6e7d6 u0 d0 Predicting...}: mDrawState=HAS_DRAWN
09-03 23:30:40.901 3633-3712/? D/KnoxTimeoutHandler: notifyActivityDrawn [MsgParam] userId: 0 fullscreen is true showWhenlocked is false
09-03 23:30:40.901 3633-3633/? D/KnoxTimeoutHandler: activityDrawn [MsgParam] userId: 0 fullscreen is true showWhenlocked is false
09-03 23:30:40.901 3633-3712/? I/ActivityManager: Displayed com.sh1r0.caffe_android_demo/.MainActivity: +100ms
09-03 23:30:40.901 3633-3707/? D/StatusBarManagerService: manageDisableList userId=0 what=0x0 pkg=Window{df6e7d6 u0 d0 Predicting...}
09-03 23:30:40.901 5169-5169/? D/PhoneStatusBar: setSystemUiVisibility vis=0 mask=ffffffff oldVal=8000 newVal=0 diff=8000
09-03 23:30:40.901 31564-31564/? D/ViewRootImpl: MSG_RESIZED: ci=Rect(0, 0 - 0, 0) vi=Rect(0, 0 - 0, 0) or=1
09-03 23:30:40.901 3633-3633/? I/KnoxTimeoutHandler: SD activityfalse
09-03 23:30:40.901 3071-3071/? D/libEGL: eglInitialize EGLDisplay = 0x7ffb5b6848
09-03 23:30:40.901 3071-3071/? D/libEGL: eglInitialize EGLDisplay = 0x7ffb5b6848
09-03 23:30:40.911 31564-31564/? I/Timeline: Timeline: Activity_idle id: android.os.BinderProxy@1771ffb time:155478017
09-03 23:30:40.911 19026-19026/? D/ViewRootImpl: MSG_RESIZED: ci=Rect(0, 0 - 0, 0) vi=Rect(0, 0 - 0, 0) or=1
09-03 23:30:40.921 3071-3071/? D/libEGL: eglInitialize EGLDisplay = 0x7ffb5b6848
09-03 23:30:40.921 626-626/? I/GlRootView: surfaceDestroyed, type = 1
09-03 23:30:40.921 626-626/? I/GlRootView: enter replaceLayer = com.sec.samsung.gallery.glview.composeView.GlComposeSplitView@43bdf7f, new = null, type = 1
09-03 23:30:40.921 626-626/? I/GlLayer: pause = com.sec.samsung.gallery.glview.composeView.GlComposeSplitView@43bdf7f, state = 1
09-03 23:30:40.921 626-626/? I/GlLayer: pause = com.sec.samsung.gallery.glview.composeView.GlComposeAlbumPhotoView@307689e, state = 2
09-03 23:30:40.921 626-626/? I/GlLayer: destroy = com.sec.samsung.gallery.glview.composeView.GlComposeSplitView@43bdf7f, state = 2
09-03 23:30:40.921 626-626/? I/GlLayer: destroy = com.sec.samsung.gallery.glview.composeView.GlComposeAlbumPhotoView@307689e, state = 2
09-03 23:30:40.921 626-626/? D/GlComposeView: setAdapter = com.sec.samsung.gallery.view.adapter.ComposeMediaItemAdapter@2283f77, new = null
09-03 23:30:40.921 626-626/? D/GlComposeView: setAdapter = com.sec.samsung.gallery.view.adapter.ComposePhotoViewAlbumSetAdapter@773a811, new = null
09-03 23:30:40.921 626-626/? I/GlRootView: exit replaceLayer
09-03 23:30:40.921 626-626/? I/GlRootView: finalizeView layer = null, content = null, GlAvala, type = 1
09-03 23:30:40.941 3071-3297/? D/libEGL: eglTerminate EGLDisplay = 0x7f82840e78
09-03 23:30:40.941 3071-3297/? D/libEGL: eglTerminate EGLDisplay = 0x7f82840e78
09-03 23:30:40.951 5169-5363/? D/NetworkController.MobileSignalController(0/4): onSignalStrengthsChanged signalStrength=SignalStrength: 99 99 -120 -160 -120 -1 -1 20 -108 -14 -12 -1 2147483647 0x2000 gsm|lte level=2
09-03 23:30:40.951 5169-5363/? D/NetworkController.MobileSignalController(0/4): getMobileIconGroup(): 13
09-03 23:30:40.951 5169-5363/? D/NetworkController.MobileSignalController(0/4): updateCMCCMobileIconGroup(): 13
09-03 23:30:40.951 3633-7848/? D/ConnectivityService: returning getNetworkInfo for network type 1 : [type: WIFI[] - WIFI, state: CONNECTED/CONNECTED, reason: (unspecified), extra: "HOME-E0A8", roaming: false, failover: false, isAvailable: true]
09-03 23:30:40.961 3633-5549/? D/ConnectivityService: returning getNetworkInfo for network type 0 : [type: MOBILE[] - MOBILE, state: DISCONNECTED/DISCONNECTED, reason: (unspecified), extra: (none), roaming: false, failover: false, isAvailable: true]
09-03 23:30:40.961 3633-4604/? D/ConnectivityService: returning getNetworkInfo for network type 1 : [type: WIFI[] - WIFI, state: CONNECTED/CONNECTED, reason: (unspecified), extra: "HOME-E0A8", roaming: false, failover: false, isAvailable: true]
09-03 23:30:41.151 3633-3712/? D/CustomFrequencyManagerService: releaseDVFSLockLocked : Getting Lock type frm List : DVFS_MIN_LIMIT  frequency : 1800000  uid : 1000  pid : 3633  tag : ACTIVITY_RESUME_BOOSTER@3
09-03 23:30:41.161 3633-3712/? D/ActivityManager: mDVFSHelper.release()
09-03 23:30:41.161 3633-3712/? I/Timeline: Timeline: Activity_windows_visible id: ActivityRecord{41b5ee3 u0 com.sh1r0.caffe_android_demo/.MainActivity t13368} time:155478260
09-03 23:30:41.161 3071-3299/? I/SurfaceFlinger: id=3817 Removed HalleryActi (8/11)
09-03 23:30:41.161 3071-4514/? I/SurfaceFlinger: id=3818 Removed TurfaceView (7/10)
09-03 23:30:41.161 3071-4514/? I/SurfaceFlinger: id=3817 Removed HalleryActi (-2/10)
09-03 23:30:41.161 3071-4514/? I/SurfaceFlinger: id=3818 Removed TurfaceView (-2/10)
09-03 23:30:41.171 626-626/? I/Gallery_Performance: Gallery onDestroy Start
09-03 23:30:41.171 626-626/? D/GalleryActivityLifecycleCallback: destroyed : count 0
09-03 23:30:41.171 626-626/? I/NearbyUtils: stop nearby framework
09-03 23:30:41.171 626-626/? E/NearbyClient: stop player called
09-03 23:30:41.171 626-626/? E/NearbyClient: mViewer is null 
09-03 23:30:41.171 626-626/? E/NearbyClient: handleScreenSharingNotify: currDevice is null 
09-03 23:30:41.171 16838-16851/? W/AllShare(ASF-DMC): SubscriberManager.existGlobalEventSubscription - com.sec.android.allshare.event.EVENT_PROVIDER_DISCOVERY not subscribed to android.os.Messenger@ce6258
09-03 23:30:41.171 16838-17035/? W/AllShare(ASF-DMC): SubscriberManager.existGlobalEventSubscription - com.sec.android.allshare.event.EVENT_IMAGE_VIEWER_DISCOVERY not subscribed to android.os.Messenger@ce6258
09-03 23:30:41.171 3633-3712/? D/KnoxTimeoutHandler: notifyActivityDrawn [MsgParam] userId: 0 fullscreen is true showWhenlocked is false
09-03 23:30:41.171 3633-3706/? D/CustomFrequencyManagerService: acquireDVFSLockLocked : type : DVFS_MIN_LIMIT  frequency : 1800000  uid : 1000  pid : 3633  pkgName : ACTIVITY_RESUME_BOOSTER@9
09-03 23:30:41.171 3071-3071/? D/libEGL: eglTerminate EGLDisplay = 0x7ffb5b6978
09-03 23:30:41.171 3633-3633/? D/KnoxTimeoutHandler: activityDrawn [MsgParam] userId: 0 fullscreen is true showWhenlocked is false
09-03 23:30:41.171 3633-4944/? D/NetworkPolicy: isUidForegroundLocked: 10044, mScreenOn: true, uidstate: 16, mProxSensorScreenOff: false
09-03 23:30:41.171 3071-3071/? D/libEGL: eglTerminate EGLDisplay = 0x7ffb5b6978
09-03 23:30:41.171 3633-4944/? V/NetworkPolicy: getFirewallRuleWifi UID:10044 policy:0
09-03 23:30:41.171 3633-3633/? I/KnoxTimeoutHandler: SD activityfalse
09-03 23:30:41.171 626-626/? I/AllShare(ASF-API): L-d140909 / AllShareConnector.Subscriber onServiceDisconnected from gallery3d
09-03 23:30:41.171 626-626/? D/AllShare(ASF-API): L-d140909 / AllShareConnector.onDisconnected from gallery3d
09-03 23:30:41.171 626-626/? I/NearbyClient: ServiceProvider Deleted
09-03 23:30:41.171 626-626/? D/AllShare(ASF-API): L-d140909 / AllShareConnector.before destroyInstance, mConnecting=false
09-03 23:30:41.171 626-626/? D/AllShare(ASF-API): L-d140909 / AllShareConnector.after destroyInstance, mConnecting=false
09-03 23:30:41.171 16838-16838/? D/AllShare(ASF-DMC): ServiceManager.onUnbind - [ TRACE ] onUnbind
09-03 23:30:41.171 626-626/? D/NearbyUtils: clear nearby caches
09-03 23:30:41.171 16838-16838/? D/AllShare(ASF-DMC): ServiceManager.unbindServiceManager - unbind method executed....  ACTION            : com.samsung.android.allshare.service.mediashare.SUBSCRIBE_SERVICE
09-03 23:30:41.171 626-626/? V/StateManager: destroy
09-03 23:30:41.181 626-626/? I/Gallery_Performance: AlbumViewState onDestroy Start
09-03 23:30:41.181 626-626/? I/Gallery_Performance: AlbumViewState onDestroy Start
09-03 23:30:41.181 626-626/? I/Gallery_Performance: PostGalleryCmd destroy() START 
09-03 23:30:41.181 626-626/? I/Gallery_Performance: PostGalleryCmd destroy() END
09-03 23:30:41.191 626-626/? I/Gallery_Performance: Gallery onDestroy End
09-03 23:30:41.191 626-626/? D/MultiPhoneWindow: performUpdateVisibility, same visibility false
09-03 23:30:41.191 626-626/? D/ViewRootImpl: #3 mView = null
09-03 23:30:41.471 3633-3633/? D/CustomFrequencyManagerService: releaseDVFSLockLocked : Getting Lock type frm List : DVFS_MIN_LIMIT  frequency : 1800000  uid : 1000  pid : 3633  tag : ACTIVITY_RESUME_BOOSTER@9
09-03 23:30:41.661 31564-32349/? I/caffe_jni: I0903 23:30:41.673354 32349 caffe_mobile.cpp:211] Forwarding time: 3449.36 ms.
09-03 23:30:41.661 31564-31564/? I/MainActivity: elapsed wall time: 826 ms
09-03 23:30:41.671 3071-4514/? D/libEGL: eglTerminate EGLDisplay = 0x7f7db7ee78
09-03 23:30:41.671 3071-4514/? D/libEGL: eglTerminate EGLDisplay = 0x7f7db7ee78
09-03 23:30:41.671 31564-31564/? D/ViewRootImpl: #3 mView = null
09-03 23:30:41.681 3633-5127/? D/InputDispatcher: Focus left window: 31564
09-03 23:30:41.681 3633-5127/? D/InputDispatcher: Focus entered window: 31564
09-03 23:30:41.681 3633-3712/? D/PointerIcon: setMouseIconStyle1 pointerType: 1001 iconType:101 flag:0 pid:3633 uid:1000
09-03 23:30:41.681 3633-3712/? D/PointerIcon: setMouseCustomIcon IconType is same.101
09-03 23:30:41.681 31564-31564/? E/ViewRootImpl: sendUserActionEvent() mView == null
09-03 23:30:41.681 3633-5550/? D/InputMethodManagerService: windowGainedFocus mCurrentFocusedUserId - 0 and mSecureKeypadEnabled-false
09-03 23:30:41.681 6395-6395/? D/SamsungIME: IMPL finishInput
09-03 23:30:41.681 6395-6395/? D/RMHelper: SamsungIME : RMisReady() : client is null
09-03 23:30:41.681 6395-6395/? D/RMHelper: SamsungIME : RMisReady() : client is null
09-03 23:30:41.681 6395-6395/? D/RMHelper: RMHelper : initHelper()
09-03 23:30:41.681 6395-6395/? D/RMHelper: SamsungIME : initHelper() : client is null
09-03 23:30:41.681 6395-6395/? E/ActivityThread: Failed to find provider info for com.sec.android.inputmethod.resourcemanager
09-03 23:30:41.681 6395-6395/? D/RMHelper: SamsungIME : RMisReady() : client is null
09-03 23:30:41.681 6395-6395/? E/ActivityThread: Failed to find provider info for com.sec.android.inputmethod.resourcemanager
09-03 23:30:41.681 6395-6395/? D/RMHelper: SamsungIME : RMisReady() : client is null
09-03 23:30:41.681 6395-6395/? E/ActivityThread: Failed to find provider info for com.sec.android.inputmethod.resourcemanager
09-03 23:30:41.681 6395-6395/? D/RMHelper: RMHelper : initHelper()
09-03 23:30:41.681 6395-6395/? D/RMHelper: SamsungIME : initHelper() : client is null
09-03 23:30:41.681 6395-6395/? D/RMHelper: SamsungIME : RMisReady() : client is null
09-03 23:30:41.681 6395-6395/? D/RMHelper: SamsungIME : RMisReady() : client is null
09-03 23:30:41.681 6395-6395/? D/RMHelper: RMHelper : initHelper()
09-03 23:30:41.681 6395-6395/? D/RMHelper: SamsungIME : initHelper() : client is null
09-03 23:30:41.681 6395-6395/? D/SamsungIME: onStartInput: No inputType, No imeOption, isInputViewShown = false, isExtractViewShown = false, isShowInputRequested = false, isConfigChanged = false
09-03 23:30:41.691 3071-3071/? D/libEGL: eglInitialize EGLDisplay = 0x7ffb5b6848
09-03 23:30:41.711 3071-3071/? D/libEGL: eglInitialize EGLDisplay = 0x7ffb5b6848
09-03 23:30:41.801 5248-5248/? D/Recents: onTaskStackChanged
09-03 23:30:41.941 3071-4605/? I/SurfaceFlinger: id=3819 Removed  (6/9)
09-03 23:30:41.941 3071-3297/? I/SurfaceFlinger: id=3819 Removed  (-2/9)
09-03 23:30:41.961 3071-3071/? D/libEGL: eglTerminate EGLDisplay = 0x7ffb5b6978
09-03 23:30:42.191 3633-3633/? D/CustomFrequencyManagerService: releaseDVFSLockLocked : Getting Lock type frm List : DVFS_MIN_LIMIT  frequency : 800000  uid : 1000  pid : 3633  tag : GESTURE_DETECTED@CPU_MIN@34
09-03 23:30:42.471 3633-5551/? D/ConnectivityService: returning getNetworkInfo for network type 0 : [type: MOBILE[] - MOBILE, state: DISCONNECTED/DISCONNECTED, reason: (unspecified), extra: (none), roaming: false, failover: false, isAvailable: true]
09-03 23:30:42.471 3633-5273/? D/ConnectivityService: returning getNetworkInfo for network type 1 : [type: WIFI[] - WIFI, state: CONNECTED/CONNECTED, reason: (unspecified), extra: "HOME-E0A8", roaming: false, failover: false, isAvailable: true]
09-03 23:30:43.851 3633-7848/? D/SSRM:n: SIOP:: AP = 390, PST = 373 (W:14), CP = 262, CUR = -154, LCD = 132
09-03 23:30:43.861 3093-3727/? I/audio_hw_primary: do_out_standby +
09-03 23:30:43.881 3093-3727/? D/audio_hw_primary: output_devices devices:0
09-03 23:30:43.881 3093-3727/? D/audio_hw_primary: output_devices devices:0
09-03 23:30:43.881 3093-3727/? I/audio_hw_primary: is_voice_wakeup : ret =  1  , wakeup_baby_cry_enabled = 0  ,  wakeup_mic_enabled = 1 
09-03 23:30:43.881 3093-3727/? I/audio_hw_primary: get_scenario : scenario_type = 36
09-03 23:30:43.881 3093-3727/? I/audio_hw_primary: get_input_snd_device_id device:0xc
09-03 23:30:43.881 3093-3727/? V/audio_hw_primary: select_devices output_scenario:-1 input_scenario:36 out_snd_device 0x0 in_snd_device:0xc
09-03 23:30:43.881 3093-3727/? I/audio_hw_primary: set_spk_rx_mute mute(1), rx val=0
09-03 23:30:43.881 3093-3727/? I/audio_route: > audio_route_reset :
09-03 23:30:43.881 3093-3727/? I/audio_route: > audio_route_apply_path : "voice_control-mic"
09-03 23:30:43.881 3093-3727/? V/audio_hw_primary: select_devices() input_route "voice_control-mic" 
09-03 23:30:43.881 3093-3727/? I/audio_route: > audio_route_apply_path : "gain-voice_control-mic"
09-03 23:30:43.881 3093-3727/? V/audio_hw_primary: select_devices() input_gain "gain-voice_control-mic" 
09-03 23:30:43.881 3093-3727/? I/audio_route: > audio_route_update_mixer : +
09-03 23:30:43.891 3093-3727/? I/audio_route: > audio_route_update_mixer : changed(7) -
09-03 23:30:43.891 3093-3727/? V/audio_hw_primary: select_devices : set seamless_buf_offset
09-03 23:30:43.891 3093-3727/? I/audio_route: > audio_values_apply_path : "seamless_buf_offset"
09-03 23:30:43.891 3093-3727/? I/audio_hw_primary: select_devices - 
09-03 23:30:43.891 3093-3727/? I/audio_hw_primary: do_out_standby -
09-03 23:30:43.961 3633-3649/? D/ConnectivityService: returning getNetworkInfo for network type 0 : [type: MOBILE[] - MOBILE, state: DISCONNECTED/DISCONNECTED, reason: (unspecified), extra: (none), roaming: false, failover: false, isAvailable: true]
09-03 23:30:43.971 3633-5622/? D/ConnectivityService: returning getNetworkInfo for network type 1 : [type: WIFI[] - WIFI, state: CONNECTED/CONNECTED, reason: (unspecified), extra: "HOME-E0A8", roaming: false, failover: false, isAvailable: true]
09-03 23:30:44.181 16838-16838/? D/AllShare(ASF-DMC): ServiceManager.mRunnableTimer - [ TRACE ] Stop Service
09-03 23:30:44.181 16838-16838/? D/AllShare(ASF-DMC): ServiceManager.onDestroy - [ TRACE ] onDestroy
09-03 23:30:44.181 16838-16838/? I/AllShare(ASF-DMC): ServiceManager.stopServiceManager - Stop AllShare Service...
09-03 23:30:44.181 16838-16838/? D/AllShare(ASF-DMC): DeviceSubscriber.clear - clear the subscribed devices
09-03 23:30:44.181 16838-16838/? V/AllShare(ASF_DMC): [CP_DISCOVERY] GetDeviceList: 165: interesting device list empty
09-03 23:30:44.181 16838-16838/? E/AllShare(ASF_DMC): [MSCP] FormMediaServerList: 498: GetDeviceList Failed
09-03 23:30:44.181 16838-16838/? V/AllShare(ASF_DMC): [CP_DISCOVERY] UnRegisterCP: 139: UnRegistering CP Success
09-03 23:30:44.181 16838-16838/? I/AllShare(ASF-DMC): ServiceManager.stopServiceManager - stop mscp successfully!
09-03 23:30:44.181 16838-16838/? I/AllShare(ASF_DMC): [STREAMING] DeleteReference: 130: StreamingManager::DeleteReference Ref Count [1]
09-03 23:30:44.181 16838-16838/? I/AllShare(ASF_DMC): [STREAMING] DestroyInstance: 61: StreamingManager::DestroyInstance Ref Count [1]
09-03 23:30:44.181 16838-16838/? V/AllShare(ASF_DMC): [CP_DISCOVERY] UnRegisterCP: 139: UnRegistering CP Success
09-03 23:30:44.181 16838-16838/? E/AllShare(ASF_DMC): [MRCP] Stop: 201: Unregistering CP Successful 
09-03 23:30:44.181 16838-16838/? I/AllShare(ASF-DMC): ServiceManager.stopServiceManager - stop mrcp successfully!
09-03 23:30:44.181 16838-16838/? V/AllShare(ASF_DMC): [KIES_CP] StopKiescp: 297: StopKiescp
09-03 23:30:44.181 16838-16838/? V/AllShare(ASF_DMC): [CP_DISCOVERY] GetDeviceList: 165: interesting device list empty
09-03 23:30:44.181 16838-16838/? E/AllShare(ASF_DMC): [KIES_CP] FormKiesDeviceList: 154: Getting Device List Failed
09-03 23:30:44.181 16838-16838/? V/AllShare(ASF_DMC): [CP_DISCOVERY] UnRegisterCP: 139: UnRegistering CP Success
09-03 23:30:44.181 16838-16838/? I/AllShare(ASF-DMC): ServiceManager.stopServiceManager - stop kies cp successfully!
09-03 23:30:44.181 16838-16838/? I/AllShare(ASF-DMC): MessageAllocateTask.setStopFlag - mStopFlag = false
09-03 23:30:44.181 16838-16838/? I/AllShare(ASF-DMC): MessagePublishTask.setStopFlag - mStopFlag = false
09-03 23:30:44.181 16838-2728/? W/AllShare(ASF-DMC): MessageAllocateTask.handleAllocateMessage - Oops~~. Undefined Context Variable type...
09-03 23:30:44.181 16838-2727/? W/AllShare(ASF-DMC): MessagePublishTask.handlePublishMessage - Oops~~. Undefined Context Variable type...
09-03 23:30:44.181 16838-16838/? D/AllShare(ASF-DMC): ServiceManager.finiServiceManager - Finalize AllShare Service Manager...
09-03 23:30:44.181 16838-16838/? V/AllShare(ASF_DMC): [JNI] JavaTerminateAllShareFrameworkCore: 56: Enter AllShareFrameworkCoreNativeAPI_terminateAllShareFrameworkCore.
09-03 23:30:44.181 16838-16838/? V/AllShare(ASF_DMC): [CP_DISCOVERY] UnRegisterCP: 139: UnRegistering CP Success
09-03 23:30:44.181 16838-16838/? V/AllShare(ASF_DMC): [CP_DISCOVERY] Terminate: 97: CP Discovery Terminate
09-03 23:30:44.181 16838-16838/? V/AllShare(ASF_DMC): [STREAMING] DeleteReference: 92: Stopping streaming threads
09-03 23:30:44.181 16838-16838/? I/AllShare(ASF_DMC): [STREAMING] DeleteReference: 130: StreamingManager::DeleteReference Ref Count [0]
09-03 23:30:44.181 16838-16838/? I/AllShare(ASF_DMC): [STREAMING] DestroyInstance: 61: StreamingManager::DestroyInstance Ref Count [0]
09-03 23:30:44.181 16838-16838/? V/AllShare(ASF_DMC): [CP_DISCOVERY] CleanUp: 53: cleanup start
09-03 23:30:44.181 16838-16838/? V/AllShare(ASF_DMC): [CP_DISCOVERY] CleanUp: 76: joining rescan threads
09-03 23:30:44.181 16838-16838/? V/AllShare(ASF_DMC): [CP_DISCOVERY] CleanUp: 117: cleanup done
09-03 23:30:44.181 16838-16838/? V/AllShare(ASF_DMC): [CP_DISCOVERY] Terminate: 99: CP Discovery Terminate DeviceList
09-03 23:30:44.181 16838-16838/? V/AllShare(ASF_DMC): [CP_DISCOVERY] ClearDeviceList: 56: exit
09-03 23:30:44.181 16838-16838/? V/AllShare(ASF_DMC): [CP_DISCOVERY] Terminate: 101: CP Discovery Terminate Finish
09-03 23:30:44.181 16838-16838/? V/AllShare(ASF_DMC): [FRAMEWORK_CONTROLLER] TerminateUPnP: 176: cp_discovery Terminated
09-03 23:30:44.181 16838-16838/? V/AllShare(ASF_DMC): [FRAMEWORK_CONTROLLER] TerminateUPnP: 178: cp_control Terminated
09-03 23:30:44.181 16838-2750/? V/AllShare(ASF-DMC): ServiceManager.finiActionHandlers - Found AsyncActionHandler : com.samsung.android.allshare.service.mediashare.handler.playercontrol.AVPlayerAsyncActionHandler
09-03 23:30:44.181 16838-16838/? V/AllShare(ASF_DMC): [FRAMEWORK_CONTROLLER] TerminateFrameworkCore: 212: Enter
09-03 23:30:44.181 16838-16838/? V/AllShare(ASF_DMC): [NETWORK_LAYER] StopNetworkLayer: 122: Enter
09-03 23:30:44.181 16838-2750/? V/AllShare(ASF-DMC): ServiceManager.finiActionHandlers - Found AsyncActionHandler : com.samsung.android.allshare.service.mediashare.handler.playercontrol.SlideShowPlayerAsyncActionHandler
09-03 23:30:44.181 16838-16838/? V/AllShare(ASF_DMC): [NETWORK_LAYER] StopNetworkLayer: 129: 1: Calling StopClientThreads
09-03 23:30:44.181 16838-2750/? V/AllShare(ASF-DMC): ServiceManager.finiActionHandlers - Found AsyncActionHandler : com.samsung.android.allshare.service.mediashare.handler.playercontrol.ImageViewerAsyncActionHandler
09-03 23:30:44.181 16838-2750/? V/AllShare(ASF-DMC): ServiceManager.finiActionHandlers - Found AsyncActionHandler : com.samsung.android.allshare.service.mediashare.handler.upnpdevice.KiesAsyncActionHandler
